Critic initial response: {
    "tool": "VLM_QUERY",
    "frames": ["frames/frame_0115.jpg", "frames/frame_0116.jpg", "frames/frame_0117.jpg", "frames/frame_0118.jpg", "frames/frame_0119.jpg", "frames/frame_0120.jpg", "frames/frame_0121.jpg", "frames/frame_0122.jpg", "frames/frame_0123.jpg", "frames/frame_0124.jpg", "frames/frame_0125.jpg", "frames/frame_0126.jpg", "frames/frame_0127.jpg", "frames/frame_0128.jpg", "frames/frame_0129.jpg", "frames/frame_0130.jpg", "frames/frame_0131.jpg", "frames/frame_0132.jpg", "frames/frame_0133.jpg", "frames/frame_0134.jpg", "frames/frame_0135.jpg"],
    "prompt": "Analyze the sequence of frames. Identify the ambulance with a white and green pattern. Locate the soldier in camouflage clothing to its left and the person in red clothes in the right seat. Identify the onlookers on the right. Determine which character performs the action of closing the ambulance door. The answer choices are: A. doctor, B. police officer wearing sunglasses, C. person wearing red clothes, D. woman wearing white clothes, E. soldier wearing camouflage clothing. Output the correct letter based on visual evidence only."
}
Frames to verify: ['frames/frame_0115.jpg', 'frames/frame_0116.jpg', 'frames/frame_0117.jpg', 'frames/frame_0118.jpg', 'frames/frame_0119.jpg', 'frames/frame_0120.jpg', 'frames/frame_0121.jpg', 'frames/frame_0122.jpg', 'frames/frame_0123.jpg', 'frames/frame_0124.jpg', 'frames/frame_0125.jpg', 'frames/frame_0126.jpg', 'frames/frame_0127.jpg', 'frames/frame_0128.jpg', 'frames/frame_0129.jpg', 'frames/frame_0130.jpg', 'frames/frame_0131.jpg', 'frames/frame_0132.jpg', 'frames/frame_0133.jpg', 'frames/frame_0134.jpg', 'frames/frame_0135.jpg']
VLM Prompt: Video context: **Summary:**

- **Main Characters:** The male news anchor, a middle-aged man speaking via live video link from London, and various rescue personnel and officials in Uttarkashi, India.

- **Setting:** 1. The BBC News studio in London with a busy newsroom background, 2. The site of the tunnel collapse in Uttarkashi, India, with emergency vehicles and rescue personnel, and 3. A nighttime scene in Uttarkashi, India, with crowds of rescue workers and media personnel.

- **Plot:** The video clip presents a series of breaking news segments and live reports from the BBC News studio and the site of a tunnel collapse in Uttarkashi, India. The narrative centers around the rescue operation for trapped construction workers, showcasing the efforts of rescue personnel and authorities.

- **Vibes:** The mood is professional and serious in the studio segment, turning urgent and tense as the live reports unfold in Uttarkashi. The atmosphere shifts to hopeful and relieved as news of successful rescues emerges.

- **General Details:** The clip spans various scenes and settings, incorporating on-screen text, news tickers, and live video feeds. The narrative is driven by the unfolding rescue operation, with the BBC News breaking report and live updates providing context and insight into the developing story.

Analyze the sequence of frames. Identify the ambulance with a white and green pattern. Locate the soldier in camouflage clothing to its left and the person in red clothes in the right seat. Identify the onlookers on the right. Determine which character performs the action of closing the ambulance door. The answer choices are: A. doctor, B. police officer wearing sunglasses, C. person wearing red clothes, D. woman wearing white clothes, E. soldier wearing camouflage clothing. Output the correct letter based on visual evidence only.

Subtitles visible in these frames:
  frames/frame_0116.jpg: "enough warm clothes they were able to"
  frames/frame_0118.jpg: "survive 17 days with some food and"
  frames/frame_0120.jpg: "Medicine sent through through another"
  frames/frame_0123.jpg: "small pipe and it come as a big relief"
  frames/frame_0126.jpg: "uh for all those involved a good news uh"
  frames/frame_0127.jpg: "for the country they were waiting for"
  frames/frame_0129.jpg: "this news 41 workers they've been"
  frames/frame_0133.jpg: "trapped for nearly 17 days now let me"
  frames/frame_0135.jpg: "recap how this happened this is a 4.5"

VLM response: {'batched_responses': [{'batch_start': 0, 'batch_end': 21, 'image_paths': ['/mnt/ssd/data/kimi/longvideobench/video_files/Z00vWImw1KQ/frames/frame_0115.jpg', '/mnt/ssd/data/kimi/longvideobench/video_files/Z00vWImw1KQ/frames/frame_0116.jpg', '/mnt/ssd/data/kimi/longvideobench/video_files/Z00vWImw1KQ/frames/frame_0117.jpg', '/mnt/ssd/data/kimi/longvideobench/video_files/Z00vWImw1KQ/frames/frame_0118.jpg', '/mnt/ssd/data/kimi/longvideobench/video_files/Z00vWImw1KQ/frames/frame_0119.jpg', '/mnt/ssd/data/kimi/longvideobench/video_files/Z00vWImw1KQ/frames/frame_0120.jpg', '/mnt/ssd/data/kimi/longvideobench/video_files/Z00vWImw1KQ/frames/frame_0121.jpg', '/mnt/ssd/data/kimi/longvideobench/video_files/Z00vWImw1KQ/frames/frame_0122.jpg', '/mnt/ssd/data/kimi/longvideobench/video_files/Z00vWImw1KQ/frames/frame_0123.jpg', '/mnt/ssd/data/kimi/longvideobench/video_files/Z00vWImw1KQ/frames/frame_0124.jpg', '/mnt/ssd/data/kimi/longvideobench/video_files/Z00vWImw1KQ/frames/frame_0125.jpg', '/mnt/ssd/data/kimi/longvideobench/video_files/Z00vWImw1KQ/frames/frame_0126.jpg', '/mnt/ssd/data/kimi/longvideobench/video_files/Z00vWImw1KQ/frames/frame_0127.jpg', '/mnt/ssd/data/kimi/longvideobench/video_files/Z00vWImw1KQ/frames/frame_0128.jpg', '/mnt/ssd/data/kimi/longvideobench/video_files/Z00vWImw1KQ/frames/frame_0129.jpg', '/mnt/ssd/data/kimi/longvideobench/video_files/Z00vWImw1KQ/frames/frame_0130.jpg', '/mnt/ssd/data/kimi/longvideobench/video_files/Z00vWImw1KQ/frames/frame_0131.jpg', '/mnt/ssd/data/kimi/longvideobench/video_files/Z00vWImw1KQ/frames/frame_0132.jpg', '/mnt/ssd/data/kimi/longvideobench/video_files/Z00vWImw1KQ/frames/frame_0133.jpg', '/mnt/ssd/data/kimi/longvideobench/video_files/Z00vWImw1KQ/frames/frame_0134.jpg', '/mnt/ssd/data/kimi/longvideobench/video_files/Z00vWImw1KQ/frames/frame_0135.jpg'], 'response': '**Step 1: Identify the ambulance with a white and green pattern.**\n\nThe ambulance is visible in Frames 1-21, characterized by its white and green color scheme.\n\n**Step 2: Locate the soldier in camouflage clothing to the left of the ambulance and the person in red clothes in the right seat.**\n\nIn Frame 1, a soldier in camouflage clothing is seen to the left of the ambulance, and a person in red clothes is visible in the right seat of the ambulance.\n\n**Step 3: Identify the onlookers on the right.**\n\nOnlookers are present on the right side of the ambulance in Frames 1-21, observing the scene.\n\n**Step 4: Determine which character performs the action of closing the ambulance door.**\n\nUpon examining the frames, it is observed that the person wearing red clothes is seen closing the ambulance door in Frame 12.\n\n**Step 5: Match the character who closed the ambulance door to the given answer choices.**\n\nThe character who closed the ambulance door is wearing red clothes.\n\n**Conclusion:**\n\nBased on the visual evidence, the correct answer is **C. person wearing red clothes**.'}], 'formatted_responses': ['\n=== Batch 0-21 (21 frames) ===\nFrames: /mnt/ssd/data/kimi/longvideobench/video_files/Z00vWImw1KQ/frames/frame_0115.jpg, /mnt/ssd/data/kimi/longvideobench/video_files/Z00vWImw1KQ/frames/frame_0116.jpg, /mnt/ssd/data/kimi/longvideobench/video_files/Z00vWImw1KQ/frames/frame_0117.jpg, /mnt/ssd/data/kimi/longvideobench/video_files/Z00vWImw1KQ/frames/frame_0118.jpg, /mnt/ssd/data/kimi/longvideobench/video_files/Z00vWImw1KQ/frames/frame_0119.jpg, /mnt/ssd/data/kimi/longvideobench/video_files/Z00vWImw1KQ/frames/frame_0120.jpg, /mnt/ssd/data/kimi/longvideobench/video_files/Z00vWImw1KQ/frames/frame_0121.jpg, /mnt/ssd/data/kimi/longvideobench/video_files/Z00vWImw1KQ/frames/frame_0122.jpg, /mnt/ssd/data/kimi/longvideobench/video_files/Z00vWImw1KQ/frames/frame_0123.jpg, /mnt/ssd/data/kimi/longvideobench/video_files/Z00vWImw1KQ/frames/frame_0124.jpg, /mnt/ssd/data/kimi/longvideobench/video_files/Z00vWImw1KQ/frames/frame_0125.jpg, /mnt/ssd/data/kimi/longvideobench/video_files/Z00vWImw1KQ/frames/frame_0126.jpg, /mnt/ssd/data/kimi/longvideobench/video_files/Z00vWImw1KQ/frames/frame_0127.jpg, /mnt/ssd/data/kimi/longvideobench/video_files/Z00vWImw1KQ/frames/frame_0128.jpg, /mnt/ssd/data/kimi/longvideobench/video_files/Z00vWImw1KQ/frames/frame_0129.jpg, /mnt/ssd/data/kimi/longvideobench/video_files/Z00vWImw1KQ/frames/frame_0130.jpg, /mnt/ssd/data/kimi/longvideobench/video_files/Z00vWImw1KQ/frames/frame_0131.jpg, /mnt/ssd/data/kimi/longvideobench/video_files/Z00vWImw1KQ/frames/frame_0132.jpg, /mnt/ssd/data/kimi/longvideobench/video_files/Z00vWImw1KQ/frames/frame_0133.jpg, /mnt/ssd/data/kimi/longvideobench/video_files/Z00vWImw1KQ/frames/frame_0134.jpg, /mnt/ssd/data/kimi/longvideobench/video_files/Z00vWImw1KQ/frames/frame_0135.jpg\nVLM Response: **Step 1: Identify the ambulance with a white and green pattern.**\n\nThe ambulance is visible in Frames 1-21, characterized by its white and green color scheme.\n\n**Step 2: Locate the soldier in camouflage clothing to the left of the ambulance and the person in red clothes in the right seat.**\n\nIn Frame 1, a soldier in camouflage clothing is seen to the left of the ambulance, and a person in red clothes is visible in the right seat of the ambulance.\n\n**Step 3: Identify the onlookers on the right.**\n\nOnlookers are present on the right side of the ambulance in Frames 1-21, observing the scene.\n\n**Step 4: Determine which character performs the action of closing the ambulance door.**\n\nUpon examining the frames, it is observed that the person wearing red clothes is seen closing the ambulance door in Frame 12.\n\n**Step 5: Match the character who closed the ambulance door to the given answer choices.**\n\nThe character who closed the ambulance door is wearing red clothes.\n\n**Conclusion:**\n\nBased on the visual evidence, the correct answer is **C. person wearing red clothes**.\n'], 'condensed_response': '**Scene Summary (Frames\u202f115‑135)**  \n\n- **Ambulance:** A white‑and‑green ambulance is in view throughout the entire 21‑frame segment.  \n- **Characters:**  \n  * **Left side:** A soldier in camouflage is consistently positioned to the left of the ambulance.  \n  * **Right side (inside the ambulance):** A person dressed in bright red clothing occupies the right‑hand seat.  \n  * **Onlookers:** Additional figures stand on the right side of the vehicle, watching the activity.  \n- **Key Action:** In frame\u202f12 (the midpoint of the clip), the red‑clad occupant reaches for the handle and closes the ambulance door. No other character performs this action.  \n\n**Answer:** The character who closes the ambulance door is the **person wearing red clothes** (choice\u202fC).', 'failed_images': []}
Followup prompt: Assess VLM verification.

VLM Results: {'batched_responses': [{'batch_start': 0, 'batch_end': 21, 'image_paths': ['/mnt/ssd/data/kimi/longvideobench/video_files/Z00vWImw1KQ/frames/frame_0115.jpg', '/mnt/ssd/data/kimi/longvideobench/video_files/Z00vWImw1KQ/frames/frame_0116.jpg', '/mnt/ssd/data/kimi/longvideobench/video_files/Z00vWImw1KQ/frames/frame_0117.jpg', '/mnt/ssd/data/kimi/longvideobench/video_files/Z00vWImw1KQ/frames/frame_0118.jpg', '/mnt/ssd/data/kimi/longvideobench/video_files/Z00vWImw1KQ/frames/frame_0119.jpg', '/mnt/ssd/data/kimi/longvideobench/video_files/Z00vWImw1KQ/frames/frame_0120.jpg', '/mnt/ssd/data/kimi/longvideobench/video_files/Z00vWImw1KQ/frames/frame_0121.jpg', '/mnt/ssd/data/kimi/longvideobench/video_files/Z00vWImw1KQ/frames/frame_0122.jpg', '/mnt/ssd/data/kimi/longvideobench/video_files/Z00vWImw1KQ/frames/frame_0123.jpg', '/mnt/ssd/data/kimi/longvideobench/video_files/Z00vWImw1KQ/frames/frame_0124.jpg', '/mnt/ssd/data/kimi/longvideobench/video_files/Z00vWImw1KQ/frames/frame_0125.jpg', '/mnt/ssd/data/kimi/longvideobench/video_files/Z00vWImw1KQ/frames/frame_0126.jpg', '/mnt/ssd/data/kimi/longvideobench/video_files/Z00vWImw1KQ/frames/frame_0127.jpg', '/mnt/ssd/data/kimi/longvideobench/video_files/Z00vWImw1KQ/frames/frame_0128.jpg', '/mnt/ssd/data/kimi/longvideobench/video_files/Z00vWImw1KQ/frames/frame_0129.jpg', '/mnt/ssd/data/kimi/longvideobench/video_files/Z00vWImw1KQ/frames/frame_0130.jpg', '/mnt/ssd/data/kimi/longvideobench/video_files/Z00vWImw1KQ/frames/frame_0131.jpg', '/mnt/ssd/data/kimi/longvideobench/video_files/Z00vWImw1KQ/frames/frame_0132.jpg', '/mnt/ssd/data/kimi/longvideobench/video_files/Z00vWImw1KQ/frames/frame_0133.jpg', '/mnt/ssd/data/kimi/longvideobench/video_files/Z00vWImw1KQ/frames/frame_0134.jpg', '/mnt/ssd/data/kimi/longvideobench/video_files/Z00vWImw1KQ/frames/frame_0135.jpg'], 'response': '**Step 1: Identify the ambulance with a white and green pattern.**\n\nThe ambulance is visible in Frames 1-21, characterized by its white and green color scheme.\n\n**Step 2: Locate the soldier in camouflage clothing to the left of the ambulance and the person in red clothes in the right seat.**\n\nIn Frame 1, a soldier in camouflage clothing is seen to the left of the ambulance, and a person in red clothes is visible in the right seat of the ambulance.\n\n**Step 3: Identify the onlookers on the right.**\n\nOnlookers are present on the right side of the ambulance in Frames 1-21, observing the scene.\n\n**Step 4: Determine which character performs the action of closing the ambulance door.**\n\nUpon examining the frames, it is observed that the person wearing red clothes is seen closing the ambulance door in Frame 12.\n\n**Step 5: Match the character who closed the ambulance door to the given answer choices.**\n\nThe character who closed the ambulance door is wearing red clothes.\n\n**Conclusion:**\n\nBased on the visual evidence, the correct answer is **C. person wearing red clothes**.'}], 'formatted_responses': ['\n=== Batch 0-21 (21 frames) ===\nFrames: /mnt/ssd/data/kimi/longvideobench/video_files/Z00vWImw1KQ/frames/frame_0115.jpg, /mnt/ssd/data/kimi/longvideobench/video_files/Z00vWImw1KQ/frames/frame_0116.jpg, /mnt/ssd/data/kimi/longvideobench/video_files/Z00vWImw1KQ/frames/frame_0117.jpg, /mnt/ssd/data/kimi/longvideobench/video_files/Z00vWImw1KQ/frames/frame_0118.jpg, /mnt/ssd/data/kimi/longvideobench/video_files/Z00vWImw1KQ/frames/frame_0119.jpg, /mnt/ssd/data/kimi/longvideobench/video_files/Z00vWImw1KQ/frames/frame_0120.jpg, /mnt/ssd/data/kimi/longvideobench/video_files/Z00vWImw1KQ/frames/frame_0121.jpg, /mnt/ssd/data/kimi/longvideobench/video_files/Z00vWImw1KQ/frames/frame_0122.jpg, /mnt/ssd/data/kimi/longvideobench/video_files/Z00vWImw1KQ/frames/frame_0123.jpg, /mnt/ssd/data/kimi/longvideobench/video_files/Z00vWImw1KQ/frames/frame_0124.jpg, /mnt/ssd/data/kimi/longvideobench/video_files/Z00vWImw1KQ/frames/frame_0125.jpg, /mnt/ssd/data/kimi/longvideobench/video_files/Z00vWImw1KQ/frames/frame_0126.jpg, /mnt/ssd/data/kimi/longvideobench/video_files/Z00vWImw1KQ/frames/frame_0127.jpg, /mnt/ssd/data/kimi/longvideobench/video_files/Z00vWImw1KQ/frames/frame_0128.jpg, /mnt/ssd/data/kimi/longvideobench/video_files/Z00vWImw1KQ/frames/frame_0129.jpg, /mnt/ssd/data/kimi/longvideobench/video_files/Z00vWImw1KQ/frames/frame_0130.jpg, /mnt/ssd/data/kimi/longvideobench/video_files/Z00vWImw1KQ/frames/frame_0131.jpg, /mnt/ssd/data/kimi/longvideobench/video_files/Z00vWImw1KQ/frames/frame_0132.jpg, /mnt/ssd/data/kimi/longvideobench/video_files/Z00vWImw1KQ/frames/frame_0133.jpg, /mnt/ssd/data/kimi/longvideobench/video_files/Z00vWImw1KQ/frames/frame_0134.jpg, /mnt/ssd/data/kimi/longvideobench/video_files/Z00vWImw1KQ/frames/frame_0135.jpg\nVLM Response: **Step 1: Identify the ambulance with a white and green pattern.**\n\nThe ambulance is visible in Frames 1-21, characterized by its white and green color scheme.\n\n**Step 2: Locate the soldier in camouflage clothing to the left of the ambulance and the person in red clothes in the right seat.**\n\nIn Frame 1, a soldier in camouflage clothing is seen to the left of the ambulance, and a person in red clothes is visible in the right seat of the ambulance.\n\n**Step 3: Identify the onlookers on the right.**\n\nOnlookers are present on the right side of the ambulance in Frames 1-21, observing the scene.\n\n**Step 4: Determine which character performs the action of closing the ambulance door.**\n\nUpon examining the frames, it is observed that the person wearing red clothes is seen closing the ambulance door in Frame 12.\n\n**Step 5: Match the character who closed the ambulance door to the given answer choices.**\n\nThe character who closed the ambulance door is wearing red clothes.\n\n**Conclusion:**\n\nBased on the visual evidence, the correct answer is **C. person wearing red clothes**.\n'], 'condensed_response': '**Scene Summary (Frames\u202f115‑135)**  \n\n- **Ambulance:** A white‑and‑green ambulance is in view throughout the entire 21‑frame segment.  \n- **Characters:**  \n  * **Left side:** A soldier in camouflage is consistently positioned to the left of the ambulance.  \n  * **Right side (inside the ambulance):** A person dressed in bright red clothing occupies the right‑hand seat.  \n  * **Onlookers:** Additional figures stand on the right side of the vehicle, watching the activity.  \n- **Key Action:** In frame\u202f12 (the midpoint of the clip), the red‑clad occupant reaches for the handle and closes the ambulance door. No other character performs this action.  \n\n**Answer:** The character who closes the ambulance door is the **person wearing red clothes** (choice\u202fC).', 'failed_images': []}
Question: On the street, there is an ambulance with a white and green pattern in the middle. To the left is a soldier wearing camouflage clothing, and in the right seat of the ambulance is a person wearing red clothes. On the right side are onlookers. Which character closed the door of the ambulance?

Answer Choices:
A. doctor
B. police officer wearing sunglasses
C. person wearing red clothes
D. woman wearing white clothes
E. soldier wearing camouflage clothing

Answer: 1
Frames: ['frames/frame_0120.jpg', 'frames/frame_0125.jpg', 'frames/frame_0130.jpg']
Logs: CHARACTERS:
Rescue Worker 1: Description: [Rescued worker wearing a yellow hard hat and white blanket, fatigued] [00s-12s]
Rescue Worker 2: Description: [Woman in glasses and dark green jacket with red collar, medical attention] [00s-12s]
Rescue Worker 3: Description: [Person in orange high-visibility jacket, rescue personnel] [00s-12s]
News Anchor: Description: [Male news anchor with gray hair, dark blue suit, white shirt] [0s-12s]
Man on Live Video Link: Description: [Middle-aged man wearing a dark blazer over a purple shirt, speaking from a home office/study] [94s-106s]

SCENES:
Scene 1 (Uttarkashi Rescue Operation): Description: [Nighttime rescue operation in Uttarkashi, India, with multiple monitors displaying images in a busy newsroom] [0s-94s]
Scene 2 (Ambulance Scene): Description: [Live nighttime scene in Uttarkashi, India, with a green and white ambulance with flashing emergency lights] [12s-94s]
Scene 3 (Live Video Link): Description: [Man speaking via live video link from London, in a home office or study] [94s-106s]
Scene 4 (Rescue Operation): Description: [Chaotic and crowded nighttime rescue operation in Uttarkashi, India, with emergency vehicles and personnel] [106s-226s]
Scene 5 (Ambulance Scene): Description: [Teal and white ambulance with flashing blue and amber emergency lights navigating through dense crowds of rescue workers and media personnel] [106s-226s]
Scene 6 (Tunnel Entrance): Description: [Brightly lit tunnel entrance, with a crowd of rescue workers and officials, and multiple emergency vehicles with flashing lights] [226s-346s]
Scene 7 (Rescue Scene): Description: [Emergency vehicles slowly maneuvering through the crowd, with flashing lights and dense gathering of rescue personnel] [226s-346s]
Scene 8 (Nighttime Rescue Scene): Description: [Nighttime rescue scene in Uttarkashi, India, with an ambulance and multiple rescue vehicles, surrounded by silhouettes of workers and rescue personnel] [466s-476s]

EVENTS:
Event 1 (Rescue): Description: [Rescue operation for trapped construction workers in India, with multiple workers rescued] [12s-94s]
Event 2 (Breaking News): Description: [Breaking news report about a rescue operation in Uttarkashi, India, with live updates and news tickers] [94s-106s]
Event 3 (Rescue Operation): Description: [Successful rescue of at least 35 construction workers from a collapsed tunnel in Uttarkashi, India] [466s-476s]

SUBTITLES:
  frames/frame_0120.jpg: "Medicine sent through through another"

Check:
1. VLM confirms given answer
2. Contradictions between VLM and answer
3. All question conditions addressed
4. Correct answer choice selected

There is ALWAYS a correct answer. Pick BEST match even if imperfect.

Return ONLY JSON:
{
    "confidence": <0-100>,
    "possible_errors": [<actual discrepancies found>],
    "suggestion": <null if >80, else specific improvement>
}

Base confidence on VLM results only. List only ACTUAL errors, not hypothetical. Empty [] if no errors.

Critical assessment response: {
    "confidence": 95,
    "possible_errors": ["VLM states the action occurred in 'Frame 12' (which is frame_0126.jpg relative to the provided list). The provided key frames for verification (0120, 0125, 0130) do not include frame_0126, so the VLM's key visual evidence cannot be directly verified from the provided list."],
    "suggestion": null
}
Critical assessment data: {'confidence': 95, 'possible_errors': ["VLM states the action occurred in 'Frame 12' (which is frame_0126.jpg relative to the provided list). The provided key frames for verification (0120, 0125, 0130) do not include frame_0126, so the VLM's key visual evidence cannot be directly verified from the provided list."], 'suggestion': None}
