Critic initial response: {
    "tool": "VLM_QUERY",
    "frames": ["frames/frame_0741.jpg", "frames/frame_0742.jpg", "frames/frame_0743.jpg", "frames/frame_0744.jpg", "frames/frame_0745.jpg", "frames/frame_0746.jpg", "frames/frame_0747.jpg", "frames/frame_0748.jpg", "frames/frame_0749.jpg", "frames/frame_0750.jpg", "frames/frame_0751.jpg"],
    "prompt": "Examine these frames carefully for any visual information about Abby's age. Look for: 1) Text overlays showing age or timestamp 12:26, 2) People who might be identified as Abby, 3) Any numbers or age indicators visible on screen, 4) Context clues from the surrounding frames. The question asks: 'At 12:26, how old is Abby?' with answer choices: 47, 22, 30, 74. The given answer is '0'. Determine if this answer is correct based solely on what is visually present in these frames."
}
Frames to verify: ['frames/frame_0741.jpg', 'frames/frame_0742.jpg', 'frames/frame_0743.jpg', 'frames/frame_0744.jpg', 'frames/frame_0745.jpg', 'frames/frame_0746.jpg', 'frames/frame_0747.jpg', 'frames/frame_0748.jpg', 'frames/frame_0749.jpg', 'frames/frame_0750.jpg', 'frames/frame_0751.jpg']
VLM Prompt: Video context: After analyzing the provided SET of frame-by-frame captions data for a long video, I've extracted the main elements to create a global summary.

**Main Characters:**

1. Reality TV show contestants and hosts, including Bear Grylls, from the show "The Island with Bear Grylls".
2. Irina Dunn, an Australian writer and filmmaker.
3. Various individuals, mostly women, featured in videos on the YouTube channel "Think Before You Sleep".
4. Contestants and hosts from other reality TV shows, such as "Naked and Afraid".

**Setting:**

1. Various outdoor locations, including beaches, forests, jungles, and islands.
2. Computer labs and classrooms.
3. Bedrooms and indoor settings.

**Plot Line:**

The video appears to be a compilation or a documentary-style video that explores different themes, including:

1. Reality TV shows, such as "The Island with Bear Grylls" and "Naked and Afraid", which feature contestants surviving in wilderness environments.
2. Feminism and social issues, as seen in the YouTube channel "Think Before You Sleep" and the discussion around Irina Dunn's famous catchphrase.
3. Environmental and conservation themes, highlighted by the numerous scenes featuring natural landscapes, coral reefs, and wildlife.

**Vibes:**

1. The overall vibe is a mix of adventure, survival, and social commentary.
2. The video often features serene and idyllic natural settings, which contrasts with the challenges and controversies discussed.
3. The tone is informative, with a focus on showcasing different environments, people, and themes.

**General Details:**

1. The video is a compilation of diverse scenes, likely from different sources, including reality TV shows, documentaries, and YouTube videos.
2. The content spans various topics, including survival, feminism, environmentalism, and social issues.
3. The video features a range of individuals, from reality TV contestants and hosts to writers, filmmakers, and everyday people.

Overall, the global summary of this video is a diverse and thought-provoking exploration of various themes, settings, and characters, with a focus on survival, social commentary, and environmental awareness.

Examine these frames carefully for any visual information about Abby's age. Look for: 1) Text overlays showing age or timestamp 12:26, 2) People who might be identified as Abby, 3) Any numbers or age indicators visible on screen, 4) Context clues from the surrounding frames. The question asks: 'At 12:26, how old is Abby?' with answer choices: 47, 22, 30, 74. The given answer is '0'. Determine if this answer is correct based solely on what is visually present in these frames.
VLM response: {'batched_responses': [{'batch_start': 0, 'batch_end': 11, 'image_paths': ['/mnt/ssd/data/lvbench/videos_processed/NzCO0G8AGLU/frames/frame_0741.jpg', '/mnt/ssd/data/lvbench/videos_processed/NzCO0G8AGLU/frames/frame_0742.jpg', '/mnt/ssd/data/lvbench/videos_processed/NzCO0G8AGLU/frames/frame_0743.jpg', '/mnt/ssd/data/lvbench/videos_processed/NzCO0G8AGLU/frames/frame_0744.jpg', '/mnt/ssd/data/lvbench/videos_processed/NzCO0G8AGLU/frames/frame_0745.jpg', '/mnt/ssd/data/lvbench/videos_processed/NzCO0G8AGLU/frames/frame_0746.jpg', '/mnt/ssd/data/lvbench/videos_processed/NzCO0G8AGLU/frames/frame_0747.jpg', '/mnt/ssd/data/lvbench/videos_processed/NzCO0G8AGLU/frames/frame_0748.jpg', '/mnt/ssd/data/lvbench/videos_processed/NzCO0G8AGLU/frames/frame_0749.jpg', '/mnt/ssd/data/lvbench/videos_processed/NzCO0G8AGLU/frames/frame_0750.jpg', '/mnt/ssd/data/lvbench/videos_processed/NzCO0G8AGLU/frames/frame_0751.jpg'], 'response': 'Based on a careful examination of the 11 provided frames, the correct answer to the question “At 12:26, how old is Abby?” is **47**.\n\nHere’s the reasoning:\n\n- **Frame 5** through **Frame 7** clearly show a text overlay in the lower right corner that reads:\n  > **ABBY 47**  \n  > HOTEL SPA OWNER\n\n- This text explicitly identifies the woman in the frame as “Abby” and states her age as “47”.\n\n- The question references the timestamp “12:26”, which likely corresponds to the moment this text overlay appears in the full video (though the frame numbers provided are not time-stamped, the presence of the overlay in multiple consecutive frames confirms its visual presence).\n\n- The answer choice “0” is **not correct** based on the visual evidence. There is no visual information suggesting Abby is 0 years old. The text overlay directly contradicts this.\n\n- The other answer choices (22, 30, 74) are also not supported by any visible text or context in the frames.\n\n✅ Therefore, based solely on what is visually present in these frames, the correct answer is **47**.\n\nThe given answer of “0” is **incorrect**.'}], 'formatted_responses': ['\n=== Batch 0-11 (11 frames) ===\nFrames: /mnt/ssd/data/lvbench/videos_processed/NzCO0G8AGLU/frames/frame_0741.jpg, /mnt/ssd/data/lvbench/videos_processed/NzCO0G8AGLU/frames/frame_0742.jpg, /mnt/ssd/data/lvbench/videos_processed/NzCO0G8AGLU/frames/frame_0743.jpg, /mnt/ssd/data/lvbench/videos_processed/NzCO0G8AGLU/frames/frame_0744.jpg, /mnt/ssd/data/lvbench/videos_processed/NzCO0G8AGLU/frames/frame_0745.jpg, /mnt/ssd/data/lvbench/videos_processed/NzCO0G8AGLU/frames/frame_0746.jpg, /mnt/ssd/data/lvbench/videos_processed/NzCO0G8AGLU/frames/frame_0747.jpg, /mnt/ssd/data/lvbench/videos_processed/NzCO0G8AGLU/frames/frame_0748.jpg, /mnt/ssd/data/lvbench/videos_processed/NzCO0G8AGLU/frames/frame_0749.jpg, /mnt/ssd/data/lvbench/videos_processed/NzCO0G8AGLU/frames/frame_0750.jpg, /mnt/ssd/data/lvbench/videos_processed/NzCO0G8AGLU/frames/frame_0751.jpg\nVLM Response: Based on a careful examination of the 11 provided frames, the correct answer to the question “At 12:26, how old is Abby?” is **47**.\n\nHere’s the reasoning:\n\n- **Frame 5** through **Frame 7** clearly show a text overlay in the lower right corner that reads:\n  > **ABBY 47**  \n  > HOTEL SPA OWNER\n\n- This text explicitly identifies the woman in the frame as “Abby” and states her age as “47”.\n\n- The question references the timestamp “12:26”, which likely corresponds to the moment this text overlay appears in the full video (though the frame numbers provided are not time-stamped, the presence of the overlay in multiple consecutive frames confirms its visual presence).\n\n- The answer choice “0” is **not correct** based on the visual evidence. There is no visual information suggesting Abby is 0 years old. The text overlay directly contradicts this.\n\n- The other answer choices (22, 30, 74) are also not supported by any visible text or context in the frames.\n\n✅ Therefore, based solely on what is visually present in these frames, the correct answer is **47**.\n\nThe given answer of “0” is **incorrect**.\n'], 'condensed_response': '**Scene Summary (12:26\u202f–\u202fFrames\u202f0741‑0747)**  \n\n- **Characters:** The only visible person is **Abby**, identified by a lower‑right text overlay.  \n- **Visual cue:** In **frames\u202f0745\u202f–\u202f0747** (the middle three of the 11‑frame batch) a clear caption reads:\n\n  ```\n  ABBY 47\n  HOTEL SPA OWNER\n  ```\n\n- **Action/Context:** Abby is standing in a spa‑hotel setting; the overlay remains on screen for several consecutive frames, confirming that the information is intended to be read by the viewer.  \n\n- **Answer to the question “At 12:26, how old is Abby?”**  \n  The on‑screen text explicitly states **“47.”** Therefore, Abby’s age at that moment is **47 years**.  \n\nAll other answer choices (0,\u202f22,\u202f30,\u202f74) lack visual support in the frames. The correct answer is **47**.', 'failed_images': []}
Followup prompt: 
Critically assess whether the VLM verification supports the given answer.

VLM Verification Results:
{'batched_responses': [{'batch_start': 0, 'batch_end': 11, 'image_paths': ['/mnt/ssd/data/lvbench/videos_processed/NzCO0G8AGLU/frames/frame_0741.jpg', '/mnt/ssd/data/lvbench/videos_processed/NzCO0G8AGLU/frames/frame_0742.jpg', '/mnt/ssd/data/lvbench/videos_processed/NzCO0G8AGLU/frames/frame_0743.jpg', '/mnt/ssd/data/lvbench/videos_processed/NzCO0G8AGLU/frames/frame_0744.jpg', '/mnt/ssd/data/lvbench/videos_processed/NzCO0G8AGLU/frames/frame_0745.jpg', '/mnt/ssd/data/lvbench/videos_processed/NzCO0G8AGLU/frames/frame_0746.jpg', '/mnt/ssd/data/lvbench/videos_processed/NzCO0G8AGLU/frames/frame_0747.jpg', '/mnt/ssd/data/lvbench/videos_processed/NzCO0G8AGLU/frames/frame_0748.jpg', '/mnt/ssd/data/lvbench/videos_processed/NzCO0G8AGLU/frames/frame_0749.jpg', '/mnt/ssd/data/lvbench/videos_processed/NzCO0G8AGLU/frames/frame_0750.jpg', '/mnt/ssd/data/lvbench/videos_processed/NzCO0G8AGLU/frames/frame_0751.jpg'], 'response': 'Based on a careful examination of the 11 provided frames, the correct answer to the question “At 12:26, how old is Abby?” is **47**.\n\nHere’s the reasoning:\n\n- **Frame 5** through **Frame 7** clearly show a text overlay in the lower right corner that reads:\n  > **ABBY 47**  \n  > HOTEL SPA OWNER\n\n- This text explicitly identifies the woman in the frame as “Abby” and states her age as “47”.\n\n- The question references the timestamp “12:26”, which likely corresponds to the moment this text overlay appears in the full video (though the frame numbers provided are not time-stamped, the presence of the overlay in multiple consecutive frames confirms its visual presence).\n\n- The answer choice “0” is **not correct** based on the visual evidence. There is no visual information suggesting Abby is 0 years old. The text overlay directly contradicts this.\n\n- The other answer choices (22, 30, 74) are also not supported by any visible text or context in the frames.\n\n✅ Therefore, based solely on what is visually present in these frames, the correct answer is **47**.\n\nThe given answer of “0” is **incorrect**.'}], 'formatted_responses': ['\n=== Batch 0-11 (11 frames) ===\nFrames: /mnt/ssd/data/lvbench/videos_processed/NzCO0G8AGLU/frames/frame_0741.jpg, /mnt/ssd/data/lvbench/videos_processed/NzCO0G8AGLU/frames/frame_0742.jpg, /mnt/ssd/data/lvbench/videos_processed/NzCO0G8AGLU/frames/frame_0743.jpg, /mnt/ssd/data/lvbench/videos_processed/NzCO0G8AGLU/frames/frame_0744.jpg, /mnt/ssd/data/lvbench/videos_processed/NzCO0G8AGLU/frames/frame_0745.jpg, /mnt/ssd/data/lvbench/videos_processed/NzCO0G8AGLU/frames/frame_0746.jpg, /mnt/ssd/data/lvbench/videos_processed/NzCO0G8AGLU/frames/frame_0747.jpg, /mnt/ssd/data/lvbench/videos_processed/NzCO0G8AGLU/frames/frame_0748.jpg, /mnt/ssd/data/lvbench/videos_processed/NzCO0G8AGLU/frames/frame_0749.jpg, /mnt/ssd/data/lvbench/videos_processed/NzCO0G8AGLU/frames/frame_0750.jpg, /mnt/ssd/data/lvbench/videos_processed/NzCO0G8AGLU/frames/frame_0751.jpg\nVLM Response: Based on a careful examination of the 11 provided frames, the correct answer to the question “At 12:26, how old is Abby?” is **47**.\n\nHere’s the reasoning:\n\n- **Frame 5** through **Frame 7** clearly show a text overlay in the lower right corner that reads:\n  > **ABBY 47**  \n  > HOTEL SPA OWNER\n\n- This text explicitly identifies the woman in the frame as “Abby” and states her age as “47”.\n\n- The question references the timestamp “12:26”, which likely corresponds to the moment this text overlay appears in the full video (though the frame numbers provided are not time-stamped, the presence of the overlay in multiple consecutive frames confirms its visual presence).\n\n- The answer choice “0” is **not correct** based on the visual evidence. There is no visual information suggesting Abby is 0 years old. The text overlay directly contradicts this.\n\n- The other answer choices (22, 30, 74) are also not supported by any visible text or context in the frames.\n\n✅ Therefore, based solely on what is visually present in these frames, the correct answer is **47**.\n\nThe given answer of “0” is **incorrect**.\n'], 'condensed_response': '**Scene Summary (12:26\u202f–\u202fFrames\u202f0741‑0747)**  \n\n- **Characters:** The only visible person is **Abby**, identified by a lower‑right text overlay.  \n- **Visual cue:** In **frames\u202f0745\u202f–\u202f0747** (the middle three of the 11‑frame batch) a clear caption reads:\n\n  ```\n  ABBY 47\n  HOTEL SPA OWNER\n  ```\n\n- **Action/Context:** Abby is standing in a spa‑hotel setting; the overlay remains on screen for several consecutive frames, confirming that the information is intended to be read by the viewer.  \n\n- **Answer to the question “At 12:26, how old is Abby?”**  \n  The on‑screen text explicitly states **“47.”** Therefore, Abby’s age at that moment is **47 years**.  \n\nAll other answer choices (0,\u202f22,\u202f30,\u202f74) lack visual support in the frames. The correct answer is **47**.', 'failed_images': []}

Question Being Answered: At 12:26, how old is Abby?

Answer Choices:
A. 47
B. 22
C. 30
D. 74

Given Answer: 0
Evidence Frames Used: ['frames/frame_0746.jpg']

Character/Event/Scene logs: ================================================================================
CHARACTER, EVENT, AND SCENE LOGS
================================================================================

CHARACTERS:
Irina Dunn: A renowned Australian writer and filmmaker.
Mimi: A feminist.
Bear Grylls: The host of "The Island with Bear Grylls", a rugged-looking man with a tan shirt and pants.
Piers: A blond man with a goatee.
Lauren Morton: A Yorkshire-born ocean rower and adventurer.
Ruth England: A blonde woman wearing a black tank top.
Sara Outen: A woman wearing a black cap and jacket.
Paul: A building site manager, a man with short brown hair and a black collared shirt.
Andy: A builder, a man with short white hair and a black shirt.
Vic: A cleaning facilities manager, a man with short brown hair and a reddish-brown polo shirt.

SCENES:
Rocky Shoreline: A rocky shoreline with calm water and a cloudy sky. [frames/frame_0605-0609, frames/frame_2280-2299]
Tropical Beach: A serene tropical beach with white sand and crystal-clear turquoise water. [frames/frame_0266-0282, frames/frame_0377-0406, frames/frame_1298-1307, frames/frame_1384-1392, frames/frame_1399-1409, frames/frame_1411-1418]
Dense Forest: A dense forest with tall trees and lush greenery. [frames/frame_010-023, frames/frame_0333-0342, frames/frame_0360-0365, frames/frame_0701-0715]
Jungle: A dense jungle with tall trees, thick underbrush, and exotic foliage. [frames/frame_0240-0258, frames/frame_0367-0375, frames/frame_0487-0498]
Coral Reef: A vibrant coral reef teeming with diverse marine life. [frames/frame_0306-0316, frames/frame_0319-0327, frames/frame_1096-1109, frames/frame_1111-1123]
Computer Lab: A large, empty computer lab with rows of identical workstations. [frames/frame_0047-0078]
"The Island with Bear Grylls" Promotional Image: A group of contestants and Bear Grylls standing on a sandy beach. [frames/frame_0144-0175, frames/frame_0222-0233, frames/frame_0472-0486]
Bamboo Forest: A lush, vibrant bamboo forest. [frames/frame_0580-0585, frames/frame_1266-1276]
Beach at Sunset: A serene beach scene at sunset with palm trees and a dramatic sky. [frames/frame_0690-0700, frames/frame_1441-1449, frames/frame_1835-1857]
Ocean Waves: A large wave crashing down into a deep blue-green ocean. [frames/frame_2003-2039]
Rocky Coastline: A rugged and rocky coastline with turquoise water. [frames/frame_1629-1671]
Bedroom: A dark and dimly lit bedroom with a large bed and a nightstand. [frames/frame_2389-2415]

EVENTS:
Contestants and Bear Grylls posing for a photo: A group of contestants and Bear Grylls standing on a sandy beach, posing for a promotional photo. [frames/frame_0144-0175, frames/frame_0222-0233, frames/frame_0472-0486]
CPR on a woman: A man performing CPR on a woman lying on a rocky beach. [frames/frame_0589]
Woman receiving medical attention on a boat: A woman lying on a gray surface on a boat, receiving medical attention from a person. [frames/frame_0596-0598]
Man holding a large fish: A man holding up a large fish on a rocky shoreline. [frames/frame_1460-1464]
Two men walking on a beach: Two men walking along a sandy beach, one shirtless and the other wearing a plaid shirt. [frames/frame_2082-2095]
Man swimming in the ocean: A man swimming in the sea near a rock and two yellow rubber ducks. [frames/frame_2103-2104]
Group of people walking through a forest: A group of people wearing backpacks and hiking boots, walking through a dense forest. [frames/frame_0238-0239, frames/frame_0701-0709]
Building a fire: Several people gathered around a fire pit in a wooded area, working together to build a fire. [frames/frame_0287, frames/frame_0367, frames/frame_0824-0829, frames/frame_0857-0861]
Making a shelter: Three young women in bikinis building a structure with bamboo sticks and plastic bottles in a forest. [frames/frame_1566-1568]
Drinking water from a plastic bottle: Two women and a man drinking water from large plastic bottles. [frames/frame_1354-1361]
Man operating a boat: A man with short brown hair, wearing a gray shirt, steering a boat on a serene lake. [frames/frame_1505-1510]
Group of people sitting in a circle: A group of young adults, likely contestants on a reality TV show, sitting in a circle on a sandy beach. [frames/frame_1433-1438]
Man holding a walkie-talkie: A bearded man holding a black Motorola walkie-talkie. [frames/frame_1427, frames/frame_1440]

================================================================================
Generated at: 2026-01-11 21:50:11
================================================================================


CRITICAL ASSESSMENT TASK:
1. Check if the VLM results CONFIRM the given answer
2. Look for CONTRADICTIONS between VLM results and the answer
3. Verify ALL conditions in the question are addressed
4. Check if the correct answer choice was selected

⚠️ CRITICAL: There is ALWAYS a correct answer among the choices provided. If all answers seem slightly off or imperfect, you MUST choose the BEST possible answer that most closely matches the evidence.

Based ONLY on what the VLM actually reports seeing, determine:
- Does the visual evidence support the answer?
- Are there any discrepancies between the answer and visuals?
- Is the answer addressing the right scene/moment?

Return ONLY this JSON:
{
    "confidence": <0-100, where 100 means VLM fully confirms the answer>,
    "possible_errors": [
        <List ONLY real discrepancies you found, not hypothetical ones>
    ],
    "suggestion": <null if confidence >80, otherwise specific improvement>
}

IMPORTANT RULES:
- Base confidence ONLY on VLM verification results, not speculation
- DO NOT consider any reasoning - evaluate purely from visual evidence vs answer
- Only list errors that are ACTUALLY present in the VLM results
- If VLM confirms the answer, confidence should be high (80-100)
- If VLM contradicts the answer, confidence should be low (0-40)
- Empty possible_errors list [] if no actual errors found
- Do NOT invent errors that aren't supported by the VLM results
- Return ONLY valid JSON

Critical assessment response: {
    "confidence": 0,
    "possible_errors": [
        "VLM explicitly states the given answer '0' is incorrect",
        "VLM reports clear visual evidence (text overlay 'ABBY 47') contradicting the given answer",
        "Given answer does not match the visual evidence shown in frames 0745-0747"
    ],
    "suggestion": "The correct answer based on visual evidence is 47, not 0. The VLM verification clearly shows on-screen text confirming Abby's age as 47 at the specified timestamp."
}
Critical assessment data: {'confidence': 0, 'possible_errors': ["VLM explicitly states the given answer '0' is incorrect", "VLM reports clear visual evidence (text overlay 'ABBY 47') contradicting the given answer", 'Given answer does not match the visual evidence shown in frames 0745-0747'], 'suggestion': "The correct answer based on visual evidence is 47, not 0. The VLM verification clearly shows on-screen text confirming Abby's age as 47 at the specified timestamp."}
