Critic initial response: {
    "tool": "VLM_QUERY",
    "frames": [
        "frames/frame_0011.jpg",
        "frames/frame_0012.jpg",
        "frames/frame_0013.jpg",
        "frames/frame_0014.jpg",
        "frames/frame_0015.jpg",
        "frames/frame_0016.jpg",
        "frames/frame_0017.jpg",
        "frames/frame_0018.jpg",
        "frames/frame_0019.jpg",
        "frames/frame_0020.jpg",
        "frames/frame_0021.jpg",
        "frames/frame_0022.jpg",
        "frames/frame_0023.jpg",
        "frames/frame_0024.jpg",
        "frames/frame_0025.jpg"
    ],
    "prompt": "Examine these frames from the very beginning of the video. Look for any opening caption or title card text that appears on screen. Specifically check for numerical digits representing a year (4-digit format like 1633, 1636, 1366, or 1363). Verify if the text appears as an introductory caption over a background scene or solid color. Determine what year is displayed in the opening caption and confirm if answer '3' (which corresponds to 1633) is correct based on the visual evidence."
}
Frames to verify: ['frames/frame_0011.jpg', 'frames/frame_0012.jpg', 'frames/frame_0013.jpg', 'frames/frame_0014.jpg', 'frames/frame_0015.jpg', 'frames/frame_0016.jpg', 'frames/frame_0017.jpg', 'frames/frame_0018.jpg', 'frames/frame_0019.jpg', 'frames/frame_0020.jpg', 'frames/frame_0021.jpg', 'frames/frame_0022.jpg', 'frames/frame_0023.jpg', 'frames/frame_0024.jpg', 'frames/frame_0025.jpg']
VLM Prompt: Video context: Based on the provided SET of frame-by-frame captions data for a long video, I will attempt to create a global summary that depicts the main characters, setting, plot line, vibes, and general details.

**Global Summary:**

The video appears to be an animated Netflix series, likely a historical action-adventure drama set in feudal Japan. The story revolves around a mixed-race protagonist, possibly a samurai, and explores themes of identity, isolation, and revenge.

The series is set in 1633 Japan, a time when the country closed its borders to the outside world. The protagonist, a mixed-race child considered "less than human" by the society, is likely the central character around whom the story unfolds.

The narrative is presented through a mix of serene and intense scenes, showcasing the protagonist's journey through a snowy, mystical forest, and a traditional Japanese village. The story may involve sword fights, martial arts, and confrontations with various characters, including samurai and monks.

The overall vibe of the series is dark, mystical, and contemplative, with a focus on character-driven storytelling. The animation style is reminiscent of traditional Japanese art, with vibrant colors and intricate designs.

**Main Characters:**

1. The protagonist: a mixed-race samurai or swordsman, possibly with a complicated past and identity crisis.
2. A woman in a red kimono: a significant character, possibly a love interest or a key figure in the protagonist's journey.
3. A bald man in an orange robe: a monk or a spiritual leader who may play a crucial role in the story.
4. Other characters: various samurai, monks, and villagers who populate the world of the series.

**Setting:**

1. Feudal Japan (1633): a time of isolation and cultural upheaval.
2. Snowy forests and mountains: a mystical and serene environment that serves as a backdrop for the protagonist's journey.
3. Traditional Japanese villages and towns: showcasing the culture and architecture of the time period.
4. Temples and shrines: significant locations that hold spiritual and cultural importance.

**Plot Line:**

The series likely follows the protagonist's journey as they navigate a complex world of cultural identity, social isolation, and personal revenge. The story may involve:

1. The protagonist's struggles with their mixed-race heritage and their place in Japanese society.
2. Confrontations with samurai and other characters who embody the societal norms and expectations.
3. A quest for revenge or justice, possibly driven by the protagonist's past experiences.
4. Exploration of themes such as identity, belonging, and cultural heritage.

**Vibes and General Details:**

1. Dark and mystical atmosphere: the series has a somber and contemplative tone, with a focus on character-driven storytelling.
2. Traditional Japanese culture: the series showcases traditional Japanese art, architecture, and cultural practices.
3. Action and adventure: the story involves sword fights, martial arts, and intense confrontations.
4. Emotional depth: the series explores complex themes and character emotions, creating a rich and immersive viewing experience.

Overall, this Netflix series appears to be a thought-provoking and visually stunning exploration of identity, culture, and personal struggle, set against the rich backdrop of feudal Japan.

Examine these frames from the very beginning of the video. Look for any opening caption or title card text that appears on screen. Specifically check for numerical digits representing a year (4-digit format like 1633, 1636, 1366, or 1363). Verify if the text appears as an introductory caption over a background scene or solid color. Determine what year is displayed in the opening caption and confirm if answer '3' (which corresponds to 1633) is correct based on the visual evidence.
VLM response: {'batched_responses': [{'batch_start': 0, 'batch_end': 15, 'image_paths': ['/mnt/ssd/data/lvbench/videos_processed/Cm73ma6Ibcs/frames/frame_0011.jpg', '/mnt/ssd/data/lvbench/videos_processed/Cm73ma6Ibcs/frames/frame_0012.jpg', '/mnt/ssd/data/lvbench/videos_processed/Cm73ma6Ibcs/frames/frame_0013.jpg', '/mnt/ssd/data/lvbench/videos_processed/Cm73ma6Ibcs/frames/frame_0014.jpg', '/mnt/ssd/data/lvbench/videos_processed/Cm73ma6Ibcs/frames/frame_0015.jpg', '/mnt/ssd/data/lvbench/videos_processed/Cm73ma6Ibcs/frames/frame_0016.jpg', '/mnt/ssd/data/lvbench/videos_processed/Cm73ma6Ibcs/frames/frame_0017.jpg', '/mnt/ssd/data/lvbench/videos_processed/Cm73ma6Ibcs/frames/frame_0018.jpg', '/mnt/ssd/data/lvbench/videos_processed/Cm73ma6Ibcs/frames/frame_0019.jpg', '/mnt/ssd/data/lvbench/videos_processed/Cm73ma6Ibcs/frames/frame_0020.jpg', '/mnt/ssd/data/lvbench/videos_processed/Cm73ma6Ibcs/frames/frame_0021.jpg', '/mnt/ssd/data/lvbench/videos_processed/Cm73ma6Ibcs/frames/frame_0022.jpg', '/mnt/ssd/data/lvbench/videos_processed/Cm73ma6Ibcs/frames/frame_0023.jpg', '/mnt/ssd/data/lvbench/videos_processed/Cm73ma6Ibcs/frames/frame_0024.jpg', '/mnt/ssd/data/lvbench/videos_processed/Cm73ma6Ibcs/frames/frame_0025.jpg'], 'response': 'Based on the visual evidence from the provided frames:\n\n- **Frames 1–6**: Show abstract, transitional visuals — bright yellow light, white screen, then snowflakes falling through clouds. No text is present.\n- **Frame 7**: The first text appears over a cloudy, snowy background:  \n  > **“IN 1633, JAPAN CLOSED ITS BORDERS TO THE OUTSIDE WORLD.”**\n- **Frames 8–10**: The same text remains on screen, with additional text appearing in Frame 9:  \n  > **“COMPLETELY.”**  \n  The year **“1633”** is clearly visible in the opening caption.\n- **Frames 11–15**: Transition to a dark, fiery scene of forging metal — no text is present.\n\n✅ **Verification**:\n- The year **1633** is explicitly displayed in the opening caption (Frames 7–10).\n- The text appears as an introductory title card over a background scene (clouds and snowflakes), matching the description.\n- The answer **‘3’ (which corresponds to 1633)** is **correct** based on the visual evidence.\n\n---\n\n**Final Answer: ✅ Yes, ‘3’ (1633) is correct.**'}], 'formatted_responses': ['\n=== Batch 0-15 (15 frames) ===\nFrames: /mnt/ssd/data/lvbench/videos_processed/Cm73ma6Ibcs/frames/frame_0011.jpg, /mnt/ssd/data/lvbench/videos_processed/Cm73ma6Ibcs/frames/frame_0012.jpg, /mnt/ssd/data/lvbench/videos_processed/Cm73ma6Ibcs/frames/frame_0013.jpg, /mnt/ssd/data/lvbench/videos_processed/Cm73ma6Ibcs/frames/frame_0014.jpg, /mnt/ssd/data/lvbench/videos_processed/Cm73ma6Ibcs/frames/frame_0015.jpg, /mnt/ssd/data/lvbench/videos_processed/Cm73ma6Ibcs/frames/frame_0016.jpg, /mnt/ssd/data/lvbench/videos_processed/Cm73ma6Ibcs/frames/frame_0017.jpg, /mnt/ssd/data/lvbench/videos_processed/Cm73ma6Ibcs/frames/frame_0018.jpg, /mnt/ssd/data/lvbench/videos_processed/Cm73ma6Ibcs/frames/frame_0019.jpg, /mnt/ssd/data/lvbench/videos_processed/Cm73ma6Ibcs/frames/frame_0020.jpg, /mnt/ssd/data/lvbench/videos_processed/Cm73ma6Ibcs/frames/frame_0021.jpg, /mnt/ssd/data/lvbench/videos_processed/Cm73ma6Ibcs/frames/frame_0022.jpg, /mnt/ssd/data/lvbench/videos_processed/Cm73ma6Ibcs/frames/frame_0023.jpg, /mnt/ssd/data/lvbench/videos_processed/Cm73ma6Ibcs/frames/frame_0024.jpg, /mnt/ssd/data/lvbench/videos_processed/Cm73ma6Ibcs/frames/frame_0025.jpg\nVLM Response: Based on the visual evidence from the provided frames:\n\n- **Frames 1–6**: Show abstract, transitional visuals — bright yellow light, white screen, then snowflakes falling through clouds. No text is present.\n- **Frame 7**: The first text appears over a cloudy, snowy background:  \n  > **“IN 1633, JAPAN CLOSED ITS BORDERS TO THE OUTSIDE WORLD.”**\n- **Frames 8–10**: The same text remains on screen, with additional text appearing in Frame 9:  \n  > **“COMPLETELY.”**  \n  The year **“1633”** is clearly visible in the opening caption.\n- **Frames 11–15**: Transition to a dark, fiery scene of forging metal — no text is present.\n\n✅ **Verification**:\n- The year **1633** is explicitly displayed in the opening caption (Frames 7–10).\n- The text appears as an introductory title card over a background scene (clouds and snowflakes), matching the description.\n- The answer **‘3’ (which corresponds to 1633)** is **correct** based on the visual evidence.\n\n---\n\n**Final Answer: ✅ Yes, ‘3’ (1633) is correct.**\n'], 'condensed_response': '**Condensed Scene Summary (Frames\u202f0011‑0025)**  \n\n| Frame range | Visual content | Text / dialogue | Characters |\n|------------|----------------|----------------|------------|\n| **0011‑0016** (Frames\u202f1‑6) | Abstract transition: bright yellow flash → plain white screen → snowflakes drifting through clouds. No on‑screen figures. | – | None |\n| **0017** (Frame\u202f7) | Same snowy‑cloud background; a title card appears. | “**IN 1633, JAPAN CLOSED ITS BORDERS TO THE OUTSIDE WORLD.**” | – |\n| **0018‑0019** (Frames\u202f8‑9) | Title card stays; an additional line fades in on\u202f0019. | “**COMPLETELY.**” (the year “**1633**” remains visible) | – |\n| **0020‑0025** (Frames\u202f10‑15) | Dark, fiery forge scene – molten metal, sparks, silhouettes of tools. No text. | – | No characters; only the environment is shown. |\n\n**Key points**\n\n- The crucial information – the year **1633** – is displayed clearly on the title card in frames\u202f0017‑0019.  \n- No characters (people or creatures) appear throughout the 15‑frame segment; the focus is purely on atmospheric visuals and on‑screen text.  \n- The visual progression moves from abstract, calm imagery (snow) to a stark historical caption, then to a harsh, industrial forge, matching the narrative transition described in the question.\n\n**Answer verification**\n\n- Because the year “1633” is explicitly shown in the title card, the answer **‘3’ (which maps to 1633)** is confirmed as correct.', 'failed_images': []}
Followup prompt: 
Critically assess whether the VLM verification supports the given answer by evaluating each criterion.

⚠️ IMPORTANT: Answers use 0-INDEXED numbers where 0=A, 1=B, 2=C, 3=D, 4=E

VLM Verification Results:
{'batched_responses': [{'batch_start': 0, 'batch_end': 15, 'image_paths': ['/mnt/ssd/data/lvbench/videos_processed/Cm73ma6Ibcs/frames/frame_0011.jpg', '/mnt/ssd/data/lvbench/videos_processed/Cm73ma6Ibcs/frames/frame_0012.jpg', '/mnt/ssd/data/lvbench/videos_processed/Cm73ma6Ibcs/frames/frame_0013.jpg', '/mnt/ssd/data/lvbench/videos_processed/Cm73ma6Ibcs/frames/frame_0014.jpg', '/mnt/ssd/data/lvbench/videos_processed/Cm73ma6Ibcs/frames/frame_0015.jpg', '/mnt/ssd/data/lvbench/videos_processed/Cm73ma6Ibcs/frames/frame_0016.jpg', '/mnt/ssd/data/lvbench/videos_processed/Cm73ma6Ibcs/frames/frame_0017.jpg', '/mnt/ssd/data/lvbench/videos_processed/Cm73ma6Ibcs/frames/frame_0018.jpg', '/mnt/ssd/data/lvbench/videos_processed/Cm73ma6Ibcs/frames/frame_0019.jpg', '/mnt/ssd/data/lvbench/videos_processed/Cm73ma6Ibcs/frames/frame_0020.jpg', '/mnt/ssd/data/lvbench/videos_processed/Cm73ma6Ibcs/frames/frame_0021.jpg', '/mnt/ssd/data/lvbench/videos_processed/Cm73ma6Ibcs/frames/frame_0022.jpg', '/mnt/ssd/data/lvbench/videos_processed/Cm73ma6Ibcs/frames/frame_0023.jpg', '/mnt/ssd/data/lvbench/videos_processed/Cm73ma6Ibcs/frames/frame_0024.jpg', '/mnt/ssd/data/lvbench/videos_processed/Cm73ma6Ibcs/frames/frame_0025.jpg'], 'response': 'Based on the visual evidence from the provided frames:\n\n- **Frames 1–6**: Show abstract, transitional visuals — bright yellow light, white screen, then snowflakes falling through clouds. No text is present.\n- **Frame 7**: The first text appears over a cloudy, snowy background:  \n  > **“IN 1633, JAPAN CLOSED ITS BORDERS TO THE OUTSIDE WORLD.”**\n- **Frames 8–10**: The same text remains on screen, with additional text appearing in Frame 9:  \n  > **“COMPLETELY.”**  \n  The year **“1633”** is clearly visible in the opening caption.\n- **Frames 11–15**: Transition to a dark, fiery scene of forging metal — no text is present.\n\n✅ **Verification**:\n- The year **1633** is explicitly displayed in the opening caption (Frames 7–10).\n- The text appears as an introductory title card over a background scene (clouds and snowflakes), matching the description.\n- The answer **‘3’ (which corresponds to 1633)** is **correct** based on the visual evidence.\n\n---\n\n**Final Answer: ✅ Yes, ‘3’ (1633) is correct.**'}], 'formatted_responses': ['\n=== Batch 0-15 (15 frames) ===\nFrames: /mnt/ssd/data/lvbench/videos_processed/Cm73ma6Ibcs/frames/frame_0011.jpg, /mnt/ssd/data/lvbench/videos_processed/Cm73ma6Ibcs/frames/frame_0012.jpg, /mnt/ssd/data/lvbench/videos_processed/Cm73ma6Ibcs/frames/frame_0013.jpg, /mnt/ssd/data/lvbench/videos_processed/Cm73ma6Ibcs/frames/frame_0014.jpg, /mnt/ssd/data/lvbench/videos_processed/Cm73ma6Ibcs/frames/frame_0015.jpg, /mnt/ssd/data/lvbench/videos_processed/Cm73ma6Ibcs/frames/frame_0016.jpg, /mnt/ssd/data/lvbench/videos_processed/Cm73ma6Ibcs/frames/frame_0017.jpg, /mnt/ssd/data/lvbench/videos_processed/Cm73ma6Ibcs/frames/frame_0018.jpg, /mnt/ssd/data/lvbench/videos_processed/Cm73ma6Ibcs/frames/frame_0019.jpg, /mnt/ssd/data/lvbench/videos_processed/Cm73ma6Ibcs/frames/frame_0020.jpg, /mnt/ssd/data/lvbench/videos_processed/Cm73ma6Ibcs/frames/frame_0021.jpg, /mnt/ssd/data/lvbench/videos_processed/Cm73ma6Ibcs/frames/frame_0022.jpg, /mnt/ssd/data/lvbench/videos_processed/Cm73ma6Ibcs/frames/frame_0023.jpg, /mnt/ssd/data/lvbench/videos_processed/Cm73ma6Ibcs/frames/frame_0024.jpg, /mnt/ssd/data/lvbench/videos_processed/Cm73ma6Ibcs/frames/frame_0025.jpg\nVLM Response: Based on the visual evidence from the provided frames:\n\n- **Frames 1–6**: Show abstract, transitional visuals — bright yellow light, white screen, then snowflakes falling through clouds. No text is present.\n- **Frame 7**: The first text appears over a cloudy, snowy background:  \n  > **“IN 1633, JAPAN CLOSED ITS BORDERS TO THE OUTSIDE WORLD.”**\n- **Frames 8–10**: The same text remains on screen, with additional text appearing in Frame 9:  \n  > **“COMPLETELY.”**  \n  The year **“1633”** is clearly visible in the opening caption.\n- **Frames 11–15**: Transition to a dark, fiery scene of forging metal — no text is present.\n\n✅ **Verification**:\n- The year **1633** is explicitly displayed in the opening caption (Frames 7–10).\n- The text appears as an introductory title card over a background scene (clouds and snowflakes), matching the description.\n- The answer **‘3’ (which corresponds to 1633)** is **correct** based on the visual evidence.\n\n---\n\n**Final Answer: ✅ Yes, ‘3’ (1633) is correct.**\n'], 'condensed_response': '**Condensed Scene Summary (Frames\u202f0011‑0025)**  \n\n| Frame range | Visual content | Text / dialogue | Characters |\n|------------|----------------|----------------|------------|\n| **0011‑0016** (Frames\u202f1‑6) | Abstract transition: bright yellow flash → plain white screen → snowflakes drifting through clouds. No on‑screen figures. | – | None |\n| **0017** (Frame\u202f7) | Same snowy‑cloud background; a title card appears. | “**IN 1633, JAPAN CLOSED ITS BORDERS TO THE OUTSIDE WORLD.**” | – |\n| **0018‑0019** (Frames\u202f8‑9) | Title card stays; an additional line fades in on\u202f0019. | “**COMPLETELY.**” (the year “**1633**” remains visible) | – |\n| **0020‑0025** (Frames\u202f10‑15) | Dark, fiery forge scene – molten metal, sparks, silhouettes of tools. No text. | – | No characters; only the environment is shown. |\n\n**Key points**\n\n- The crucial information – the year **1633** – is displayed clearly on the title card in frames\u202f0017‑0019.  \n- No characters (people or creatures) appear throughout the 15‑frame segment; the focus is purely on atmospheric visuals and on‑screen text.  \n- The visual progression moves from abstract, calm imagery (snow) to a stark historical caption, then to a harsh, industrial forge, matching the narrative transition described in the question.\n\n**Answer verification**\n\n- Because the year “1633” is explicitly shown in the title card, the answer **‘3’ (which maps to 1633)** is confirmed as correct.', 'failed_images': []}

Question Being Answered: What year appears in the opening caption of the video?

Answer Choices (0-indexed: 0=A, 1=B, 2=C, 3=D, 4=E):
  0 (=A): 1636
  1 (=B): 1366
  2 (=C): 1363
  3 (=D): 1633

Given Answer: 3
Evidence Frames Used: ['frames/frame_0016.jpg', 'frames/frame_0017.jpg', 'frames/frame_0018.jpg', 'frames/frame_0019.jpg', 'frames/frame_0020.jpg']

Character/Event/Scene logs: ================================================================================
CHARACTER, EVENT, AND SCENE LOGS
================================================================================

CHARACTERS:
Conical-Hat Swordbearer: A person wearing a traditional Asian conical hat and a dark-colored robe, often seen walking alone in snowy landscapes or forests.
Middle-aged Male Chef: A heavyset man with a white headband, wearing a gray robe and a black vest, often seen working in a traditional Japanese kitchen.
Young Boy: A young boy with short black hair, often seen standing or sitting next to the Middle-aged Male Chef.
Bald Monk: A bald man wearing an orange robe, often seen standing or sitting in various scenes.
Mysterious Figure: A person wearing a large, dark hat and a dark cloak, often seen walking alone in snowy landscapes or forests.
Samurai: A person wearing traditional Japanese armor and carrying a sword, often seen in battle scenes.

SCENES:
Snowy Forest: A forest with tall, slender trees standing amidst a blanket of snow, often seen in various frames. [frames 0013-0016, 0037-0045]
Traditional Japanese Kitchen: A kitchen with a large window featuring a grid pattern, wooden shelves, and various traditional Japanese objects. [frames 0112-0116]
Snowy Village: A village with traditional Japanese buildings and a snowy landscape. [frames 0048-0060]
Dimly Lit Room: A room with dark colors and soft lighting, often seen in various frames. [frames 0109-0111, 0132-0135]
Snowy Courtyard: A courtyard with a large, ornate gate and snow-covered ground. [frames 1175-1176]
Snowy Temple: A temple with a pagoda-style roof and a snowy landscape. [frames 0617-0620]
Misty Forest: A forest with tall, slender trees and a misty atmosphere. [frames 0480-0487]
Ice Rink: A frozen surface with people skating or standing on it. [frames 2904-2906]

EVENTS:
Fight Scene: A confrontation between two or more characters, often involving swords or other weapons. [frames 0800-0803, 2040-2045]
Cooking Scene: A scene where characters are preparing or cooking food in a traditional Japanese kitchen. [frames 0112-0116, 0177-0182]
Tea Ceremony: A scene where characters are gathered around a low table, preparing or drinking tea. [frames 0225-0235]
Sword Fighting Practice: A scene where a character is practicing sword fighting in a dimly lit barn or warehouse. [frames 2295-2299]
Snowy Journey: A scene where characters are walking or traveling through a snowy landscape. [frames 0048-0060, 0607-0616]
Meditation Scene: A scene where a character is sitting or standing in a contemplative pose, often with their eyes closed. [frames 0651-0657]

================================================================================
Generated at: 2026-01-11 21:46:37
================================================================================



QUESTION-BASED CRITERIA:
  Q1. Opening caption text appears on screen
  Q2. Text contains numerical digits representing a year
  Q3. The caption is at the very beginning of the video
  Q4. The text is displayed as an introductory or title card
  Q5. The year format is likely 4 digits (e.g., 1633, 1636, 1366, 1363)
  Q6. The caption may appear over a background scene or on a solid color


CRITICAL ASSESSMENT TASK:
For EACH criterion listed above, determine whether it PASSES or FAILS based ONLY on what the VLM actually reports seeing in the frames.

- PASS: The VLM results clearly confirm this criterion is satisfied in the frames
- FAIL: The VLM results indicate this criterion is NOT satisfied, or there is insufficient evidence

CONFIDENCE CALCULATION RULES:
1. Count how many criteria pass (criteria_percentage = criteria_passed / 6)
2. Calculate base_confidence = criteria_percentage * 100
3. ⚠️ If ANY answer-specific criterion (A1, A2, etc.) FAILS, set confidence = min(50, base_confidence)

⚠️ CRITICAL: There is ALWAYS a correct answer among the choices provided. If all answers seem slightly off or imperfect, you MUST choose the BEST possible answer that most closely matches the evidence.

CRITIC ANSWER CHOICE DECISION:
4. After evaluating criteria, ALWAYS pick the best answer choice:
   - Review ALL answer choices (A, B, C, D, E, etc.)
   - Based ONLY on the VLM visual evidence, determine which answer choice is MOST correct
   - Output your critic_answer_choice as a NUMBER (0=A, 1=B, 2=C, 3=D, 4=E)

5. If criteria_percentage > 0.5 (>50% of criteria pass):
   - Your chosen answer is well-supported by evidence
   - Set suggestion to null or provide minor improvements

6. If criteria_percentage ≤ 0.5 (≤50% of criteria pass):
   - Still MUST choose the BEST answer from the available choices (never -1)
   - But set suggestion to "These may not be the right frames/scene. Consider searching for better evidence. The answer chosen is the BEST match given current evidence."
   - This signals low confidence but still provides a choice

Return ONLY this JSON:
{
    "criteria_results": [
        {"criterion": "criterion text", "criterion_type": "QUESTION or ANSWER", "status": "PASS or FAIL", "reasoning": "brief explanation"},
        ...
    ],
    "question_criteria_passed": <number of question criteria that passed>,
    "answer_criteria_passed": <number of answer criteria that passed>,
    "answer_criteria_total": 0,
    "criteria_passed": <total number of criteria that passed>,
    "criteria_total": 6,
    "criteria_percentage": <criteria_passed / 6>,
    "base_confidence": <(criteria_passed / 6) * 100>,
    "confidence": <base_confidence OR 50 if any answer criterion failed>,
    "critic_answer_choice": <NUMBER: 0=A, 1=B, 2=C, 3=D, 4=E - MUST be a valid number 0-4, never -1>,
    "critic_reasoning": "<Brief explanation of why you chose this answer based on VLM evidence>",
    "possible_errors": [
        <List specific criteria that failed or issues found>
    ],
    "suggestion": <"These may not be the right frames" if ≤50%, otherwise null or specific improvement>
}

IMPORTANT RULES:
- Evaluate EACH criterion independently based on VLM results
- Mark criterion as PASS only if VLM clearly confirms it
- Mark criterion as FAIL if not confirmed or contradicted
- If ANY answer-specific criterion fails, confidence MUST be ≤50%
- Base evaluation ONLY on VLM verification results, not speculation
- Only list errors for criteria that actually failed
- Return ONLY valid JSON

Critical assessment response: ```json
{
    "criteria_results": [
        {
            "criterion": "Opening caption text appears on screen",
            "criterion_type": "QUESTION",
            "status": "PASS",
            "reasoning": "VLM confirms text appears in Frame 7 (0017): 'IN 1633, JAPAN CLOSED ITS BORDERS TO THE OUTSIDE WORLD.'"
        },
        {
            "criterion": "Text contains numerical digits representing a year",
            "criterion_type": "QUESTION",
            "status": "PASS",
            "reasoning": "VLM explicitly identifies '1633' as the year in the text"
        },
        {
            "criterion": "The caption is at the very beginning of the video",
            "criterion_type": "QUESTION",
            "status": "FAIL",
            "reasoning": "VLM shows frames 0011-0016 have abstract transitional visuals before the text appears, suggesting this is not the absolute beginning"
        },
        {
            "criterion": "The text is displayed as an introductory or title card",
            "criterion_type": "QUESTION",
            "status": "PASS",
            "reasoning": "VLM describes it as 'an introductory title card over a background scene'"
        },
        {
            "criterion": "The year format is likely 4 digits (e.g., 1633, 1636, 1366, 1363)",
            "criterion_type": "QUESTION",
            "status": "PASS",
            "reasoning": "VLM confirms the year '1633' is a 4-digit format matching the expected pattern"
        },
        {
            "criterion": "The caption may appear over a background scene or on a solid color",
            "criterion_type": "QUESTION",
            "status": "PASS",
            "reasoning": "VLM states the text appears 'over a cloudy, snowy background'"
        }
    ],
    "question_criteria_passed": 5,
    "answer_criteria_passed": 0,
    "answer_criteria_total": 0,
    "criteria_passed": 5,
    "criteria_total": 6,
    "criteria_percentage": 0.8333,
    "base_confidence": 83.33,
    "confidence": 83.33,
    "critic_answer_choice": 3,
    "critic_reasoning": "The VLM clearly identifies '1633' as the year displayed in the opening caption text, which corresponds to answer choice 3 (D). The evidence is strong and unambiguous.",
    "possible_errors": [
        "The caption is not at the very beginning of the video - there are abstract transitional visuals in frames 0011-0016 before the text appears"
    ],
    "suggestion": null
}
```
Critical assessment data: {'criteria_results': [{'criterion': 'Opening caption text appears on screen', 'criterion_type': 'QUESTION', 'status': 'PASS', 'reasoning': "VLM confirms text appears in Frame 7 (0017): 'IN 1633, JAPAN CLOSED ITS BORDERS TO THE OUTSIDE WORLD.'"}, {'criterion': 'Text contains numerical digits representing a year', 'criterion_type': 'QUESTION', 'status': 'PASS', 'reasoning': "VLM explicitly identifies '1633' as the year in the text"}, {'criterion': 'The caption is at the very beginning of the video', 'criterion_type': 'QUESTION', 'status': 'FAIL', 'reasoning': 'VLM shows frames 0011-0016 have abstract transitional visuals before the text appears, suggesting this is not the absolute beginning'}, {'criterion': 'The text is displayed as an introductory or title card', 'criterion_type': 'QUESTION', 'status': 'PASS', 'reasoning': "VLM describes it as 'an introductory title card over a background scene'"}, {'criterion': 'The year format is likely 4 digits (e.g., 1633, 1636, 1366, 1363)', 'criterion_type': 'QUESTION', 'status': 'PASS', 'reasoning': "VLM confirms the year '1633' is a 4-digit format matching the expected pattern"}, {'criterion': 'The caption may appear over a background scene or on a solid color', 'criterion_type': 'QUESTION', 'status': 'PASS', 'reasoning': "VLM states the text appears 'over a cloudy, snowy background'"}], 'question_criteria_passed': 5, 'answer_criteria_passed': 0, 'answer_criteria_total': 0, 'criteria_passed': 5, 'criteria_total': 6, 'criteria_percentage': 0.8333, 'base_confidence': 83.33, 'confidence': 83.33, 'critic_answer_choice': 3, 'critic_reasoning': "The VLM clearly identifies '1633' as the year displayed in the opening caption text, which corresponds to answer choice 3 (D). The evidence is strong and unambiguous.", 'possible_errors': ['The caption is not at the very beginning of the video - there are abstract transitional visuals in frames 0011-0016 before the text appears'], 'suggestion': None}
