Critic initial response: {
    "tool": "VLM_QUERY",
    "frames": ["frames/frame_0106.jpg", "frames/frame_0107.jpg", "frames/frame_0108.jpg", "frames/frame_0109.jpg", "frames/frame_0110.jpg", "frames/frame_0111.jpg", "frames/frame_0112.jpg", "frames/frame_0113.jpg", "frames/frame_0114.jpg", "frames/frame_0115.jpg", "frames/frame_0116.jpg", "frames/frame_0117.jpg", "frames/frame_0118.jpg", "frames/frame_0119.jpg", "frames/frame_0120.jpg", "frames/frame_0121.jpg", "frames/frame_0122.jpg", "frames/frame_0123.jpg", "frames/frame_0124.jpg", "frames/frame_0125.jpg"],
    "prompt": "Based on these frames (including context before/after), verify if the answer '3' (which corresponds to 'She washes her face') is correct for the question: 'What does the vlogger do after putting things into the washing machine?'. Check the question criteria: ['Vlogger is interacting with a washing machine', 'Vlogger is putting items into the washing machine', 'Vlogger is present in a laundry room or bathroom setting with washing machine', 'Action immediately follows loading the washing machine', 'Vlogger is performing a subsequent activity after loading']. Pay attention to timestamps and temporal sequences. Specifically examine what action occurs immediately after the washing machine is loaded and closed."
}
Frames to verify: ['frames/frame_0106.jpg', 'frames/frame_0107.jpg', 'frames/frame_0108.jpg', 'frames/frame_0109.jpg', 'frames/frame_0110.jpg', 'frames/frame_0111.jpg', 'frames/frame_0112.jpg', 'frames/frame_0113.jpg', 'frames/frame_0114.jpg', 'frames/frame_0115.jpg', 'frames/frame_0116.jpg', 'frames/frame_0117.jpg', 'frames/frame_0118.jpg', 'frames/frame_0119.jpg', 'frames/frame_0120.jpg', 'frames/frame_0121.jpg', 'frames/frame_0122.jpg', 'frames/frame_0123.jpg', 'frames/frame_0124.jpg', 'frames/frame_0125.jpg']
VLM Prompt: Video context: Based on the provided SET of frame-by-frame captions data, here is a global summary of the video:

**Main Characters:**
The main character is a young woman with long dark hair, often wearing black tops and pants. She appears to be the central figure throughout the video. There are also appearances by other individuals, including another woman and a man, but they are less prominent.

**Setting:**
The video is set in a small, cozy, and modern living space, which includes a bedroom, bathroom, kitchen, and hallway. The room is decorated with white walls, white furniture, and various decorative items, including motivational posters, artwork, and plants. The space is often illuminated by purple LED lights, creating a calming ambiance.

**Plot Line:**
The video appears to be a documentary or vlog-style recording of the main character's daily life. The narrative is not strictly linear, but it can be broken down into several themes:

1. Morning routine: The video begins with the main character waking up, making her bed, and getting ready for the day.
2. Household chores: She is shown doing laundry, vacuuming, and cleaning the kitchen and bathroom.
3. Personal grooming: The main character is seen brushing her teeth with an electric toothbrush, brushing her hair, and applying makeup.
4. Exercise: She visits a gym and uses a leg press machine.
5. Daily activities: The video shows her going about her daily routine, including grocery shopping, cooking, and relaxing in her bedroom.
6. Interactions: There are some interactions with others, including another woman and a man, but these are limited.

**Vibes:**
The overall vibe of the video is calm, serene, and intimate. The purple LED lighting and cozy decor create a relaxing atmosphere, while the main character's gentle movements and expressions convey a sense of tranquility.

**General Details:**
The video appears to be a personal vlog or documentary, showcasing the main character's daily life in a small, modern living space. The narrative is character-driven, focusing on her daily routines, personal grooming, and interactions. The video's aesthetic is minimalist and calming, with a focus on white and pastel colors. The presence of motivational posters and quotes suggests that the video may be exploring themes of self-care, productivity, and personal growth.

Based on these frames (including context before/after), verify if the answer '3' (which corresponds to 'She washes her face') is correct for the question: 'What does the vlogger do after putting things into the washing machine?'. Check the question criteria: ['Vlogger is interacting with a washing machine', 'Vlogger is putting items into the washing machine', 'Vlogger is present in a laundry room or bathroom setting with washing machine', 'Action immediately follows loading the washing machine', 'Vlogger is performing a subsequent activity after loading']. Pay attention to timestamps and temporal sequences. Specifically examine what action occurs immediately after the washing machine is loaded and closed.
VLM response: {'batched_responses': [{'batch_start': 0, 'batch_end': 20, 'image_paths': ['/mnt/ssd/data/lvbench/videos_processed/gbDR39yIs3Y/frames/frame_0106.jpg', '/mnt/ssd/data/lvbench/videos_processed/gbDR39yIs3Y/frames/frame_0107.jpg', '/mnt/ssd/data/lvbench/videos_processed/gbDR39yIs3Y/frames/frame_0108.jpg', '/mnt/ssd/data/lvbench/videos_processed/gbDR39yIs3Y/frames/frame_0109.jpg', '/mnt/ssd/data/lvbench/videos_processed/gbDR39yIs3Y/frames/frame_0110.jpg', '/mnt/ssd/data/lvbench/videos_processed/gbDR39yIs3Y/frames/frame_0111.jpg', '/mnt/ssd/data/lvbench/videos_processed/gbDR39yIs3Y/frames/frame_0112.jpg', '/mnt/ssd/data/lvbench/videos_processed/gbDR39yIs3Y/frames/frame_0113.jpg', '/mnt/ssd/data/lvbench/videos_processed/gbDR39yIs3Y/frames/frame_0114.jpg', '/mnt/ssd/data/lvbench/videos_processed/gbDR39yIs3Y/frames/frame_0115.jpg', '/mnt/ssd/data/lvbench/videos_processed/gbDR39yIs3Y/frames/frame_0116.jpg', '/mnt/ssd/data/lvbench/videos_processed/gbDR39yIs3Y/frames/frame_0117.jpg', '/mnt/ssd/data/lvbench/videos_processed/gbDR39yIs3Y/frames/frame_0118.jpg', '/mnt/ssd/data/lvbench/videos_processed/gbDR39yIs3Y/frames/frame_0119.jpg', '/mnt/ssd/data/lvbench/videos_processed/gbDR39yIs3Y/frames/frame_0120.jpg', '/mnt/ssd/data/lvbench/videos_processed/gbDR39yIs3Y/frames/frame_0121.jpg', '/mnt/ssd/data/lvbench/videos_processed/gbDR39yIs3Y/frames/frame_0122.jpg', '/mnt/ssd/data/lvbench/videos_processed/gbDR39yIs3Y/frames/frame_0123.jpg', '/mnt/ssd/data/lvbench/videos_processed/gbDR39yIs3Y/frames/frame_0124.jpg', '/mnt/ssd/data/lvbench/videos_processed/gbDR39yIs3Y/frames/frame_0125.jpg'], 'response': 'Based on the provided frames and the question criteria, the answer **‘3’ (She washes her face)** is **incorrect**.\n\n---\n\n### ✅ Verification Against Criteria:\n\n1. **Vlogger is interacting with a washing machine** — ✔️ Yes, throughout frames 1–20.\n2. **Vlogger is putting items into the washing machine** — ✔️ Frames 1–9 show her loading laundry.\n3. **Vlogger is present in a laundry room or bathroom setting with washing machine** — ✔️ Clearly a bathroom/laundry area with tiled walls and sink visible.\n4. **Action immediately follows loading the washing machine** — ✔️ We are examining the sequence *right after* loading.\n5. **Vlogger is performing a subsequent activity after loading** — ✔️ We must identify what she does *immediately after* closing the machine and starting it.\n\n---\n\n### 🔍 Temporal Sequence Analysis:\n\n- **Frames 1–9**: Loading laundry into the washing machine.\n- **Frame 10–14**: Adding detergent (powder and liquid) into the dispenser drawer.\n- **Frames 15–19**: Setting the washing machine controls — turning the dial, pressing buttons to start the cycle.\n- **Frame 20**: Washing machine is now running (water and clothes visible inside).\n\n→ **There is no frame or visual evidence** in this 20-frame sequence that shows the vlogger **washing her face** after starting the machine.\n\nIn fact, **all actions after loading the machine are directly related to operating the washing machine** (adding detergent, setting controls, starting the cycle). The next logical action shown is the machine running — not any personal grooming activity like face washing.\n\n---\n\n### 🚫 Why “She washes her face” is incorrect:\n\n- No sink or mirror is used for face washing.\n- No water splashing, towel, or facial cleansing motion is visible.\n- The vlogger remains focused on the washing machine until the end of the sequence.\n- The environment and actions are strictly laundry-related.\n\n---\n\n### ✅ Correct Answer (Inferred from frames):\n\nThe action immediately following loading the washing machine is:  \n→ **Adding detergent and starting the wash cycle.**\n\nIf “3” corresponds to “She washes her face,” then it is **not supported** by the visual evidence.\n\n---\n\n### ✅ Final Verdict:\n\n**NO, the answer ‘3’ is NOT correct.**  \nThe vlogger does not wash her face after putting things into the washing machine — she proceeds to add detergent and start the machine.'}], 'formatted_responses': ['\n=== Batch 0-20 (20 frames) ===\nFrames: /mnt/ssd/data/lvbench/videos_processed/gbDR39yIs3Y/frames/frame_0106.jpg, /mnt/ssd/data/lvbench/videos_processed/gbDR39yIs3Y/frames/frame_0107.jpg, /mnt/ssd/data/lvbench/videos_processed/gbDR39yIs3Y/frames/frame_0108.jpg, /mnt/ssd/data/lvbench/videos_processed/gbDR39yIs3Y/frames/frame_0109.jpg, /mnt/ssd/data/lvbench/videos_processed/gbDR39yIs3Y/frames/frame_0110.jpg, /mnt/ssd/data/lvbench/videos_processed/gbDR39yIs3Y/frames/frame_0111.jpg, /mnt/ssd/data/lvbench/videos_processed/gbDR39yIs3Y/frames/frame_0112.jpg, /mnt/ssd/data/lvbench/videos_processed/gbDR39yIs3Y/frames/frame_0113.jpg, /mnt/ssd/data/lvbench/videos_processed/gbDR39yIs3Y/frames/frame_0114.jpg, /mnt/ssd/data/lvbench/videos_processed/gbDR39yIs3Y/frames/frame_0115.jpg, /mnt/ssd/data/lvbench/videos_processed/gbDR39yIs3Y/frames/frame_0116.jpg, /mnt/ssd/data/lvbench/videos_processed/gbDR39yIs3Y/frames/frame_0117.jpg, /mnt/ssd/data/lvbench/videos_processed/gbDR39yIs3Y/frames/frame_0118.jpg, /mnt/ssd/data/lvbench/videos_processed/gbDR39yIs3Y/frames/frame_0119.jpg, /mnt/ssd/data/lvbench/videos_processed/gbDR39yIs3Y/frames/frame_0120.jpg, /mnt/ssd/data/lvbench/videos_processed/gbDR39yIs3Y/frames/frame_0121.jpg, /mnt/ssd/data/lvbench/videos_processed/gbDR39yIs3Y/frames/frame_0122.jpg, /mnt/ssd/data/lvbench/videos_processed/gbDR39yIs3Y/frames/frame_0123.jpg, /mnt/ssd/data/lvbench/videos_processed/gbDR39yIs3Y/frames/frame_0124.jpg, /mnt/ssd/data/lvbench/videos_processed/gbDR39yIs3Y/frames/frame_0125.jpg\nVLM Response: Based on the provided frames and the question criteria, the answer **‘3’ (She washes her face)** is **incorrect**.\n\n---\n\n### ✅ Verification Against Criteria:\n\n1. **Vlogger is interacting with a washing machine** — ✔️ Yes, throughout frames 1–20.\n2. **Vlogger is putting items into the washing machine** — ✔️ Frames 1–9 show her loading laundry.\n3. **Vlogger is present in a laundry room or bathroom setting with washing machine** — ✔️ Clearly a bathroom/laundry area with tiled walls and sink visible.\n4. **Action immediately follows loading the washing machine** — ✔️ We are examining the sequence *right after* loading.\n5. **Vlogger is performing a subsequent activity after loading** — ✔️ We must identify what she does *immediately after* closing the machine and starting it.\n\n---\n\n### 🔍 Temporal Sequence Analysis:\n\n- **Frames 1–9**: Loading laundry into the washing machine.\n- **Frame 10–14**: Adding detergent (powder and liquid) into the dispenser drawer.\n- **Frames 15–19**: Setting the washing machine controls — turning the dial, pressing buttons to start the cycle.\n- **Frame 20**: Washing machine is now running (water and clothes visible inside).\n\n→ **There is no frame or visual evidence** in this 20-frame sequence that shows the vlogger **washing her face** after starting the machine.\n\nIn fact, **all actions after loading the machine are directly related to operating the washing machine** (adding detergent, setting controls, starting the cycle). The next logical action shown is the machine running — not any personal grooming activity like face washing.\n\n---\n\n### 🚫 Why “She washes her face” is incorrect:\n\n- No sink or mirror is used for face washing.\n- No water splashing, towel, or facial cleansing motion is visible.\n- The vlogger remains focused on the washing machine until the end of the sequence.\n- The environment and actions are strictly laundry-related.\n\n---\n\n### ✅ Correct Answer (Inferred from frames):\n\nThe action immediately following loading the washing machine is:  \n→ **Adding detergent and starting the wash cycle.**\n\nIf “3” corresponds to “She washes her face,” then it is **not supported** by the visual evidence.\n\n---\n\n### ✅ Final Verdict:\n\n**NO, the answer ‘3’ is NOT correct.**  \nThe vlogger does not wash her face after putting things into the washing machine — she proceeds to add detergent and start the machine.\n'], 'condensed_response': '**Condensed Scene Summary (Frames\u202f0106‑0125)**  \n\n- **Frames\u202f0106‑0114:** The vlogger is continuously on‑camera, standing in a tiled bathroom/laundry area. She loads wet laundry into the front‑loading washing machine (frames\u202f0106‑0114).  \n- **Frames\u202f0115‑0118:** She opens the detergent drawer, adds powder and liquid detergent, then closes it.  \n- **Frames\u202f0119‑0120:** She reaches for the control knob/ buttons, selects a wash program, and presses start. The drum begins to turn and water fills the tub (frame\u202f0120).  \n\n**Character tracking:** The same individual (the vlogger) appears in every frame; no other people enter the scene. Her focus remains on the washing‑machine task throughout the 20‑frame segment.\n\n**Why “She washes her face” is unsupported:**  \n- No sink, mirror, towel, or facial‑cleansing motion is shown.  \n- All visual evidence after loading the machine is dedicated to adding detergent and initiating the wash cycle.  \n\n**Verdict:** The correct immediate action after loading the machine is *adding detergent and starting the wash cycle*; therefore the answer “She washes her face” (option\u202f3) is incorrect.', 'failed_images': []}
Followup prompt: 
Critically assess whether the VLM verification supports the given answer by evaluating each criterion.

⚠️ IMPORTANT: Answers use 0-INDEXED numbers where 0=A, 1=B, 2=C, 3=D, 4=E

VLM Verification Results:
{'batched_responses': [{'batch_start': 0, 'batch_end': 20, 'image_paths': ['/mnt/ssd/data/lvbench/videos_processed/gbDR39yIs3Y/frames/frame_0106.jpg', '/mnt/ssd/data/lvbench/videos_processed/gbDR39yIs3Y/frames/frame_0107.jpg', '/mnt/ssd/data/lvbench/videos_processed/gbDR39yIs3Y/frames/frame_0108.jpg', '/mnt/ssd/data/lvbench/videos_processed/gbDR39yIs3Y/frames/frame_0109.jpg', '/mnt/ssd/data/lvbench/videos_processed/gbDR39yIs3Y/frames/frame_0110.jpg', '/mnt/ssd/data/lvbench/videos_processed/gbDR39yIs3Y/frames/frame_0111.jpg', '/mnt/ssd/data/lvbench/videos_processed/gbDR39yIs3Y/frames/frame_0112.jpg', '/mnt/ssd/data/lvbench/videos_processed/gbDR39yIs3Y/frames/frame_0113.jpg', '/mnt/ssd/data/lvbench/videos_processed/gbDR39yIs3Y/frames/frame_0114.jpg', '/mnt/ssd/data/lvbench/videos_processed/gbDR39yIs3Y/frames/frame_0115.jpg', '/mnt/ssd/data/lvbench/videos_processed/gbDR39yIs3Y/frames/frame_0116.jpg', '/mnt/ssd/data/lvbench/videos_processed/gbDR39yIs3Y/frames/frame_0117.jpg', '/mnt/ssd/data/lvbench/videos_processed/gbDR39yIs3Y/frames/frame_0118.jpg', '/mnt/ssd/data/lvbench/videos_processed/gbDR39yIs3Y/frames/frame_0119.jpg', '/mnt/ssd/data/lvbench/videos_processed/gbDR39yIs3Y/frames/frame_0120.jpg', '/mnt/ssd/data/lvbench/videos_processed/gbDR39yIs3Y/frames/frame_0121.jpg', '/mnt/ssd/data/lvbench/videos_processed/gbDR39yIs3Y/frames/frame_0122.jpg', '/mnt/ssd/data/lvbench/videos_processed/gbDR39yIs3Y/frames/frame_0123.jpg', '/mnt/ssd/data/lvbench/videos_processed/gbDR39yIs3Y/frames/frame_0124.jpg', '/mnt/ssd/data/lvbench/videos_processed/gbDR39yIs3Y/frames/frame_0125.jpg'], 'response': 'Based on the provided frames and the question criteria, the answer **‘3’ (She washes her face)** is **incorrect**.\n\n---\n\n### ✅ Verification Against Criteria:\n\n1. **Vlogger is interacting with a washing machine** — ✔️ Yes, throughout frames 1–20.\n2. **Vlogger is putting items into the washing machine** — ✔️ Frames 1–9 show her loading laundry.\n3. **Vlogger is present in a laundry room or bathroom setting with washing machine** — ✔️ Clearly a bathroom/laundry area with tiled walls and sink visible.\n4. **Action immediately follows loading the washing machine** — ✔️ We are examining the sequence *right after* loading.\n5. **Vlogger is performing a subsequent activity after loading** — ✔️ We must identify what she does *immediately after* closing the machine and starting it.\n\n---\n\n### 🔍 Temporal Sequence Analysis:\n\n- **Frames 1–9**: Loading laundry into the washing machine.\n- **Frame 10–14**: Adding detergent (powder and liquid) into the dispenser drawer.\n- **Frames 15–19**: Setting the washing machine controls — turning the dial, pressing buttons to start the cycle.\n- **Frame 20**: Washing machine is now running (water and clothes visible inside).\n\n→ **There is no frame or visual evidence** in this 20-frame sequence that shows the vlogger **washing her face** after starting the machine.\n\nIn fact, **all actions after loading the machine are directly related to operating the washing machine** (adding detergent, setting controls, starting the cycle). The next logical action shown is the machine running — not any personal grooming activity like face washing.\n\n---\n\n### 🚫 Why “She washes her face” is incorrect:\n\n- No sink or mirror is used for face washing.\n- No water splashing, towel, or facial cleansing motion is visible.\n- The vlogger remains focused on the washing machine until the end of the sequence.\n- The environment and actions are strictly laundry-related.\n\n---\n\n### ✅ Correct Answer (Inferred from frames):\n\nThe action immediately following loading the washing machine is:  \n→ **Adding detergent and starting the wash cycle.**\n\nIf “3” corresponds to “She washes her face,” then it is **not supported** by the visual evidence.\n\n---\n\n### ✅ Final Verdict:\n\n**NO, the answer ‘3’ is NOT correct.**  \nThe vlogger does not wash her face after putting things into the washing machine — she proceeds to add detergent and start the machine.'}], 'formatted_responses': ['\n=== Batch 0-20 (20 frames) ===\nFrames: /mnt/ssd/data/lvbench/videos_processed/gbDR39yIs3Y/frames/frame_0106.jpg, /mnt/ssd/data/lvbench/videos_processed/gbDR39yIs3Y/frames/frame_0107.jpg, /mnt/ssd/data/lvbench/videos_processed/gbDR39yIs3Y/frames/frame_0108.jpg, /mnt/ssd/data/lvbench/videos_processed/gbDR39yIs3Y/frames/frame_0109.jpg, /mnt/ssd/data/lvbench/videos_processed/gbDR39yIs3Y/frames/frame_0110.jpg, /mnt/ssd/data/lvbench/videos_processed/gbDR39yIs3Y/frames/frame_0111.jpg, /mnt/ssd/data/lvbench/videos_processed/gbDR39yIs3Y/frames/frame_0112.jpg, /mnt/ssd/data/lvbench/videos_processed/gbDR39yIs3Y/frames/frame_0113.jpg, /mnt/ssd/data/lvbench/videos_processed/gbDR39yIs3Y/frames/frame_0114.jpg, /mnt/ssd/data/lvbench/videos_processed/gbDR39yIs3Y/frames/frame_0115.jpg, /mnt/ssd/data/lvbench/videos_processed/gbDR39yIs3Y/frames/frame_0116.jpg, /mnt/ssd/data/lvbench/videos_processed/gbDR39yIs3Y/frames/frame_0117.jpg, /mnt/ssd/data/lvbench/videos_processed/gbDR39yIs3Y/frames/frame_0118.jpg, /mnt/ssd/data/lvbench/videos_processed/gbDR39yIs3Y/frames/frame_0119.jpg, /mnt/ssd/data/lvbench/videos_processed/gbDR39yIs3Y/frames/frame_0120.jpg, /mnt/ssd/data/lvbench/videos_processed/gbDR39yIs3Y/frames/frame_0121.jpg, /mnt/ssd/data/lvbench/videos_processed/gbDR39yIs3Y/frames/frame_0122.jpg, /mnt/ssd/data/lvbench/videos_processed/gbDR39yIs3Y/frames/frame_0123.jpg, /mnt/ssd/data/lvbench/videos_processed/gbDR39yIs3Y/frames/frame_0124.jpg, /mnt/ssd/data/lvbench/videos_processed/gbDR39yIs3Y/frames/frame_0125.jpg\nVLM Response: Based on the provided frames and the question criteria, the answer **‘3’ (She washes her face)** is **incorrect**.\n\n---\n\n### ✅ Verification Against Criteria:\n\n1. **Vlogger is interacting with a washing machine** — ✔️ Yes, throughout frames 1–20.\n2. **Vlogger is putting items into the washing machine** — ✔️ Frames 1–9 show her loading laundry.\n3. **Vlogger is present in a laundry room or bathroom setting with washing machine** — ✔️ Clearly a bathroom/laundry area with tiled walls and sink visible.\n4. **Action immediately follows loading the washing machine** — ✔️ We are examining the sequence *right after* loading.\n5. **Vlogger is performing a subsequent activity after loading** — ✔️ We must identify what she does *immediately after* closing the machine and starting it.\n\n---\n\n### 🔍 Temporal Sequence Analysis:\n\n- **Frames 1–9**: Loading laundry into the washing machine.\n- **Frame 10–14**: Adding detergent (powder and liquid) into the dispenser drawer.\n- **Frames 15–19**: Setting the washing machine controls — turning the dial, pressing buttons to start the cycle.\n- **Frame 20**: Washing machine is now running (water and clothes visible inside).\n\n→ **There is no frame or visual evidence** in this 20-frame sequence that shows the vlogger **washing her face** after starting the machine.\n\nIn fact, **all actions after loading the machine are directly related to operating the washing machine** (adding detergent, setting controls, starting the cycle). The next logical action shown is the machine running — not any personal grooming activity like face washing.\n\n---\n\n### 🚫 Why “She washes her face” is incorrect:\n\n- No sink or mirror is used for face washing.\n- No water splashing, towel, or facial cleansing motion is visible.\n- The vlogger remains focused on the washing machine until the end of the sequence.\n- The environment and actions are strictly laundry-related.\n\n---\n\n### ✅ Correct Answer (Inferred from frames):\n\nThe action immediately following loading the washing machine is:  \n→ **Adding detergent and starting the wash cycle.**\n\nIf “3” corresponds to “She washes her face,” then it is **not supported** by the visual evidence.\n\n---\n\n### ✅ Final Verdict:\n\n**NO, the answer ‘3’ is NOT correct.**  \nThe vlogger does not wash her face after putting things into the washing machine — she proceeds to add detergent and start the machine.\n'], 'condensed_response': '**Condensed Scene Summary (Frames\u202f0106‑0125)**  \n\n- **Frames\u202f0106‑0114:** The vlogger is continuously on‑camera, standing in a tiled bathroom/laundry area. She loads wet laundry into the front‑loading washing machine (frames\u202f0106‑0114).  \n- **Frames\u202f0115‑0118:** She opens the detergent drawer, adds powder and liquid detergent, then closes it.  \n- **Frames\u202f0119‑0120:** She reaches for the control knob/ buttons, selects a wash program, and presses start. The drum begins to turn and water fills the tub (frame\u202f0120).  \n\n**Character tracking:** The same individual (the vlogger) appears in every frame; no other people enter the scene. Her focus remains on the washing‑machine task throughout the 20‑frame segment.\n\n**Why “She washes her face” is unsupported:**  \n- No sink, mirror, towel, or facial‑cleansing motion is shown.  \n- All visual evidence after loading the machine is dedicated to adding detergent and initiating the wash cycle.  \n\n**Verdict:** The correct immediate action after loading the machine is *adding detergent and starting the wash cycle*; therefore the answer “She washes her face” (option\u202f3) is incorrect.', 'failed_images': []}

Question Being Answered: What does the vlogger do after putting things into the washing machine?

Answer Choices (0-indexed: 0=A, 1=B, 2=C, 3=D, 4=E):
  0 (=A): She plays with her mobile phone
  1 (=B): She reads a book
  2 (=C): She cooks some food
  3 (=D): She washes her face

Given Answer: 3
Evidence Frames Used: ['frames/frame_0111.jpg', 'frames/frame_0112.jpg', 'frames/frame_0113.jpg', 'frames/frame_0114.jpg', 'frames/frame_0115.jpg', 'frames/frame_0116.jpg', 'frames/frame_0117.jpg', 'frames/frame_0118.jpg', 'frames/frame_0119.jpg', 'frames/frame_0120.jpg']

Character/Event/Scene logs: ================================================================================
CHARACTER, EVENT, AND SCENE LOGS
================================================================================

CHARACTERS:
Woman with long dark hair: Description: The main character, a young woman with long dark hair, appears in various scenes throughout the video, often wearing different outfits and engaging in different activities.
Person in white fluffy costume: Description: A person wearing a large white fluffy costume, possibly a mascot or a character, appears briefly in one scene.

SCENES:
Cozy bedroom with purple lighting: Description: A small, cozy bedroom with white walls, a white bunk bed, and purple LED lights on the ceiling. [frames/frame_0001-0005 seconds]
Bedroom with white bunk bed: Description: A small bedroom with white walls, a white bunk bed, and white curtains. [frames/frame_0006-0025 seconds]
Laundry room/Bathroom: Description: A compact bathroom or laundry room with white tiled walls and a white Bosch washing machine and dryer. [frames/frame_0087-0114 seconds]
Gym: Description: A well-lit gym with various exercise equipment, including a leg press machine. [frames/frame_0264-0283 seconds]
Hallway/Shoe closet: Description: A narrow hallway with white walls and a white shoe rack displaying various Nike sneakers. [frames/frame_0186-0239 seconds]
Kitchen: Description: A modern kitchen with white cabinets, marble backsplash, and purple accents. [frames/frame_0203-0218 seconds]
School hallway/Library: Description: A school hallway with white walls and glass doors leading to a library or storage room. [frames/frame_0511-0518 seconds]
Grocery store: Description: A grocery store with various food items on display, including fruits and vegetables. [frames/frame_0532-0568 seconds]
Shopping mall: Description: A multi-level shopping mall with glass railings, escalators, and storefronts. [frames/frame_0960-0993 seconds]
Cosmetics store: Description: A cosmetics store with various makeup products on display. [frames/frame_0970-0972 seconds]
Brightly lit hallway/Staircase: Description: A brightly lit hallway with white walls, a staircase, and a painting on the wall. [frames/frame_0576-0585 seconds]
Compact kitchen/Laundry room: Description: A compact kitchen or laundry room with white cabinets, marble backsplash, and a washing machine and dryer. [frames/frame_0301-0339 seconds]
Cozy living room/Loft bed: Description: A cozy living room with a white loft bed, a gray couch, and a clothing rack. [frames/frame_0347-0367 seconds]
Vanity area: Description: A well-lit vanity area with a large mirror, makeup products, and various decorative items. [frames/frame_0436-0465 seconds]
Dressing room/Closet: Description: A dressing room or closet with white walls, a white shelving unit, and a mirror. [frames/frame_0482-0507 seconds]
Cozy bedroom/Loft bed: Description: A cozy bedroom with a white loft bed, a gray couch, and a clothing rack. [frames/frame_0694-0765 seconds]
Small kitchen/Laundry room: Description: A small kitchen or laundry room with purple cabinets, marble backsplash, and a washing machine and dryer. [frames/frame_0760-0788 seconds]
Cozy bedroom/Bunk bed: Description: A cozy bedroom with a white bunk bed, white curtains, and a motivational quote on the wall. [frames/frame_1072-1125 seconds]
Dressing room/Vanity area: Description: A dressing room or vanity area with a large mirror, makeup products, and various decorative items. [frames/frame_1112-1155 seconds]
Cozy living room/Gray couch: Description: A cozy living room with a gray couch, a white coffee table, and a vase of white roses. [frames/frame_1156-1175 seconds]
Cozy bedroom/Bunk bed: Description: A cozy bedroom with a white bunk bed, white curtains, and a motivational quote on the wall. [frames/frame_1739-1806 seconds]

EVENTS:
Event 1: Waking up and making the bed: Description: The woman wakes up and makes her bed in a cozy bedroom. [frames/frame_0006-0050 seconds]
Event 2: Doing laundry: Description: The woman loads and unloads the washing machine and dryer, and folds laundry. [frames/frame_0087-0114 seconds]
Event 3: Brushing teeth with an electric toothbrush: Description: The woman uses an electric toothbrush and interacts with a tablet displaying a toothbrushing guide. [frames/frame_0139-0158 seconds]
Event 4: Brushing hair and styling: Description: The woman brushes and styles her hair in front of a bathroom mirror. [frames/frame_0162-0185 seconds]
Event 5: Preparing a smoothie: Description: The woman prepares a smoothie in a modern kitchen. [frames/frame_0393-0435 seconds]
Event 6: Applying makeup: Description: The woman applies makeup in front of a vanity mirror. [frames/frame_0444-0465 seconds]
Event 7: Vacuuming and cleaning: Description: The woman vacuums and cleans various rooms, including the bedroom and kitchen. [frames/frame_0498-0795 seconds]
Event 8: Grocery shopping: Description: The woman goes grocery shopping and takes selfies in the store. [frames/frame_0532-0551 seconds]
Event 9: Cooking salmon: Description: The woman prepares and cooks salmon fillets in a modern kitchen. [frames/frame_1302-1362 seconds]
Event 10: Eating a meal: Description: The woman eats a meal, including salmon, rice, and vegetables, while watching a video on a tablet. [frames/frame_1372-1475 seconds]

SCENE/LOCATION LOG:
Cozy bedroom with purple lighting: [frames/frame_0001-0005 seconds]
Bedroom with white bunk bed: [frames/frame_0006-0025 seconds]
Laundry room/Bathroom: [frames/frame_0087-0114 seconds]
Gym: [frames/frame_0264-0283 seconds]
Hallway/Shoe closet: [frames/frame_0186-0239 seconds]
Kitchen: [frames/frame_0203-0218 seconds]
School hallway/Library: [frames/frame_0511-0518 seconds]
Grocery store: [frames/frame_0532-0568 seconds]
Shopping mall: [frames/frame_0960-0993 seconds]
Cosmetics store: [frames/frame_0970-0972 seconds]
Brightly lit hallway/Staircase: [frames/frame_0576-0585 seconds]
Compact kitchen/Laundry room: [frames/frame_0301-0339 seconds]
Cozy living room/Loft bed: [frames/frame_0347-0367 seconds]
Vanity area: [frames/frame_0436-0465 seconds]
Dressing room/Closet: [frames/frame_0482-0507 seconds]
Cozy bedroom/Loft bed: [frames/frame_0694-0765 seconds]
Small kitchen/Laundry room: [frames/frame_0760-0788 seconds]
Cozy bedroom/Bunk bed: [frames/frame_1072-1125 seconds]
Dressing room/Vanity area: [frames/frame_1112-1155 seconds]
Cozy living room/Gray couch: [frames/frame_1156-1175 seconds]
Cozy bedroom/Bunk bed: [frames/frame_1739-1806 seconds]

================================================================================
Generated at: 2026-01-11 21:47:00
================================================================================



QUESTION-BASED CRITERIA:
  Q1. Vlogger is interacting with a washing machine
  Q2. Vlogger is putting items into the washing machine
  Q3. Vlogger is present in a laundry room or bathroom setting with washing machine
  Q4. Action immediately follows loading the washing machine
  Q5. Vlogger is performing a subsequent activity after loading


CRITICAL ASSESSMENT TASK:
For EACH criterion listed above, determine whether it PASSES or FAILS based ONLY on what the VLM actually reports seeing in the frames.

- PASS: The VLM results clearly confirm this criterion is satisfied in the frames
- FAIL: The VLM results indicate this criterion is NOT satisfied, or there is insufficient evidence

CONFIDENCE CALCULATION RULES:
1. Count how many criteria pass (criteria_percentage = criteria_passed / 5)
2. Calculate base_confidence = criteria_percentage * 100
3. ⚠️ If ANY answer-specific criterion (A1, A2, etc.) FAILS, set confidence = min(50, base_confidence)

⚠️ CRITICAL: There is ALWAYS a correct answer among the choices provided. If all answers seem slightly off or imperfect, you MUST choose the BEST possible answer that most closely matches the evidence.

CRITIC ANSWER CHOICE DECISION:
4. After evaluating criteria, ALWAYS pick the best answer choice:
   - Review ALL answer choices listed above (A, B, C, D, E, etc.) and their content
   - Based ONLY on the VLM visual evidence, determine which answer choice CONTENT is MOST correct
   - Find the INDEX of that answer choice in the list
   - ⚠️ CRITICAL: Output the INDEX (0, 1, 2, 3, or 4), NOT the literal answer content
   - Example: If choice C (index 2) says "5 people" and you counted 5 people, output 2 (not 5!)
   - Example: If choice B (index 1) says "Robert Hardy" and that's correct, output 1 (not "Robert Hardy"!)

5. If criteria_percentage > 0.5 (>50% of criteria pass):
   - Your chosen answer is well-supported by evidence
   - Set suggestion to null or provide minor improvements

6. If criteria_percentage ≤ 0.5 (≤50% of criteria pass):
   - Still MUST choose the BEST answer from the available choices (never -1)
   - But set suggestion to "These may not be the right frames/scene. Consider searching for better evidence. The answer chosen is the BEST match given current evidence."
   - This signals low confidence but still provides a choice

Return ONLY this JSON:
{
    "criteria_results": [
        {"criterion": "criterion text", "criterion_type": "QUESTION or ANSWER", "status": "PASS or FAIL", "reasoning": "brief explanation"},
        ...
    ],
    "question_criteria_passed": <number of question criteria that passed>,
    "answer_criteria_passed": <number of answer criteria that passed>,
    "answer_criteria_total": 0,
    "criteria_passed": <total number of criteria that passed>,
    "criteria_total": 5,
    "criteria_percentage": <criteria_passed / 5>,
    "base_confidence": <(criteria_passed / 5) * 100>,
    "confidence": <base_confidence OR 50 if any answer criterion failed>,
    "critic_answer_choice": <INDEX of best answer choice: MUST be exactly 0, 1, 2, 3, or 4 (where 0=A, 1=B, 2=C, 3=D, 4=E). Output the INDEX not the content!>,
    "critic_reasoning": "<Brief explanation of why you chose this answer based on VLM evidence>",
    "possible_errors": [
        <List specific criteria that failed or issues found>
    ],
    "suggestion": <"These may not be the right frames" if ≤50%, otherwise null or specific improvement>
}

IMPORTANT RULES:
- Evaluate EACH criterion independently based on VLM results
- Mark criterion as PASS only if VLM clearly confirms it
- Mark criterion as FAIL if not confirmed or contradicted
- If ANY answer-specific criterion fails, confidence MUST be ≤50%
- Base evaluation ONLY on VLM verification results, not speculation
- Only list errors for criteria that actually failed
- ⚠️ CRITICAL: critic_answer_choice must be an INDEX (0-4), never a literal answer like "5" or "Robert Hardy"
- Return ONLY valid JSON

Critical assessment response: We are given a VLM verification result that analyzes frames 0106-0125 from the video. The question is: "What does the vlogger do after putting things into the washing machine?" with answer choices:
  0: She plays with her mobile phone
  1: She reads a book
  2: She cooks some food
  3: She washes her face

The given answer is 3 (which corresponds to "She washes her face").

The VLM verification result states that the answer '3' is incorrect. According to the VLM:
- The vlogger is interacting with a washing machine (loading laundry) in frames 1-9 (which correspond to frames 0106-0114? Note: the frames are numbered 0106 to 0125 in the video, but the VLM refers to them as frames 1-20 in its analysis).
- After loading the laundry (frames 1-9), the vlogger adds detergent (frames 10-14), sets the washing machine controls (frames 15-19), and starts the cycle (frame 20).
- There is no evidence of face washing: no sink, mirror, towel, or facial cleansing motion.

Therefore, the VLM concludes that the immediate action after loading the washing machine is adding detergent and starting the wash cycle, not washing her face.

Now, we must critically assess whether the VLM verification supports the given answer (3) by evaluating each criterion.

The criteria are:
  Q1. Vlogger is interacting with a washing machine
  Q2. Vlogger is putting items into the washing machine
  Q3. Vlogger is present in a laundry room or bathroom setting with washing machine
  Q4. Action immediately follows loading the washing machine
  Q5. Vlogger is performing a subsequent activity after loading

We are to evaluate each criterion based ONLY on what the VLM reports.

From the VLM report:
- Q1: The VLM confirms that the vlogger is interacting with a washing machine (loading laundry). PASS.
- Q2: The VLM states that frames 1-9 show her loading laundry into the washing machine. PASS.
- Q3: The VLM notes the setting is a bathroom/laundry area with tiled walls and a sink visible. PASS.
- Q4: The VLM analyzes the immediate action after loading: adding detergent and starting the cycle. However, the question is about what she does AFTER putting things into the washing machine. The VLM confirms that the action immediately follows loading. PASS.
- Q5: The VLM states that the vlogger is performing a subsequent activity (adding detergent and starting the cycle) after loading. PASS.

All criteria are passed according to the VLM report. However, the VLM also explicitly states that the answer '3' (washing her face) is incorrect. This seems contradictory because the criteria are about the context (washing machine interaction) and not about the specific answer.

But note: the criteria are question-based and are designed to ensure that the frames are relevant to the question. The criteria do not directly validate the answer. The VLM's main conclusion is that the answer '3' is not supported by the visual evidence.

Now, we must choose the best answer from the choices. The VLM says that the correct action is adding detergent and starting the wash cycle. None of the answer choices directly match this. The choices are:
  0: She plays with her mobile phone
  1: She reads a book
  2: She cooks some food
  3: She washes her face

None of these describe adding detergent and starting the cycle. However, the VLM explicitly rules out option 3. So we must look for the best match.

But note: the VLM report is for frames 0106-0125. The question is about what she does AFTER putting things into the washing machine. The VLM says that after loading (which ends at frame 0114), she adds detergent and starts the cycle. So the immediate subsequent activity is related to the washing machine.

None of the choices are about washing machine operations. Therefore, we must choose the best among the given options.

Since the VLM says that option 3 is incorrect, and there is no evidence for options 0, 1, or 2, we might have to choose the least incorrect option. However, the instructions say: "There is ALWAYS a correct answer among the choices provided." So we must pick one.

Looking at the choices, option 3 is the only one that might be plausible in a bathroom setting (washing face). But the VLM explicitly says there is no face washing.

Alternatively, we might consider that the vlogger is not doing any of these. But we must choose from the given options.

However, note that the VLM report is only for a segment of the video. The character/event logs indicate that the video has multiple events. The frames we are looking at are from the laundry event (Event 2: Doing laundry). The logs show that the laundry event occurs from frames 0087-0114 seconds. Our frames are 0106-0125, which might be at the end of the loading and the start of the next actions.

But the VLM report does not show any activity other than laundry-related.

Given that the VLM says option 3 is incorrect, and we have no evidence for the others, we might have to choose an answer that is not 3. But which one?

Wait: the question is "What does the vlogger do after putting things into the washing machine?" and the VLM says she adds detergent and starts the cycle. This is not in the choices. So we must look for the best match.

Perhaps we should consider the entire video. But the instructions say to base our evaluation ONLY on the VLM verification results.

However, the VLM verification results are only for frames 0106-0125. It is possible that after these frames, she does something else. But the question says "immediately after" or just "after"? The criteria Q4 says "Action immediately follows", so we are to look for the immediate action.

The VLM says the immediate action is adding detergent and starting the cycle.

Since none of the choices match, we must choose the best available. But the VLM explicitly says that option 3 is not supported. So we should not choose 3.

What about the other options? There is no evidence for playing with phone, reading a book, or cooking food in these frames.

Therefore, all options are unsupported. But we must choose one.

Alternatively, we might have to look for the answer in the character/event logs. The logs show that after the laundry event, there are other events like brushing teeth, brushing hair, etc. But note: the logs are for the entire video, and our frames are only a small segment.

However, the VLM report is for frames 0106-0125. The logs indicate that the laundry event (Event 2) ends at frame 0114 seconds. Our frames go up to 0125 seconds, which might be after the laundry event.

But the VLM report says that in frames 0106-0125, she is still doing laundry-related activities.

Let's look at the character/event logs for Event 2: "Doing laundry: Description: The woman loads and unloads the washing machine and dryer, and folds laundry. [frames/frame_0087-0114 seconds]"

So according to the logs, the laundry event ends at frame 0114 seconds. Our frames 0106-0125 start during the laundry event and go beyond it (up to 0125 seconds). So what happens after frame 0114 seconds?

The logs do not specify what happens immediately after. The next event is Event 3: Brushing teeth with an electric toothbrush, which starts at frame 0139 seconds.

So between frame 0114 and 0139, there might be a gap. Our frames 0106-0125 cover up to 0125 seconds, which is after the laundry event ends (0114 seconds) and before the teeth brushing starts (0139 seconds).

The VLM report for frames 0106-0125 says that at frame 0120, the washing machine is running, and then we have frames up to 0125. What is she doing in frames 0121-0125? The VLM does not specify, but it says that the vlogger remains focused on the washing machine until the end of the sequence (frame 0125).

Therefore, in the frames we have, she does not wash her face.

But the answer choices do not include "adding detergent" or "starting the cycle". So we must choose the best among the given.

Since the VLM says option 3 is incorrect, and there is no evidence for the others, we might have to choose an answer that is not 3. However, the instructions say that there is always a correct answer among the choices.

Perhaps we should consider that after putting things into the washing machine, she might wash her face later, but not immediately. But the question does not specify "immediately", though criteria Q4 does.

The criteria Q4 says "Action immediately follows", so we are to look for the immediate action.

Given that the immediate action is not face washing, we should not choose 3.

But what is the correct answer? None of the choices match the immediate action.

Let's look at the answer choices again. The choices are:
  0: She plays with her mobile phone
  1: She reads a book
  2: She cooks some food
  3: She washes her face

In the frames, she does none of these. So how can we choose?

Perhaps we should consider the entire video context from the logs. The logs show that after the laundry event, she brushes her teeth (Event 3) which might involve washing her face? But brushing teeth is not washing face.

Event 3: "Brushing teeth with an electric toothbrush" - this might be in the bathroom, and she might wash her face after brushing teeth? But we don't know.

However, our VLM report is only for frames 0106-0125, and it does not show face washing.

Therefore, for the given frames, option 3 is incorrect.

But we must choose the best answer. Since the VLM report does not support any of the choices, we might have to choose the one that is least inconsistent.

However, the instructions say: "If all answers seem slightly off or imperfect, you MUST choose the BEST possible answer that most closely matches the evidence."

In this case, the evidence shows that she is in a bathroom/laundry room. Washing her face is a plausible activity in a bathroom, but the VLM says it doesn't happen in these frames.

The other activities (playing phone, reading book, cooking food) are not plausible in a bathroom setting.

Therefore, option 3 might be the most plausible, even though it is not supported by the frames we have.

But the VLM explicitly says it is incorrect.

Alternatively, we might have to look for other frames. But the instructions are to use only the given VLM verification.

Given that the VLM says option 3 is incorrect, we should not choose it.

What if we choose option 0, 1, or 2? There is no evidence for them.

This is a dilemma.

Let's read the VLM report again: the VLM says that the correct action is adding detergent and starting the wash cycle. This is not in the choices. So we must return that the given answer (3) is not supported.

But for the critic, we must choose an answer index.

Perhaps we should choose the answer that is not ruled out. The VLM only rules out option 3. It does not mention the others. So maybe we should choose one of the others? But there is no evidence for them.

However, the character/event logs might help. The logs show that after the laundry event, she does not immediately play with phone, read a book, or cook food. She brushes her teeth.

But brushing teeth is not in the choices.

 So we are stuck.

 Another idea: perhaps the answer is not among the choices, but we must choose the best available. Since the VLM says option 3 is incorrect, and the other options are not supported, we might choose option 3 anyway because it is the only one that is bathroom-related? But that would be against the VLM.

 Let's follow the instructions strictly: we must base our evaluation on the VLM verification results.

 The VLM verification results do not support option 3. Therefore, we should not choose option 3.

 For the other options, the VLM does not provide evidence either way. So we might have to fail them.

 But then, what answer should we choose? The instructions say there is always a correct answer.

 Perhaps we should consider that the question might be answered by other parts of the video, but we are only given these frames.

 Given that the VLM report is for frames 0106-0125, and it does not show face washing, we must choose an answer that is not 3.

 However, since there is no evidence for any answer, we might have to choose the answer that is most likely based on the setting.

 But the setting is a bathroom, so washing face is likely. However, the VLM says it doesn't happen.

 Let's look at the criteria evaluation:

 We passed all criteria (Q1-Q5). This means that the frames are relevant to the question: they show the vlogger putting things into the washing machine and then doing something immediately after.

 The something immediately after is adding detergent and starting the cycle.

 Since this is not in the choices, we must select the best match.

 None of the choices match. So we might have to choose the answer that is not ruled out.

 The VLM only rules out option 3. So we can choose option 0, 1, or 2.

 But which one? They are all equally unsupported.

 Perhaps we should choose the answer that is least likely to be in a bathroom: playing with phone, reading book, or cooking food are not typical in a bathroom. So option 3 is the most likely, but it is ruled out.

 This is not helpful.

 Another approach: the character/event logs show that after the laundry event, she brushes her teeth. Brushing teeth might involve washing her face? But typically, brushing teeth is separate from washing face.

 However, sometimes people wash their face after brushing teeth. But it's not guaranteed.

 But note: the answer choice is "She washes her face", not "She brushes her teeth".

 So we cannot assume that.

 Given that the VLM report for the immediate aftermath shows no face washing, we should not choose option 3.

 For the purpose of this exercise, since the VLM explicitly says option 3 is incorrect, we will choose another answer.

 But which one? Let's look at the choices again. Perhaps we can choose option 0: "She plays with her mobile phone" because in modern times, people often use their phones anywhere. But there is no evidence.

 We must output an index.

 Perhaps we should choose index 0, but that seems arbitrary.

 Let's read the instructions for the critic answer choice: "After evaluating criteria, ALWAYS pick the best answer choice"

 Since the VLM says that the correct action is adding detergent and starting the cycle, and this is not in the choices, we must choose the answer that is closest in time or context.

 But none are close.

 Alternatively, we might have to consider that the question might be answered by later frames, but we are not given them.

 Given that the VLM report does not support any of the choices, we might have to choose the answer that is not option 3.

 But then, which index? 0, 1, or 2? We have no information.

 This is not satisfactory.

 Let's look at the character/event logs for clues. The logs show that after the laundry event (which ends at frame 0114 seconds), the next event is Event 3: Brushing teeth starting at frame 0139 seconds. between 0114 and 0139, there is a gap of 25 frames. Our frames 0106-0125 cover up to 0125 seconds, which is within this gap.

 In these frames, according to the VLM, she is still with the washing machine until frame 0125.

 So after frame 0125, she might do something else. But we don't have those frames.

 Therefore, for the frames we have, she does not wash her face.

 So we should not choose option 3.

 Perhaps the correct answer is not among the choices, but we must choose one.

 I think we should follow the VLM's conclusion: the answer '3' is not correct. Therefore, we should not choose 3.

 For the other options, since there is no evidence, we might choose the first one (0) or something.

 But note: the instructions for the critic answer choice: "Output the INDEX not the content!"

 And we must choose from 0,1,2,3.

 Since the VLM says option 3 is incorrect, we will choose another index. But which one? We have no basis.

 Perhaps we can assume that the answer is not 3, and then randomly choose, but that is not good.

 Another idea: in the character/event logs, after the laundry event, she brushes her teeth. Brushing teeth might be considered as "washing her face" in a broad sense? But typically, it is not.

 However, sometimes people use the term "wash my face" to include brushing teeth? No, they are separate.

 Let's give up and choose index 0, for example.

 But wait: the VLM report says that the vlogger does not wash her face. It does not say anything about the other activities. So for the other activities, we have no information.

 Therefore, we might have to choose an answer that is not 3.

 However, the instructions say: "There is ALWAYS a correct answer among the choices provided."

 So perhaps for this video, the correct answer is one of the choices.

 Maybe we should look at the entire video context from the logs. The logs show that after the laundry event, she does not immediately cook food (cooking happens later in Event 9). She does not read a book or play with her phone in the bathroom immediately after laundry.

 She does brush her teeth, which is not in the choices.

 So none of the choices match what she actually does immediately after.

 Therefore, we must have the wrong frames.

 Given that the criteria all passed, the frames are relevant, but they do not contain the answer to the question because the answer is not in the choices.

 This is a problem with the question or the choices.

 For the sake of the exercise, we will choose the answer that is not 3, and since the other options are equally unsupported, we will choose index 0.

 But let's see the confidence: since all criteria passed, the criteria_percentage is 1.0, and base_confidence is 100. However, because the answer choice 3 is incorrect, we might have to reduce confidence.

 The instructions say: "If ANY answer-specific criterion fails, set confidence = min(50, base_confidence)"

 In this case, we don't have answer-specific criteria defined. The criteria we have are only question-based.

 So we might not have answer-specific criteria.

 Therefore, confidence remains 100.

 But then, we are choosing an answer that is not supported.

 This is not right.

 Let's read the instructions again: the criteria
