Critic initial response: {
    "tool": "VLM_QUERY",
    "frames": ["frames/frame_0935.jpg", "frames/frame_0936.jpg", "frames/frame_0937.jpg", "frames/frame_0938.jpg", "frames/frame_0939.jpg", "frames/frame_0940.jpg", "frames/frame_0941.jpg", "frames/frame_0942.jpg", "frames/frame_0943.jpg", "frames/frame_0944.jpg", "frames/frame_0945.jpg", "frames/frame_0946.jpg", "frames/frame_0947.jpg", "frames/frame_0948.jpg", "frames/frame_0949.jpg", "frames/frame_0950.jpg", "frames/frame_0951.jpg", "frames/frame_0952.jpg", "frames/frame_0953.jpg", "frames/frame_0954.jpg", "frames/frame_0955.jpg"],
    "prompt": "Analyze these frames to verify if answer '2' (wooden spoon) is correct for the question: 'A person wearing an embroidered dress, whose face is not visible, is cutting a tomato on a wooden board with a vegetable knife. What objects are present in this scene?' Check these specific criteria: 1) Person wearing embroidered/floral dress, 2) Face not visible, 3) Cutting a tomato, 4) Wooden board present, 5) Vegetable knife being used, 6) Tomato being cut on wooden surface. Then identify what objects from the answer choices (golden fork, wooden spoon, ring, parsley, pasta) are actually visible in this scene. Focus only on visual evidence in these frames."
}
Frames to verify: ['frames/frame_0935.jpg', 'frames/frame_0936.jpg', 'frames/frame_0937.jpg', 'frames/frame_0938.jpg', 'frames/frame_0939.jpg', 'frames/frame_0940.jpg', 'frames/frame_0941.jpg', 'frames/frame_0942.jpg', 'frames/frame_0943.jpg', 'frames/frame_0944.jpg', 'frames/frame_0945.jpg', 'frames/frame_0946.jpg', 'frames/frame_0947.jpg', 'frames/frame_0948.jpg', 'frames/frame_0949.jpg', 'frames/frame_0950.jpg', 'frames/frame_0951.jpg', 'frames/frame_0952.jpg', 'frames/frame_0953.jpg', 'frames/frame_0954.jpg', 'frames/frame_0955.jpg']
VLM Prompt: Video context: Based on the provided SET of frame-by-frame captions data, here is a global summary of the video:

**Main Characters:**
The main character is a woman, likely the cook and narrator of the video. She is seen throughout the video, wearing different outfits, mostly black dresses with floral patterns or white dresses/tops.

**Setting:**
The video is set in a kitchen, with various cooking stations, utensils, and appliances visible throughout. The kitchen has white cabinets, gray countertops, and a beige or wicker tablecloth/placemat.

**Plot Line:**
The video appears to be a cooking tutorial or recipe video. The woman is preparing a pasta dish, specifically a Bolognese sauce with various ingredients like ground meat, onions, carrots, celery, mushrooms, tomatoes, and cheese. The video takes the viewer through the step-by-step process of cooking the dish, from preparing the ingredients to combining them and finally serving the finished product.

**Vibes:**
The overall vibe of the video is warm, inviting, and informative. The woman's friendly tone and the use of emojis (e.g., 😏, 🤗, 💖) create a welcoming atmosphere. The video aims to engage the viewer and encourage interaction, as seen in the repeated requests to "write in the comments" and "did you like my recipe?"

**General Details:**

* The video is likely a recipe video for a pasta dish, specifically a variation of Bolognese sauce.
* The woman is the main character, cook, and narrator.
* The kitchen setting is well-equipped and clean.
* The video is designed to be engaging and interactive, with a friendly tone and calls to action.
* The use of multiple languages (English and German) suggests that the video is intended for a diverse audience.
* The video is approximately 20 minutes long (based on the 1201 seconds/frames provided).

Overall, the video is a cooking tutorial that aims to guide the viewer through the preparation of a delicious pasta dish, while also fostering a sense of community and engagement.

Analyze these frames to verify if answer '2' (wooden spoon) is correct for the question: 'A person wearing an embroidered dress, whose face is not visible, is cutting a tomato on a wooden board with a vegetable knife. What objects are present in this scene?' Check these specific criteria: 1) Person wearing embroidered/floral dress, 2) Face not visible, 3) Cutting a tomato, 4) Wooden board present, 5) Vegetable knife being used, 6) Tomato being cut on wooden surface. Then identify what objects from the answer choices (golden fork, wooden spoon, ring, parsley, pasta) are actually visible in this scene. Focus only on visual evidence in these frames.

Subtitles visible in these frames:
  frames/frame_0935.jpg: "Peppers - 1 pc."

VLM response: {'batched_responses': [{'batch_start': 0, 'batch_end': 21, 'image_paths': ['/mnt/ssd/data/longvideobench/videos_processed_1/J1IwKg2ufk8/frames/frame_0935.jpg', '/mnt/ssd/data/longvideobench/videos_processed_1/J1IwKg2ufk8/frames/frame_0936.jpg', '/mnt/ssd/data/longvideobench/videos_processed_1/J1IwKg2ufk8/frames/frame_0937.jpg', '/mnt/ssd/data/longvideobench/videos_processed_1/J1IwKg2ufk8/frames/frame_0938.jpg', '/mnt/ssd/data/longvideobench/videos_processed_1/J1IwKg2ufk8/frames/frame_0939.jpg', '/mnt/ssd/data/longvideobench/videos_processed_1/J1IwKg2ufk8/frames/frame_0940.jpg', '/mnt/ssd/data/longvideobench/videos_processed_1/J1IwKg2ufk8/frames/frame_0941.jpg', '/mnt/ssd/data/longvideobench/videos_processed_1/J1IwKg2ufk8/frames/frame_0942.jpg', '/mnt/ssd/data/longvideobench/videos_processed_1/J1IwKg2ufk8/frames/frame_0943.jpg', '/mnt/ssd/data/longvideobench/videos_processed_1/J1IwKg2ufk8/frames/frame_0944.jpg', '/mnt/ssd/data/longvideobench/videos_processed_1/J1IwKg2ufk8/frames/frame_0945.jpg', '/mnt/ssd/data/longvideobench/videos_processed_1/J1IwKg2ufk8/frames/frame_0946.jpg', '/mnt/ssd/data/longvideobench/videos_processed_1/J1IwKg2ufk8/frames/frame_0947.jpg', '/mnt/ssd/data/longvideobench/videos_processed_1/J1IwKg2ufk8/frames/frame_0948.jpg', '/mnt/ssd/data/longvideobench/videos_processed_1/J1IwKg2ufk8/frames/frame_0949.jpg', '/mnt/ssd/data/longvideobench/videos_processed_1/J1IwKg2ufk8/frames/frame_0950.jpg', '/mnt/ssd/data/longvideobench/videos_processed_1/J1IwKg2ufk8/frames/frame_0951.jpg', '/mnt/ssd/data/longvideobench/videos_processed_1/J1IwKg2ufk8/frames/frame_0952.jpg', '/mnt/ssd/data/longvideobench/videos_processed_1/J1IwKg2ufk8/frames/frame_0953.jpg', '/mnt/ssd/data/longvideobench/videos_processed_1/J1IwKg2ufk8/frames/frame_0954.jpg', '/mnt/ssd/data/longvideobench/videos_processed_1/J1IwKg2ufk8/frames/frame_0955.jpg'], 'response': 'Based on the visual evidence in the provided 21 frames, here is the verification of the criteria and identification of visible objects:\n\n---\n\n**Verification of Criteria:**\n\n1. **Person wearing embroidered/floral dress**: ✅  \n   The person is wearing a white dress with visible embroidery or lace detailing along the neckline and sleeves (e.g., frames 0935, 0945, 0946, 0948). This matches “embroidered/floral dress” as described.\n\n2. **Face not visible**: ✅  \n   In all 21 frames, only the person’s hands, forearms, and torso are visible. The face is never shown.\n\n3. **Cutting a tomato**: ❌  \n   The person is cutting a **red sweet pepper (bell pepper)**, not a tomato. The subtitle in frame 0935 explicitly says “Sweet pepper - 1 pc.” and “Paprika - 1 Stk.” The object being cut has the distinct shape, seeds, and internal structure of a bell pepper, not a tomato.\n\n4. **Wooden board present**: ✅  \n   All cutting actions take place on a dark wooden cutting board (e.g., frames 0940–0955).\n\n5. **Vegetable knife being used**: ✅  \n   A large, flat-bladed cleaver-style knife is being used to chop the pepper — consistent with a vegetable knife or chef’s knife.\n\n6. **Tomato being cut on wooden surface**: ❌  \n   Again, the object being cut is a **sweet pepper**, not a tomato. While there is a red, round object in some frames (e.g., 0940, 0945), it is the **halved sweet pepper**, not a tomato.\n\n---\n\n**Answer Choice Analysis:**\n\nThe question asks which objects from the answer choices — **golden fork, wooden spoon, ring, parsley, pasta** — are actually visible in this scene.\n\n- **Golden fork**: ❌ Not visible in any frame.\n- **Wooden spoon**: ❌ Not visible in any frame. The only utensil is a metal knife.\n- **Ring**: ✅ Visible in frame 0938 — a simple band ring on the person’s left ring finger.\n- **Parsley**: ❌ Not visible in any frame.\n- **Pasta**: ❌ Not visible in any frame.\n\n---\n\n**Conclusion:**\n\nThe correct answer is **not ‘2’ (wooden spoon)**. The wooden spoon is **not present** in any of the frames.\n\n✅ The only object from the answer choices that is actually visible is **‘ring’**.\n\nTherefore, **answer ‘2’ (wooden spoon) is incorrect** based on visual evidence.'}], 'formatted_responses': ['\n=== Batch 0-21 (21 frames) ===\nFrames: /mnt/ssd/data/longvideobench/videos_processed_1/J1IwKg2ufk8/frames/frame_0935.jpg, /mnt/ssd/data/longvideobench/videos_processed_1/J1IwKg2ufk8/frames/frame_0936.jpg, /mnt/ssd/data/longvideobench/videos_processed_1/J1IwKg2ufk8/frames/frame_0937.jpg, /mnt/ssd/data/longvideobench/videos_processed_1/J1IwKg2ufk8/frames/frame_0938.jpg, /mnt/ssd/data/longvideobench/videos_processed_1/J1IwKg2ufk8/frames/frame_0939.jpg, /mnt/ssd/data/longvideobench/videos_processed_1/J1IwKg2ufk8/frames/frame_0940.jpg, /mnt/ssd/data/longvideobench/videos_processed_1/J1IwKg2ufk8/frames/frame_0941.jpg, /mnt/ssd/data/longvideobench/videos_processed_1/J1IwKg2ufk8/frames/frame_0942.jpg, /mnt/ssd/data/longvideobench/videos_processed_1/J1IwKg2ufk8/frames/frame_0943.jpg, /mnt/ssd/data/longvideobench/videos_processed_1/J1IwKg2ufk8/frames/frame_0944.jpg, /mnt/ssd/data/longvideobench/videos_processed_1/J1IwKg2ufk8/frames/frame_0945.jpg, /mnt/ssd/data/longvideobench/videos_processed_1/J1IwKg2ufk8/frames/frame_0946.jpg, /mnt/ssd/data/longvideobench/videos_processed_1/J1IwKg2ufk8/frames/frame_0947.jpg, /mnt/ssd/data/longvideobench/videos_processed_1/J1IwKg2ufk8/frames/frame_0948.jpg, /mnt/ssd/data/longvideobench/videos_processed_1/J1IwKg2ufk8/frames/frame_0949.jpg, /mnt/ssd/data/longvideobench/videos_processed_1/J1IwKg2ufk8/frames/frame_0950.jpg, /mnt/ssd/data/longvideobench/videos_processed_1/J1IwKg2ufk8/frames/frame_0951.jpg, /mnt/ssd/data/longvideobench/videos_processed_1/J1IwKg2ufk8/frames/frame_0952.jpg, /mnt/ssd/data/longvideobench/videos_processed_1/J1IwKg2ufk8/frames/frame_0953.jpg, /mnt/ssd/data/longvideobench/videos_processed_1/J1IwKg2ufk8/frames/frame_0954.jpg, /mnt/ssd/data/longvideobench/videos_processed_1/J1IwKg2ufk8/frames/frame_0955.jpg\nVLM Response: Based on the visual evidence in the provided 21 frames, here is the verification of the criteria and identification of visible objects:\n\n---\n\n**Verification of Criteria:**\n\n1. **Person wearing embroidered/floral dress**: ✅  \n   The person is wearing a white dress with visible embroidery or lace detailing along the neckline and sleeves (e.g., frames 0935, 0945, 0946, 0948). This matches “embroidered/floral dress” as described.\n\n2. **Face not visible**: ✅  \n   In all 21 frames, only the person’s hands, forearms, and torso are visible. The face is never shown.\n\n3. **Cutting a tomato**: ❌  \n   The person is cutting a **red sweet pepper (bell pepper)**, not a tomato. The subtitle in frame 0935 explicitly says “Sweet pepper - 1 pc.” and “Paprika - 1 Stk.” The object being cut has the distinct shape, seeds, and internal structure of a bell pepper, not a tomato.\n\n4. **Wooden board present**: ✅  \n   All cutting actions take place on a dark wooden cutting board (e.g., frames 0940–0955).\n\n5. **Vegetable knife being used**: ✅  \n   A large, flat-bladed cleaver-style knife is being used to chop the pepper — consistent with a vegetable knife or chef’s knife.\n\n6. **Tomato being cut on wooden surface**: ❌  \n   Again, the object being cut is a **sweet pepper**, not a tomato. While there is a red, round object in some frames (e.g., 0940, 0945), it is the **halved sweet pepper**, not a tomato.\n\n---\n\n**Answer Choice Analysis:**\n\nThe question asks which objects from the answer choices — **golden fork, wooden spoon, ring, parsley, pasta** — are actually visible in this scene.\n\n- **Golden fork**: ❌ Not visible in any frame.\n- **Wooden spoon**: ❌ Not visible in any frame. The only utensil is a metal knife.\n- **Ring**: ✅ Visible in frame 0938 — a simple band ring on the person’s left ring finger.\n- **Parsley**: ❌ Not visible in any frame.\n- **Pasta**: ❌ Not visible in any frame.\n\n---\n\n**Conclusion:**\n\nThe correct answer is **not ‘2’ (wooden spoon)**. The wooden spoon is **not present** in any of the frames.\n\n✅ The only object from the answer choices that is actually visible is **‘ring’**.\n\nTherefore, **answer ‘2’ (wooden spoon) is incorrect** based on visual evidence.\n'], 'condensed_response': '**Scene Summary (Frames\u202f0935‑0955)**  \n\nA single individual—only torso, arms and hands are visible—wears a white, embroidered‑floral dress. The camera never shows the face. The person is standing at a dark wooden cutting board, using a metal chef‑style knife to slice a red sweet‑pepper (identified by the on‑screen label “Sweet pepper\u202f‑\u202f1\u202fpc.”). No tomatoes appear.  \n\nDuring the action a simple metal ring is seen on the left ring finger (frame\u202f0938). No golden fork, wooden spoon, parsley, or pasta are present in any of the frames.  \n\n**Answer‑choice check**:  \n- Golden fork – absent  \n- Wooden spoon – absent  \n- Ring – present  \n- Parsley – absent  \n- Pasta – absent  \n\nThus the only answer‑choice object actually visible is the **ring**, making the suggested answer “2\u202f(wooden spoon)” incorrect.', 'failed_images': []}
Followup prompt: 
Critically assess whether the VLM verification supports the given answer by evaluating each criterion.

VLM Verification Results:
{'batched_responses': [{'batch_start': 0, 'batch_end': 21, 'image_paths': ['/mnt/ssd/data/longvideobench/videos_processed_1/J1IwKg2ufk8/frames/frame_0935.jpg', '/mnt/ssd/data/longvideobench/videos_processed_1/J1IwKg2ufk8/frames/frame_0936.jpg', '/mnt/ssd/data/longvideobench/videos_processed_1/J1IwKg2ufk8/frames/frame_0937.jpg', '/mnt/ssd/data/longvideobench/videos_processed_1/J1IwKg2ufk8/frames/frame_0938.jpg', '/mnt/ssd/data/longvideobench/videos_processed_1/J1IwKg2ufk8/frames/frame_0939.jpg', '/mnt/ssd/data/longvideobench/videos_processed_1/J1IwKg2ufk8/frames/frame_0940.jpg', '/mnt/ssd/data/longvideobench/videos_processed_1/J1IwKg2ufk8/frames/frame_0941.jpg', '/mnt/ssd/data/longvideobench/videos_processed_1/J1IwKg2ufk8/frames/frame_0942.jpg', '/mnt/ssd/data/longvideobench/videos_processed_1/J1IwKg2ufk8/frames/frame_0943.jpg', '/mnt/ssd/data/longvideobench/videos_processed_1/J1IwKg2ufk8/frames/frame_0944.jpg', '/mnt/ssd/data/longvideobench/videos_processed_1/J1IwKg2ufk8/frames/frame_0945.jpg', '/mnt/ssd/data/longvideobench/videos_processed_1/J1IwKg2ufk8/frames/frame_0946.jpg', '/mnt/ssd/data/longvideobench/videos_processed_1/J1IwKg2ufk8/frames/frame_0947.jpg', '/mnt/ssd/data/longvideobench/videos_processed_1/J1IwKg2ufk8/frames/frame_0948.jpg', '/mnt/ssd/data/longvideobench/videos_processed_1/J1IwKg2ufk8/frames/frame_0949.jpg', '/mnt/ssd/data/longvideobench/videos_processed_1/J1IwKg2ufk8/frames/frame_0950.jpg', '/mnt/ssd/data/longvideobench/videos_processed_1/J1IwKg2ufk8/frames/frame_0951.jpg', '/mnt/ssd/data/longvideobench/videos_processed_1/J1IwKg2ufk8/frames/frame_0952.jpg', '/mnt/ssd/data/longvideobench/videos_processed_1/J1IwKg2ufk8/frames/frame_0953.jpg', '/mnt/ssd/data/longvideobench/videos_processed_1/J1IwKg2ufk8/frames/frame_0954.jpg', '/mnt/ssd/data/longvideobench/videos_processed_1/J1IwKg2ufk8/frames/frame_0955.jpg'], 'response': 'Based on the visual evidence in the provided 21 frames, here is the verification of the criteria and identification of visible objects:\n\n---\n\n**Verification of Criteria:**\n\n1. **Person wearing embroidered/floral dress**: ✅  \n   The person is wearing a white dress with visible embroidery or lace detailing along the neckline and sleeves (e.g., frames 0935, 0945, 0946, 0948). This matches “embroidered/floral dress” as described.\n\n2. **Face not visible**: ✅  \n   In all 21 frames, only the person’s hands, forearms, and torso are visible. The face is never shown.\n\n3. **Cutting a tomato**: ❌  \n   The person is cutting a **red sweet pepper (bell pepper)**, not a tomato. The subtitle in frame 0935 explicitly says “Sweet pepper - 1 pc.” and “Paprika - 1 Stk.” The object being cut has the distinct shape, seeds, and internal structure of a bell pepper, not a tomato.\n\n4. **Wooden board present**: ✅  \n   All cutting actions take place on a dark wooden cutting board (e.g., frames 0940–0955).\n\n5. **Vegetable knife being used**: ✅  \n   A large, flat-bladed cleaver-style knife is being used to chop the pepper — consistent with a vegetable knife or chef’s knife.\n\n6. **Tomato being cut on wooden surface**: ❌  \n   Again, the object being cut is a **sweet pepper**, not a tomato. While there is a red, round object in some frames (e.g., 0940, 0945), it is the **halved sweet pepper**, not a tomato.\n\n---\n\n**Answer Choice Analysis:**\n\nThe question asks which objects from the answer choices — **golden fork, wooden spoon, ring, parsley, pasta** — are actually visible in this scene.\n\n- **Golden fork**: ❌ Not visible in any frame.\n- **Wooden spoon**: ❌ Not visible in any frame. The only utensil is a metal knife.\n- **Ring**: ✅ Visible in frame 0938 — a simple band ring on the person’s left ring finger.\n- **Parsley**: ❌ Not visible in any frame.\n- **Pasta**: ❌ Not visible in any frame.\n\n---\n\n**Conclusion:**\n\nThe correct answer is **not ‘2’ (wooden spoon)**. The wooden spoon is **not present** in any of the frames.\n\n✅ The only object from the answer choices that is actually visible is **‘ring’**.\n\nTherefore, **answer ‘2’ (wooden spoon) is incorrect** based on visual evidence.'}], 'formatted_responses': ['\n=== Batch 0-21 (21 frames) ===\nFrames: /mnt/ssd/data/longvideobench/videos_processed_1/J1IwKg2ufk8/frames/frame_0935.jpg, /mnt/ssd/data/longvideobench/videos_processed_1/J1IwKg2ufk8/frames/frame_0936.jpg, /mnt/ssd/data/longvideobench/videos_processed_1/J1IwKg2ufk8/frames/frame_0937.jpg, /mnt/ssd/data/longvideobench/videos_processed_1/J1IwKg2ufk8/frames/frame_0938.jpg, /mnt/ssd/data/longvideobench/videos_processed_1/J1IwKg2ufk8/frames/frame_0939.jpg, /mnt/ssd/data/longvideobench/videos_processed_1/J1IwKg2ufk8/frames/frame_0940.jpg, /mnt/ssd/data/longvideobench/videos_processed_1/J1IwKg2ufk8/frames/frame_0941.jpg, /mnt/ssd/data/longvideobench/videos_processed_1/J1IwKg2ufk8/frames/frame_0942.jpg, /mnt/ssd/data/longvideobench/videos_processed_1/J1IwKg2ufk8/frames/frame_0943.jpg, /mnt/ssd/data/longvideobench/videos_processed_1/J1IwKg2ufk8/frames/frame_0944.jpg, /mnt/ssd/data/longvideobench/videos_processed_1/J1IwKg2ufk8/frames/frame_0945.jpg, /mnt/ssd/data/longvideobench/videos_processed_1/J1IwKg2ufk8/frames/frame_0946.jpg, /mnt/ssd/data/longvideobench/videos_processed_1/J1IwKg2ufk8/frames/frame_0947.jpg, /mnt/ssd/data/longvideobench/videos_processed_1/J1IwKg2ufk8/frames/frame_0948.jpg, /mnt/ssd/data/longvideobench/videos_processed_1/J1IwKg2ufk8/frames/frame_0949.jpg, /mnt/ssd/data/longvideobench/videos_processed_1/J1IwKg2ufk8/frames/frame_0950.jpg, /mnt/ssd/data/longvideobench/videos_processed_1/J1IwKg2ufk8/frames/frame_0951.jpg, /mnt/ssd/data/longvideobench/videos_processed_1/J1IwKg2ufk8/frames/frame_0952.jpg, /mnt/ssd/data/longvideobench/videos_processed_1/J1IwKg2ufk8/frames/frame_0953.jpg, /mnt/ssd/data/longvideobench/videos_processed_1/J1IwKg2ufk8/frames/frame_0954.jpg, /mnt/ssd/data/longvideobench/videos_processed_1/J1IwKg2ufk8/frames/frame_0955.jpg\nVLM Response: Based on the visual evidence in the provided 21 frames, here is the verification of the criteria and identification of visible objects:\n\n---\n\n**Verification of Criteria:**\n\n1. **Person wearing embroidered/floral dress**: ✅  \n   The person is wearing a white dress with visible embroidery or lace detailing along the neckline and sleeves (e.g., frames 0935, 0945, 0946, 0948). This matches “embroidered/floral dress” as described.\n\n2. **Face not visible**: ✅  \n   In all 21 frames, only the person’s hands, forearms, and torso are visible. The face is never shown.\n\n3. **Cutting a tomato**: ❌  \n   The person is cutting a **red sweet pepper (bell pepper)**, not a tomato. The subtitle in frame 0935 explicitly says “Sweet pepper - 1 pc.” and “Paprika - 1 Stk.” The object being cut has the distinct shape, seeds, and internal structure of a bell pepper, not a tomato.\n\n4. **Wooden board present**: ✅  \n   All cutting actions take place on a dark wooden cutting board (e.g., frames 0940–0955).\n\n5. **Vegetable knife being used**: ✅  \n   A large, flat-bladed cleaver-style knife is being used to chop the pepper — consistent with a vegetable knife or chef’s knife.\n\n6. **Tomato being cut on wooden surface**: ❌  \n   Again, the object being cut is a **sweet pepper**, not a tomato. While there is a red, round object in some frames (e.g., 0940, 0945), it is the **halved sweet pepper**, not a tomato.\n\n---\n\n**Answer Choice Analysis:**\n\nThe question asks which objects from the answer choices — **golden fork, wooden spoon, ring, parsley, pasta** — are actually visible in this scene.\n\n- **Golden fork**: ❌ Not visible in any frame.\n- **Wooden spoon**: ❌ Not visible in any frame. The only utensil is a metal knife.\n- **Ring**: ✅ Visible in frame 0938 — a simple band ring on the person’s left ring finger.\n- **Parsley**: ❌ Not visible in any frame.\n- **Pasta**: ❌ Not visible in any frame.\n\n---\n\n**Conclusion:**\n\nThe correct answer is **not ‘2’ (wooden spoon)**. The wooden spoon is **not present** in any of the frames.\n\n✅ The only object from the answer choices that is actually visible is **‘ring’**.\n\nTherefore, **answer ‘2’ (wooden spoon) is incorrect** based on visual evidence.\n'], 'condensed_response': '**Scene Summary (Frames\u202f0935‑0955)**  \n\nA single individual—only torso, arms and hands are visible—wears a white, embroidered‑floral dress. The camera never shows the face. The person is standing at a dark wooden cutting board, using a metal chef‑style knife to slice a red sweet‑pepper (identified by the on‑screen label “Sweet pepper\u202f‑\u202f1\u202fpc.”). No tomatoes appear.  \n\nDuring the action a simple metal ring is seen on the left ring finger (frame\u202f0938). No golden fork, wooden spoon, parsley, or pasta are present in any of the frames.  \n\n**Answer‑choice check**:  \n- Golden fork – absent  \n- Wooden spoon – absent  \n- Ring – present  \n- Parsley – absent  \n- Pasta – absent  \n\nThus the only answer‑choice object actually visible is the **ring**, making the suggested answer “2\u202f(wooden spoon)” incorrect.', 'failed_images': []}

Question Being Answered: A person wearing an embroidered dress, whose face is not visible, is cutting a tomato on a wooden board with a vegetable knife. What objects are present in this scene?

Answer Choices:
A. golden fork
B. wooden spoon
C. ring
D. parsley
E. pasta

Given Answer: 2
Evidence Frames Used: ['frames/frame_0940.jpg', 'frames/frame_0942.jpg', 'frames/frame_0944.jpg', 'frames/frame_0945.jpg', 'frames/frame_0946.jpg', 'frames/frame_0947.jpg', 'frames/frame_0948.jpg', 'frames/frame_0949.jpg', 'frames/frame_0950.jpg']

Character/Event/Scene logs: ================================================================================
CHARACTER, EVENT, AND SCENE LOGS
================================================================================

CHARACTERS:
Person 1 (Woman in Black Dress with Pink Flowers): Description: A woman wearing a black dress adorned with small pink flowers, often seen cooking or preparing ingredients in the kitchen.

Person 2 (Woman in White Dress/Top): Description: A woman wearing a white dress or top, sometimes with intricate lace details, seen cooking, grating cheese, or chopping ingredients.

SCENES:
Scene 1 (Kitchen with Gray Cabinets): Description: A kitchen setting with gray cabinets and a countertop where various cooking activities take place. [frames/frame_0001 - frame_0120]
Scene 2 (Kitchen Counter with Ingredients): Description: A kitchen counter where ingredients are being chopped, sliced, or prepared. [frames/frame_0025 - frame_0055]
Scene 3 (Stovetop/Cooking Area): Description: An area where cooking is happening, with pans on stovetops or countertops. [frames/frame_0013 - frame_0022]
Scene 4 (Kitchen with White Cabinets): Description: A kitchen with white cabinets, where the woman in a black dress with pink flowers is seen cooking. [frames/frame_0077 - frame_0120]
Scene 5 (Different Kitchen or Angle): Description: Possibly a different kitchen or a different angle of the same kitchen, where the woman in a white dress is seen. [frames/frame_0405 - frame_0461]

EVENTS:
Event 1 (Preparing Ground Meat): Description: The woman in a black dress with pink flowers is seen breaking up raw ground meat in a pan. [frames/frame_0001 - frame_0022]
Event 2 (Chopping Onions): Description: Chopping onions on a wooden cutting board by the woman in a black dress with pink flowers. [frames/frame_0026 - frame_0055]
Event [Event 3: Boiling Pasta]: Description: Boiling pasta in a large pot. [frames/frame_0060 - frame_0068]
Event [Event 4: Sautéing Onions and Vegetables]: Description: Sautéing chopped onions and other vegetables in a pan. [frames/frame_0455 - frame_0479]
Event [Event 5: Adding Ingredients to Meat Mixture]: Description: Adding various ingredients like carrots, celery, and tomatoes to the ground meat mixture. [frames/frame_0104 - frame_0391]
Event [Event 6: Grating Cheese]: Description: The woman in a white dress grating cheese. [frames/frame_0751 - frame_0764]
Event [Event 7: Finalizing Pasta Dish]: Description: Final steps of preparing the pasta dish, including stirring and adding cheese. [frames/frame_0371 - frame_0391]
Event [Event 8: Serving and Enjoying the Meal]: Description: Serving the prepared pasta dish and enjoying it. [frames/frame_0794 - frame_1201]

================================================================================
Generated at: 2026-01-03 10:20:04
================================================================================



QUESTION-BASED CRITERIA:
  Q1. Person wearing an embroidered dress
  Q2. Person's face is not visible
  Q3. Cutting a tomato
  Q4. Wooden board is present
  Q5. Vegetable knife is being used
  Q6. Scene shows tomato being cut on a wooden surface


CRITICAL ASSESSMENT TASK:
For EACH criterion listed above, determine whether it PASSES or FAILS based ONLY on what the VLM actually reports seeing in the frames.

- PASS: The VLM results clearly confirm this criterion is satisfied in the frames
- FAIL: The VLM results indicate this criterion is NOT satisfied, or there is insufficient evidence

CONFIDENCE CALCULATION RULES:
1. Count how many criteria pass (criteria_percentage = criteria_passed / 6)
2. Calculate base_confidence = criteria_percentage * 100
3. ⚠️ If ANY answer-specific criterion (A1, A2, etc.) FAILS, set confidence = min(50, base_confidence)

⚠️ CRITICAL: There is ALWAYS a correct answer among the choices provided. If all answers seem slightly off or imperfect, you MUST choose the BEST possible answer that most closely matches the evidence.

CRITIC ANSWER CHOICE DECISION:
4. After evaluating criteria, if criteria_percentage > 0.5 (>50% of criteria pass):
   - Review ALL answer choices (A, B, C, D, etc.)
   - Based ONLY on the VLM visual evidence, determine which answer choice is MOST correct
   - Output your critic_answer_choice as a NUMBER (0=A, 1=B, 2=C, 3=D)
5. If criteria_percentage ≤ 0.5 (≤50% of criteria pass):
   - Set critic_answer_choice to -1 (indicating frames may not be the right scene)
   - Set suggestion to "These may not be the right frames/scene. Continue searching for better evidence."

Return ONLY this JSON:
{
    "criteria_results": [
        {"criterion": "criterion text", "criterion_type": "QUESTION or ANSWER", "status": "PASS or FAIL", "reasoning": "brief explanation"},
        ...
    ],
    "question_criteria_passed": <number of question criteria that passed>,
    "answer_criteria_passed": <number of answer criteria that passed>,
    "answer_criteria_total": 0,
    "criteria_passed": <total number of criteria that passed>,
    "criteria_total": 6,
    "criteria_percentage": <criteria_passed / 6>,
    "base_confidence": <(criteria_passed / 6) * 100>,
    "confidence": <base_confidence OR 50 if any answer criterion failed>,
    "critic_answer_choice": <NUMBER: 0=A, 1=B, 2=C, 3=D, or -1 if ≤50% criteria pass>,
    "critic_reasoning": "<Brief explanation of why you chose this answer based on VLM evidence>",
    "possible_errors": [
        <List specific criteria that failed or issues found>
    ],
    "suggestion": <"These may not be the right frames" if ≤50%, otherwise null or specific improvement>
}

IMPORTANT RULES:
- Evaluate EACH criterion independently based on VLM results
- Mark criterion as PASS only if VLM clearly confirms it
- Mark criterion as FAIL if not confirmed or contradicted
- If ANY answer-specific criterion fails, confidence MUST be ≤50%
- Base evaluation ONLY on VLM verification results, not speculation
- Only list errors for criteria that actually failed
- Return ONLY valid JSON

Critical assessment response: ```json
{
    "criteria_results": [
        {
            "criterion": "Person wearing an embroidered dress",
            "criterion_type": "QUESTION",
            "status": "PASS",
            "reasoning": "VLM confirms white dress with embroidery/lace detailing visible in multiple frames"
        },
        {
            "criterion": "Person's face is not visible",
            "criterion_type": "QUESTION",
            "status": "PASS",
            "reasoning": "VLM confirms face is never shown in any of the 21 frames"
        },
        {
            "criterion": "Cutting a tomato",
            "criterion_type": "QUESTION",
            "status": "FAIL",
            "reasoning": "VLM explicitly states person is cutting a red sweet pepper, not a tomato"
        },
        {
            "criterion": "Wooden board is present",
            "criterion_type": "QUESTION",
            "status": "PASS",
            "reasoning": "VLM confirms dark wooden cutting board is present in all cutting action frames"
        },
        {
            "criterion": "Vegetable knife is being used",
            "criterion_type": "QUESTION",
            "status": "PASS",
            "reasoning": "VLM confirms large cleaver-style knife consistent with vegetable knife is being used"
        },
        {
            "criterion": "Scene shows tomato being cut on a wooden surface",
            "criterion_type": "QUESTION",
            "status": "FAIL",
            "reasoning": "VLM explicitly states the object being cut is a sweet pepper, not a tomato"
        }
    ],
    "question_criteria_passed": 4,
    "answer_criteria_passed": 0,
    "answer_criteria_total": 0,
    "criteria_passed": 4,
    "criteria_total": 6,
    "criteria_percentage": 0.6667,
    "base_confidence": 66.67,
    "confidence": 50.0,
    "critic_answer_choice": 2,
    "critic_reasoning": "Based on VLM evidence, the only object from answer choices that is actually visible is the ring (option C), making it the most correct answer despite some question criteria failures",
    "possible_errors": [
        "Cutting a tomato criterion fails - VLM identifies the vegetable as a sweet pepper, not tomato",
        "Tomato being cut on wooden surface criterion fails - same reason as above"
    ],
    "suggestion": null
}
```
Critical assessment data: {'criteria_results': [{'criterion': 'Person wearing an embroidered dress', 'criterion_type': 'QUESTION', 'status': 'PASS', 'reasoning': 'VLM confirms white dress with embroidery/lace detailing visible in multiple frames'}, {'criterion': "Person's face is not visible", 'criterion_type': 'QUESTION', 'status': 'PASS', 'reasoning': 'VLM confirms face is never shown in any of the 21 frames'}, {'criterion': 'Cutting a tomato', 'criterion_type': 'QUESTION', 'status': 'FAIL', 'reasoning': 'VLM explicitly states person is cutting a red sweet pepper, not a tomato'}, {'criterion': 'Wooden board is present', 'criterion_type': 'QUESTION', 'status': 'PASS', 'reasoning': 'VLM confirms dark wooden cutting board is present in all cutting action frames'}, {'criterion': 'Vegetable knife is being used', 'criterion_type': 'QUESTION', 'status': 'PASS', 'reasoning': 'VLM confirms large cleaver-style knife consistent with vegetable knife is being used'}, {'criterion': 'Scene shows tomato being cut on a wooden surface', 'criterion_type': 'QUESTION', 'status': 'FAIL', 'reasoning': 'VLM explicitly states the object being cut is a sweet pepper, not a tomato'}], 'question_criteria_passed': 4, 'answer_criteria_passed': 0, 'answer_criteria_total': 0, 'criteria_passed': 4, 'criteria_total': 6, 'criteria_percentage': 0.6667, 'base_confidence': 66.67, 'confidence': 50.0, 'critic_answer_choice': 2, 'critic_reasoning': 'Based on VLM evidence, the only object from answer choices that is actually visible is the ring (option C), making it the most correct answer despite some question criteria failures', 'possible_errors': ['Cutting a tomato criterion fails - VLM identifies the vegetable as a sweet pepper, not tomato', 'Tomato being cut on wooden surface criterion fails - same reason as above'], 'suggestion': None}
