Critic initial response: {
    "tool": "VLM_QUERY",
    "frames": ["frames/frame_4455.jpg", "frames/frame_4456.jpg", "frames/frame_4457.jpg", "frames/frame_4458.jpg", "frames/frame_4459.jpg", "frames/frame_4460.jpg", "frames/frame_4461.jpg", "frames/frame_4462.jpg", "frames/frame_4463.jpg", "frames/frame_4464.jpg", "frames/frame_4465.jpg", "frames/frame_4466.jpg", "frames/frame_4467.jpg", "frames/frame_4468.jpg", "frames/frame_4469.jpg", "frames/frame_4470.jpg", "frames/frame_4471.jpg", "frames/frame_4472.jpg", "frames/frame_4473.jpg", "frames/frame_4474.jpg", "frames/frame_4475.jpg"],
    "prompt": "Examine these frames from a talent show. Count how many times the judges vote 'Yes' for a performer named Bogart. Look for visual cues like judges pressing buttons, holding up signs, or clearly indicating 'Yes' votes. The answer should be a number corresponding to the count of 'Yes' votes Bogart receives from the judges."
}
Frames to verify: ['frames/frame_4455.jpg', 'frames/frame_4456.jpg', 'frames/frame_4457.jpg', 'frames/frame_4458.jpg', 'frames/frame_4459.jpg', 'frames/frame_4460.jpg', 'frames/frame_4461.jpg', 'frames/frame_4462.jpg', 'frames/frame_4463.jpg', 'frames/frame_4464.jpg', 'frames/frame_4465.jpg', 'frames/frame_4466.jpg', 'frames/frame_4467.jpg', 'frames/frame_4468.jpg', 'frames/frame_4469.jpg', 'frames/frame_4470.jpg', 'frames/frame_4471.jpg', 'frames/frame_4472.jpg', 'frames/frame_4473.jpg', 'frames/frame_4474.jpg', 'frames/frame_4475.jpg']
VLM Prompt: Video context: Based on the provided frame-by-frame captions data, here is a global summary of the video:

**Main Characters:**

1. Simon Cowell: A renowned British television producer and judge, frequently appearing throughout the video.
2. Various performers: Singers, dancers, magicians, and dog trainers/owners, showcasing their talents on stage.
3. Dogs: Multiple dogs of different breeds and sizes are featured, often performing tricks and stunts with their owners/trainers.

**Setting:**

1. Television studio/auditorium: The majority of the video takes place in a television studio or auditorium, with a stage, judges' table, and audience seating.
2. Various backdrops: The stage features different backdrops, including cityscapes, stars, and abstract designs, often with neon lights and colorful patterns.

**Plot Line:**

The video appears to be a compilation of performances from a talent show, likely "Britain's Got Talent" or a similar competition. The performances feature a wide range of acts, including singing, dancing, magic, and dog tricks. The judges, including Simon Cowell, react to the performances, often with surprise, amazement, or applause.

**Vibes:**

1. Energetic and lively: The video exudes an energetic and lively atmosphere, with a focus on entertainment and excitement.
2. Emotional: Many performances and reactions from the audience and judges evoke strong emotions, such as joy, surprise, and amazement.
3. Competitive: The presence of judges and a competitive setting creates a sense of tension and anticipation.

**General Details:**

1. The video is a compilation of various performances, likely from different episodes or seasons of a talent show.
2. The performances are diverse, featuring a range of talents, including singing, dancing, magic, and dog tricks.
3. The judges' reactions and comments are a significant part of the video, adding to the entertainment value.
4. The video features a mix of close-up shots, wide shots, and audience reactions, creating a dynamic and engaging visual experience.

Overall, the video is a lively and entertaining compilation of performances from a talent show, showcasing a range of talents and featuring reactions from the judges and audience.

Examine these frames from a talent show. Count how many times the judges vote 'Yes' for a performer named Bogart. Look for visual cues like judges pressing buttons, holding up signs, or clearly indicating 'Yes' votes. The answer should be a number corresponding to the count of 'Yes' votes Bogart receives from the judges.
VLM response: {'batched_responses': [{'batch_start': 0, 'batch_end': 21, 'image_paths': ['/mnt/ssd/data/lvbench/videos_processed/vZV2WCKMsKs/frames/frame_4455.jpg', '/mnt/ssd/data/lvbench/videos_processed/vZV2WCKMsKs/frames/frame_4456.jpg', '/mnt/ssd/data/lvbench/videos_processed/vZV2WCKMsKs/frames/frame_4457.jpg', '/mnt/ssd/data/lvbench/videos_processed/vZV2WCKMsKs/frames/frame_4458.jpg', '/mnt/ssd/data/lvbench/videos_processed/vZV2WCKMsKs/frames/frame_4459.jpg', '/mnt/ssd/data/lvbench/videos_processed/vZV2WCKMsKs/frames/frame_4460.jpg', '/mnt/ssd/data/lvbench/videos_processed/vZV2WCKMsKs/frames/frame_4461.jpg', '/mnt/ssd/data/lvbench/videos_processed/vZV2WCKMsKs/frames/frame_4462.jpg', '/mnt/ssd/data/lvbench/videos_processed/vZV2WCKMsKs/frames/frame_4463.jpg', '/mnt/ssd/data/lvbench/videos_processed/vZV2WCKMsKs/frames/frame_4464.jpg', '/mnt/ssd/data/lvbench/videos_processed/vZV2WCKMsKs/frames/frame_4465.jpg', '/mnt/ssd/data/lvbench/videos_processed/vZV2WCKMsKs/frames/frame_4466.jpg', '/mnt/ssd/data/lvbench/videos_processed/vZV2WCKMsKs/frames/frame_4467.jpg', '/mnt/ssd/data/lvbench/videos_processed/vZV2WCKMsKs/frames/frame_4468.jpg', '/mnt/ssd/data/lvbench/videos_processed/vZV2WCKMsKs/frames/frame_4469.jpg', '/mnt/ssd/data/lvbench/videos_processed/vZV2WCKMsKs/frames/frame_4470.jpg', '/mnt/ssd/data/lvbench/videos_processed/vZV2WCKMsKs/frames/frame_4471.jpg', '/mnt/ssd/data/lvbench/videos_processed/vZV2WCKMsKs/frames/frame_4472.jpg', '/mnt/ssd/data/lvbench/videos_processed/vZV2WCKMsKs/frames/frame_4473.jpg', '/mnt/ssd/data/lvbench/videos_processed/vZV2WCKMsKs/frames/frame_4474.jpg', '/mnt/ssd/data/lvbench/videos_processed/vZV2WCKMsKs/frames/frame_4475.jpg'], 'response': '0'}], 'formatted_responses': ['\n=== Batch 0-21 (21 frames) ===\nFrames: /mnt/ssd/data/lvbench/videos_processed/vZV2WCKMsKs/frames/frame_4455.jpg, /mnt/ssd/data/lvbench/videos_processed/vZV2WCKMsKs/frames/frame_4456.jpg, /mnt/ssd/data/lvbench/videos_processed/vZV2WCKMsKs/frames/frame_4457.jpg, /mnt/ssd/data/lvbench/videos_processed/vZV2WCKMsKs/frames/frame_4458.jpg, /mnt/ssd/data/lvbench/videos_processed/vZV2WCKMsKs/frames/frame_4459.jpg, /mnt/ssd/data/lvbench/videos_processed/vZV2WCKMsKs/frames/frame_4460.jpg, /mnt/ssd/data/lvbench/videos_processed/vZV2WCKMsKs/frames/frame_4461.jpg, /mnt/ssd/data/lvbench/videos_processed/vZV2WCKMsKs/frames/frame_4462.jpg, /mnt/ssd/data/lvbench/videos_processed/vZV2WCKMsKs/frames/frame_4463.jpg, /mnt/ssd/data/lvbench/videos_processed/vZV2WCKMsKs/frames/frame_4464.jpg, /mnt/ssd/data/lvbench/videos_processed/vZV2WCKMsKs/frames/frame_4465.jpg, /mnt/ssd/data/lvbench/videos_processed/vZV2WCKMsKs/frames/frame_4466.jpg, /mnt/ssd/data/lvbench/videos_processed/vZV2WCKMsKs/frames/frame_4467.jpg, /mnt/ssd/data/lvbench/videos_processed/vZV2WCKMsKs/frames/frame_4468.jpg, /mnt/ssd/data/lvbench/videos_processed/vZV2WCKMsKs/frames/frame_4469.jpg, /mnt/ssd/data/lvbench/videos_processed/vZV2WCKMsKs/frames/frame_4470.jpg, /mnt/ssd/data/lvbench/videos_processed/vZV2WCKMsKs/frames/frame_4471.jpg, /mnt/ssd/data/lvbench/videos_processed/vZV2WCKMsKs/frames/frame_4472.jpg, /mnt/ssd/data/lvbench/videos_processed/vZV2WCKMsKs/frames/frame_4473.jpg, /mnt/ssd/data/lvbench/videos_processed/vZV2WCKMsKs/frames/frame_4474.jpg, /mnt/ssd/data/lvbench/videos_processed/vZV2WCKMsKs/frames/frame_4475.jpg\nVLM Response: 0\n'], 'condensed_response': '**Scene Summary (Frames\u202f4455\u202f–\u202f4475)**  \n\nThe 21‑frame segment (approximately\u202f0.7\u202fseconds of video) contains no discernible characters or actions. All frames are essentially empty of people or notable movement, suggesting a static background shot with no relevant visual activity. Consequently, the VLM detected “0” characters throughout the interval.', 'failed_images': []}
Followup prompt: 
Critically assess whether the VLM verification supports the given answer.

VLM Verification Results:
{'batched_responses': [{'batch_start': 0, 'batch_end': 21, 'image_paths': ['/mnt/ssd/data/lvbench/videos_processed/vZV2WCKMsKs/frames/frame_4455.jpg', '/mnt/ssd/data/lvbench/videos_processed/vZV2WCKMsKs/frames/frame_4456.jpg', '/mnt/ssd/data/lvbench/videos_processed/vZV2WCKMsKs/frames/frame_4457.jpg', '/mnt/ssd/data/lvbench/videos_processed/vZV2WCKMsKs/frames/frame_4458.jpg', '/mnt/ssd/data/lvbench/videos_processed/vZV2WCKMsKs/frames/frame_4459.jpg', '/mnt/ssd/data/lvbench/videos_processed/vZV2WCKMsKs/frames/frame_4460.jpg', '/mnt/ssd/data/lvbench/videos_processed/vZV2WCKMsKs/frames/frame_4461.jpg', '/mnt/ssd/data/lvbench/videos_processed/vZV2WCKMsKs/frames/frame_4462.jpg', '/mnt/ssd/data/lvbench/videos_processed/vZV2WCKMsKs/frames/frame_4463.jpg', '/mnt/ssd/data/lvbench/videos_processed/vZV2WCKMsKs/frames/frame_4464.jpg', '/mnt/ssd/data/lvbench/videos_processed/vZV2WCKMsKs/frames/frame_4465.jpg', '/mnt/ssd/data/lvbench/videos_processed/vZV2WCKMsKs/frames/frame_4466.jpg', '/mnt/ssd/data/lvbench/videos_processed/vZV2WCKMsKs/frames/frame_4467.jpg', '/mnt/ssd/data/lvbench/videos_processed/vZV2WCKMsKs/frames/frame_4468.jpg', '/mnt/ssd/data/lvbench/videos_processed/vZV2WCKMsKs/frames/frame_4469.jpg', '/mnt/ssd/data/lvbench/videos_processed/vZV2WCKMsKs/frames/frame_4470.jpg', '/mnt/ssd/data/lvbench/videos_processed/vZV2WCKMsKs/frames/frame_4471.jpg', '/mnt/ssd/data/lvbench/videos_processed/vZV2WCKMsKs/frames/frame_4472.jpg', '/mnt/ssd/data/lvbench/videos_processed/vZV2WCKMsKs/frames/frame_4473.jpg', '/mnt/ssd/data/lvbench/videos_processed/vZV2WCKMsKs/frames/frame_4474.jpg', '/mnt/ssd/data/lvbench/videos_processed/vZV2WCKMsKs/frames/frame_4475.jpg'], 'response': '0'}], 'formatted_responses': ['\n=== Batch 0-21 (21 frames) ===\nFrames: /mnt/ssd/data/lvbench/videos_processed/vZV2WCKMsKs/frames/frame_4455.jpg, /mnt/ssd/data/lvbench/videos_processed/vZV2WCKMsKs/frames/frame_4456.jpg, /mnt/ssd/data/lvbench/videos_processed/vZV2WCKMsKs/frames/frame_4457.jpg, /mnt/ssd/data/lvbench/videos_processed/vZV2WCKMsKs/frames/frame_4458.jpg, /mnt/ssd/data/lvbench/videos_processed/vZV2WCKMsKs/frames/frame_4459.jpg, /mnt/ssd/data/lvbench/videos_processed/vZV2WCKMsKs/frames/frame_4460.jpg, /mnt/ssd/data/lvbench/videos_processed/vZV2WCKMsKs/frames/frame_4461.jpg, /mnt/ssd/data/lvbench/videos_processed/vZV2WCKMsKs/frames/frame_4462.jpg, /mnt/ssd/data/lvbench/videos_processed/vZV2WCKMsKs/frames/frame_4463.jpg, /mnt/ssd/data/lvbench/videos_processed/vZV2WCKMsKs/frames/frame_4464.jpg, /mnt/ssd/data/lvbench/videos_processed/vZV2WCKMsKs/frames/frame_4465.jpg, /mnt/ssd/data/lvbench/videos_processed/vZV2WCKMsKs/frames/frame_4466.jpg, /mnt/ssd/data/lvbench/videos_processed/vZV2WCKMsKs/frames/frame_4467.jpg, /mnt/ssd/data/lvbench/videos_processed/vZV2WCKMsKs/frames/frame_4468.jpg, /mnt/ssd/data/lvbench/videos_processed/vZV2WCKMsKs/frames/frame_4469.jpg, /mnt/ssd/data/lvbench/videos_processed/vZV2WCKMsKs/frames/frame_4470.jpg, /mnt/ssd/data/lvbench/videos_processed/vZV2WCKMsKs/frames/frame_4471.jpg, /mnt/ssd/data/lvbench/videos_processed/vZV2WCKMsKs/frames/frame_4472.jpg, /mnt/ssd/data/lvbench/videos_processed/vZV2WCKMsKs/frames/frame_4473.jpg, /mnt/ssd/data/lvbench/videos_processed/vZV2WCKMsKs/frames/frame_4474.jpg, /mnt/ssd/data/lvbench/videos_processed/vZV2WCKMsKs/frames/frame_4475.jpg\nVLM Response: 0\n'], 'condensed_response': '**Scene Summary (Frames\u202f4455\u202f–\u202f4475)**  \n\nThe 21‑frame segment (approximately\u202f0.7\u202fseconds of video) contains no discernible characters or actions. All frames are essentially empty of people or notable movement, suggesting a static background shot with no relevant visual activity. Consequently, the VLM detected “0” characters throughout the interval.', 'failed_images': []}

Question Being Answered: How many "Yes"does Bogart get?

Answer Choices:
A. Four
B. One
C. Three
D. Two

Given Answer: 1
Evidence Frames Used: ['frames/frame_4460.jpg', 'frames/frame_4468.jpg', 'frames/frame_4469.jpg', 'frames/frame_4470.jpg']

Character/Event/Scene logs: ================================================================================
CHARACTER, EVENT, AND SCENE LOGS
================================================================================

CHARACTERS:
Simon Cowell: Middle-aged man with short brown hair, wearing a black shirt
Blonde Woman (Olga?): Blonde hair, wearing a red dress and large gold hoop earrings
Woman in Blue Blazer: Short brown hair, wearing a blue blazer, black top, and black trousers
Man in Black Top Hat: Long blonde hair, wearing a black top hat, black shirt, and black pants
Man with White Hair: Short white hair, wearing a black leather jacket

SCENES:
Britain's Got Talent Stage: A stage with a large screen displaying the show's logo and various graphics [frame_0001]
Television Studio: A dimly lit room with a stage and audience seating [frame_0017]
Dog Performance Stage: A stage with a blue background and various dog performances [frame_0045]
Piano Performance Stage: A stage with a black grand piano and a blue background [frame_0062]
Backstage Area: A dimly lit room with green equipment cases and a red curtain [frame_0638]

EVENTS:
Dog Performance: A woman in a blue blazer performs with her dog on a stage [frame_0062]
Dog Trick Act: A man in a black top hat performs a dog act on a stage [frame_0263]
Piano Performance: A dog is playing a piano on a stage [frame_0080]
Audience Applause: A crowd of people are clapping and cheering in a dimly lit room [frame_0102]
Award Ceremony: A man in a black suit is holding a Guinness World Records certificate on a stage [frame_3585]

================================================================================
Generated at: 2026-01-11 21:45:44
================================================================================


CRITICAL ASSESSMENT TASK:
1. Check if the VLM results CONFIRM the given answer
2. Look for CONTRADICTIONS between VLM results and the answer
3. Verify ALL conditions in the question are addressed
4. Check if the correct answer choice was selected

⚠️ CRITICAL: There is ALWAYS a correct answer among the choices provided. If all answers seem slightly off or imperfect, you MUST choose the BEST possible answer that most closely matches the evidence.

Based ONLY on what the VLM actually reports seeing, determine:
- Does the visual evidence support the answer?
- Are there any discrepancies between the answer and visuals?
- Is the answer addressing the right scene/moment?

Return ONLY this JSON:
{
    "confidence": <0-100, where 100 means VLM fully confirms the answer>,
    "possible_errors": [
        <List ONLY real discrepancies you found, not hypothetical ones>
    ],
    "suggestion": <null if confidence >80, otherwise specific improvement>
}

IMPORTANT RULES:
- Base confidence ONLY on VLM verification results, not speculation
- DO NOT consider any reasoning - evaluate purely from visual evidence vs answer
- Only list errors that are ACTUALLY present in the VLM results
- If VLM confirms the answer, confidence should be high (80-100)
- If VLM contradicts the answer, confidence should be low (0-40)
- Empty possible_errors list [] if no actual errors found
- Do NOT invent errors that aren't supported by the VLM results
- Return ONLY valid JSON

Critical assessment response: {
    "confidence": 0,
    "possible_errors": [
        "VLM reports '0' characters detected in all 21 frames, but the answer claims '1'",
        "VLM describes the scene as 'empty of people or notable movement' and 'static background shot', contradicting the presence of any character receiving 'Yes' responses",
        "The evidence frames used (4460, 4468, 4469, 4470) are explicitly included in the VLM verification batch that returned '0' characters"
    ],
    "suggestion": "The VLM results completely contradict the given answer. Either the wrong frames were selected for verification, or the original answer is incorrect based on visual evidence. Re-evaluate the specific frames where Bogart receives 'Yes' responses."
}
Critical assessment data: {'confidence': 0, 'possible_errors': ["VLM reports '0' characters detected in all 21 frames, but the answer claims '1'", "VLM describes the scene as 'empty of people or notable movement' and 'static background shot', contradicting the presence of any character receiving 'Yes' responses", "The evidence frames used (4460, 4468, 4469, 4470) are explicitly included in the VLM verification batch that returned '0' characters"], 'suggestion': "The VLM results completely contradict the given answer. Either the wrong frames were selected for verification, or the original answer is incorrect based on visual evidence. Re-evaluate the specific frames where Bogart receives 'Yes' responses."}
