Critic initial response: {
    "tool": "VLM_QUERY",
    "frames": ["frames/frame_1509.jpg", "frames/frame_1510.jpg", "frames/frame_1511.jpg", "frames/frame_1512.jpg", "frames/frame_1513.jpg", "frames/frame_1514.jpg", "frames/frame_1515.jpg", "frames/frame_1516.jpg", "frames/frame_1517.jpg", "frames/frame_1518.jpg", "frames/frame_1519.jpg"],
    "prompt": "Analyze these frames to verify if answer '1' (Mercedes-Benz) is correct for: What is the make of the white vehicle parked next to the car with license plate 77704? Check these specific criteria: 1) White vehicle visible, 2) Car with license plate 77704 visible, 3) White vehicle parked next to license plate car, 4) License plate clearly shows '77704', 5) Make/brand of white vehicle is visible (logo/emblem/text), 6) Two vehicles are adjacent. Examine all frames for vehicles, license plates, and their spatial relationships. Pay attention to temporal sequence to confirm parking arrangement."
}
Frames to verify: ['frames/frame_1509.jpg', 'frames/frame_1510.jpg', 'frames/frame_1511.jpg', 'frames/frame_1512.jpg', 'frames/frame_1513.jpg', 'frames/frame_1514.jpg', 'frames/frame_1515.jpg', 'frames/frame_1516.jpg', 'frames/frame_1517.jpg', 'frames/frame_1518.jpg', 'frames/frame_1519.jpg']
VLM Prompt: Video context: After analyzing the provided SET of frame-by-frame captions data for a long video, I've generated a global summary that captures the main characters, setting, plot line, vibes, and general details.

**Main Characters:**
The main character is a man with short brown or blond hair, wearing a black or red polo shirt, often accompanied by white shorts or pants. He appears to be the central figure throughout the video. Other characters, such as women in various outfits, chefs, waiters, and lifeguards, make appearances but are not as prominent.

**Setting:**
The video is primarily set in and around the luxurious Burj Al Arab hotel in Dubai, UAE. The setting includes the hotel's exterior and interior, its beach, pool areas, luxurious rooms, and various public spaces like the lobby, restaurants, and bars. The video also captures surrounding cityscapes, beaches, and the Arabian Gulf.

**Plot Line:**
The video appears to be a promotional or documentary-style content showcasing the luxury and opulence of the Burj Al Arab hotel. The main character, likely a presenter or influencer, gives a tour of the hotel's facilities, rooms, and services. The video highlights the hotel's grandeur, its staff, and the various experiences it offers, such as fine dining, relaxation, and leisure activities.

**Vibes:**
The overall vibe of the video is one of luxury, sophistication, and relaxation. The tone is generally positive and inviting, showcasing the hotel's high-end amenities and services. The video exudes a sense of exclusivity and opulence, emphasizing the unique experiences available at the Burj Al Arab.

**General Details:**
The video is likely a promotional content for the Burj Al Arab hotel, highlighting its luxurious features and services. The main character's interactions with the camera and the various settings suggest a guided tour or a documentary-style presentation. The video showcases the hotel's architecture, decor, and ambiance, as well as its staff and the experiences it offers to guests. The overall tone is upscale and inviting, suggesting a high-end travel or hospitality experience.

Analyze these frames to verify if answer '1' (Mercedes-Benz) is correct for: What is the make of the white vehicle parked next to the car with license plate 77704? Check these specific criteria: 1) White vehicle visible, 2) Car with license plate 77704 visible, 3) White vehicle parked next to license plate car, 4) License plate clearly shows '77704', 5) Make/brand of white vehicle is visible (logo/emblem/text), 6) Two vehicles are adjacent. Examine all frames for vehicles, license plates, and their spatial relationships. Pay attention to temporal sequence to confirm parking arrangement.
VLM response: {'batched_responses': [{'batch_start': 0, 'batch_end': 11, 'image_paths': ['/mnt/ssd/data/lvbench/videos_processed/iA_69g87Ilw/frames/frame_1509.jpg', '/mnt/ssd/data/lvbench/videos_processed/iA_69g87Ilw/frames/frame_1510.jpg', '/mnt/ssd/data/lvbench/videos_processed/iA_69g87Ilw/frames/frame_1511.jpg', '/mnt/ssd/data/lvbench/videos_processed/iA_69g87Ilw/frames/frame_1512.jpg', '/mnt/ssd/data/lvbench/videos_processed/iA_69g87Ilw/frames/frame_1513.jpg', '/mnt/ssd/data/lvbench/videos_processed/iA_69g87Ilw/frames/frame_1514.jpg', '/mnt/ssd/data/lvbench/videos_processed/iA_69g87Ilw/frames/frame_1515.jpg', '/mnt/ssd/data/lvbench/videos_processed/iA_69g87Ilw/frames/frame_1516.jpg', '/mnt/ssd/data/lvbench/videos_processed/iA_69g87Ilw/frames/frame_1517.jpg', '/mnt/ssd/data/lvbench/videos_processed/iA_69g87Ilw/frames/frame_1518.jpg', '/mnt/ssd/data/lvbench/videos_processed/iA_69g87Ilw/frames/frame_1519.jpg'], 'response': "Based on a detailed analysis of all 11 frames provided, the answer **'1' (Mercedes-Benz)** is **incorrect**.\n\nHere is the verification against each of the 6 required criteria:\n\n---\n\n**1) White vehicle visible** — ✅ **YES**  \nA large, white luxury sedan is clearly visible in all frames (Frames 1–11). This is the Rolls-Royce.\n\n**2) Car with license plate 77704 visible** — ✅ **YES**  \nThe white Rolls-Royce prominently displays the license plate “77704” in Frames 5–7, and partially in 4 and 8. The plate is legible and clearly shows “77704”.\n\n**3) White vehicle parked next to license plate car** — ❌ **NO**  \nThis is the critical error. The white vehicle **IS** the car with license plate 77704. There is no *separate* white vehicle parked *next to* it. The question implies two distinct vehicles: one with plate 77704, and another white vehicle adjacent to it. In reality, there is only **one** white vehicle, and it bears the plate 77704.\n\n**4) License plate clearly shows '77704'** — ✅ **YES**  \nConfirmed in Frames 5–7. The plate is clearly legible.\n\n**5) Make/brand of white vehicle is visible (logo/emblem/text)** — ✅ **YES**  \nThe white vehicle is unmistakably a **Rolls-Royce**, identifiable by:\n- The iconic Pantheon grille\n- The Spirit of Ecstasy hood ornament (visible in Frames 3–8)\n- The Rolls-Royce emblem on the grille and wheel center caps\n\n**6) Two vehicles are adjacent** — ❌ **NO**  \nOnly **one** white vehicle is present — the Rolls-Royce with plate 77704. The other car visible (to the left) is a **BMW**, identifiable by its kidney grille (Frames 1–8). It is parked next to the Rolls-Royce, but it is **not white** — it is silver or light gray. Therefore, there is no “white vehicle parked next to the car with license plate 77704” — because the white vehicle *is* the car with that plate.\n\n---\n\n### ✅ Final Conclusion:\nThe white vehicle **is** the car with license plate 77704, and its make is **Rolls-Royce**, **not Mercedes-Benz**.\n\n**Answer '1' (Mercedes-Benz) is incorrect.**\n\nThe correct make of the white vehicle (which bears license plate 77704) is **Rolls-Royce**."}], 'formatted_responses': ["\n=== Batch 0-11 (11 frames) ===\nFrames: /mnt/ssd/data/lvbench/videos_processed/iA_69g87Ilw/frames/frame_1509.jpg, /mnt/ssd/data/lvbench/videos_processed/iA_69g87Ilw/frames/frame_1510.jpg, /mnt/ssd/data/lvbench/videos_processed/iA_69g87Ilw/frames/frame_1511.jpg, /mnt/ssd/data/lvbench/videos_processed/iA_69g87Ilw/frames/frame_1512.jpg, /mnt/ssd/data/lvbench/videos_processed/iA_69g87Ilw/frames/frame_1513.jpg, /mnt/ssd/data/lvbench/videos_processed/iA_69g87Ilw/frames/frame_1514.jpg, /mnt/ssd/data/lvbench/videos_processed/iA_69g87Ilw/frames/frame_1515.jpg, /mnt/ssd/data/lvbench/videos_processed/iA_69g87Ilw/frames/frame_1516.jpg, /mnt/ssd/data/lvbench/videos_processed/iA_69g87Ilw/frames/frame_1517.jpg, /mnt/ssd/data/lvbench/videos_processed/iA_69g87Ilw/frames/frame_1518.jpg, /mnt/ssd/data/lvbench/videos_processed/iA_69g87Ilw/frames/frame_1519.jpg\nVLM Response: Based on a detailed analysis of all 11 frames provided, the answer **'1' (Mercedes-Benz)** is **incorrect**.\n\nHere is the verification against each of the 6 required criteria:\n\n---\n\n**1) White vehicle visible** — ✅ **YES**  \nA large, white luxury sedan is clearly visible in all frames (Frames 1–11). This is the Rolls-Royce.\n\n**2) Car with license plate 77704 visible** — ✅ **YES**  \nThe white Rolls-Royce prominently displays the license plate “77704” in Frames 5–7, and partially in 4 and 8. The plate is legible and clearly shows “77704”.\n\n**3) White vehicle parked next to license plate car** — ❌ **NO**  \nThis is the critical error. The white vehicle **IS** the car with license plate 77704. There is no *separate* white vehicle parked *next to* it. The question implies two distinct vehicles: one with plate 77704, and another white vehicle adjacent to it. In reality, there is only **one** white vehicle, and it bears the plate 77704.\n\n**4) License plate clearly shows '77704'** — ✅ **YES**  \nConfirmed in Frames 5–7. The plate is clearly legible.\n\n**5) Make/brand of white vehicle is visible (logo/emblem/text)** — ✅ **YES**  \nThe white vehicle is unmistakably a **Rolls-Royce**, identifiable by:\n- The iconic Pantheon grille\n- The Spirit of Ecstasy hood ornament (visible in Frames 3–8)\n- The Rolls-Royce emblem on the grille and wheel center caps\n\n**6) Two vehicles are adjacent** — ❌ **NO**  \nOnly **one** white vehicle is present — the Rolls-Royce with plate 77704. The other car visible (to the left) is a **BMW**, identifiable by its kidney grille (Frames 1–8). It is parked next to the Rolls-Royce, but it is **not white** — it is silver or light gray. Therefore, there is no “white vehicle parked next to the car with license plate 77704” — because the white vehicle *is* the car with that plate.\n\n---\n\n### ✅ Final Conclusion:\nThe white vehicle **is** the car with license plate 77704, and its make is **Rolls-Royce**, **not Mercedes-Benz**.\n\n**Answer '1' (Mercedes-Benz) is incorrect.**\n\nThe correct make of the white vehicle (which bears license plate 77704) is **Rolls-Royce**.\n"], 'condensed_response': '**Scene Summary (Frames\u202f1509‑1519)**  \n\nAcross all eleven frames a single white luxury sedan dominates the view. The vehicle is unmistakably a **Rolls‑Royce**—its Pantheon grille, Spirit of\u202fEcstasy hood ornament, and Rolls‑Royce emblem are visible in every frame. The car’s license plate reads **“77704”** and is clearly legible from frame\u202f1512 through frame\u202f1516 (partial views in frames\u202f1511 and\u202f1518).  \n\nA second car is present to the left of the white sedan; it is a **silver/light‑gray BMW**, identified by its kidney grille. Because the white vehicle itself carries the plate “77704,” there is **no separate white car parked next to the plate‑car** as the question implies.  \n\nConsequently, the answer “Mercedes‑Benz” is incorrect; the correct make of the white vehicle with plate\u202f77704 is **Rolls‑Royce**.', 'failed_images': []}
Followup prompt: 
Critically assess whether the VLM verification supports the given answer by evaluating each criterion.

VLM Verification Results:
{'batched_responses': [{'batch_start': 0, 'batch_end': 11, 'image_paths': ['/mnt/ssd/data/lvbench/videos_processed/iA_69g87Ilw/frames/frame_1509.jpg', '/mnt/ssd/data/lvbench/videos_processed/iA_69g87Ilw/frames/frame_1510.jpg', '/mnt/ssd/data/lvbench/videos_processed/iA_69g87Ilw/frames/frame_1511.jpg', '/mnt/ssd/data/lvbench/videos_processed/iA_69g87Ilw/frames/frame_1512.jpg', '/mnt/ssd/data/lvbench/videos_processed/iA_69g87Ilw/frames/frame_1513.jpg', '/mnt/ssd/data/lvbench/videos_processed/iA_69g87Ilw/frames/frame_1514.jpg', '/mnt/ssd/data/lvbench/videos_processed/iA_69g87Ilw/frames/frame_1515.jpg', '/mnt/ssd/data/lvbench/videos_processed/iA_69g87Ilw/frames/frame_1516.jpg', '/mnt/ssd/data/lvbench/videos_processed/iA_69g87Ilw/frames/frame_1517.jpg', '/mnt/ssd/data/lvbench/videos_processed/iA_69g87Ilw/frames/frame_1518.jpg', '/mnt/ssd/data/lvbench/videos_processed/iA_69g87Ilw/frames/frame_1519.jpg'], 'response': "Based on a detailed analysis of all 11 frames provided, the answer **'1' (Mercedes-Benz)** is **incorrect**.\n\nHere is the verification against each of the 6 required criteria:\n\n---\n\n**1) White vehicle visible** — ✅ **YES**  \nA large, white luxury sedan is clearly visible in all frames (Frames 1–11). This is the Rolls-Royce.\n\n**2) Car with license plate 77704 visible** — ✅ **YES**  \nThe white Rolls-Royce prominently displays the license plate “77704” in Frames 5–7, and partially in 4 and 8. The plate is legible and clearly shows “77704”.\n\n**3) White vehicle parked next to license plate car** — ❌ **NO**  \nThis is the critical error. The white vehicle **IS** the car with license plate 77704. There is no *separate* white vehicle parked *next to* it. The question implies two distinct vehicles: one with plate 77704, and another white vehicle adjacent to it. In reality, there is only **one** white vehicle, and it bears the plate 77704.\n\n**4) License plate clearly shows '77704'** — ✅ **YES**  \nConfirmed in Frames 5–7. The plate is clearly legible.\n\n**5) Make/brand of white vehicle is visible (logo/emblem/text)** — ✅ **YES**  \nThe white vehicle is unmistakably a **Rolls-Royce**, identifiable by:\n- The iconic Pantheon grille\n- The Spirit of Ecstasy hood ornament (visible in Frames 3–8)\n- The Rolls-Royce emblem on the grille and wheel center caps\n\n**6) Two vehicles are adjacent** — ❌ **NO**  \nOnly **one** white vehicle is present — the Rolls-Royce with plate 77704. The other car visible (to the left) is a **BMW**, identifiable by its kidney grille (Frames 1–8). It is parked next to the Rolls-Royce, but it is **not white** — it is silver or light gray. Therefore, there is no “white vehicle parked next to the car with license plate 77704” — because the white vehicle *is* the car with that plate.\n\n---\n\n### ✅ Final Conclusion:\nThe white vehicle **is** the car with license plate 77704, and its make is **Rolls-Royce**, **not Mercedes-Benz**.\n\n**Answer '1' (Mercedes-Benz) is incorrect.**\n\nThe correct make of the white vehicle (which bears license plate 77704) is **Rolls-Royce**."}], 'formatted_responses': ["\n=== Batch 0-11 (11 frames) ===\nFrames: /mnt/ssd/data/lvbench/videos_processed/iA_69g87Ilw/frames/frame_1509.jpg, /mnt/ssd/data/lvbench/videos_processed/iA_69g87Ilw/frames/frame_1510.jpg, /mnt/ssd/data/lvbench/videos_processed/iA_69g87Ilw/frames/frame_1511.jpg, /mnt/ssd/data/lvbench/videos_processed/iA_69g87Ilw/frames/frame_1512.jpg, /mnt/ssd/data/lvbench/videos_processed/iA_69g87Ilw/frames/frame_1513.jpg, /mnt/ssd/data/lvbench/videos_processed/iA_69g87Ilw/frames/frame_1514.jpg, /mnt/ssd/data/lvbench/videos_processed/iA_69g87Ilw/frames/frame_1515.jpg, /mnt/ssd/data/lvbench/videos_processed/iA_69g87Ilw/frames/frame_1516.jpg, /mnt/ssd/data/lvbench/videos_processed/iA_69g87Ilw/frames/frame_1517.jpg, /mnt/ssd/data/lvbench/videos_processed/iA_69g87Ilw/frames/frame_1518.jpg, /mnt/ssd/data/lvbench/videos_processed/iA_69g87Ilw/frames/frame_1519.jpg\nVLM Response: Based on a detailed analysis of all 11 frames provided, the answer **'1' (Mercedes-Benz)** is **incorrect**.\n\nHere is the verification against each of the 6 required criteria:\n\n---\n\n**1) White vehicle visible** — ✅ **YES**  \nA large, white luxury sedan is clearly visible in all frames (Frames 1–11). This is the Rolls-Royce.\n\n**2) Car with license plate 77704 visible** — ✅ **YES**  \nThe white Rolls-Royce prominently displays the license plate “77704” in Frames 5–7, and partially in 4 and 8. The plate is legible and clearly shows “77704”.\n\n**3) White vehicle parked next to license plate car** — ❌ **NO**  \nThis is the critical error. The white vehicle **IS** the car with license plate 77704. There is no *separate* white vehicle parked *next to* it. The question implies two distinct vehicles: one with plate 77704, and another white vehicle adjacent to it. In reality, there is only **one** white vehicle, and it bears the plate 77704.\n\n**4) License plate clearly shows '77704'** — ✅ **YES**  \nConfirmed in Frames 5–7. The plate is clearly legible.\n\n**5) Make/brand of white vehicle is visible (logo/emblem/text)** — ✅ **YES**  \nThe white vehicle is unmistakably a **Rolls-Royce**, identifiable by:\n- The iconic Pantheon grille\n- The Spirit of Ecstasy hood ornament (visible in Frames 3–8)\n- The Rolls-Royce emblem on the grille and wheel center caps\n\n**6) Two vehicles are adjacent** — ❌ **NO**  \nOnly **one** white vehicle is present — the Rolls-Royce with plate 77704. The other car visible (to the left) is a **BMW**, identifiable by its kidney grille (Frames 1–8). It is parked next to the Rolls-Royce, but it is **not white** — it is silver or light gray. Therefore, there is no “white vehicle parked next to the car with license plate 77704” — because the white vehicle *is* the car with that plate.\n\n---\n\n### ✅ Final Conclusion:\nThe white vehicle **is** the car with license plate 77704, and its make is **Rolls-Royce**, **not Mercedes-Benz**.\n\n**Answer '1' (Mercedes-Benz) is incorrect.**\n\nThe correct make of the white vehicle (which bears license plate 77704) is **Rolls-Royce**.\n"], 'condensed_response': '**Scene Summary (Frames\u202f1509‑1519)**  \n\nAcross all eleven frames a single white luxury sedan dominates the view. The vehicle is unmistakably a **Rolls‑Royce**—its Pantheon grille, Spirit of\u202fEcstasy hood ornament, and Rolls‑Royce emblem are visible in every frame. The car’s license plate reads **“77704”** and is clearly legible from frame\u202f1512 through frame\u202f1516 (partial views in frames\u202f1511 and\u202f1518).  \n\nA second car is present to the left of the white sedan; it is a **silver/light‑gray BMW**, identified by its kidney grille. Because the white vehicle itself carries the plate “77704,” there is **no separate white car parked next to the plate‑car** as the question implies.  \n\nConsequently, the answer “Mercedes‑Benz” is incorrect; the correct make of the white vehicle with plate\u202f77704 is **Rolls‑Royce**.', 'failed_images': []}

Question Being Answered: What is the make of the white vehicle that is parked next to the car bearing the license plate number 77704?

Answer Choices:
A. Mercedes-Benz
B. BMW
C. Audi
D. Rolls Royce

Given Answer: 1
Evidence Frames Used: ['frames/frame_1514.jpg']

Character/Event/Scene logs: ================================================================================
CHARACTER, EVENT, AND SCENE LOGS
================================================================================

CHARACTERS:
Man in Black Polo Shirt: A man with short brown or blond hair, wearing a black polo shirt with a white logo.
Man in White Robe: A man wearing a white robe, often with a blue and gold sash, associated with the Burj Al Arab hotel staff.
Man in Red Polo Shirt: A man with short brown hair, wearing a red polo shirt, often with sunglasses and sometimes a microphone.
Lifeguard: A person wearing a blue and white lifeguard uniform.

SCENES:
Burj Al Arab Exterior: The exterior of the Burj Al Arab hotel, a luxurious white sail-shaped structure on a man-made island.
Dubai Cityscape: Various views of the Dubai cityscape, including beaches, buildings, and waterfront areas.
Luxurious Hotel Lobby: Opulent lobby with red and gold decor, large vases, and elegant furniture.
Luxurious Bathroom: High-end bathroom with blue and gold decor, marble countertops, and large mirrors.
Beachside Resort: A resort area with white lounge chairs, umbrellas, and palm trees on a sandy beach.
Infinity Pool: A large infinity pool overlooking the ocean, with lounge chairs and umbrellas nearby.
MINDSPA SYNCTUITION: A modern, glass-enclosed structure with a white and gold exterior, offering spa services.
Outdoor Dining Area: An outdoor seating area with white tables and chairs, umbrellas, and a view of the ocean.
Luxurious Bedroom: A lavish hotel bedroom with a large bed, white linens, and purple curtains.
Luxurious Living Room: An elegant living room with red and blue furniture, large windows, and a view of the ocean.

EVENTS:
Man in Black Polo Shirt Exploring: The man in the black polo shirt is seen exploring various areas of the hotel and its surroundings.
Man in White Robe Interacting with Environment: The man in the white robe is seen performing various tasks, such as carrying luggage and interacting with the hotel environment.
Man in Red Polo Shirt Presenting: The man in the red polo shirt is seen presenting or speaking on a beach with the Burj Al Arab in the background.
Breakfast Preparation: A lavish breakfast spread is being prepared and presented in a luxurious dining room.
People Relaxing by the Pool: Individuals are seen relaxing on lounge chairs and swimming in the infinity pool.
People Walking through the Hotel: Various people, including the man in the black polo shirt, are seen walking through the hotel's lobby and corridors.
Dinner or Drinks at Outdoor Restaurant: People are seen dining or having drinks at an outdoor restaurant with umbrellas and a view of the ocean.

Timestamps for the logs will be added as follows:

SCENES:
Burj Al Arab Exterior: Frame 1-9, 16-30, 1718-1734
Dubai Cityscape: Frame 1-9, 28-30, 97-106, 1764-1771
Luxurious Hotel Lobby: Frame 65-87, 1485-1492
Luxurious Bathroom: Frame 137-163, 1207-1229
Beachside Resort: Frame 1042-1046, 1230-1236
Infinity Pool: Frame 959-974, 1337-1345
MINDSPA SYNCTUITION: Frame 1008-1029
Outdoor Dining Area: Frame 1038-1047
Luxurious Bedroom: Frame 853-863, 1744-1751
Luxurious Living Room: Frame 675-686, 1180-1187

EVENTS:
Man in Black Polo Shirt Exploring: Frame 31-75, 291-304
Man in White Robe Interacting with Environment: Frame 50-69
Man in Red Polo Shirt Presenting: Frame 1731-1749
Breakfast Preparation: Frame 1639-1717
People Relaxing by the Pool: Frame 959-974, 1337-1345
People Walking through the Hotel: Frame 65-87, 1485-1492
Dinner or Drinks at Outdoor Restaurant: Frame 1353-1374

CHARACTERS:
Man in Black Polo Shirt: Frame 31-75, 291-304, 668-704
Man in White Robe: Frame 50-69
Man in Red Polo Shirt: Frame 1731-1749
Lifeguard: Frame 1113-1117

================================================================================
Generated at: 2026-01-11 21:46:19
================================================================================



QUESTION-BASED CRITERIA:
  Q1. White vehicle visible in frame
  Q2. Car with license plate number 77704 visible
  Q3. White vehicle parked next to car with license plate 77704
  Q4. License plate clearly readable showing '77704'
  Q5. Make/brand of white vehicle is visible (logo, emblem, or text)
  Q6. Two vehicles are adjacent/parked next to each other


CRITICAL ASSESSMENT TASK:
For EACH criterion listed above, determine whether it PASSES or FAILS based ONLY on what the VLM actually reports seeing in the frames.

- PASS: The VLM results clearly confirm this criterion is satisfied in the frames
- FAIL: The VLM results indicate this criterion is NOT satisfied, or there is insufficient evidence

CONFIDENCE CALCULATION RULES:
1. Count how many criteria pass (criteria_percentage = criteria_passed / 6)
2. Calculate base_confidence = criteria_percentage * 100
3. ⚠️ If ANY answer-specific criterion (A1, A2, etc.) FAILS, set confidence = min(50, base_confidence)

⚠️ CRITICAL: There is ALWAYS a correct answer among the choices provided. If all answers seem slightly off or imperfect, you MUST choose the BEST possible answer that most closely matches the evidence.

CRITIC ANSWER CHOICE DECISION:
4. After evaluating criteria, if criteria_percentage > 0.5 (>50% of criteria pass):
   - Review ALL answer choices (A, B, C, D, etc.)
   - Based ONLY on the VLM visual evidence, determine which answer choice is MOST correct
   - Output your critic_answer_choice as a NUMBER (0=A, 1=B, 2=C, 3=D)
5. If criteria_percentage ≤ 0.5 (≤50% of criteria pass):
   - STILL do your best to pick out a correct answer, but also set suggestion to "These may not be the right frames/scene. Continue searching for better evidence."
   - output your best guess of the answer as a number (0=A, 1=B, 2=C, 3=D, 4=E)

Return ONLY this JSON:
{
    "criteria_results": [
        {"criterion": "criterion text", "criterion_type": "QUESTION or ANSWER", "status": "PASS or FAIL", "reasoning": "brief explanation"},
        ...
    ],
    "question_criteria_passed": <number of question criteria that passed>,
    "answer_criteria_passed": <number of answer criteria that passed>,
    "answer_criteria_total": 0,
    "criteria_passed": <number of question criteria that passed>,
    "criteria_total": 6,
    "criteria_percentage": <criteria_passed / 6>,
    "base_confidence": <(criteria_passed / 6) * 100>,
    "confidence": <base_confidence OR 50 if any answer criterion failed>,
    "critic_answer_choice": <NUMBER: 0=A, 1=B, 2=C, 3=D, 4=E>,
    "critic_reasoning": "<Brief explanation of why you chose this answer based on VLM evidence>",
    "possible_errors": [
        <List specific criteria that failed or issues found>
    ],
    "suggestion": <"These may not be the right frames" if ≤50%, otherwise null or specific improvement>
}

IMPORTANT RULES:
- Evaluate EACH criterion independently based on VLM results
- Mark criterion as PASS only if VLM clearly confirms it
- Mark criterion as FAIL if not confirmed or contradicted
- If ANY answer-specific criterion fails, confidence MUST be ≤50%
- Base evaluation ONLY on VLM verification results, not speculation
- Only list errors for criteria that actually failed
- Return ONLY valid JSON

Critical assessment response: ```json
{
    "criteria_results": [
        {
            "criterion": "White vehicle visible in frame",
            "criterion_type": "QUESTION",
            "status": "PASS",
            "reasoning": "VLM confirms a white luxury sedan is clearly visible in all frames"
        },
        {
            "criterion": "Car with license plate number 77704 visible",
            "criterion_type": "QUESTION",
            "status": "PASS",
            "reasoning": "VLM confirms license plate '77704' is clearly visible on the white Rolls-Royce"
        },
        {
            "criterion": "White vehicle parked next to car with license plate 77704",
            "criterion_type": "QUESTION",
            "status": "FAIL",
            "reasoning": "VLM states there is no separate white vehicle - the white vehicle IS the car with plate 77704"
        },
        {
            "criterion": "License plate clearly readable showing '77704'",
            "criterion_type": "QUESTION",
            "status": "PASS",
            "reasoning": "VLM confirms plate is clearly legible showing '77704' in frames 5-7"
        },
        {
            "criterion": "Make/brand of white vehicle is visible (logo, emblem, or text)",
            "criterion_type": "QUESTION",
            "status": "PASS",
            "reasoning": "VLM identifies Rolls-Royce based on Pantheon grille, Spirit of Ecstasy, and emblems"
        },
        {
            "criterion": "Two vehicles are adjacent/parked next to each other",
            "criterion_type": "QUESTION",
            "status": "FAIL",
            "reasoning": "VLM states there is only one white vehicle, with a silver BMW adjacent, not two white vehicles"
        }
    ],
    "question_criteria_passed": 4,
    "answer_criteria_passed": 0,
    "answer_criteria_total": 0,
    "criteria_passed": 4,
    "criteria_total": 6,
    "criteria_percentage": 0.6667,
    "base_confidence": 66.67,
    "confidence": 50,
    "critic_answer_choice": 3,
    "critic_reasoning": "The VLM clearly identifies the white vehicle with license plate 77704 as a Rolls-Royce, not Mercedes-Benz. While the question's premise about 'white vehicle parked next to' is incorrect, the actual make of the white vehicle bearing plate 77704 is Rolls-Royce.",
    "possible_errors": [
        "Criterion 3 fails: There is no separate white vehicle parked next to the license plate car - it's the same vehicle",
        "Criterion 6 fails: Only one white vehicle exists, with a silver BMW adjacent, not two white vehicles adjacent"
    ],
    "suggestion": null
}
```
Critical assessment data: {'criteria_results': [{'criterion': 'White vehicle visible in frame', 'criterion_type': 'QUESTION', 'status': 'PASS', 'reasoning': 'VLM confirms a white luxury sedan is clearly visible in all frames'}, {'criterion': 'Car with license plate number 77704 visible', 'criterion_type': 'QUESTION', 'status': 'PASS', 'reasoning': "VLM confirms license plate '77704' is clearly visible on the white Rolls-Royce"}, {'criterion': 'White vehicle parked next to car with license plate 77704', 'criterion_type': 'QUESTION', 'status': 'FAIL', 'reasoning': 'VLM states there is no separate white vehicle - the white vehicle IS the car with plate 77704'}, {'criterion': "License plate clearly readable showing '77704'", 'criterion_type': 'QUESTION', 'status': 'PASS', 'reasoning': "VLM confirms plate is clearly legible showing '77704' in frames 5-7"}, {'criterion': 'Make/brand of white vehicle is visible (logo, emblem, or text)', 'criterion_type': 'QUESTION', 'status': 'PASS', 'reasoning': 'VLM identifies Rolls-Royce based on Pantheon grille, Spirit of Ecstasy, and emblems'}, {'criterion': 'Two vehicles are adjacent/parked next to each other', 'criterion_type': 'QUESTION', 'status': 'FAIL', 'reasoning': 'VLM states there is only one white vehicle, with a silver BMW adjacent, not two white vehicles'}], 'question_criteria_passed': 4, 'answer_criteria_passed': 0, 'answer_criteria_total': 0, 'criteria_passed': 4, 'criteria_total': 6, 'criteria_percentage': 0.6667, 'base_confidence': 66.67, 'confidence': 50, 'critic_answer_choice': 3, 'critic_reasoning': "The VLM clearly identifies the white vehicle with license plate 77704 as a Rolls-Royce, not Mercedes-Benz. While the question's premise about 'white vehicle parked next to' is incorrect, the actual make of the white vehicle bearing plate 77704 is Rolls-Royce.", 'possible_errors': ["Criterion 3 fails: There is no separate white vehicle parked next to the license plate car - it's the same vehicle", 'Criterion 6 fails: Only one white vehicle exists, with a silver BMW adjacent, not two white vehicles adjacent'], 'suggestion': None}
