Critic initial response: {
    "tool": "VLM_QUERY",
    "frames": ["frames/frame_2980.jpg", "frames/frame_2981.jpg", "frames/frame_2982.jpg", "frames/frame_2983.jpg", "frames/frame_2984.jpg", "frames/frame_2985.jpg", "frames/frame_2986.jpg", "frames/frame_2987.jpg", "frames/frame_2988.jpg", "frames/frame_2989.jpg", "frames/frame_2990.jpg", "frames/frame_2991.jpg", "frames/frame_2992.jpg", "frames/frame_2993.jpg", "frames/frame_2994.jpg", "frames/frame_2995.jpg", "frames/frame_2996.jpg", "frames/frame_2997.jpg", "frames/frame_2998.jpg", "frames/frame_2999.jpg", "frames/frame_3000.jpg", "frames/frame_3001.jpg", "frames/frame_3002.jpg", "frames/frame_3003.jpg", "frames/frame_3004.jpg", "frames/frame_3005.jpg"],
    "prompt": "Based on these frames (including context before/after), verify if the answer '3' (which corresponds to 'D: Starboom coffee') is correct for the question: What is the name of the coffee shop behind the road that appears at 49:50? Check the question criteria: 1) Coffee shop visible in the frame, 2) Road visible in the foreground or background, 3) Coffee shop located behind a road, 4) Coffee shop sign with visible text/name, 5) Scene occurring at approximately 49:50 timestamp, 6) Clear view of coffee shop exterior and signage. Pay attention to timestamps and temporal sequences. Look for a coffee shop sign with readable text that matches one of the answer choices: Starbrooklyn coffee, Starbrooks coffee, Starbucks coffee, or Starboom coffee."
}
Frames to verify: ['frames/frame_2980.jpg', 'frames/frame_2981.jpg', 'frames/frame_2982.jpg', 'frames/frame_2983.jpg', 'frames/frame_2984.jpg', 'frames/frame_2985.jpg', 'frames/frame_2986.jpg', 'frames/frame_2987.jpg', 'frames/frame_2988.jpg', 'frames/frame_2989.jpg', 'frames/frame_2990.jpg', 'frames/frame_2991.jpg', 'frames/frame_2992.jpg', 'frames/frame_2993.jpg', 'frames/frame_2994.jpg', 'frames/frame_2995.jpg', 'frames/frame_2996.jpg', 'frames/frame_2997.jpg', 'frames/frame_2998.jpg', 'frames/frame_2999.jpg', 'frames/frame_3000.jpg', 'frames/frame_3001.jpg', 'frames/frame_3002.jpg', 'frames/frame_3003.jpg', 'frames/frame_3004.jpg', 'frames/frame_3005.jpg']
VLM Prompt: Video context: Failed to generate after 3 attempts: Error code: 503 - The server is overloaded or not ready yet.

Based on these frames (including context before/after), verify if the answer '3' (which corresponds to 'D: Starboom coffee') is correct for the question: What is the name of the coffee shop behind the road that appears at 49:50? Check the question criteria: 1) Coffee shop visible in the frame, 2) Road visible in the foreground or background, 3) Coffee shop located behind a road, 4) Coffee shop sign with visible text/name, 5) Scene occurring at approximately 49:50 timestamp, 6) Clear view of coffee shop exterior and signage. Pay attention to timestamps and temporal sequences. Look for a coffee shop sign with readable text that matches one of the answer choices: Starbrooklyn coffee, Starbrooks coffee, Starbucks coffee, or Starboom coffee.
VLM response: {'batched_responses': [{'batch_start': 0, 'batch_end': 26, 'image_paths': ['/mnt/ssd/data/lvbench/videos_processed/uusf1qG_uZ4/frames/frame_2980.jpg', '/mnt/ssd/data/lvbench/videos_processed/uusf1qG_uZ4/frames/frame_2981.jpg', '/mnt/ssd/data/lvbench/videos_processed/uusf1qG_uZ4/frames/frame_2982.jpg', '/mnt/ssd/data/lvbench/videos_processed/uusf1qG_uZ4/frames/frame_2983.jpg', '/mnt/ssd/data/lvbench/videos_processed/uusf1qG_uZ4/frames/frame_2984.jpg', '/mnt/ssd/data/lvbench/videos_processed/uusf1qG_uZ4/frames/frame_2985.jpg', '/mnt/ssd/data/lvbench/videos_processed/uusf1qG_uZ4/frames/frame_2986.jpg', '/mnt/ssd/data/lvbench/videos_processed/uusf1qG_uZ4/frames/frame_2987.jpg', '/mnt/ssd/data/lvbench/videos_processed/uusf1qG_uZ4/frames/frame_2988.jpg', '/mnt/ssd/data/lvbench/videos_processed/uusf1qG_uZ4/frames/frame_2989.jpg', '/mnt/ssd/data/lvbench/videos_processed/uusf1qG_uZ4/frames/frame_2990.jpg', '/mnt/ssd/data/lvbench/videos_processed/uusf1qG_uZ4/frames/frame_2991.jpg', '/mnt/ssd/data/lvbench/videos_processed/uusf1qG_uZ4/frames/frame_2992.jpg', '/mnt/ssd/data/lvbench/videos_processed/uusf1qG_uZ4/frames/frame_2993.jpg', '/mnt/ssd/data/lvbench/videos_processed/uusf1qG_uZ4/frames/frame_2994.jpg', '/mnt/ssd/data/lvbench/videos_processed/uusf1qG_uZ4/frames/frame_2995.jpg', '/mnt/ssd/data/lvbench/videos_processed/uusf1qG_uZ4/frames/frame_2996.jpg', '/mnt/ssd/data/lvbench/videos_processed/uusf1qG_uZ4/frames/frame_2997.jpg', '/mnt/ssd/data/lvbench/videos_processed/uusf1qG_uZ4/frames/frame_2998.jpg', '/mnt/ssd/data/lvbench/videos_processed/uusf1qG_uZ4/frames/frame_2999.jpg', '/mnt/ssd/data/lvbench/videos_processed/uusf1qG_uZ4/frames/frame_3000.jpg', '/mnt/ssd/data/lvbench/videos_processed/uusf1qG_uZ4/frames/frame_3001.jpg', '/mnt/ssd/data/lvbench/videos_processed/uusf1qG_uZ4/frames/frame_3002.jpg', '/mnt/ssd/data/lvbench/videos_processed/uusf1qG_uZ4/frames/frame_3003.jpg', '/mnt/ssd/data/lvbench/videos_processed/uusf1qG_uZ4/frames/frame_3004.jpg', '/mnt/ssd/data/lvbench/videos_processed/uusf1qG_uZ4/frames/frame_3005.jpg'], 'response': "Based on the provided frames and the question criteria, the answer **'3' (Starboom coffee)** is **incorrect**.\n\nHere’s the detailed verification against each criterion:\n\n---\n\n**1) Coffee shop visible in the frame?**  \n✅ Yes — In frames 10–13, 17–18, and 19–20, a building with a visible green sign reading “**STARBOOKS COFFEE**” is clearly shown across the street.\n\n**2) Road visible in the foreground or background?**  \n✅ Yes — A road with white lane markings is prominently visible in the foreground of frames 10–13, 17–20, and others.\n\n**3) Coffee shop located behind a road?**  \n✅ Yes — The “STARBOOKS COFFEE” shop is clearly situated across the road from the camera’s perspective.\n\n**4) Coffee shop sign with visible text/name?**  \n✅ Yes — The sign clearly reads “**STARBOOKS COFFEE**” — not “Starboom”, “Starbrooklyn”, or “Starbrooks”.\n\n**5) Scene occurring at approximately 49:50 timestamp?**  \n⚠️ The video frames provided are labeled numerically (frame_2980 to frame_3005), not by timestamp. However, assuming the video runs at 60 fps, frame 2990 ≈ 49:50 (since 2990 / 60 ≈ 49.83 minutes). Frame 2990 (and surrounding frames) clearly show “STARBOOKS COFFEE”.\n\n**6) Clear view of coffee shop exterior and signage?**  \n✅ Yes — The exterior and sign are clearly visible in frames 10–13 and 17–18.\n\n---\n\n**Answer Choice Matching:**\n\nThe visible name is **“STARBOOKS COFFEE”**.\n\nAmong the options:\n\n- A: Starbrooklyn coffee → ❌ No match\n- B: Starbrooks coffee → ❌ Close, but not exact\n- C: Starbucks coffee → ❌ Not visible\n- D: Starboom coffee → ❌ Not visible\n\nNone of the options perfectly match “STARBOOKS COFFEE”, but **“Starbrooks coffee” (B)** is the closest phonetic and orthographic match.\n\nHowever, **“Starboom coffee” (D)** is not present anywhere in the video frames.\n\n---\n\n✅ **Conclusion: The correct answer should be “B: Starbrooks coffee” (if forced to choose from given options), but “Starboom coffee” (D) is factually incorrect.**\n\nTherefore, **the answer ‘3’ (D: Starboom coffee) is NOT correct.**\n\n---\n\n**Final Answer: ❌ Incorrect**"}], 'formatted_responses': ["\n=== Batch 0-26 (26 frames) ===\nFrames: /mnt/ssd/data/lvbench/videos_processed/uusf1qG_uZ4/frames/frame_2980.jpg, /mnt/ssd/data/lvbench/videos_processed/uusf1qG_uZ4/frames/frame_2981.jpg, /mnt/ssd/data/lvbench/videos_processed/uusf1qG_uZ4/frames/frame_2982.jpg, /mnt/ssd/data/lvbench/videos_processed/uusf1qG_uZ4/frames/frame_2983.jpg, /mnt/ssd/data/lvbench/videos_processed/uusf1qG_uZ4/frames/frame_2984.jpg, /mnt/ssd/data/lvbench/videos_processed/uusf1qG_uZ4/frames/frame_2985.jpg, /mnt/ssd/data/lvbench/videos_processed/uusf1qG_uZ4/frames/frame_2986.jpg, /mnt/ssd/data/lvbench/videos_processed/uusf1qG_uZ4/frames/frame_2987.jpg, /mnt/ssd/data/lvbench/videos_processed/uusf1qG_uZ4/frames/frame_2988.jpg, /mnt/ssd/data/lvbench/videos_processed/uusf1qG_uZ4/frames/frame_2989.jpg, /mnt/ssd/data/lvbench/videos_processed/uusf1qG_uZ4/frames/frame_2990.jpg, /mnt/ssd/data/lvbench/videos_processed/uusf1qG_uZ4/frames/frame_2991.jpg, /mnt/ssd/data/lvbench/videos_processed/uusf1qG_uZ4/frames/frame_2992.jpg, /mnt/ssd/data/lvbench/videos_processed/uusf1qG_uZ4/frames/frame_2993.jpg, /mnt/ssd/data/lvbench/videos_processed/uusf1qG_uZ4/frames/frame_2994.jpg, /mnt/ssd/data/lvbench/videos_processed/uusf1qG_uZ4/frames/frame_2995.jpg, /mnt/ssd/data/lvbench/videos_processed/uusf1qG_uZ4/frames/frame_2996.jpg, /mnt/ssd/data/lvbench/videos_processed/uusf1qG_uZ4/frames/frame_2997.jpg, /mnt/ssd/data/lvbench/videos_processed/uusf1qG_uZ4/frames/frame_2998.jpg, /mnt/ssd/data/lvbench/videos_processed/uusf1qG_uZ4/frames/frame_2999.jpg, /mnt/ssd/data/lvbench/videos_processed/uusf1qG_uZ4/frames/frame_3000.jpg, /mnt/ssd/data/lvbench/videos_processed/uusf1qG_uZ4/frames/frame_3001.jpg, /mnt/ssd/data/lvbench/videos_processed/uusf1qG_uZ4/frames/frame_3002.jpg, /mnt/ssd/data/lvbench/videos_processed/uusf1qG_uZ4/frames/frame_3003.jpg, /mnt/ssd/data/lvbench/videos_processed/uusf1qG_uZ4/frames/frame_3004.jpg, /mnt/ssd/data/lvbench/videos_processed/uusf1qG_uZ4/frames/frame_3005.jpg\nVLM Response: Based on the provided frames and the question criteria, the answer **'3' (Starboom coffee)** is **incorrect**.\n\nHere’s the detailed verification against each criterion:\n\n---\n\n**1) Coffee shop visible in the frame?**  \n✅ Yes — In frames 10–13, 17–18, and 19–20, a building with a visible green sign reading “**STARBOOKS COFFEE**” is clearly shown across the street.\n\n**2) Road visible in the foreground or background?**  \n✅ Yes — A road with white lane markings is prominently visible in the foreground of frames 10–13, 17–20, and others.\n\n**3) Coffee shop located behind a road?**  \n✅ Yes — The “STARBOOKS COFFEE” shop is clearly situated across the road from the camera’s perspective.\n\n**4) Coffee shop sign with visible text/name?**  \n✅ Yes — The sign clearly reads “**STARBOOKS COFFEE**” — not “Starboom”, “Starbrooklyn”, or “Starbrooks”.\n\n**5) Scene occurring at approximately 49:50 timestamp?**  \n⚠️ The video frames provided are labeled numerically (frame_2980 to frame_3005), not by timestamp. However, assuming the video runs at 60 fps, frame 2990 ≈ 49:50 (since 2990 / 60 ≈ 49.83 minutes). Frame 2990 (and surrounding frames) clearly show “STARBOOKS COFFEE”.\n\n**6) Clear view of coffee shop exterior and signage?**  \n✅ Yes — The exterior and sign are clearly visible in frames 10–13 and 17–18.\n\n---\n\n**Answer Choice Matching:**\n\nThe visible name is **“STARBOOKS COFFEE”**.\n\nAmong the options:\n\n- A: Starbrooklyn coffee → ❌ No match\n- B: Starbrooks coffee → ❌ Close, but not exact\n- C: Starbucks coffee → ❌ Not visible\n- D: Starboom coffee → ❌ Not visible\n\nNone of the options perfectly match “STARBOOKS COFFEE”, but **“Starbrooks coffee” (B)** is the closest phonetic and orthographic match.\n\nHowever, **“Starboom coffee” (D)** is not present anywhere in the video frames.\n\n---\n\n✅ **Conclusion: The correct answer should be “B: Starbrooks coffee” (if forced to choose from given options), but “Starboom coffee” (D) is factually incorrect.**\n\nTherefore, **the answer ‘3’ (D: Starboom coffee) is NOT correct.**\n\n---\n\n**Final Answer: ❌ Incorrect**\n"], 'condensed_response': '**Scene Summary (≈\u202f49\u202fmin\u202f50\u202fs, frames\u202f2980‑3005 ≈\u202ffps\u202f60)**  \n\n- **Setting:** A city street with a clearly marked road (white lane markings) runs across the frame.  \n- **Key object:** A coffee‑shop building positioned **across the road** from the camera. Its façade is topped by a **green sign that reads “STARBOOKS\u202fCOFFEE.”**  \n- **Visual continuity (character‑style tracking):**  \n  - **Frames\u202f2980‑2985:** The street and road dominate the foreground; the shop is off‑center to the right, partially obscured.  \n  - **Frames\u202f2986‑2993:** The camera pans slightly, bringing the shop’s full front and the green sign into clear view. The road remains in the foreground, reinforcing the “shop behind a road” layout.  \n  - **Frames\u202f2994‑3005:** The view stabilises; the sign stays fully legible, and no other moving entities (people, vehicles) enter the frame, so the “character” being tracked is essentially the stationary coffee‑shop itself.  \n\n- **Relevance to the question:** The sign **does not** match the answer choice “Starboom coffee” (option\u202fD). The only name visible is **“STARBOOKS\u202fCOFFEE,”** making option\u202fD factually incorrect. The closest offered alternative is “Starbrooks coffee” (option\u202fB), though it is still not an exact match.\n\n**Conclusion:** At the ~49:50 timestamp the scene shows the “STARBOOKS\u202fCOFFEE” shop behind a road, and the answer “Starboom coffee” is **incorrect**.', 'failed_images': []}
Followup prompt: 
Critically assess whether the VLM verification supports the given answer by evaluating each criterion.

⚠️ IMPORTANT: Answers use 0-INDEXED numbers where 0=A, 1=B, 2=C, 3=D, 4=E

VLM Verification Results:
{'batched_responses': [{'batch_start': 0, 'batch_end': 26, 'image_paths': ['/mnt/ssd/data/lvbench/videos_processed/uusf1qG_uZ4/frames/frame_2980.jpg', '/mnt/ssd/data/lvbench/videos_processed/uusf1qG_uZ4/frames/frame_2981.jpg', '/mnt/ssd/data/lvbench/videos_processed/uusf1qG_uZ4/frames/frame_2982.jpg', '/mnt/ssd/data/lvbench/videos_processed/uusf1qG_uZ4/frames/frame_2983.jpg', '/mnt/ssd/data/lvbench/videos_processed/uusf1qG_uZ4/frames/frame_2984.jpg', '/mnt/ssd/data/lvbench/videos_processed/uusf1qG_uZ4/frames/frame_2985.jpg', '/mnt/ssd/data/lvbench/videos_processed/uusf1qG_uZ4/frames/frame_2986.jpg', '/mnt/ssd/data/lvbench/videos_processed/uusf1qG_uZ4/frames/frame_2987.jpg', '/mnt/ssd/data/lvbench/videos_processed/uusf1qG_uZ4/frames/frame_2988.jpg', '/mnt/ssd/data/lvbench/videos_processed/uusf1qG_uZ4/frames/frame_2989.jpg', '/mnt/ssd/data/lvbench/videos_processed/uusf1qG_uZ4/frames/frame_2990.jpg', '/mnt/ssd/data/lvbench/videos_processed/uusf1qG_uZ4/frames/frame_2991.jpg', '/mnt/ssd/data/lvbench/videos_processed/uusf1qG_uZ4/frames/frame_2992.jpg', '/mnt/ssd/data/lvbench/videos_processed/uusf1qG_uZ4/frames/frame_2993.jpg', '/mnt/ssd/data/lvbench/videos_processed/uusf1qG_uZ4/frames/frame_2994.jpg', '/mnt/ssd/data/lvbench/videos_processed/uusf1qG_uZ4/frames/frame_2995.jpg', '/mnt/ssd/data/lvbench/videos_processed/uusf1qG_uZ4/frames/frame_2996.jpg', '/mnt/ssd/data/lvbench/videos_processed/uusf1qG_uZ4/frames/frame_2997.jpg', '/mnt/ssd/data/lvbench/videos_processed/uusf1qG_uZ4/frames/frame_2998.jpg', '/mnt/ssd/data/lvbench/videos_processed/uusf1qG_uZ4/frames/frame_2999.jpg', '/mnt/ssd/data/lvbench/videos_processed/uusf1qG_uZ4/frames/frame_3000.jpg', '/mnt/ssd/data/lvbench/videos_processed/uusf1qG_uZ4/frames/frame_3001.jpg', '/mnt/ssd/data/lvbench/videos_processed/uusf1qG_uZ4/frames/frame_3002.jpg', '/mnt/ssd/data/lvbench/videos_processed/uusf1qG_uZ4/frames/frame_3003.jpg', '/mnt/ssd/data/lvbench/videos_processed/uusf1qG_uZ4/frames/frame_3004.jpg', '/mnt/ssd/data/lvbench/videos_processed/uusf1qG_uZ4/frames/frame_3005.jpg'], 'response': "Based on the provided frames and the question criteria, the answer **'3' (Starboom coffee)** is **incorrect**.\n\nHere’s the detailed verification against each criterion:\n\n---\n\n**1) Coffee shop visible in the frame?**  \n✅ Yes — In frames 10–13, 17–18, and 19–20, a building with a visible green sign reading “**STARBOOKS COFFEE**” is clearly shown across the street.\n\n**2) Road visible in the foreground or background?**  \n✅ Yes — A road with white lane markings is prominently visible in the foreground of frames 10–13, 17–20, and others.\n\n**3) Coffee shop located behind a road?**  \n✅ Yes — The “STARBOOKS COFFEE” shop is clearly situated across the road from the camera’s perspective.\n\n**4) Coffee shop sign with visible text/name?**  \n✅ Yes — The sign clearly reads “**STARBOOKS COFFEE**” — not “Starboom”, “Starbrooklyn”, or “Starbrooks”.\n\n**5) Scene occurring at approximately 49:50 timestamp?**  \n⚠️ The video frames provided are labeled numerically (frame_2980 to frame_3005), not by timestamp. However, assuming the video runs at 60 fps, frame 2990 ≈ 49:50 (since 2990 / 60 ≈ 49.83 minutes). Frame 2990 (and surrounding frames) clearly show “STARBOOKS COFFEE”.\n\n**6) Clear view of coffee shop exterior and signage?**  \n✅ Yes — The exterior and sign are clearly visible in frames 10–13 and 17–18.\n\n---\n\n**Answer Choice Matching:**\n\nThe visible name is **“STARBOOKS COFFEE”**.\n\nAmong the options:\n\n- A: Starbrooklyn coffee → ❌ No match\n- B: Starbrooks coffee → ❌ Close, but not exact\n- C: Starbucks coffee → ❌ Not visible\n- D: Starboom coffee → ❌ Not visible\n\nNone of the options perfectly match “STARBOOKS COFFEE”, but **“Starbrooks coffee” (B)** is the closest phonetic and orthographic match.\n\nHowever, **“Starboom coffee” (D)** is not present anywhere in the video frames.\n\n---\n\n✅ **Conclusion: The correct answer should be “B: Starbrooks coffee” (if forced to choose from given options), but “Starboom coffee” (D) is factually incorrect.**\n\nTherefore, **the answer ‘3’ (D: Starboom coffee) is NOT correct.**\n\n---\n\n**Final Answer: ❌ Incorrect**"}], 'formatted_responses': ["\n=== Batch 0-26 (26 frames) ===\nFrames: /mnt/ssd/data/lvbench/videos_processed/uusf1qG_uZ4/frames/frame_2980.jpg, /mnt/ssd/data/lvbench/videos_processed/uusf1qG_uZ4/frames/frame_2981.jpg, /mnt/ssd/data/lvbench/videos_processed/uusf1qG_uZ4/frames/frame_2982.jpg, /mnt/ssd/data/lvbench/videos_processed/uusf1qG_uZ4/frames/frame_2983.jpg, /mnt/ssd/data/lvbench/videos_processed/uusf1qG_uZ4/frames/frame_2984.jpg, /mnt/ssd/data/lvbench/videos_processed/uusf1qG_uZ4/frames/frame_2985.jpg, /mnt/ssd/data/lvbench/videos_processed/uusf1qG_uZ4/frames/frame_2986.jpg, /mnt/ssd/data/lvbench/videos_processed/uusf1qG_uZ4/frames/frame_2987.jpg, /mnt/ssd/data/lvbench/videos_processed/uusf1qG_uZ4/frames/frame_2988.jpg, /mnt/ssd/data/lvbench/videos_processed/uusf1qG_uZ4/frames/frame_2989.jpg, /mnt/ssd/data/lvbench/videos_processed/uusf1qG_uZ4/frames/frame_2990.jpg, /mnt/ssd/data/lvbench/videos_processed/uusf1qG_uZ4/frames/frame_2991.jpg, /mnt/ssd/data/lvbench/videos_processed/uusf1qG_uZ4/frames/frame_2992.jpg, /mnt/ssd/data/lvbench/videos_processed/uusf1qG_uZ4/frames/frame_2993.jpg, /mnt/ssd/data/lvbench/videos_processed/uusf1qG_uZ4/frames/frame_2994.jpg, /mnt/ssd/data/lvbench/videos_processed/uusf1qG_uZ4/frames/frame_2995.jpg, /mnt/ssd/data/lvbench/videos_processed/uusf1qG_uZ4/frames/frame_2996.jpg, /mnt/ssd/data/lvbench/videos_processed/uusf1qG_uZ4/frames/frame_2997.jpg, /mnt/ssd/data/lvbench/videos_processed/uusf1qG_uZ4/frames/frame_2998.jpg, /mnt/ssd/data/lvbench/videos_processed/uusf1qG_uZ4/frames/frame_2999.jpg, /mnt/ssd/data/lvbench/videos_processed/uusf1qG_uZ4/frames/frame_3000.jpg, /mnt/ssd/data/lvbench/videos_processed/uusf1qG_uZ4/frames/frame_3001.jpg, /mnt/ssd/data/lvbench/videos_processed/uusf1qG_uZ4/frames/frame_3002.jpg, /mnt/ssd/data/lvbench/videos_processed/uusf1qG_uZ4/frames/frame_3003.jpg, /mnt/ssd/data/lvbench/videos_processed/uusf1qG_uZ4/frames/frame_3004.jpg, /mnt/ssd/data/lvbench/videos_processed/uusf1qG_uZ4/frames/frame_3005.jpg\nVLM Response: Based on the provided frames and the question criteria, the answer **'3' (Starboom coffee)** is **incorrect**.\n\nHere’s the detailed verification against each criterion:\n\n---\n\n**1) Coffee shop visible in the frame?**  \n✅ Yes — In frames 10–13, 17–18, and 19–20, a building with a visible green sign reading “**STARBOOKS COFFEE**” is clearly shown across the street.\n\n**2) Road visible in the foreground or background?**  \n✅ Yes — A road with white lane markings is prominently visible in the foreground of frames 10–13, 17–20, and others.\n\n**3) Coffee shop located behind a road?**  \n✅ Yes — The “STARBOOKS COFFEE” shop is clearly situated across the road from the camera’s perspective.\n\n**4) Coffee shop sign with visible text/name?**  \n✅ Yes — The sign clearly reads “**STARBOOKS COFFEE**” — not “Starboom”, “Starbrooklyn”, or “Starbrooks”.\n\n**5) Scene occurring at approximately 49:50 timestamp?**  \n⚠️ The video frames provided are labeled numerically (frame_2980 to frame_3005), not by timestamp. However, assuming the video runs at 60 fps, frame 2990 ≈ 49:50 (since 2990 / 60 ≈ 49.83 minutes). Frame 2990 (and surrounding frames) clearly show “STARBOOKS COFFEE”.\n\n**6) Clear view of coffee shop exterior and signage?**  \n✅ Yes — The exterior and sign are clearly visible in frames 10–13 and 17–18.\n\n---\n\n**Answer Choice Matching:**\n\nThe visible name is **“STARBOOKS COFFEE”**.\n\nAmong the options:\n\n- A: Starbrooklyn coffee → ❌ No match\n- B: Starbrooks coffee → ❌ Close, but not exact\n- C: Starbucks coffee → ❌ Not visible\n- D: Starboom coffee → ❌ Not visible\n\nNone of the options perfectly match “STARBOOKS COFFEE”, but **“Starbrooks coffee” (B)** is the closest phonetic and orthographic match.\n\nHowever, **“Starboom coffee” (D)** is not present anywhere in the video frames.\n\n---\n\n✅ **Conclusion: The correct answer should be “B: Starbrooks coffee” (if forced to choose from given options), but “Starboom coffee” (D) is factually incorrect.**\n\nTherefore, **the answer ‘3’ (D: Starboom coffee) is NOT correct.**\n\n---\n\n**Final Answer: ❌ Incorrect**\n"], 'condensed_response': '**Scene Summary (≈\u202f49\u202fmin\u202f50\u202fs, frames\u202f2980‑3005 ≈\u202ffps\u202f60)**  \n\n- **Setting:** A city street with a clearly marked road (white lane markings) runs across the frame.  \n- **Key object:** A coffee‑shop building positioned **across the road** from the camera. Its façade is topped by a **green sign that reads “STARBOOKS\u202fCOFFEE.”**  \n- **Visual continuity (character‑style tracking):**  \n  - **Frames\u202f2980‑2985:** The street and road dominate the foreground; the shop is off‑center to the right, partially obscured.  \n  - **Frames\u202f2986‑2993:** The camera pans slightly, bringing the shop’s full front and the green sign into clear view. The road remains in the foreground, reinforcing the “shop behind a road” layout.  \n  - **Frames\u202f2994‑3005:** The view stabilises; the sign stays fully legible, and no other moving entities (people, vehicles) enter the frame, so the “character” being tracked is essentially the stationary coffee‑shop itself.  \n\n- **Relevance to the question:** The sign **does not** match the answer choice “Starboom coffee” (option\u202fD). The only name visible is **“STARBOOKS\u202fCOFFEE,”** making option\u202fD factually incorrect. The closest offered alternative is “Starbrooks coffee” (option\u202fB), though it is still not an exact match.\n\n**Conclusion:** At the ~49:50 timestamp the scene shows the “STARBOOKS\u202fCOFFEE” shop behind a road, and the answer “Starboom coffee” is **incorrect**.', 'failed_images': []}

Question Being Answered: What is the name of the coffee shop behind the road that appears at 49:50?

Answer Choices (0-indexed: 0=A, 1=B, 2=C, 3=D, 4=E):
  0 (=A): Starbrooklyn coffee
  1 (=B): Starbrooks coffee
  2 (=C): Starbucks coffee
  3 (=D): Starboom coffee

Given Answer: 3
Evidence Frames Used: ['frames/frame_2985.jpg', 'frames/frame_2990.jpg', 'frames/frame_2995.jpg', 'frames/frame_3000.jpg']

Character/Event/Scene logs: ================================================================================
CHARACTER, EVENT, AND SCENE LOGS
================================================================================

CHARACTERS:
1. Blonde Woman in Pink Dress/Sunglasses: Description: A recurring character with blonde hair, often wearing a pink dress and sunglasses.
2. Blonde Woman in Pink Camouflage Outfit: Description: A character with short blonde hair, wearing a black and pink camouflage outfit, often seen in various scenes.
3. Bald Man in White and Green Outfit: Description: A character with a bald head, wearing a white tank top with a watermelon design and green trim.
4. Man in Black Suit: Description: A character with a bald head, wearing a black suit and tie, often seen in various scenes.
5. Woman with Short Black Hair: Description: A character with short black hair, seen in various outfits and scenes.

SCENES:
1. Modern Office/Adoption Center: Description: A modern office setting with large windows, often associated with the "Adoption Center" sign. [Frame 1-50]
2. Office Lobby/Coffee Shop: Description: A scene showing a coffee shop or office lobby with large glass windows and a city street visible outside. [Frame 1-20]
3. School Lobby: Description: A scene set in a school lobby with a receptionist and large windows. [Frame 3-5]
4. Gym: Description: A scene set in a gym with dumbbells and exercise equipment. [Frame 60-67]
5. City Street/Motel: Description: A scene showing a city street with a motel sign. [Frame 154-157]
6. Coffee Shop: Description: A scene set in a coffee shop with a sign reading "Starbrooks Coffee" or similar. [Frame 16-19]
7. Daycare: Description: A scene set in a daycare with a red sign reading "Daycare" and various toys and children. [Frame 182-185]
8. Futuristic Space Station: Description: A futuristic scene with astronauts and space-themed decor. [Frame 331-336]
9. City Street/Bank: Description: A scene showing a city street with a bank and other storefronts. [Frame 740-742]
10. Park/Playground: Description: A scene set in a park or playground with swings, slides, and other play equipment. [Frame 1072-1075]
11. Classroom: Description: A scene set in a classroom with desks, chairs, and a whiteboard. [Frame 470-473]
12. Restaurant/Cafeteria: Description: A scene set in a restaurant or cafeteria with tables, chairs, and food. [Frame 865-867]
13. Fire Station: Description: A scene set in a fire station with a fire truck and firefighters. [Frame 539-542]

EVENTS:
1. Characters Dancing: Description: Multiple characters dancing together in various scenes. [Frame 55-59, 102-106]
2. Characters Exercising: Description: Characters performing jumping jacks or lifting dumbbells. [Frame 53-55, 60-67]
3. Characters Interacting at Desk: Description: Characters standing or sitting at a desk, often with a computer monitor. [Frame 6-14, 30-32]
4. Characters Playing with Blocks: Description: Characters playing or interacting with blocks in various scenes. [Frame 230-234, 736-739]
5. Characters in Vehicles: Description: Characters driving or riding in vehicles such as jeeps or buses. [Frame 341-344, 367-369]
6. Characters at Table with Food: Description: Characters gathered around a table with food items. [Frame 135-137, 449-451]
7. Characters in Astronaut Suits: Description: Characters wearing white astronaut suits with red stripes. [Frame 330-336]
8. Characters in Various Costumes: Description: Characters wearing different costumes, such as superheroes or historical figures. [Frame 284-287]
9. Characters Riding Horses: Description: Characters riding horses in a green field. [Frame 1705-1707]
10. Firefighter Scene: Description: A firefighter character standing in front of a fire truck. [Frame 539-542]

================================================================================
Generated at: 2026-01-11 21:47:13
================================================================================



QUESTION-BASED CRITERIA:
  Q1. Coffee shop visible in the frame
  Q2. Road visible in the foreground or background
  Q3. Coffee shop located behind a road
  Q4. Coffee shop sign with visible text/name
  Q5. Scene occurring at approximately 49:50 timestamp
  Q6. Clear view of coffee shop exterior and signage


CRITICAL ASSESSMENT TASK:
For EACH criterion listed above, determine whether it PASSES or FAILS based ONLY on what the VLM actually reports seeing in the frames.

- PASS: The VLM results clearly confirm this criterion is satisfied in the frames
- FAIL: The VLM results indicate this criterion is NOT satisfied, or there is insufficient evidence

CONFIDENCE CALCULATION RULES:
1. Count how many criteria pass (criteria_percentage = criteria_passed / 6)
2. Calculate base_confidence = criteria_percentage * 100
3. ⚠️ If ANY answer-specific criterion (A1, A2, etc.) FAILS, set confidence = min(50, base_confidence)

⚠️ CRITICAL: There is ALWAYS a correct answer among the choices provided. If all answers seem slightly off or imperfect, you MUST choose the BEST possible answer that most closely matches the evidence.

CRITIC ANSWER CHOICE DECISION:
4. After evaluating criteria, ALWAYS pick the best answer choice:
   - Review ALL answer choices (A, B, C, D, E, etc.)
   - Based ONLY on the VLM visual evidence, determine which answer choice is MOST correct
   - Output your critic_answer_choice as a NUMBER (0=A, 1=B, 2=C, 3=D, 4=E)

5. If criteria_percentage > 0.5 (>50% of criteria pass):
   - Your chosen answer is well-supported by evidence
   - Set suggestion to null or provide minor improvements

6. If criteria_percentage ≤ 0.5 (≤50% of criteria pass):
   - Still MUST choose the BEST answer from the available choices (never -1)
   - But set suggestion to "These may not be the right frames/scene. Consider searching for better evidence. The answer chosen is the BEST match given current evidence."
   - This signals low confidence but still provides a choice

Return ONLY this JSON:
{
    "criteria_results": [
        {"criterion": "criterion text", "criterion_type": "QUESTION or ANSWER", "status": "PASS or FAIL", "reasoning": "brief explanation"},
        ...
    ],
    "question_criteria_passed": <number of question criteria that passed>,
    "answer_criteria_passed": <number of answer criteria that passed>,
    "answer_criteria_total": 0,
    "criteria_passed": <total number of criteria that passed>,
    "criteria_total": 6,
    "criteria_percentage": <criteria_passed / 6>,
    "base_confidence": <(criteria_passed / 6) * 100>,
    "confidence": <base_confidence OR 50 if any answer criterion failed>,
    "critic_answer_choice": <NUMBER: 0=A, 1=B, 2=C, 3=D, 4=E - MUST be a valid number 0-4, never -1>,
    "critic_reasoning": "<Brief explanation of why you chose this answer based on VLM evidence>",
    "possible_errors": [
        <List specific criteria that failed or issues found>
    ],
    "suggestion": <"These may not be the right frames" if ≤50%, otherwise null or specific improvement>
}

IMPORTANT RULES:
- Evaluate EACH criterion independently based on VLM results
- Mark criterion as PASS only if VLM clearly confirms it
- Mark criterion as FAIL if not confirmed or contradicted
- If ANY answer-specific criterion fails, confidence MUST be ≤50%
- Base evaluation ONLY on VLM verification results, not speculation
- Only list errors for criteria that actually failed
- Return ONLY valid JSON

Critical assessment response: ```json
{
    "criteria_results": [
        {
            "criterion": "Coffee shop visible in the frame",
            "criterion_type": "QUESTION",
            "status": "PASS",
            "reasoning": "VLM confirms coffee shop with green 'STARBOOKS COFFEE' sign is clearly visible in frames 10-13, 17-18, and 19-20"
        },
        {
            "criterion": "Road visible in the foreground or background",
            "criterion_type": "QUESTION",
            "status": "PASS",
            "reasoning": "VLM confirms road with white lane markings is prominently visible in foreground of multiple frames"
        },
        {
            "criterion": "Coffee shop located behind a road",
            "criterion_type": "QUESTION",
            "status": "PASS",
            "reasoning": "VLM confirms coffee shop is clearly situated across the road from camera's perspective"
        },
        {
            "criterion": "Coffee shop sign with visible text/name",
            "criterion_type": "QUESTION",
            "status": "PASS",
            "reasoning": "VLM confirms sign clearly reads 'STARBOOKS COFFEE' with visible text"
        },
        {
            "criterion": "Scene occurring at approximately 49:50 timestamp",
            "criterion_type": "QUESTION",
            "status": "PASS",
            "reasoning": "VLM confirms frames correspond to approximately 49:50 timestamp (frame 2990 ≈ 49.83 minutes at 60 fps)"
        },
        {
            "criterion": "Clear view of coffee shop exterior and signage",
            "criterion_type": "QUESTION",
            "status": "PASS",
            "reasoning": "VLM confirms exterior and sign are clearly visible in frames 10-13 and 17-18"
        }
    ],
    "question_criteria_passed": 6,
    "answer_criteria_passed": 0,
    "answer_criteria_total": 0,
    "criteria_passed": 6,
    "criteria_total": 6,
    "criteria_percentage": 1.0,
    "base_confidence": 100,
    "confidence": 50,
    "critic_answer_choice": 1,
    "critic_reasoning": "VLM clearly identifies the coffee shop as 'STARBOOKS COFFEE' which most closely matches 'Starbrooks coffee' (option B) among the given choices, while explicitly stating 'Starboom coffee' (option D) is not present",
    "possible_errors": [
        "Answer choice D (Starboom coffee) does not match the visible 'STARBOOKS COFFEE' sign"
    ],
    "suggestion": null
}
```
Critical assessment data: {'criteria_results': [{'criterion': 'Coffee shop visible in the frame', 'criterion_type': 'QUESTION', 'status': 'PASS', 'reasoning': "VLM confirms coffee shop with green 'STARBOOKS COFFEE' sign is clearly visible in frames 10-13, 17-18, and 19-20"}, {'criterion': 'Road visible in the foreground or background', 'criterion_type': 'QUESTION', 'status': 'PASS', 'reasoning': 'VLM confirms road with white lane markings is prominently visible in foreground of multiple frames'}, {'criterion': 'Coffee shop located behind a road', 'criterion_type': 'QUESTION', 'status': 'PASS', 'reasoning': "VLM confirms coffee shop is clearly situated across the road from camera's perspective"}, {'criterion': 'Coffee shop sign with visible text/name', 'criterion_type': 'QUESTION', 'status': 'PASS', 'reasoning': "VLM confirms sign clearly reads 'STARBOOKS COFFEE' with visible text"}, {'criterion': 'Scene occurring at approximately 49:50 timestamp', 'criterion_type': 'QUESTION', 'status': 'PASS', 'reasoning': 'VLM confirms frames correspond to approximately 49:50 timestamp (frame 2990 ≈ 49.83 minutes at 60 fps)'}, {'criterion': 'Clear view of coffee shop exterior and signage', 'criterion_type': 'QUESTION', 'status': 'PASS', 'reasoning': 'VLM confirms exterior and sign are clearly visible in frames 10-13 and 17-18'}], 'question_criteria_passed': 6, 'answer_criteria_passed': 0, 'answer_criteria_total': 0, 'criteria_passed': 6, 'criteria_total': 6, 'criteria_percentage': 1.0, 'base_confidence': 100, 'confidence': 50, 'critic_answer_choice': 1, 'critic_reasoning': "VLM clearly identifies the coffee shop as 'STARBOOKS COFFEE' which most closely matches 'Starbrooks coffee' (option B) among the given choices, while explicitly stating 'Starboom coffee' (option D) is not present", 'possible_errors': ["Answer choice D (Starboom coffee) does not match the visible 'STARBOOKS COFFEE' sign"], 'suggestion': None}
