Critic initial response: {
    "tool": "VLM_QUERY",
    "frames": ["frames/frame_0001.jpg", "frames/frame_0002.jpg", "frames/frame_0003.jpg", "frames/frame_0004.jpg", "frames/frame_0005.jpg", "frames/frame_0006.jpg", "frames/frame_0007.jpg", "frames/frame_0008.jpg", "frames/frame_0009.jpg", "frames/frame_0010.jpg", "frames/frame_0011.jpg", "frames/frame_0012.jpg", "frames/frame_0013.jpg", "frames/frame_0014.jpg", "frames/frame_0015.jpg", "frames/frame_0016.jpg"],
    "prompt": "Examine these frames from the very beginning of the video. Look for: 1) A person walking forward holding a sign, 2) What text is visible on the sign, 3) Whether the person is in a gymnastics/Olympic setting, 4) Whether the sign is held in a way that makes text readable. The answer choices are: A. Floor, B. Flyer, C. Flood, D. Fool. The given answer is '0' (which appears to be an invalid selection). Determine what the sign actually says and whether any of the answer choices match."
}
Frames to verify: ['frames/frame_0001.jpg', 'frames/frame_0002.jpg', 'frames/frame_0003.jpg', 'frames/frame_0004.jpg', 'frames/frame_0005.jpg', 'frames/frame_0006.jpg', 'frames/frame_0007.jpg', 'frames/frame_0008.jpg', 'frames/frame_0009.jpg', 'frames/frame_0010.jpg', 'frames/frame_0011.jpg', 'frames/frame_0012.jpg', 'frames/frame_0013.jpg', 'frames/frame_0014.jpg', 'frames/frame_0015.jpg', 'frames/frame_0016.jpg']
VLM Prompt: Video context: Here is a global summary of the video based on the provided frame-by-frame captions data:

**Main Characters:**
The main characters in the video are female gymnasts competing in the women's floor exercise final at the London 2012 Olympics. Some of the prominent gymnasts mentioned include Ksenia Afanaseva (Russia), Jordyn Wieber (USA), Alexandra Raisman (USA), Catalina Ponor (Romania), Lauren Mitchell (Australia), and Vanessa Ferrari (Italy).

**Setting:**
The setting is the North Greenwich Arena (also known as the O2 Arena) during the London 2012 Olympics. The arena is filled with a large crowd of spectators, and the gymnastics floor is pink with white Olympic rings and "London 2012" logos.

**Plot Line:**
The video appears to follow the women's floor exercise final competition at the London 2012 Olympics. The captions depict the gymnasts arriving at the arena, warming up, and competing in their respective routines. The video also shows the gymnasts reacting to their performances, hugging their coaches, and celebrating their results. The final results are displayed on a large screen, showing the top eight gymnasts and their scores.

**Vibes:**
The overall vibe of the video is one of excitement, competition, and celebration. The captions convey a sense of anticipation and tension as the gymnasts prepare to perform, followed by elation and joy as they achieve their goals. The atmosphere is electric, with a large crowd cheering on the athletes.

**General Details:**
The video is likely a recording of the women's floor exercise final at the London 2012 Olympics, showcasing the skills and achievements of the competing gymnasts. The captions provide a detailed description of the events, highlighting the athletes' performances, reactions, and interactions with their coaches and teammates. The video also captures the excitement and energy of the crowd, as well as the Olympic branding and atmosphere.

Examine these frames from the very beginning of the video. Look for: 1) A person walking forward holding a sign, 2) What text is visible on the sign, 3) Whether the person is in a gymnastics/Olympic setting, 4) Whether the sign is held in a way that makes text readable. The answer choices are: A. Floor, B. Flyer, C. Flood, D. Fool. The given answer is '0' (which appears to be an invalid selection). Determine what the sign actually says and whether any of the answer choices match.
VLM response: {'batched_responses': [{'batch_start': 0, 'batch_end': 16, 'image_paths': ['/mnt/ssd/data/lvbench/videos_processed/hjoDzK0siaM/frames/frame_0001.jpg', '/mnt/ssd/data/lvbench/videos_processed/hjoDzK0siaM/frames/frame_0002.jpg', '/mnt/ssd/data/lvbench/videos_processed/hjoDzK0siaM/frames/frame_0003.jpg', '/mnt/ssd/data/lvbench/videos_processed/hjoDzK0siaM/frames/frame_0004.jpg', '/mnt/ssd/data/lvbench/videos_processed/hjoDzK0siaM/frames/frame_0005.jpg', '/mnt/ssd/data/lvbench/videos_processed/hjoDzK0siaM/frames/frame_0006.jpg', '/mnt/ssd/data/lvbench/videos_processed/hjoDzK0siaM/frames/frame_0007.jpg', '/mnt/ssd/data/lvbench/videos_processed/hjoDzK0siaM/frames/frame_0008.jpg', '/mnt/ssd/data/lvbench/videos_processed/hjoDzK0siaM/frames/frame_0009.jpg', '/mnt/ssd/data/lvbench/videos_processed/hjoDzK0siaM/frames/frame_0010.jpg', '/mnt/ssd/data/lvbench/videos_processed/hjoDzK0siaM/frames/frame_0011.jpg', '/mnt/ssd/data/lvbench/videos_processed/hjoDzK0siaM/frames/frame_0012.jpg', '/mnt/ssd/data/lvbench/videos_processed/hjoDzK0siaM/frames/frame_0013.jpg', '/mnt/ssd/data/lvbench/videos_processed/hjoDzK0siaM/frames/frame_0014.jpg', '/mnt/ssd/data/lvbench/videos_processed/hjoDzK0siaM/frames/frame_0015.jpg', '/mnt/ssd/data/lvbench/videos_processed/hjoDzK0siaM/frames/frame_0016.jpg'], 'response': 'Based on the analysis of the provided frames:\n\n1.  **A person walking forward holding a sign**: Yes, starting from Frame 6, a person (appears to be an official or announcer) is walking forward on the pink gymnastics floor, holding a rectangular pink sign above their head.\n\n2.  **What text is visible on the sign**: The text clearly visible on the sign in Frames 6 through 16 is **"Floor"**.\n\n3.  **Whether the person is in a gymnastics/Olympic setting**: Yes, the setting is unmistakably the London 2012 Olympics gymnastics arena. This is evident from the pink competition floor, the "London 2012" and Olympic rings logos on the walls and equipment, the presence of gymnasts in team tracksuits, and the overall arena structure.\n\n4.  **Whether the sign is held in a way that makes text readable**: Yes, the sign is held high and oriented directly towards the camera/audience, making the text "Floor" clearly legible in multiple frames (especially 6-16).\n\n**Conclusion:**\n\nThe sign says **"Floor"**.\n\nLooking at the answer choices:\n*   A. Floor\n*   B. Flyer\n*   C. Flood\n*   D. Fool\n\nThe correct answer is **A. Floor**.\n\nThe given answer \'0\' is indeed invalid. The actual text on the sign matches option **A**.'}], 'formatted_responses': ['\n=== Batch 0-16 (16 frames) ===\nFrames: /mnt/ssd/data/lvbench/videos_processed/hjoDzK0siaM/frames/frame_0001.jpg, /mnt/ssd/data/lvbench/videos_processed/hjoDzK0siaM/frames/frame_0002.jpg, /mnt/ssd/data/lvbench/videos_processed/hjoDzK0siaM/frames/frame_0003.jpg, /mnt/ssd/data/lvbench/videos_processed/hjoDzK0siaM/frames/frame_0004.jpg, /mnt/ssd/data/lvbench/videos_processed/hjoDzK0siaM/frames/frame_0005.jpg, /mnt/ssd/data/lvbench/videos_processed/hjoDzK0siaM/frames/frame_0006.jpg, /mnt/ssd/data/lvbench/videos_processed/hjoDzK0siaM/frames/frame_0007.jpg, /mnt/ssd/data/lvbench/videos_processed/hjoDzK0siaM/frames/frame_0008.jpg, /mnt/ssd/data/lvbench/videos_processed/hjoDzK0siaM/frames/frame_0009.jpg, /mnt/ssd/data/lvbench/videos_processed/hjoDzK0siaM/frames/frame_0010.jpg, /mnt/ssd/data/lvbench/videos_processed/hjoDzK0siaM/frames/frame_0011.jpg, /mnt/ssd/data/lvbench/videos_processed/hjoDzK0siaM/frames/frame_0012.jpg, /mnt/ssd/data/lvbench/videos_processed/hjoDzK0siaM/frames/frame_0013.jpg, /mnt/ssd/data/lvbench/videos_processed/hjoDzK0siaM/frames/frame_0014.jpg, /mnt/ssd/data/lvbench/videos_processed/hjoDzK0siaM/frames/frame_0015.jpg, /mnt/ssd/data/lvbench/videos_processed/hjoDzK0siaM/frames/frame_0016.jpg\nVLM Response: Based on the analysis of the provided frames:\n\n1.  **A person walking forward holding a sign**: Yes, starting from Frame 6, a person (appears to be an official or announcer) is walking forward on the pink gymnastics floor, holding a rectangular pink sign above their head.\n\n2.  **What text is visible on the sign**: The text clearly visible on the sign in Frames 6 through 16 is **"Floor"**.\n\n3.  **Whether the person is in a gymnastics/Olympic setting**: Yes, the setting is unmistakably the London 2012 Olympics gymnastics arena. This is evident from the pink competition floor, the "London 2012" and Olympic rings logos on the walls and equipment, the presence of gymnasts in team tracksuits, and the overall arena structure.\n\n4.  **Whether the sign is held in a way that makes text readable**: Yes, the sign is held high and oriented directly towards the camera/audience, making the text "Floor" clearly legible in multiple frames (especially 6-16).\n\n**Conclusion:**\n\nThe sign says **"Floor"**.\n\nLooking at the answer choices:\n*   A. Floor\n*   B. Flyer\n*   C. Flood\n*   D. Fool\n\nThe correct answer is **A. Floor**.\n\nThe given answer \'0\' is indeed invalid. The actual text on the sign matches option **A**.\n'], 'condensed_response': '**Scene Summary (Frames\u202f6‑16)**  \n\nA single individual – likely an official or announcer – enters the view in frame\u202f6 and walks forward across the pink Olympic gymnastics floor. He holds a rectangular pink sign aloft, positioned directly toward the camera so the text is consistently legible throughout frames\u202f6‑16. The sign reads **“Floor.”**  \n\nThe setting is unmistakably the London\u202f2012 Olympic gymnastics arena: pink competition mats, visible “London\u202f2012” branding and Olympic rings on the walls, and other gymnasts in team tracksuits moving in the background. No other characters interact with the sign‑holder; the focus remains on his forward motion and the clear display of the word “Floor.”  \n\n**Answer:** The sign says **“Floor,”** matching choice\u202fA.', 'failed_images': []}
Followup prompt: 
Critically assess whether the VLM verification supports the given answer by evaluating each criterion.

VLM Verification Results:
{'batched_responses': [{'batch_start': 0, 'batch_end': 16, 'image_paths': ['/mnt/ssd/data/lvbench/videos_processed/hjoDzK0siaM/frames/frame_0001.jpg', '/mnt/ssd/data/lvbench/videos_processed/hjoDzK0siaM/frames/frame_0002.jpg', '/mnt/ssd/data/lvbench/videos_processed/hjoDzK0siaM/frames/frame_0003.jpg', '/mnt/ssd/data/lvbench/videos_processed/hjoDzK0siaM/frames/frame_0004.jpg', '/mnt/ssd/data/lvbench/videos_processed/hjoDzK0siaM/frames/frame_0005.jpg', '/mnt/ssd/data/lvbench/videos_processed/hjoDzK0siaM/frames/frame_0006.jpg', '/mnt/ssd/data/lvbench/videos_processed/hjoDzK0siaM/frames/frame_0007.jpg', '/mnt/ssd/data/lvbench/videos_processed/hjoDzK0siaM/frames/frame_0008.jpg', '/mnt/ssd/data/lvbench/videos_processed/hjoDzK0siaM/frames/frame_0009.jpg', '/mnt/ssd/data/lvbench/videos_processed/hjoDzK0siaM/frames/frame_0010.jpg', '/mnt/ssd/data/lvbench/videos_processed/hjoDzK0siaM/frames/frame_0011.jpg', '/mnt/ssd/data/lvbench/videos_processed/hjoDzK0siaM/frames/frame_0012.jpg', '/mnt/ssd/data/lvbench/videos_processed/hjoDzK0siaM/frames/frame_0013.jpg', '/mnt/ssd/data/lvbench/videos_processed/hjoDzK0siaM/frames/frame_0014.jpg', '/mnt/ssd/data/lvbench/videos_processed/hjoDzK0siaM/frames/frame_0015.jpg', '/mnt/ssd/data/lvbench/videos_processed/hjoDzK0siaM/frames/frame_0016.jpg'], 'response': 'Based on the analysis of the provided frames:\n\n1.  **A person walking forward holding a sign**: Yes, starting from Frame 6, a person (appears to be an official or announcer) is walking forward on the pink gymnastics floor, holding a rectangular pink sign above their head.\n\n2.  **What text is visible on the sign**: The text clearly visible on the sign in Frames 6 through 16 is **"Floor"**.\n\n3.  **Whether the person is in a gymnastics/Olympic setting**: Yes, the setting is unmistakably the London 2012 Olympics gymnastics arena. This is evident from the pink competition floor, the "London 2012" and Olympic rings logos on the walls and equipment, the presence of gymnasts in team tracksuits, and the overall arena structure.\n\n4.  **Whether the sign is held in a way that makes text readable**: Yes, the sign is held high and oriented directly towards the camera/audience, making the text "Floor" clearly legible in multiple frames (especially 6-16).\n\n**Conclusion:**\n\nThe sign says **"Floor"**.\n\nLooking at the answer choices:\n*   A. Floor\n*   B. Flyer\n*   C. Flood\n*   D. Fool\n\nThe correct answer is **A. Floor**.\n\nThe given answer \'0\' is indeed invalid. The actual text on the sign matches option **A**.'}], 'formatted_responses': ['\n=== Batch 0-16 (16 frames) ===\nFrames: /mnt/ssd/data/lvbench/videos_processed/hjoDzK0siaM/frames/frame_0001.jpg, /mnt/ssd/data/lvbench/videos_processed/hjoDzK0siaM/frames/frame_0002.jpg, /mnt/ssd/data/lvbench/videos_processed/hjoDzK0siaM/frames/frame_0003.jpg, /mnt/ssd/data/lvbench/videos_processed/hjoDzK0siaM/frames/frame_0004.jpg, /mnt/ssd/data/lvbench/videos_processed/hjoDzK0siaM/frames/frame_0005.jpg, /mnt/ssd/data/lvbench/videos_processed/hjoDzK0siaM/frames/frame_0006.jpg, /mnt/ssd/data/lvbench/videos_processed/hjoDzK0siaM/frames/frame_0007.jpg, /mnt/ssd/data/lvbench/videos_processed/hjoDzK0siaM/frames/frame_0008.jpg, /mnt/ssd/data/lvbench/videos_processed/hjoDzK0siaM/frames/frame_0009.jpg, /mnt/ssd/data/lvbench/videos_processed/hjoDzK0siaM/frames/frame_0010.jpg, /mnt/ssd/data/lvbench/videos_processed/hjoDzK0siaM/frames/frame_0011.jpg, /mnt/ssd/data/lvbench/videos_processed/hjoDzK0siaM/frames/frame_0012.jpg, /mnt/ssd/data/lvbench/videos_processed/hjoDzK0siaM/frames/frame_0013.jpg, /mnt/ssd/data/lvbench/videos_processed/hjoDzK0siaM/frames/frame_0014.jpg, /mnt/ssd/data/lvbench/videos_processed/hjoDzK0siaM/frames/frame_0015.jpg, /mnt/ssd/data/lvbench/videos_processed/hjoDzK0siaM/frames/frame_0016.jpg\nVLM Response: Based on the analysis of the provided frames:\n\n1.  **A person walking forward holding a sign**: Yes, starting from Frame 6, a person (appears to be an official or announcer) is walking forward on the pink gymnastics floor, holding a rectangular pink sign above their head.\n\n2.  **What text is visible on the sign**: The text clearly visible on the sign in Frames 6 through 16 is **"Floor"**.\n\n3.  **Whether the person is in a gymnastics/Olympic setting**: Yes, the setting is unmistakably the London 2012 Olympics gymnastics arena. This is evident from the pink competition floor, the "London 2012" and Olympic rings logos on the walls and equipment, the presence of gymnasts in team tracksuits, and the overall arena structure.\n\n4.  **Whether the sign is held in a way that makes text readable**: Yes, the sign is held high and oriented directly towards the camera/audience, making the text "Floor" clearly legible in multiple frames (especially 6-16).\n\n**Conclusion:**\n\nThe sign says **"Floor"**.\n\nLooking at the answer choices:\n*   A. Floor\n*   B. Flyer\n*   C. Flood\n*   D. Fool\n\nThe correct answer is **A. Floor**.\n\nThe given answer \'0\' is indeed invalid. The actual text on the sign matches option **A**.\n'], 'condensed_response': '**Scene Summary (Frames\u202f6‑16)**  \n\nA single individual – likely an official or announcer – enters the view in frame\u202f6 and walks forward across the pink Olympic gymnastics floor. He holds a rectangular pink sign aloft, positioned directly toward the camera so the text is consistently legible throughout frames\u202f6‑16. The sign reads **“Floor.”**  \n\nThe setting is unmistakably the London\u202f2012 Olympic gymnastics arena: pink competition mats, visible “London\u202f2012” branding and Olympic rings on the walls, and other gymnasts in team tracksuits moving in the background. No other characters interact with the sign‑holder; the focus remains on his forward motion and the clear display of the word “Floor.”  \n\n**Answer:** The sign says **“Floor,”** matching choice\u202fA.', 'failed_images': []}

Question Being Answered: The video begins with a person walking forward while holding a sign. What does the sign say?

Answer Choices:
A. Floor
B. Flyer
C. Flood
D. Fool

Given Answer: 0
Evidence Frames Used: ['frames/frame_0006.jpg', 'frames/frame_0007.jpg', 'frames/frame_0008.jpg', 'frames/frame_0009.jpg', 'frames/frame_0010.jpg', 'frames/frame_0011.jpg']

Character/Event/Scene logs: ================================================================================
CHARACTER, EVENT, AND SCENE LOGS
================================================================================

CHARACTERS:
Ksenia Afanaseva: A young female gymnast with blonde hair, wearing a red and white leotard with blue accents.
Jordyn Wieber: A young female gymnast with brown hair, wearing a blue leotard with white and red accents.
Alexandra Raisman: A young female gymnast with dark hair, wearing a blue leotard with white and red accents.
Catalina Ponor: A young female gymnast with dark hair, wearing a black leotard with silver embellishments.
Lauren Mitchell: A young female gymnast with blonde hair, wearing a pink leotard with black accents.
Vanessa Ferrari: A young female gymnast with brown hair, wearing a blue leotard with pink and purple accents.
Aliya Mustafina: A young female gymnast with dark hair, wearing a red and white leotard.

SCENES:
Gymnastics Arena: A large indoor arena with a pink floor and white Olympic rings, surrounded by a crowd of spectators in the stands. [Frame 1-2268]
Tunnel or Passageway: A dark passageway leading to the gymnastics arena. [Frame 3]
Judges' Table: A long black table with judges seated behind it. [Frame 63-64]
Locker Room or Backstage Area: A room with pink carpeting and pink walls with white text that reads "LONDON 2012" and the Olympic rings. [Frame 1837]

EVENTS:
Gymnastics Competition: Female gymnasts competing in various events, including floor exercise and balance beam. [Frame 1-2268]
 Medal Ceremony: A ceremony where medals are awarded to the top gymnasts. [Frame 2098-2106]
Gymnasts Walking on Pink Carpet: Gymnasts walking on a pink carpeted floor or hallway. [Frame 1-20, 151-156, 2190-2195]
Gymnasts Performing Routines: Gymnasts performing their routines on the floor exercise mat or balance beam. [Frame 18-2268]
Scoreboard Display: A scoreboard displaying the results of the gymnastics competition. [Frame 2233-2265]
Gymnasts Being Interviewed: Gymnasts being interviewed by camera crews or journalists. [Frame 2123-2127, 2179-2180]
Gymnasts Hugging or Congratulating Each Other: Gymnasts hugging or congratulating each other after their routines. [Frame 77-85, 104-105, 1761-1766]

================================================================================
Generated at: 2026-01-11 21:48:31
================================================================================



QUESTION-BASED CRITERIA:
  Q1. Video frame shows the very beginning of the video
  Q2. Person is visible walking forward
  Q3. Person is holding a sign
  Q4. Sign contains text that can be read
  Q5. Person is in a gymnastics arena or related Olympic setting
  Q6. Sign is held in a way that makes text visible to camera


CRITICAL ASSESSMENT TASK:
For EACH criterion listed above, determine whether it PASSES or FAILS based ONLY on what the VLM actually reports seeing in the frames.

- PASS: The VLM results clearly confirm this criterion is satisfied in the frames
- FAIL: The VLM results indicate this criterion is NOT satisfied, or there is insufficient evidence

CONFIDENCE CALCULATION RULES:
1. Count how many criteria pass (criteria_percentage = criteria_passed / 6)
2. Calculate base_confidence = criteria_percentage * 100
3. ⚠️ If ANY answer-specific criterion (A1, A2, etc.) FAILS, set confidence = min(50, base_confidence)

⚠️ CRITICAL: There is ALWAYS a correct answer among the choices provided. If all answers seem slightly off or imperfect, you MUST choose the BEST possible answer that most closely matches the evidence.

CRITIC ANSWER CHOICE DECISION:
4. After evaluating criteria, if criteria_percentage > 0.5 (>50% of criteria pass):
   - Review ALL answer choices (A, B, C, D, etc.)
   - Based ONLY on the VLM visual evidence, determine which answer choice is MOST correct
   - Output your critic_answer_choice as a NUMBER (0=A, 1=B, 2=C, 3=D)
5. If criteria_percentage ≤ 0.5 (≤50% of criteria pass):
   - STILL do your best to pick out a correct answer, but also set suggestion to "These may not be the right frames/scene. Continue searching for better evidence."
   - output your best guess of the answer as a number (0=A, 1=B, 2=C, 3=D, 4=E)

Return ONLY this JSON:
{
    "criteria_results": [
        {"criterion": "criterion text", "criterion_type": "QUESTION or ANSWER", "status": "PASS or FAIL", "reasoning": "brief explanation"},
        ...
    ],
    "question_criteria_passed": <number of question criteria that passed>,
    "answer_criteria_passed": <number of answer criteria that passed>,
    "answer_criteria_total": 0,
    "criteria_passed": <number of question criteria that passed>,
    "criteria_total": 6,
    "criteria_percentage": <criteria_passed / 6>,
    "base_confidence": <(criteria_passed / 6) * 100>,
    "confidence": <base_confidence OR 50 if any answer criterion failed>,
    "critic_answer_choice": <NUMBER: 0=A, 1=B, 2=C, 3=D, 4=E>,
    "critic_reasoning": "<Brief explanation of why you chose this answer based on VLM evidence>",
    "possible_errors": [
        <List specific criteria that failed or issues found>
    ],
    "suggestion": <"These may not be the right frames" if ≤50%, otherwise null or specific improvement>
}

IMPORTANT RULES:
- Evaluate EACH criterion independently based on VLM results
- Mark criterion as PASS only if VLM clearly confirms it
- Mark criterion as FAIL if not confirmed or contradicted
- If ANY answer-specific criterion fails, confidence MUST be ≤50%
- Base evaluation ONLY on VLM verification results, not speculation
- Only list errors for criteria that actually failed
- Return ONLY valid JSON

Critical assessment response: ```json
{
    "criteria_results": [
        {"criterion": "Video frame shows the very beginning of the video", "criterion_type": "QUESTION", "status": "FAIL", "reasoning": "VLM analyzed frames 6-16, not the very beginning (frames 1-5)"},
        {"criterion": "Person is visible walking forward", "criterion_type": "QUESTION", "status": "PASS", "reasoning": "VLM confirms 'a person walking forward' starting from frame 6"},
        {"criterion": "Person is holding a sign", "criterion_type": "QUESTION", "status": "PASS", "reasoning": "VLM confirms 'holding a rectangular pink sign above their head'"},
        {"criterion": "Sign contains text that can be read", "criterion_type": "QUESTION", "status": "PASS", "reasoning": "VLM confirms text 'clearly visible' and 'legible' saying 'Floor'"},
        {"criterion": "Person is in a gymnastics arena or related Olympic setting", "criterion_type": "QUESTION", "status": "PASS", "reasoning": "VLM confirms 'unmistakably the London 2012 Olympics gymnastics arena'"},
        {"criterion": "Sign is held in a way that makes text visible to camera", "criterion_type": "QUESTION", "status": "PASS", "reasoning": "VLM confirms sign 'oriented directly towards the camera/audience' making text 'clearly legible'"}
    ],
    "question_criteria_passed": 5,
    "answer_criteria_passed": 0,
    "answer_criteria_total": 0,
    "criteria_passed": 5,
    "criteria_total": 6,
    "criteria_percentage": 0.833,
    "base_confidence": 83.3,
    "confidence": 83.3,
    "critic_answer_choice": 0,
    "critic_reasoning": "VLM clearly identifies the text on the sign as 'Floor' across multiple frames (6-16), which directly matches answer choice A",
    "possible_errors": [
        "Missing analysis of the very beginning frames (1-5) where the sign might first appear"
    ],
    "suggestion": null
}
```
Critical assessment data: {'criteria_results': [{'criterion': 'Video frame shows the very beginning of the video', 'criterion_type': 'QUESTION', 'status': 'FAIL', 'reasoning': 'VLM analyzed frames 6-16, not the very beginning (frames 1-5)'}, {'criterion': 'Person is visible walking forward', 'criterion_type': 'QUESTION', 'status': 'PASS', 'reasoning': "VLM confirms 'a person walking forward' starting from frame 6"}, {'criterion': 'Person is holding a sign', 'criterion_type': 'QUESTION', 'status': 'PASS', 'reasoning': "VLM confirms 'holding a rectangular pink sign above their head'"}, {'criterion': 'Sign contains text that can be read', 'criterion_type': 'QUESTION', 'status': 'PASS', 'reasoning': "VLM confirms text 'clearly visible' and 'legible' saying 'Floor'"}, {'criterion': 'Person is in a gymnastics arena or related Olympic setting', 'criterion_type': 'QUESTION', 'status': 'PASS', 'reasoning': "VLM confirms 'unmistakably the London 2012 Olympics gymnastics arena'"}, {'criterion': 'Sign is held in a way that makes text visible to camera', 'criterion_type': 'QUESTION', 'status': 'PASS', 'reasoning': "VLM confirms sign 'oriented directly towards the camera/audience' making text 'clearly legible'"}], 'question_criteria_passed': 5, 'answer_criteria_passed': 0, 'answer_criteria_total': 0, 'criteria_passed': 5, 'criteria_total': 6, 'criteria_percentage': 0.833, 'base_confidence': 83.3, 'confidence': 83.3, 'critic_answer_choice': 0, 'critic_reasoning': "VLM clearly identifies the text on the sign as 'Floor' across multiple frames (6-16), which directly matches answer choice A", 'possible_errors': ['Missing analysis of the very beginning frames (1-5) where the sign might first appear'], 'suggestion': None}
