Critic initial response: {
    "tool": "VLM_QUERY",
    "frames": ["frames/frame_0306.jpg", "frames/frame_0307.jpg", "frames/frame_0308.jpg", "frames/frame_0309.jpg", "frames/frame_0310.jpg", "frames/frame_0311.jpg", "frames/frame_0312.jpg", "frames/frame_0313.jpg", "frames/frame_0314.jpg", "frames/frame_0315.jpg", "frames/frame_0316.jpg"],
    "prompt": "Analyze these frames to verify if the answer '0' (which corresponds to 'On a bowl') is correct for the question: 'Where is the blue fairy?' \n\nCheck each verification criterion:\n1. Is there a fairy character with blue coloration (body, wings, or clothing)?\n2. Is the fairy positioned on or in contact with an object?\n3. Is the object identifiable as a bowl, hat, pot, or wheel?\n4. Is there a clear spatial relationship showing the fairy 'on' the object?\n\nPay attention to the specific evidence frame (frame_0311.jpg) and the surrounding context frames to understand the temporal sequence and verify the spatial relationship."
}
Frames to verify: ['frames/frame_0306.jpg', 'frames/frame_0307.jpg', 'frames/frame_0308.jpg', 'frames/frame_0309.jpg', 'frames/frame_0310.jpg', 'frames/frame_0311.jpg', 'frames/frame_0312.jpg', 'frames/frame_0313.jpg', 'frames/frame_0314.jpg', 'frames/frame_0315.jpg', 'frames/frame_0316.jpg']
VLM Prompt: Video context: Based on the provided SET of frame-by-frame captions data for a long video, I have generated a global summary that depicts the main characters, setting, plot line, vibes, and general details.

**Main Characters:**

1. A young girl with pink or purple hair, often depicted in various scenarios, including flying, standing in a cave, or interacting with other characters.
2. A green frog-like character, often wearing a purple shirt and hat, who appears to be a main protagonist.
3. A large, anthropomorphic owl with a blue hat, who is a recurring character throughout the video.
4. Other various cartoon characters, including fairies, creatures, and animals, who appear in different scenes.

**Setting:**

The video is set in a fantastical world with diverse environments, including:
1. Forests with yellow and orange foliage.
2. Caves and rocky landscapes.
3. Fantastical landscapes with rolling hills, flowers, and trees.
4. Indoor settings, such as libraries, kitchens, and bedrooms.
5. Winter landscapes with snow-covered trees and mountains.

**Plot Line:**

The video appears to be a collection of unrelated scenes and storylines, possibly from an animated television series or film. The narrative is not linear, and the scenes jump between different characters and settings. However, some common themes and motifs emerge, such as:
1. The adventures of the young girl with pink or purple hair and her interactions with other characters.
2. The green frog-like character's journey through various environments.
3. The large owl's appearances in different scenarios, often interacting with other characters.

**Vibes:**

The overall vibe of the video is whimsical, fantastical, and playful, with a focus on colorful and imaginative storytelling. The use of bright colors, vibrant landscapes, and anthropomorphic characters creates a sense of wonder and enchantment.

**General Details:**

1. The video features a mix of 2D animation and possibly some 3D elements.
2. The color palette is predominantly bright and vibrant, with a focus on yellows, blues, and purples.
3. The video includes a range of fantastical creatures, including fairies, dragons, and anthropomorphic animals.
4. The narrative is non-linear, with scenes jumping between different characters and storylines.
5. The video appears to be a collection of episodes or segments from a larger work, possibly an animated television series or film.

Overall, the video is a visually engaging and imaginative collection of scenes and storylines that showcase a range of fantastical characters and environments.

Analyze these frames to verify if the answer '0' (which corresponds to 'On a bowl') is correct for the question: 'Where is the blue fairy?' 

Check each verification criterion:
1. Is there a fairy character with blue coloration (body, wings, or clothing)?
2. Is the fairy positioned on or in contact with an object?
3. Is the object identifiable as a bowl, hat, pot, or wheel?
4. Is there a clear spatial relationship showing the fairy 'on' the object?

Pay attention to the specific evidence frame (frame_0311.jpg) and the surrounding context frames to understand the temporal sequence and verify the spatial relationship.
VLM response: {'batched_responses': [{'batch_start': 0, 'batch_end': 11, 'image_paths': ['/mnt/ssd/data/lvbench/videos_processed/SRq0weUKskM/frames/frame_0306.jpg', '/mnt/ssd/data/lvbench/videos_processed/SRq0weUKskM/frames/frame_0307.jpg', '/mnt/ssd/data/lvbench/videos_processed/SRq0weUKskM/frames/frame_0308.jpg', '/mnt/ssd/data/lvbench/videos_processed/SRq0weUKskM/frames/frame_0309.jpg', '/mnt/ssd/data/lvbench/videos_processed/SRq0weUKskM/frames/frame_0310.jpg', '/mnt/ssd/data/lvbench/videos_processed/SRq0weUKskM/frames/frame_0311.jpg', '/mnt/ssd/data/lvbench/videos_processed/SRq0weUKskM/frames/frame_0312.jpg', '/mnt/ssd/data/lvbench/videos_processed/SRq0weUKskM/frames/frame_0313.jpg', '/mnt/ssd/data/lvbench/videos_processed/SRq0weUKskM/frames/frame_0314.jpg', '/mnt/ssd/data/lvbench/videos_processed/SRq0weUKskM/frames/frame_0315.jpg', '/mnt/ssd/data/lvbench/videos_processed/SRq0weUKskM/frames/frame_0316.jpg'], 'response': "Let’s analyze the frames to verify if the answer ‘0’ (‘On a bowl’) is correct for the question ‘Where is the blue fairy?’, using the four verification criteria.\n\n---\n\n**1. Is there a fairy character with blue coloration (body, wings, or clothing)?**\n\n- In **frame_0307**, a small fairy with **blue wings and a blue body** is visible on the right side of the frame, perched on the rim of a large yellow object.\n- This fairy appears again in **frame_0308** and **frame_0309**, still on the same object.\n- In **frame_0310** and **frame_0311**, the blue fairy is partially visible on the far right, nestled among fruit and foliage, still in proximity to the same yellow object.\n- **Conclusion**: ✅ Yes, there is a blue fairy (blue wings/body) present in multiple frames.\n\n---\n\n**2. Is the fairy positioned on or in contact with an object?**\n\n- In **frame_0307**, the blue fairy is clearly **standing on the rim** of a large, yellow, rounded object.\n- In **frame_0308**, it remains on the same object, slightly more centered.\n- In **frame_0309**, it’s still in contact with the object, now partially obscured by fruit.\n- In **frame_0310** and **frame_0311**, it’s still visible on the right edge, touching the object.\n- **Conclusion**: ✅ Yes, the fairy is consistently in contact with an object.\n\n---\n\n**3. Is the object identifiable as a bowl, hat, pot, or wheel?**\n\n- The object is **large, yellow, rounded, and open at the top**, filled with fruit and flowers.\n- It has a **distinct rim** and **curved sides**, consistent with a **bowl** or basket.\n- In **frame_0307**, the object is clearly a **bowl-shaped container** holding fruit.\n- It is not a hat (no headwear shape), not a pot (no handle or base for cooking), not a wheel (not circular in the sense of rotation).\n- **Conclusion**: ✅ Yes, the object is clearly identifiable as a **bowl**.\n\n---\n\n**4. Is there a clear spatial relationship showing the fairy 'on' the object?**\n\n- In **frame_0307**, the fairy is **standing on the rim** of the bowl — feet in contact with the edge, body upright.\n- In **frame_0308**, same position — clearly “on” the bowl.\n- In **frame_0309**, still on the rim, now slightly behind fruit.\n- In **frame_0310** and **frame_0311**, the fairy is **still on the bowl**, though partially obscured — its wings and body are visible extending from the bowl’s edge.\n- **Conclusion**: ✅ Yes, the spatial relationship clearly shows the fairy “on” the bowl across multiple frames.\n\n---\n\n### Final Assessment:\n\nAll four verification criteria are **satisfied**:\n\n- ✅ Blue fairy present.\n- ✅ Fairy in contact with object.\n- ✅ Object is a bowl.\n- ✅ Clear “on” spatial relationship.\n\n---\n\n### ✅ Therefore, the answer ‘0’ (‘On a bowl’) is **CORRECT**."}], 'formatted_responses': ["\n=== Batch 0-11 (11 frames) ===\nFrames: /mnt/ssd/data/lvbench/videos_processed/SRq0weUKskM/frames/frame_0306.jpg, /mnt/ssd/data/lvbench/videos_processed/SRq0weUKskM/frames/frame_0307.jpg, /mnt/ssd/data/lvbench/videos_processed/SRq0weUKskM/frames/frame_0308.jpg, /mnt/ssd/data/lvbench/videos_processed/SRq0weUKskM/frames/frame_0309.jpg, /mnt/ssd/data/lvbench/videos_processed/SRq0weUKskM/frames/frame_0310.jpg, /mnt/ssd/data/lvbench/videos_processed/SRq0weUKskM/frames/frame_0311.jpg, /mnt/ssd/data/lvbench/videos_processed/SRq0weUKskM/frames/frame_0312.jpg, /mnt/ssd/data/lvbench/videos_processed/SRq0weUKskM/frames/frame_0313.jpg, /mnt/ssd/data/lvbench/videos_processed/SRq0weUKskM/frames/frame_0314.jpg, /mnt/ssd/data/lvbench/videos_processed/SRq0weUKskM/frames/frame_0315.jpg, /mnt/ssd/data/lvbench/videos_processed/SRq0weUKskM/frames/frame_0316.jpg\nVLM Response: Let’s analyze the frames to verify if the answer ‘0’ (‘On a bowl’) is correct for the question ‘Where is the blue fairy?’, using the four verification criteria.\n\n---\n\n**1. Is there a fairy character with blue coloration (body, wings, or clothing)?**\n\n- In **frame_0307**, a small fairy with **blue wings and a blue body** is visible on the right side of the frame, perched on the rim of a large yellow object.\n- This fairy appears again in **frame_0308** and **frame_0309**, still on the same object.\n- In **frame_0310** and **frame_0311**, the blue fairy is partially visible on the far right, nestled among fruit and foliage, still in proximity to the same yellow object.\n- **Conclusion**: ✅ Yes, there is a blue fairy (blue wings/body) present in multiple frames.\n\n---\n\n**2. Is the fairy positioned on or in contact with an object?**\n\n- In **frame_0307**, the blue fairy is clearly **standing on the rim** of a large, yellow, rounded object.\n- In **frame_0308**, it remains on the same object, slightly more centered.\n- In **frame_0309**, it’s still in contact with the object, now partially obscured by fruit.\n- In **frame_0310** and **frame_0311**, it’s still visible on the right edge, touching the object.\n- **Conclusion**: ✅ Yes, the fairy is consistently in contact with an object.\n\n---\n\n**3. Is the object identifiable as a bowl, hat, pot, or wheel?**\n\n- The object is **large, yellow, rounded, and open at the top**, filled with fruit and flowers.\n- It has a **distinct rim** and **curved sides**, consistent with a **bowl** or basket.\n- In **frame_0307**, the object is clearly a **bowl-shaped container** holding fruit.\n- It is not a hat (no headwear shape), not a pot (no handle or base for cooking), not a wheel (not circular in the sense of rotation).\n- **Conclusion**: ✅ Yes, the object is clearly identifiable as a **bowl**.\n\n---\n\n**4. Is there a clear spatial relationship showing the fairy 'on' the object?**\n\n- In **frame_0307**, the fairy is **standing on the rim** of the bowl — feet in contact with the edge, body upright.\n- In **frame_0308**, same position — clearly “on” the bowl.\n- In **frame_0309**, still on the rim, now slightly behind fruit.\n- In **frame_0310** and **frame_0311**, the fairy is **still on the bowl**, though partially obscured — its wings and body are visible extending from the bowl’s edge.\n- **Conclusion**: ✅ Yes, the spatial relationship clearly shows the fairy “on” the bowl across multiple frames.\n\n---\n\n### Final Assessment:\n\nAll four verification criteria are **satisfied**:\n\n- ✅ Blue fairy present.\n- ✅ Fairy in contact with object.\n- ✅ Object is a bowl.\n- ✅ Clear “on” spatial relationship.\n\n---\n\n### ✅ Therefore, the answer ‘0’ (‘On a bowl’) is **CORRECT**.\n"], 'condensed_response': '**Scene Summary – Frames 0306‑0316 (Blue Fairy)**  \n\n| Frame | Visual cue & fairy position | Object | Relation |\n|-------|----------------------------|--------|----------|\n| **0307** | Small fairy with **blue body & wings** appears on the **right‑hand rim** of a large yellow container. | Yellow, rounded, open‑top container (looks like a **bowl**) filled with fruit/flowers. | Fairy is **standing on** the bowl’s edge. |\n| **0308** | Same fairy, now slightly more centered but still on the rim. | Same bowl. | Continued “on‑bowl” contact. |\n| **0309** | Fairy partially hidden by fruit, still perched on the rim. | Bowl remains visible. | “On” relationship intact. |\n| **0310‑0311** | Fairy’s silhouette shows wings and body extending from the right edge; only a portion is visible due to foliage. | Bowl still present, rim discernible. | Fairy remains **on** the bowl despite occlusion. |\n| **0306, 0312‑0316** | No additional fairy appearances; background remains consistent with the bowl and surrounding fruit/foliage. | — | — |\n\n**Key Points**\n\n- **Blue fairy detection:** Confirmed in frames 0307‑0311 (blue coloration on body and wings).  \n- **Object identification:** The yellow, rounded, open‑top container matches a **bowl** (not a hat, pot, or wheel).  \n- **Spatial relationship:** Across all frames where the fairy is visible, its feet (or lower body) contact the bowl’s rim, establishing a clear “on” relationship.  \n\n**Conclusion**\n\nThe visual evidence across frames 0307‑0311 satisfies all verification criteria: a blue fairy, contact with an identifiable bowl, and a consistent “on‑bowl” spatial relationship. Therefore, the answer **‘0 – On a bowl’** is **correct**.', 'failed_images': []}
Followup prompt: 
Critically assess whether the VLM verification supports the given answer by evaluating each criterion.

VLM Verification Results:
{'batched_responses': [{'batch_start': 0, 'batch_end': 11, 'image_paths': ['/mnt/ssd/data/lvbench/videos_processed/SRq0weUKskM/frames/frame_0306.jpg', '/mnt/ssd/data/lvbench/videos_processed/SRq0weUKskM/frames/frame_0307.jpg', '/mnt/ssd/data/lvbench/videos_processed/SRq0weUKskM/frames/frame_0308.jpg', '/mnt/ssd/data/lvbench/videos_processed/SRq0weUKskM/frames/frame_0309.jpg', '/mnt/ssd/data/lvbench/videos_processed/SRq0weUKskM/frames/frame_0310.jpg', '/mnt/ssd/data/lvbench/videos_processed/SRq0weUKskM/frames/frame_0311.jpg', '/mnt/ssd/data/lvbench/videos_processed/SRq0weUKskM/frames/frame_0312.jpg', '/mnt/ssd/data/lvbench/videos_processed/SRq0weUKskM/frames/frame_0313.jpg', '/mnt/ssd/data/lvbench/videos_processed/SRq0weUKskM/frames/frame_0314.jpg', '/mnt/ssd/data/lvbench/videos_processed/SRq0weUKskM/frames/frame_0315.jpg', '/mnt/ssd/data/lvbench/videos_processed/SRq0weUKskM/frames/frame_0316.jpg'], 'response': "Let’s analyze the frames to verify if the answer ‘0’ (‘On a bowl’) is correct for the question ‘Where is the blue fairy?’, using the four verification criteria.\n\n---\n\n**1. Is there a fairy character with blue coloration (body, wings, or clothing)?**\n\n- In **frame_0307**, a small fairy with **blue wings and a blue body** is visible on the right side of the frame, perched on the rim of a large yellow object.\n- This fairy appears again in **frame_0308** and **frame_0309**, still on the same object.\n- In **frame_0310** and **frame_0311**, the blue fairy is partially visible on the far right, nestled among fruit and foliage, still in proximity to the same yellow object.\n- **Conclusion**: ✅ Yes, there is a blue fairy (blue wings/body) present in multiple frames.\n\n---\n\n**2. Is the fairy positioned on or in contact with an object?**\n\n- In **frame_0307**, the blue fairy is clearly **standing on the rim** of a large, yellow, rounded object.\n- In **frame_0308**, it remains on the same object, slightly more centered.\n- In **frame_0309**, it’s still in contact with the object, now partially obscured by fruit.\n- In **frame_0310** and **frame_0311**, it’s still visible on the right edge, touching the object.\n- **Conclusion**: ✅ Yes, the fairy is consistently in contact with an object.\n\n---\n\n**3. Is the object identifiable as a bowl, hat, pot, or wheel?**\n\n- The object is **large, yellow, rounded, and open at the top**, filled with fruit and flowers.\n- It has a **distinct rim** and **curved sides**, consistent with a **bowl** or basket.\n- In **frame_0307**, the object is clearly a **bowl-shaped container** holding fruit.\n- It is not a hat (no headwear shape), not a pot (no handle or base for cooking), not a wheel (not circular in the sense of rotation).\n- **Conclusion**: ✅ Yes, the object is clearly identifiable as a **bowl**.\n\n---\n\n**4. Is there a clear spatial relationship showing the fairy 'on' the object?**\n\n- In **frame_0307**, the fairy is **standing on the rim** of the bowl — feet in contact with the edge, body upright.\n- In **frame_0308**, same position — clearly “on” the bowl.\n- In **frame_0309**, still on the rim, now slightly behind fruit.\n- In **frame_0310** and **frame_0311**, the fairy is **still on the bowl**, though partially obscured — its wings and body are visible extending from the bowl’s edge.\n- **Conclusion**: ✅ Yes, the spatial relationship clearly shows the fairy “on” the bowl across multiple frames.\n\n---\n\n### Final Assessment:\n\nAll four verification criteria are **satisfied**:\n\n- ✅ Blue fairy present.\n- ✅ Fairy in contact with object.\n- ✅ Object is a bowl.\n- ✅ Clear “on” spatial relationship.\n\n---\n\n### ✅ Therefore, the answer ‘0’ (‘On a bowl’) is **CORRECT**."}], 'formatted_responses': ["\n=== Batch 0-11 (11 frames) ===\nFrames: /mnt/ssd/data/lvbench/videos_processed/SRq0weUKskM/frames/frame_0306.jpg, /mnt/ssd/data/lvbench/videos_processed/SRq0weUKskM/frames/frame_0307.jpg, /mnt/ssd/data/lvbench/videos_processed/SRq0weUKskM/frames/frame_0308.jpg, /mnt/ssd/data/lvbench/videos_processed/SRq0weUKskM/frames/frame_0309.jpg, /mnt/ssd/data/lvbench/videos_processed/SRq0weUKskM/frames/frame_0310.jpg, /mnt/ssd/data/lvbench/videos_processed/SRq0weUKskM/frames/frame_0311.jpg, /mnt/ssd/data/lvbench/videos_processed/SRq0weUKskM/frames/frame_0312.jpg, /mnt/ssd/data/lvbench/videos_processed/SRq0weUKskM/frames/frame_0313.jpg, /mnt/ssd/data/lvbench/videos_processed/SRq0weUKskM/frames/frame_0314.jpg, /mnt/ssd/data/lvbench/videos_processed/SRq0weUKskM/frames/frame_0315.jpg, /mnt/ssd/data/lvbench/videos_processed/SRq0weUKskM/frames/frame_0316.jpg\nVLM Response: Let’s analyze the frames to verify if the answer ‘0’ (‘On a bowl’) is correct for the question ‘Where is the blue fairy?’, using the four verification criteria.\n\n---\n\n**1. Is there a fairy character with blue coloration (body, wings, or clothing)?**\n\n- In **frame_0307**, a small fairy with **blue wings and a blue body** is visible on the right side of the frame, perched on the rim of a large yellow object.\n- This fairy appears again in **frame_0308** and **frame_0309**, still on the same object.\n- In **frame_0310** and **frame_0311**, the blue fairy is partially visible on the far right, nestled among fruit and foliage, still in proximity to the same yellow object.\n- **Conclusion**: ✅ Yes, there is a blue fairy (blue wings/body) present in multiple frames.\n\n---\n\n**2. Is the fairy positioned on or in contact with an object?**\n\n- In **frame_0307**, the blue fairy is clearly **standing on the rim** of a large, yellow, rounded object.\n- In **frame_0308**, it remains on the same object, slightly more centered.\n- In **frame_0309**, it’s still in contact with the object, now partially obscured by fruit.\n- In **frame_0310** and **frame_0311**, it’s still visible on the right edge, touching the object.\n- **Conclusion**: ✅ Yes, the fairy is consistently in contact with an object.\n\n---\n\n**3. Is the object identifiable as a bowl, hat, pot, or wheel?**\n\n- The object is **large, yellow, rounded, and open at the top**, filled with fruit and flowers.\n- It has a **distinct rim** and **curved sides**, consistent with a **bowl** or basket.\n- In **frame_0307**, the object is clearly a **bowl-shaped container** holding fruit.\n- It is not a hat (no headwear shape), not a pot (no handle or base for cooking), not a wheel (not circular in the sense of rotation).\n- **Conclusion**: ✅ Yes, the object is clearly identifiable as a **bowl**.\n\n---\n\n**4. Is there a clear spatial relationship showing the fairy 'on' the object?**\n\n- In **frame_0307**, the fairy is **standing on the rim** of the bowl — feet in contact with the edge, body upright.\n- In **frame_0308**, same position — clearly “on” the bowl.\n- In **frame_0309**, still on the rim, now slightly behind fruit.\n- In **frame_0310** and **frame_0311**, the fairy is **still on the bowl**, though partially obscured — its wings and body are visible extending from the bowl’s edge.\n- **Conclusion**: ✅ Yes, the spatial relationship clearly shows the fairy “on” the bowl across multiple frames.\n\n---\n\n### Final Assessment:\n\nAll four verification criteria are **satisfied**:\n\n- ✅ Blue fairy present.\n- ✅ Fairy in contact with object.\n- ✅ Object is a bowl.\n- ✅ Clear “on” spatial relationship.\n\n---\n\n### ✅ Therefore, the answer ‘0’ (‘On a bowl’) is **CORRECT**.\n"], 'condensed_response': '**Scene Summary – Frames 0306‑0316 (Blue Fairy)**  \n\n| Frame | Visual cue & fairy position | Object | Relation |\n|-------|----------------------------|--------|----------|\n| **0307** | Small fairy with **blue body & wings** appears on the **right‑hand rim** of a large yellow container. | Yellow, rounded, open‑top container (looks like a **bowl**) filled with fruit/flowers. | Fairy is **standing on** the bowl’s edge. |\n| **0308** | Same fairy, now slightly more centered but still on the rim. | Same bowl. | Continued “on‑bowl” contact. |\n| **0309** | Fairy partially hidden by fruit, still perched on the rim. | Bowl remains visible. | “On” relationship intact. |\n| **0310‑0311** | Fairy’s silhouette shows wings and body extending from the right edge; only a portion is visible due to foliage. | Bowl still present, rim discernible. | Fairy remains **on** the bowl despite occlusion. |\n| **0306, 0312‑0316** | No additional fairy appearances; background remains consistent with the bowl and surrounding fruit/foliage. | — | — |\n\n**Key Points**\n\n- **Blue fairy detection:** Confirmed in frames 0307‑0311 (blue coloration on body and wings).  \n- **Object identification:** The yellow, rounded, open‑top container matches a **bowl** (not a hat, pot, or wheel).  \n- **Spatial relationship:** Across all frames where the fairy is visible, its feet (or lower body) contact the bowl’s rim, establishing a clear “on” relationship.  \n\n**Conclusion**\n\nThe visual evidence across frames 0307‑0311 satisfies all verification criteria: a blue fairy, contact with an identifiable bowl, and a consistent “on‑bowl” spatial relationship. Therefore, the answer **‘0 – On a bowl’** is **correct**.', 'failed_images': []}

Question Being Answered: Where is the blue fairy?

Answer Choices:
A. On a bowl
B. On a hat
C. On a pot
D. On a wheel

Given Answer: 0
Evidence Frames Used: ['frames/frame_0311.jpg']

Character/Event/Scene logs: ================================================================================
CHARACTER, EVENT, AND SCENE LOGS
================================================================================

CHARACTERS:
1. Cartoon Girl with Pink Hair: Description: A young girl with curly pink hair, often depicted in various outfits and settings.
2. Cartoon Owl with Blue Hat: Description: A large, brown owl with a white belly, yellow beak, and a blue hat, appearing in multiple scenes.
3. Cartoon Frog Prince: Description: A green frog wearing a purple shirt and a golden crown, featured in several fantastical settings.
4. Cartoon Princess: Description: A blonde or yellow-haired girl, often wearing a white or red dress, appearing in various scenes.
5. Cartoon Bear: Description: A large, tan or gray bear, sometimes wearing a yellow vest or shirt, featured in different environments.
6. Cartoon Fairy: Description: Small, winged creatures with distinct hair colors and outfits, often appearing in groups.
7. Cartoon Wolf: Description: A large, gray and yellow wolf-like creature, sometimes wearing a yellow vest, appearing in a few scenes.

SCENES:
1. Forest with Yellow Leaves : Description: A vibrant autumnal landscape with trees displaying bright yellow and orange foliage. [Frames 19-25]
2. Fantasy Landscape : Description: A whimsical scene featuring cartoon characters, flowers, and fantastical elements against a blue or purple background. [Frames 26-40]
3. Cliffside or Rocky Terrain : Description: Scenes depicting rocky cliffs, often with cartoon characters climbing or standing on them. [Frames 71-74]
4. Cartoon House or Village : Description: Scenes featuring a small white house with a blue roof, often surrounded by trees and a stream. [Frames 75-77]
5. Cave or Dark Forest : Description: Dark, mysterious environments with purple or dark blue hues, often featuring cartoon creatures. [Frames 203-249]
6. Library or Study : Description: Scenes showing cartoon characters surrounded by books, often in a cozy or cluttered room. [Frames 253-258, 275-283]
7. Pond or Lake : Description: Serene water scenes with cartoon characters, often featuring water lilies and other aquatic elements. [Frames 284-296]
8. Bedroom or Bed : Description: Scenes depicting cartoon characters sleeping or resting in beds, often with flowers or other decorations. [Frames 368-371, 383-385]
9. Snowing or Winter Landscape : Description: Scenes featuring snow-covered trees, often with cartoon characters playing or interacting in the snow. [Frames 1279-1440]
10. Laboratory or Workshop : Description: Scenes showing cartoon characters in a cluttered, industrial or scientific environment. [Frames 2053-2081]
11. Castle or Dungeon : Description: Dark, often purple-hued environments with stone walls and various obstacles or creatures. [Frames 1765-1771]

EVENTS:
1. Character Introductions : Description: Initial appearances of main cartoon characters, such as the Cartoon Girl with Pink Hair and the Cartoon Owl with Blue Hat. [Frames 26-40]
2. Character Interactions : Description: Scenes showing interactions between different cartoon characters, often in fantastical or natural environments. [Frames 45-70]
3. Chasing or Pursuit : Description: Scenes where cartoon characters are chasing or being chased by other characters or creatures. [Frames 100-110]
4. Sleeping or Resting : Description: Scenes depicting cartoon characters sleeping or resting in various environments. [Frames 368-371, 383-385, 813-839]
5. Character Development : Description: Scenes showing the development or growth of cartoon characters, often through their interactions or experiences. [Frames 840-920]
6. Final Credits : Description: The final section of the video displaying credits for the production, including character designers, producers, and other crew members. [Frames 2544-2586]

================================================================================
Generated at: 2026-01-11 21:46:09
================================================================================



QUESTION-BASED CRITERIA:
  Q1. Fairy character with blue coloration (body, wings, or clothing)
  Q2. Fairy positioned on or in contact with an object
  Q3. Object is identifiable as bowl, hat, pot, or wheel
  Q4. Clear spatial relationship showing fairy 'on' the object


CRITICAL ASSESSMENT TASK:
For EACH criterion listed above, determine whether it PASSES or FAILS based ONLY on what the VLM actually reports seeing in the frames.

- PASS: The VLM results clearly confirm this criterion is satisfied in the frames
- FAIL: The VLM results indicate this criterion is NOT satisfied, or there is insufficient evidence

CONFIDENCE CALCULATION RULES:
1. Count how many criteria pass (criteria_percentage = criteria_passed / 4)
2. Calculate base_confidence = criteria_percentage * 100
3. ⚠️ If ANY answer-specific criterion (A1, A2, etc.) FAILS, set confidence = min(50, base_confidence)

⚠️ CRITICAL: There is ALWAYS a correct answer among the choices provided. If all answers seem slightly off or imperfect, you MUST choose the BEST possible answer that most closely matches the evidence.

CRITIC ANSWER CHOICE DECISION:
4. After evaluating criteria, if criteria_percentage > 0.5 (>50% of criteria pass):
   - Review ALL answer choices (A, B, C, D, etc.)
   - Based ONLY on the VLM visual evidence, determine which answer choice is MOST correct
   - Output your critic_answer_choice as a NUMBER (0=A, 1=B, 2=C, 3=D)
5. If criteria_percentage ≤ 0.5 (≤50% of criteria pass):
   - STILL do your best to pick out a correct answer, but also set suggestion to "These may not be the right frames/scene. Continue searching for better evidence."
   - output your best guess of the answer as a number (0=A, 1=B, 2=C, 3=D, 4=E)

Return ONLY this JSON:
{
    "criteria_results": [
        {"criterion": "criterion text", "criterion_type": "QUESTION or ANSWER", "status": "PASS or FAIL", "reasoning": "brief explanation"},
        ...
    ],
    "question_criteria_passed": <number of question criteria that passed>,
    "answer_criteria_passed": <number of answer criteria that passed>,
    "answer_criteria_total": 0,
    "criteria_passed": <number of question criteria that passed>,
    "criteria_total": 4,
    "criteria_percentage": <criteria_passed / 4>,
    "base_confidence": <(criteria_passed / 4) * 100>,
    "confidence": <base_confidence OR 50 if any answer criterion failed>,
    "critic_answer_choice": <NUMBER: 0=A, 1=B, 2=C, 3=D, 4=E>,
    "critic_reasoning": "<Brief explanation of why you chose this answer based on VLM evidence>",
    "possible_errors": [
        <List specific criteria that failed or issues found>
    ],
    "suggestion": <"These may not be the right frames" if ≤50%, otherwise null or specific improvement>
}

IMPORTANT RULES:
- Evaluate EACH criterion independently based on VLM results
- Mark criterion as PASS only if VLM clearly confirms it
- Mark criterion as FAIL if not confirmed or contradicted
- If ANY answer-specific criterion fails, confidence MUST be ≤50%
- Base evaluation ONLY on VLM verification results, not speculation
- Only list errors for criteria that actually failed
- Return ONLY valid JSON

Critical assessment response: ```json
{
    "criteria_results": [
        {
            "criterion": "Fairy character with blue coloration (body, wings, or clothing)",
            "criterion_type": "QUESTION",
            "status": "PASS",
            "reasoning": "VLM clearly identifies a small fairy with blue wings and blue body in frames 0307-0311"
        },
        {
            "criterion": "Fairy positioned on or in contact with an object",
            "criterion_type": "QUESTION",
            "status": "PASS",
            "reasoning": "VLM confirms fairy is standing on the rim of an object in multiple frames (0307-0311)"
        },
        {
            "criterion": "Object is identifiable as bowl, hat, pot, or wheel",
            "criterion_type": "QUESTION",
            "status": "PASS",
            "reasoning": "VLM identifies the object as a bowl-shaped container with distinct rim and curved sides, holding fruit/flowers"
        },
        {
            "criterion": "Clear spatial relationship showing fairy 'on' the object",
            "criterion_type": "QUESTION",
            "status": "PASS",
            "reasoning": "VLM clearly describes fairy standing on the bowl's edge with feet in contact, establishing 'on' relationship"
        }
    ],
    "question_criteria_passed": 4,
    "answer_criteria_passed": 0,
    "answer_criteria_total": 0,
    "criteria_passed": 4,
    "criteria_total": 4,
    "criteria_percentage": 1.0,
    "base_confidence": 100,
    "confidence": 100,
    "critic_answer_choice": 0,
    "critic_reasoning": "The VLM verification clearly confirms all four criteria: a blue fairy is present, it's positioned on an object, the object is identified as a bowl, and there's a clear 'on' spatial relationship. This directly supports answer '0' (On a bowl).",
    "possible_errors": [],
    "suggestion": null
}
```
Critical assessment data: {'criteria_results': [{'criterion': 'Fairy character with blue coloration (body, wings, or clothing)', 'criterion_type': 'QUESTION', 'status': 'PASS', 'reasoning': 'VLM clearly identifies a small fairy with blue wings and blue body in frames 0307-0311'}, {'criterion': 'Fairy positioned on or in contact with an object', 'criterion_type': 'QUESTION', 'status': 'PASS', 'reasoning': 'VLM confirms fairy is standing on the rim of an object in multiple frames (0307-0311)'}, {'criterion': 'Object is identifiable as bowl, hat, pot, or wheel', 'criterion_type': 'QUESTION', 'status': 'PASS', 'reasoning': 'VLM identifies the object as a bowl-shaped container with distinct rim and curved sides, holding fruit/flowers'}, {'criterion': "Clear spatial relationship showing fairy 'on' the object", 'criterion_type': 'QUESTION', 'status': 'PASS', 'reasoning': "VLM clearly describes fairy standing on the bowl's edge with feet in contact, establishing 'on' relationship"}], 'question_criteria_passed': 4, 'answer_criteria_passed': 0, 'answer_criteria_total': 0, 'criteria_passed': 4, 'criteria_total': 4, 'criteria_percentage': 1.0, 'base_confidence': 100, 'confidence': 100, 'critic_answer_choice': 0, 'critic_reasoning': "The VLM verification clearly confirms all four criteria: a blue fairy is present, it's positioned on an object, the object is identified as a bowl, and there's a clear 'on' spatial relationship. This directly supports answer '0' (On a bowl).", 'possible_errors': [], 'suggestion': None}
