Critic initial response: {
    "tool": "VLM_QUERY",
    "frames": ["frames/frame_1279.jpg", "frames/frame_1280.jpg", "frames/frame_1281.jpg", "frames/frame_1282.jpg", "frames/frame_1283.jpg", "frames/frame_1284.jpg", "frames/frame_1285.jpg", "frames/frame_1286.jpg", "frames/frame_1287.jpg", "frames/frame_1288.jpg", "frames/frame_1289.jpg"],
    "prompt": "Examine these frames to determine Keita Karino's identity in the store. Look for visual cues like clothing (apron, uniform), interactions with customers, serving food, handling money, or being introduced. The answer choices are: A. The owner, B. A food critic, C. A special guest comedian, D. A waiter. Verify if the given answer '0' (which appears to indicate no selection or incorrect format) corresponds to any of these roles based on the visual evidence."
}
Frames to verify: ['frames/frame_1279.jpg', 'frames/frame_1280.jpg', 'frames/frame_1281.jpg', 'frames/frame_1282.jpg', 'frames/frame_1283.jpg', 'frames/frame_1284.jpg', 'frames/frame_1285.jpg', 'frames/frame_1286.jpg', 'frames/frame_1287.jpg', 'frames/frame_1288.jpg', 'frames/frame_1289.jpg']
VLM Prompt: Video context: Based on the provided SET of frame-by-frame captions data, here is a global summary of the video:

**Main Characters:**
The main characters in the video are a young Asian man and woman. The man is often seen wearing a white headband with blue and red designs, a black shirt, and jeans. The woman has long brown hair and is often dressed in a yellow dress or top with white floral patterns.

**Setting:**
The video is set in various locations in Japan, primarily in Tokyo and other cities. The settings include restaurants, food stalls, train stations, streets, markets, and rural areas. The video showcases a mix of urban and rural landscapes, highlighting Japan's diverse culture and cuisine.

**Plot Line:**
The video appears to be a documentary or travel vlog that follows the man and woman as they explore Japan's food culture. The narrative is non-linear, with the couple visiting various restaurants, food stalls, and markets, trying different Japanese dishes, and interacting with locals. The video also features scenes of food preparation, cooking, and the couple's reactions to the food they try.

**Vibes:**
The overall vibe of the video is lively, vibrant, and enthusiastic, with a focus on showcasing Japan's rich food culture. The tone is generally positive and celebratory, with the couple's interactions and reactions to the food they try conveying a sense of excitement and joy.

**General Details:**
The video features a diverse range of Japanese cuisine, including sushi, ramen, tempura, and street food. The couple visits various restaurants, from high-end establishments to casual street food stalls, and interacts with chefs, restaurant owners, and locals. The video also showcases Japan's urban and rural landscapes, including city streets, train stations, and countryside scenery. The overall atmosphere is lively and engaging, with a focus on showcasing the country's culinary delights and cultural experiences.

Examine these frames to determine Keita Karino's identity in the store. Look for visual cues like clothing (apron, uniform), interactions with customers, serving food, handling money, or being introduced. The answer choices are: A. The owner, B. A food critic, C. A special guest comedian, D. A waiter. Verify if the given answer '0' (which appears to indicate no selection or incorrect format) corresponds to any of these roles based on the visual evidence.
VLM response: {'batched_responses': [{'batch_start': 0, 'batch_end': 11, 'image_paths': ['/mnt/ssd/data/lvbench/videos_processed/KktLi3UifPY/frames/frame_1279.jpg', '/mnt/ssd/data/lvbench/videos_processed/KktLi3UifPY/frames/frame_1280.jpg', '/mnt/ssd/data/lvbench/videos_processed/KktLi3UifPY/frames/frame_1281.jpg', '/mnt/ssd/data/lvbench/videos_processed/KktLi3UifPY/frames/frame_1282.jpg', '/mnt/ssd/data/lvbench/videos_processed/KktLi3UifPY/frames/frame_1283.jpg', '/mnt/ssd/data/lvbench/videos_processed/KktLi3UifPY/frames/frame_1284.jpg', '/mnt/ssd/data/lvbench/videos_processed/KktLi3UifPY/frames/frame_1285.jpg', '/mnt/ssd/data/lvbench/videos_processed/KktLi3UifPY/frames/frame_1286.jpg', '/mnt/ssd/data/lvbench/videos_processed/KktLi3UifPY/frames/frame_1287.jpg', '/mnt/ssd/data/lvbench/videos_processed/KktLi3UifPY/frames/frame_1288.jpg', '/mnt/ssd/data/lvbench/videos_processed/KktLi3UifPY/frames/frame_1289.jpg'], 'response': 'Based on the visual evidence across the 11 frames, we can determine Keita Karino’s identity in the store:\n\n- **Frame 5** explicitly introduces him with on-screen text: “MR. KEITA KARINO”.\n- **Frame 6** adds a title: “THE OWNER” — directly identifying his role.\n- He is wearing a **blue work uniform** (possibly a chef’s coat or shop owner’s jacket), which is typical attire for someone running or working in a food establishment.\n- He is seen **interacting warmly with customers** (the man with the headband and the woman), **shaking hands**, and **standing behind the counter** — all behaviors consistent with an owner greeting guests.\n- In **Frame 10**, he stands behind the counter near a PayPay sign, further suggesting he is in charge of transactions or operations.\n- There is **no visual evidence** that he is a food critic (no note-taking, no reviewing behavior), a comedian (no performance or jokes indicated), or a waiter (he is not serving food or taking orders in a subordinate role).\n\nThe on-screen text in Frame 6 — “MR. KEITA KARINO THE OWNER” — is the most definitive clue.\n\n---\n\nThe given answer “0” does **not** correspond to any of the provided roles (A, B, C, D). It appears to be an invalid or placeholder selection. Based on the visual evidence, the correct answer is:\n\n> **A. The owner**\n\n✅ **Final Answer: A. The owner**'}], 'formatted_responses': ['\n=== Batch 0-11 (11 frames) ===\nFrames: /mnt/ssd/data/lvbench/videos_processed/KktLi3UifPY/frames/frame_1279.jpg, /mnt/ssd/data/lvbench/videos_processed/KktLi3UifPY/frames/frame_1280.jpg, /mnt/ssd/data/lvbench/videos_processed/KktLi3UifPY/frames/frame_1281.jpg, /mnt/ssd/data/lvbench/videos_processed/KktLi3UifPY/frames/frame_1282.jpg, /mnt/ssd/data/lvbench/videos_processed/KktLi3UifPY/frames/frame_1283.jpg, /mnt/ssd/data/lvbench/videos_processed/KktLi3UifPY/frames/frame_1284.jpg, /mnt/ssd/data/lvbench/videos_processed/KktLi3UifPY/frames/frame_1285.jpg, /mnt/ssd/data/lvbench/videos_processed/KktLi3UifPY/frames/frame_1286.jpg, /mnt/ssd/data/lvbench/videos_processed/KktLi3UifPY/frames/frame_1287.jpg, /mnt/ssd/data/lvbench/videos_processed/KktLi3UifPY/frames/frame_1288.jpg, /mnt/ssd/data/lvbench/videos_processed/KktLi3UifPY/frames/frame_1289.jpg\nVLM Response: Based on the visual evidence across the 11 frames, we can determine Keita Karino’s identity in the store:\n\n- **Frame 5** explicitly introduces him with on-screen text: “MR. KEITA KARINO”.\n- **Frame 6** adds a title: “THE OWNER” — directly identifying his role.\n- He is wearing a **blue work uniform** (possibly a chef’s coat or shop owner’s jacket), which is typical attire for someone running or working in a food establishment.\n- He is seen **interacting warmly with customers** (the man with the headband and the woman), **shaking hands**, and **standing behind the counter** — all behaviors consistent with an owner greeting guests.\n- In **Frame 10**, he stands behind the counter near a PayPay sign, further suggesting he is in charge of transactions or operations.\n- There is **no visual evidence** that he is a food critic (no note-taking, no reviewing behavior), a comedian (no performance or jokes indicated), or a waiter (he is not serving food or taking orders in a subordinate role).\n\nThe on-screen text in Frame 6 — “MR. KEITA KARINO THE OWNER” — is the most definitive clue.\n\n---\n\nThe given answer “0” does **not** correspond to any of the provided roles (A, B, C, D). It appears to be an invalid or placeholder selection. Based on the visual evidence, the correct answer is:\n\n> **A. The owner**\n\n✅ **Final Answer: A. The owner**\n'], 'condensed_response': '**Scene Summary & Character Tracking – Keita\u202fKarino (Frames\u202f1279‑1289)**  \n\n| Frame | Visual Cue | Character Action / Role |\n|------|------------|--------------------------|\n| **1279\u202f(0)** | Empty store interior. | – |\n| **1280\u202f(1)** | No clear activity. | – |\n| **1281\u202f(2)** | Still no key info. | – |\n| **1282\u202f(3)** | Still background. | – |\n| **1283\u202f(4)** | Still background. | – |\n| **1284\u202f(5)** | On‑screen text appears: **“MR.\u202fKEITA\u202fKARINO.”** | First explicit identification of the man. |\n| **1285\u202f(6)** | Text adds **“THE OWNER.”** | Confirms his role. |\n| **1286\u202f(7)** | Keita in a **blue work uniform** (chef‑style jacket). He **shakes hands** with a man wearing a headband and a woman nearby. | Warm, owner‑type greeting; positioned behind the counter. |\n| **1287\u202f(8)** | Keita continues **standing behind the counter**, maintaining a friendly demeanor. | Owner‑level interaction, not a subordinate waiter. |\n| **1288\u202f(9)** | No new cues; Keita remains at the counter. | Consistent presence as the store’s figurehead. |\n| **1289\u202f(10)** | Keita stands behind the counter **next to a “PayPay” sign** (payment terminal). | Implies he oversees transactions/operations. |\n\n**Condensed Narrative**  \nAcross the 11‑frame clip, Keita\u202fKarino is introduced by on‑screen captions in frames\u202f5‑6 as “MR.\u202fKEITA\u202fKARINO – THE OWNER.” He is dressed in a blue work uniform, typical of a shop or kitchen manager. From frame\u202f7 onward he is seen behind the counter, greeting customers (handshake with a head‑banded man and a woman) and later positioned beside a PayPay payment sign, reinforcing his supervisory, transaction‑handling role. No actions suggest he is a food critic, comedian, or waiter; the visual evidence consistently portrays him as the store’s owner.', 'failed_images': []}
Followup prompt: 
Critically assess whether the VLM verification supports the given answer.

VLM Verification Results:
{'batched_responses': [{'batch_start': 0, 'batch_end': 11, 'image_paths': ['/mnt/ssd/data/lvbench/videos_processed/KktLi3UifPY/frames/frame_1279.jpg', '/mnt/ssd/data/lvbench/videos_processed/KktLi3UifPY/frames/frame_1280.jpg', '/mnt/ssd/data/lvbench/videos_processed/KktLi3UifPY/frames/frame_1281.jpg', '/mnt/ssd/data/lvbench/videos_processed/KktLi3UifPY/frames/frame_1282.jpg', '/mnt/ssd/data/lvbench/videos_processed/KktLi3UifPY/frames/frame_1283.jpg', '/mnt/ssd/data/lvbench/videos_processed/KktLi3UifPY/frames/frame_1284.jpg', '/mnt/ssd/data/lvbench/videos_processed/KktLi3UifPY/frames/frame_1285.jpg', '/mnt/ssd/data/lvbench/videos_processed/KktLi3UifPY/frames/frame_1286.jpg', '/mnt/ssd/data/lvbench/videos_processed/KktLi3UifPY/frames/frame_1287.jpg', '/mnt/ssd/data/lvbench/videos_processed/KktLi3UifPY/frames/frame_1288.jpg', '/mnt/ssd/data/lvbench/videos_processed/KktLi3UifPY/frames/frame_1289.jpg'], 'response': 'Based on the visual evidence across the 11 frames, we can determine Keita Karino’s identity in the store:\n\n- **Frame 5** explicitly introduces him with on-screen text: “MR. KEITA KARINO”.\n- **Frame 6** adds a title: “THE OWNER” — directly identifying his role.\n- He is wearing a **blue work uniform** (possibly a chef’s coat or shop owner’s jacket), which is typical attire for someone running or working in a food establishment.\n- He is seen **interacting warmly with customers** (the man with the headband and the woman), **shaking hands**, and **standing behind the counter** — all behaviors consistent with an owner greeting guests.\n- In **Frame 10**, he stands behind the counter near a PayPay sign, further suggesting he is in charge of transactions or operations.\n- There is **no visual evidence** that he is a food critic (no note-taking, no reviewing behavior), a comedian (no performance or jokes indicated), or a waiter (he is not serving food or taking orders in a subordinate role).\n\nThe on-screen text in Frame 6 — “MR. KEITA KARINO THE OWNER” — is the most definitive clue.\n\n---\n\nThe given answer “0” does **not** correspond to any of the provided roles (A, B, C, D). It appears to be an invalid or placeholder selection. Based on the visual evidence, the correct answer is:\n\n> **A. The owner**\n\n✅ **Final Answer: A. The owner**'}], 'formatted_responses': ['\n=== Batch 0-11 (11 frames) ===\nFrames: /mnt/ssd/data/lvbench/videos_processed/KktLi3UifPY/frames/frame_1279.jpg, /mnt/ssd/data/lvbench/videos_processed/KktLi3UifPY/frames/frame_1280.jpg, /mnt/ssd/data/lvbench/videos_processed/KktLi3UifPY/frames/frame_1281.jpg, /mnt/ssd/data/lvbench/videos_processed/KktLi3UifPY/frames/frame_1282.jpg, /mnt/ssd/data/lvbench/videos_processed/KktLi3UifPY/frames/frame_1283.jpg, /mnt/ssd/data/lvbench/videos_processed/KktLi3UifPY/frames/frame_1284.jpg, /mnt/ssd/data/lvbench/videos_processed/KktLi3UifPY/frames/frame_1285.jpg, /mnt/ssd/data/lvbench/videos_processed/KktLi3UifPY/frames/frame_1286.jpg, /mnt/ssd/data/lvbench/videos_processed/KktLi3UifPY/frames/frame_1287.jpg, /mnt/ssd/data/lvbench/videos_processed/KktLi3UifPY/frames/frame_1288.jpg, /mnt/ssd/data/lvbench/videos_processed/KktLi3UifPY/frames/frame_1289.jpg\nVLM Response: Based on the visual evidence across the 11 frames, we can determine Keita Karino’s identity in the store:\n\n- **Frame 5** explicitly introduces him with on-screen text: “MR. KEITA KARINO”.\n- **Frame 6** adds a title: “THE OWNER” — directly identifying his role.\n- He is wearing a **blue work uniform** (possibly a chef’s coat or shop owner’s jacket), which is typical attire for someone running or working in a food establishment.\n- He is seen **interacting warmly with customers** (the man with the headband and the woman), **shaking hands**, and **standing behind the counter** — all behaviors consistent with an owner greeting guests.\n- In **Frame 10**, he stands behind the counter near a PayPay sign, further suggesting he is in charge of transactions or operations.\n- There is **no visual evidence** that he is a food critic (no note-taking, no reviewing behavior), a comedian (no performance or jokes indicated), or a waiter (he is not serving food or taking orders in a subordinate role).\n\nThe on-screen text in Frame 6 — “MR. KEITA KARINO THE OWNER” — is the most definitive clue.\n\n---\n\nThe given answer “0” does **not** correspond to any of the provided roles (A, B, C, D). It appears to be an invalid or placeholder selection. Based on the visual evidence, the correct answer is:\n\n> **A. The owner**\n\n✅ **Final Answer: A. The owner**\n'], 'condensed_response': '**Scene Summary & Character Tracking – Keita\u202fKarino (Frames\u202f1279‑1289)**  \n\n| Frame | Visual Cue | Character Action / Role |\n|------|------------|--------------------------|\n| **1279\u202f(0)** | Empty store interior. | – |\n| **1280\u202f(1)** | No clear activity. | – |\n| **1281\u202f(2)** | Still no key info. | – |\n| **1282\u202f(3)** | Still background. | – |\n| **1283\u202f(4)** | Still background. | – |\n| **1284\u202f(5)** | On‑screen text appears: **“MR.\u202fKEITA\u202fKARINO.”** | First explicit identification of the man. |\n| **1285\u202f(6)** | Text adds **“THE OWNER.”** | Confirms his role. |\n| **1286\u202f(7)** | Keita in a **blue work uniform** (chef‑style jacket). He **shakes hands** with a man wearing a headband and a woman nearby. | Warm, owner‑type greeting; positioned behind the counter. |\n| **1287\u202f(8)** | Keita continues **standing behind the counter**, maintaining a friendly demeanor. | Owner‑level interaction, not a subordinate waiter. |\n| **1288\u202f(9)** | No new cues; Keita remains at the counter. | Consistent presence as the store’s figurehead. |\n| **1289\u202f(10)** | Keita stands behind the counter **next to a “PayPay” sign** (payment terminal). | Implies he oversees transactions/operations. |\n\n**Condensed Narrative**  \nAcross the 11‑frame clip, Keita\u202fKarino is introduced by on‑screen captions in frames\u202f5‑6 as “MR.\u202fKEITA\u202fKARINO – THE OWNER.” He is dressed in a blue work uniform, typical of a shop or kitchen manager. From frame\u202f7 onward he is seen behind the counter, greeting customers (handshake with a head‑banded man and a woman) and later positioned beside a PayPay payment sign, reinforcing his supervisory, transaction‑handling role. No actions suggest he is a food critic, comedian, or waiter; the visual evidence consistently portrays him as the store’s owner.', 'failed_images': []}

Question Being Answered: What is Keita Karino's identity in the store?

Answer Choices:
A. The owner
B. A food critic
C. A special guest comedian
D. A waiter

Given Answer: 0
Evidence Frames Used: ['frames/frame_1284.jpg']

Character/Event/Scene logs: ================================================================================
CHARACTER, EVENT, AND SCENE LOGS
================================================================================

CHARACTERS:
Man with White Headband: A man wearing a white headband with various designs, often seen in different settings such as restaurants, kitchens, and outdoors.
Woman in Yellow Dress: A young woman with long brown hair, wearing a yellow dress with white floral patterns, appearing in various locations including restaurants, train stations, and city streets.
Man with Red Bandana: A man wearing a red bandana, seen in different contexts such as city streets, restaurants, and kitchens.
Woman with Long Brown Hair: A young woman with long brown hair, appearing in various settings, sometimes wearing different outfits.

SCENES:
Small Japanese Restaurant: A cozy, dimly lit restaurant with a wooden counter and Japanese decor. [frame_0001-0005]
Train Station: A bustling train station with escalators and signs. [frame_0023-0026]
Busy City Street: A crowded city street with tall buildings and people walking. [frame_0027-0029]
Commercial Kitchen: A kitchen with stainless steel appliances and various cooking equipment. [frame_0040-0042]
Market: A bustling market scene with a Japanese flag and various souvenir items. [frame_0059-0062]
Coastal Town: A scenic coastal town with a sandy beach and a lighthouse. [frame_0063]
Muddy Beach: A vast, muddy beach or tidal flat with people working or playing. [frame_0076-0082]
Convenience Store (7-Eleven): A convenience store with shelves stocked with various products. [frame_0183-0237]
Ramen Restaurant: A restaurant serving ramen noodles. [frame_0312-0327]
Rice Field: A vast field of tall, yellowish-green rice plants. [frame_0739-0745]
Destroyed Neighborhood: A devastating scene of destruction, likely after a natural disaster. [frame_1526-1535]
Traditional Japanese Building: A traditional Japanese building with a tiled roof. [frame_1783-1784]
Japanese Garden: A serene Japanese garden with a weathered wooden torii gate and a small shrine. [frame_1785-1787]
Mochi Preparation: A traditional Japanese mochi-making activity in a serene garden. [frame_1791-1795]
Beach: A sandy beach with people walking or engaging in activities. [frame_2375-2385]
Mountain Peak: A snow-capped mountain peak with a person sitting or standing on it. [frame_3120-3124]
Harbor: A harbor with boats docked at the pier. [frame_2432-2440]
City Street at Night: A bustling city street at night with people walking and cars driving by. [frame_5295-5300]
Street Food Stall: A street food stall with people eating and socializing. [frame_5302-5311]
Yatai (Japanese Street Food Stall): A Japanese street food stall with a red awning and signs. [frame_6029]
Food Cart: A food cart with a vendor serving customers. [frame_5332-5347]

EVENTS:
Eating Ramen: A man and woman eating ramen noodles with chopsticks and spoons. [frame_0174-0177]
Sharing Food: A man and woman sharing a meal together. [frame_0480-0481]
Mochi Preparation: Three men preparing traditional Japanese mochi. [frame_1791-1795]
Mudflat Harvesting: People working together in a muddy, shallow body of water. [frame_4532-4535]
Dancing: A man and woman dancing together in front of a food stall. [frame_0563-0564]
Cooking Demonstration: A chef preparing food on a teppanyaki grill. [frame_4293-4300]
Meat Inspection: People in white lab coats inspecting large pieces of raw meat. [frame_4103-4114]
Food Stall Service: A vendor serving customers at a food stall. [frame_5302-5311]
Street Food Enjoyment: People eating and socializing at a street food stall. [frame_5302-5311]
Mudflat Harvesting Discussion: A man and woman discussing or explaining something related to mudflat harvesting. [frame_4532-4535]

================================================================================
Generated at: 2026-01-11 21:50:23
================================================================================


CRITICAL ASSESSMENT TASK:
1. Check if the VLM results CONFIRM the given answer
2. Look for CONTRADICTIONS between VLM results and the answer
3. Verify ALL conditions in the question are addressed
4. Check if the correct answer choice was selected

⚠️ CRITICAL: There is ALWAYS a correct answer among the choices provided. If all answers seem slightly off or imperfect, you MUST choose the BEST possible answer that most closely matches the evidence.

Based ONLY on what the VLM actually reports seeing, determine:
- Does the visual evidence support the answer?
- Are there any discrepancies between the answer and visuals?
- Is the answer addressing the right scene/moment?

Return ONLY this JSON:
{
    "confidence": <0-100, where 100 means VLM fully confirms the answer>,
    "possible_errors": [
        <List ONLY real discrepancies you found, not hypothetical ones>
    ],
    "suggestion": <null if confidence >80, otherwise specific improvement>
}

IMPORTANT RULES:
- Base confidence ONLY on VLM verification results, not speculation
- DO NOT consider any reasoning - evaluate purely from visual evidence vs answer
- Only list errors that are ACTUALLY present in the VLM results
- If VLM confirms the answer, confidence should be high (80-100)
- If VLM contradicts the answer, confidence should be low (0-40)
- Empty possible_errors list [] if no actual errors found
- Do NOT invent errors that aren't supported by the VLM results
- Return ONLY valid JSON

Critical assessment response: {
    "confidence": 0,
    "possible_errors": [
        "VLM explicitly states the given answer '0' is invalid and does not correspond to any of the provided answer choices (A, B, C, D)",
        "VLM clearly identifies the correct answer as 'A. The owner' based on on-screen text evidence in frames 5-6 showing 'MR. KEITA KARINO THE OWNER'",
        "The evidence frames used (frame_1284.jpg) actually contains the text 'MR. KEITA KARINO' which the VLM correctly identifies as supporting answer A, not answer 0"
    ],
    "suggestion": "The answer should be corrected to 'A. The owner' based on the explicit on-screen text identification in the frames"
}
Critical assessment data: {'confidence': 0, 'possible_errors': ["VLM explicitly states the given answer '0' is invalid and does not correspond to any of the provided answer choices (A, B, C, D)", "VLM clearly identifies the correct answer as 'A. The owner' based on on-screen text evidence in frames 5-6 showing 'MR. KEITA KARINO THE OWNER'", "The evidence frames used (frame_1284.jpg) actually contains the text 'MR. KEITA KARINO' which the VLM correctly identifies as supporting answer A, not answer 0"], 'suggestion': "The answer should be corrected to 'A. The owner' based on the explicit on-screen text identification in the frames"}
