Critic initial response: {
    "tool": "VLM_QUERY",
    "frames": ["frames/frame_0061.jpg", "frames/frame_0062.jpg", "frames/frame_0063.jpg", "frames/frame_0064.jpg", "frames/frame_0065.jpg", "frames/frame_0066.jpg", "frames/frame_0067.jpg", "frames/frame_0068.jpg", "frames/frame_0069.jpg", "frames/frame_0070.jpg", "frames/frame_0071.jpg", "frames/frame_0072.jpg", "frames/frame_0073.jpg", "frames/frame_0074.jpg"],
    "prompt": "Examine these frames to find the vlogger's flight duration to Japan. Look for any text displays, flight information screens, or timestamps that might show departure/arrival times or flight duration. Check if the answer '2' (which corresponds to 'D. 2 hours 45 minutes') is visible and accurate based on the visual evidence. Pay close attention to any digital displays, boarding passes, or flight information panels that might show time durations."
}
Frames to verify: ['frames/frame_0061.jpg', 'frames/frame_0062.jpg', 'frames/frame_0063.jpg', 'frames/frame_0064.jpg', 'frames/frame_0065.jpg', 'frames/frame_0066.jpg', 'frames/frame_0067.jpg', 'frames/frame_0068.jpg', 'frames/frame_0069.jpg', 'frames/frame_0070.jpg', 'frames/frame_0071.jpg', 'frames/frame_0072.jpg', 'frames/frame_0073.jpg', 'frames/frame_0074.jpg']
VLM Prompt: Video context: Based on the provided SET of frame-by-frame captions data, here is a global summary of the video:

**Main Characters:**
The main character appears to be a young Asian woman, likely the narrator or vlogger, who documents her travels and experiences throughout the video. Other characters, such as fellow travelers, locals, and store employees, make appearances but are not the primary focus.

**Setting:**
The video is set in Japan, primarily in Tokyo and surrounding areas, including Shibuya, Harajuku, Asakusa, and Yokohama. The narrator also visits the Japanese countryside and Mount Fuji. The settings range from bustling city streets to serene natural landscapes, temples, and cultural attractions.

**Plot Line:**
The video appears to be a travel diary or vlog, documenting the narrator's journey through Japan. The plot line follows her as she travels to various locations, explores cultural attractions, shops, and enjoys local food. The narrative is interspersed with captions that provide context and commentary on her experiences.

**Vibes:**
The overall vibe of the video is one of excitement, curiosity, and appreciation for Japanese culture. The narrator's enthusiasm and commentary convey a sense of wonder and joy as she explores the country. The video also captures the vibrant and dynamic atmosphere of Japanese cities, as well as the serene beauty of natural landscapes.

**General Details:**
The video is a travel vlog that showcases various aspects of Japanese culture, including food, shopping, temples, and cultural attractions. The narrator documents her experiences at popular tourist destinations, such as Shibuya Crossing, TeamLab Planets, and the Cup Noodles Museum. The video also features the narrator's interactions with locals, trying local cuisine, and shopping for souvenirs. The tone is generally lighthearted and informative, with a focus on sharing the narrator's personal experiences and observations.

Examine these frames to find the vlogger's flight duration to Japan. Look for any text displays, flight information screens, or timestamps that might show departure/arrival times or flight duration. Check if the answer '2' (which corresponds to 'D. 2 hours 45 minutes') is visible and accurate based on the visual evidence. Pay close attention to any digital displays, boarding passes, or flight information panels that might show time durations.
VLM response: {'batched_responses': [{'batch_start': 0, 'batch_end': 14, 'image_paths': ['/mnt/ssd/data/lvbench/videos_processed/RCAqKnvu_P0/frames/frame_0061.jpg', '/mnt/ssd/data/lvbench/videos_processed/RCAqKnvu_P0/frames/frame_0062.jpg', '/mnt/ssd/data/lvbench/videos_processed/RCAqKnvu_P0/frames/frame_0063.jpg', '/mnt/ssd/data/lvbench/videos_processed/RCAqKnvu_P0/frames/frame_0064.jpg', '/mnt/ssd/data/lvbench/videos_processed/RCAqKnvu_P0/frames/frame_0065.jpg', '/mnt/ssd/data/lvbench/videos_processed/RCAqKnvu_P0/frames/frame_0066.jpg', '/mnt/ssd/data/lvbench/videos_processed/RCAqKnvu_P0/frames/frame_0067.jpg', '/mnt/ssd/data/lvbench/videos_processed/RCAqKnvu_P0/frames/frame_0068.jpg', '/mnt/ssd/data/lvbench/videos_processed/RCAqKnvu_P0/frames/frame_0069.jpg', '/mnt/ssd/data/lvbench/videos_processed/RCAqKnvu_P0/frames/frame_0070.jpg', '/mnt/ssd/data/lvbench/videos_processed/RCAqKnvu_P0/frames/frame_0071.jpg', '/mnt/ssd/data/lvbench/videos_processed/RCAqKnvu_P0/frames/frame_0072.jpg', '/mnt/ssd/data/lvbench/videos_processed/RCAqKnvu_P0/frames/frame_0073.jpg', '/mnt/ssd/data/lvbench/videos_processed/RCAqKnvu_P0/frames/frame_0074.jpg'], 'response': "Based on the visual evidence provided in the 14 frames:\n\n- **Frames 1–5**: Show an aerial view during flight with a caption expressing excitement about arriving in Japan (“The Land of the Rising Sun”). No flight duration or time data is visible.\n  \n- **Frames 6–9**: Display an aerial view of the ground as the plane approaches Narita Airport. A clear on-screen caption reads:  \n  > **“after 4hours and 45 mins... im here now at Narita Airport! 😊”**\n\n  This explicitly states the **flight duration was 4 hours and 45 minutes**.\n\n- **Frames 10–14**: Continue showing the descent/approach to Narita, with a later caption noting:  \n  > **“Narita is 1 hour away from Tokyo”**  \n  — which refers to ground travel time, not flight duration.\n\n---\n\n### Evaluation of the Claim:\nThe question asks whether the answer **‘2’** (corresponding to **“2 hours 45 minutes”**) is visible and accurate.\n\n- **No**, the value “2 hours 45 minutes” does **not** appear anywhere in the frames.\n- The **actual flight duration shown** is **“4 hours and 45 mins”**, as stated in the caption in frames 6–9.\n\n---\n\n### ✅ Final Answer:\n**No, the answer '2' (2 hours 45 minutes) is not accurate. The correct flight duration shown in the video is 4 hours and 45 minutes.**"}], 'formatted_responses': ["\n=== Batch 0-14 (14 frames) ===\nFrames: /mnt/ssd/data/lvbench/videos_processed/RCAqKnvu_P0/frames/frame_0061.jpg, /mnt/ssd/data/lvbench/videos_processed/RCAqKnvu_P0/frames/frame_0062.jpg, /mnt/ssd/data/lvbench/videos_processed/RCAqKnvu_P0/frames/frame_0063.jpg, /mnt/ssd/data/lvbench/videos_processed/RCAqKnvu_P0/frames/frame_0064.jpg, /mnt/ssd/data/lvbench/videos_processed/RCAqKnvu_P0/frames/frame_0065.jpg, /mnt/ssd/data/lvbench/videos_processed/RCAqKnvu_P0/frames/frame_0066.jpg, /mnt/ssd/data/lvbench/videos_processed/RCAqKnvu_P0/frames/frame_0067.jpg, /mnt/ssd/data/lvbench/videos_processed/RCAqKnvu_P0/frames/frame_0068.jpg, /mnt/ssd/data/lvbench/videos_processed/RCAqKnvu_P0/frames/frame_0069.jpg, /mnt/ssd/data/lvbench/videos_processed/RCAqKnvu_P0/frames/frame_0070.jpg, /mnt/ssd/data/lvbench/videos_processed/RCAqKnvu_P0/frames/frame_0071.jpg, /mnt/ssd/data/lvbench/videos_processed/RCAqKnvu_P0/frames/frame_0072.jpg, /mnt/ssd/data/lvbench/videos_processed/RCAqKnvu_P0/frames/frame_0073.jpg, /mnt/ssd/data/lvbench/videos_processed/RCAqKnvu_P0/frames/frame_0074.jpg\nVLM Response: Based on the visual evidence provided in the 14 frames:\n\n- **Frames 1–5**: Show an aerial view during flight with a caption expressing excitement about arriving in Japan (“The Land of the Rising Sun”). No flight duration or time data is visible.\n  \n- **Frames 6–9**: Display an aerial view of the ground as the plane approaches Narita Airport. A clear on-screen caption reads:  \n  > **“after 4hours and 45 mins... im here now at Narita Airport! 😊”**\n\n  This explicitly states the **flight duration was 4 hours and 45 minutes**.\n\n- **Frames 10–14**: Continue showing the descent/approach to Narita, with a later caption noting:  \n  > **“Narita is 1 hour away from Tokyo”**  \n  — which refers to ground travel time, not flight duration.\n\n---\n\n### Evaluation of the Claim:\nThe question asks whether the answer **‘2’** (corresponding to **“2 hours 45 minutes”**) is visible and accurate.\n\n- **No**, the value “2 hours 45 minutes” does **not** appear anywhere in the frames.\n- The **actual flight duration shown** is **“4 hours and 45 mins”**, as stated in the caption in frames 6–9.\n\n---\n\n### ✅ Final Answer:\n**No, the answer '2' (2 hours 45 minutes) is not accurate. The correct flight duration shown in the video is 4 hours and 45 minutes.**\n"], 'condensed_response': '**Scene Summary (Frames\u202f61‑74 | ~0‑13\u202fs)**  \n\n| Frames | Visual\u202f/\u202fNarrative cue | Character focus |\n|--------|------------------------|-----------------|\n| **61‑65** (≈0‑4\u202fs) | Aerial shot of the aircraft cruising; on‑screen caption reads “The Land of the Rising Sun 🌅”. The traveler (the only visible person, looking out the window) is smiling and mouthing “so excited”. | *Traveler – excited, establishing the trip’s destination.* |\n| **66‑69** (≈4‑8\u202fs) | The plane descends; the view switches to a low‑altitude aerial sweep of Narita’s runway. A bold caption appears: **“after 4\u202fhours and 45\u202fmins… im here now at Narita Airport! 😊”**. The traveler’s hand is seen holding a phone, likely recording. | *Traveler – now arrived, confirming flight time.* |\n| **70‑74** (≈8‑13\u202fs) | Continued approach footage; a second caption pops up: **“Narita is 1 hour away from Tokyo”** (ground‑travel estimate). No new characters appear. | *Traveler – remains the sole on‑screen figure; no change in focus.* |\n\n**Answer Evaluation**  \nThe question asks whether the video shows a flight time of **2\u202fhours\u202f45\u202fminutes** (answer “2”). The captions unequivocally state **“4\u202fhours and 45\u202fmins”** (frames\u202f66‑69). No text or visual cue mentions “2\u202fhours\u202f45\u202fminutes”.\n\n**Condensed Verdict**  \nThe scene follows a single traveler: excitement during flight, arrival at Narita with a displayed flight duration of **4\u202fh\u202f45\u202fm**, and a later note about ground travel to Tokyo. The claimed answer “2” (2\u202fh\u202f45\u202fm) does **not** appear and is therefore inaccurate.', 'failed_images': []}
Followup prompt: 
Critically assess whether the VLM verification supports the given answer.

VLM Verification Results:
{'batched_responses': [{'batch_start': 0, 'batch_end': 14, 'image_paths': ['/mnt/ssd/data/lvbench/videos_processed/RCAqKnvu_P0/frames/frame_0061.jpg', '/mnt/ssd/data/lvbench/videos_processed/RCAqKnvu_P0/frames/frame_0062.jpg', '/mnt/ssd/data/lvbench/videos_processed/RCAqKnvu_P0/frames/frame_0063.jpg', '/mnt/ssd/data/lvbench/videos_processed/RCAqKnvu_P0/frames/frame_0064.jpg', '/mnt/ssd/data/lvbench/videos_processed/RCAqKnvu_P0/frames/frame_0065.jpg', '/mnt/ssd/data/lvbench/videos_processed/RCAqKnvu_P0/frames/frame_0066.jpg', '/mnt/ssd/data/lvbench/videos_processed/RCAqKnvu_P0/frames/frame_0067.jpg', '/mnt/ssd/data/lvbench/videos_processed/RCAqKnvu_P0/frames/frame_0068.jpg', '/mnt/ssd/data/lvbench/videos_processed/RCAqKnvu_P0/frames/frame_0069.jpg', '/mnt/ssd/data/lvbench/videos_processed/RCAqKnvu_P0/frames/frame_0070.jpg', '/mnt/ssd/data/lvbench/videos_processed/RCAqKnvu_P0/frames/frame_0071.jpg', '/mnt/ssd/data/lvbench/videos_processed/RCAqKnvu_P0/frames/frame_0072.jpg', '/mnt/ssd/data/lvbench/videos_processed/RCAqKnvu_P0/frames/frame_0073.jpg', '/mnt/ssd/data/lvbench/videos_processed/RCAqKnvu_P0/frames/frame_0074.jpg'], 'response': "Based on the visual evidence provided in the 14 frames:\n\n- **Frames 1–5**: Show an aerial view during flight with a caption expressing excitement about arriving in Japan (“The Land of the Rising Sun”). No flight duration or time data is visible.\n  \n- **Frames 6–9**: Display an aerial view of the ground as the plane approaches Narita Airport. A clear on-screen caption reads:  \n  > **“after 4hours and 45 mins... im here now at Narita Airport! 😊”**\n\n  This explicitly states the **flight duration was 4 hours and 45 minutes**.\n\n- **Frames 10–14**: Continue showing the descent/approach to Narita, with a later caption noting:  \n  > **“Narita is 1 hour away from Tokyo”**  \n  — which refers to ground travel time, not flight duration.\n\n---\n\n### Evaluation of the Claim:\nThe question asks whether the answer **‘2’** (corresponding to **“2 hours 45 minutes”**) is visible and accurate.\n\n- **No**, the value “2 hours 45 minutes” does **not** appear anywhere in the frames.\n- The **actual flight duration shown** is **“4 hours and 45 mins”**, as stated in the caption in frames 6–9.\n\n---\n\n### ✅ Final Answer:\n**No, the answer '2' (2 hours 45 minutes) is not accurate. The correct flight duration shown in the video is 4 hours and 45 minutes.**"}], 'formatted_responses': ["\n=== Batch 0-14 (14 frames) ===\nFrames: /mnt/ssd/data/lvbench/videos_processed/RCAqKnvu_P0/frames/frame_0061.jpg, /mnt/ssd/data/lvbench/videos_processed/RCAqKnvu_P0/frames/frame_0062.jpg, /mnt/ssd/data/lvbench/videos_processed/RCAqKnvu_P0/frames/frame_0063.jpg, /mnt/ssd/data/lvbench/videos_processed/RCAqKnvu_P0/frames/frame_0064.jpg, /mnt/ssd/data/lvbench/videos_processed/RCAqKnvu_P0/frames/frame_0065.jpg, /mnt/ssd/data/lvbench/videos_processed/RCAqKnvu_P0/frames/frame_0066.jpg, /mnt/ssd/data/lvbench/videos_processed/RCAqKnvu_P0/frames/frame_0067.jpg, /mnt/ssd/data/lvbench/videos_processed/RCAqKnvu_P0/frames/frame_0068.jpg, /mnt/ssd/data/lvbench/videos_processed/RCAqKnvu_P0/frames/frame_0069.jpg, /mnt/ssd/data/lvbench/videos_processed/RCAqKnvu_P0/frames/frame_0070.jpg, /mnt/ssd/data/lvbench/videos_processed/RCAqKnvu_P0/frames/frame_0071.jpg, /mnt/ssd/data/lvbench/videos_processed/RCAqKnvu_P0/frames/frame_0072.jpg, /mnt/ssd/data/lvbench/videos_processed/RCAqKnvu_P0/frames/frame_0073.jpg, /mnt/ssd/data/lvbench/videos_processed/RCAqKnvu_P0/frames/frame_0074.jpg\nVLM Response: Based on the visual evidence provided in the 14 frames:\n\n- **Frames 1–5**: Show an aerial view during flight with a caption expressing excitement about arriving in Japan (“The Land of the Rising Sun”). No flight duration or time data is visible.\n  \n- **Frames 6–9**: Display an aerial view of the ground as the plane approaches Narita Airport. A clear on-screen caption reads:  \n  > **“after 4hours and 45 mins... im here now at Narita Airport! 😊”**\n\n  This explicitly states the **flight duration was 4 hours and 45 minutes**.\n\n- **Frames 10–14**: Continue showing the descent/approach to Narita, with a later caption noting:  \n  > **“Narita is 1 hour away from Tokyo”**  \n  — which refers to ground travel time, not flight duration.\n\n---\n\n### Evaluation of the Claim:\nThe question asks whether the answer **‘2’** (corresponding to **“2 hours 45 minutes”**) is visible and accurate.\n\n- **No**, the value “2 hours 45 minutes” does **not** appear anywhere in the frames.\n- The **actual flight duration shown** is **“4 hours and 45 mins”**, as stated in the caption in frames 6–9.\n\n---\n\n### ✅ Final Answer:\n**No, the answer '2' (2 hours 45 minutes) is not accurate. The correct flight duration shown in the video is 4 hours and 45 minutes.**\n"], 'condensed_response': '**Scene Summary (Frames\u202f61‑74 | ~0‑13\u202fs)**  \n\n| Frames | Visual\u202f/\u202fNarrative cue | Character focus |\n|--------|------------------------|-----------------|\n| **61‑65** (≈0‑4\u202fs) | Aerial shot of the aircraft cruising; on‑screen caption reads “The Land of the Rising Sun 🌅”. The traveler (the only visible person, looking out the window) is smiling and mouthing “so excited”. | *Traveler – excited, establishing the trip’s destination.* |\n| **66‑69** (≈4‑8\u202fs) | The plane descends; the view switches to a low‑altitude aerial sweep of Narita’s runway. A bold caption appears: **“after 4\u202fhours and 45\u202fmins… im here now at Narita Airport! 😊”**. The traveler’s hand is seen holding a phone, likely recording. | *Traveler – now arrived, confirming flight time.* |\n| **70‑74** (≈8‑13\u202fs) | Continued approach footage; a second caption pops up: **“Narita is 1 hour away from Tokyo”** (ground‑travel estimate). No new characters appear. | *Traveler – remains the sole on‑screen figure; no change in focus.* |\n\n**Answer Evaluation**  \nThe question asks whether the video shows a flight time of **2\u202fhours\u202f45\u202fminutes** (answer “2”). The captions unequivocally state **“4\u202fhours and 45\u202fmins”** (frames\u202f66‑69). No text or visual cue mentions “2\u202fhours\u202f45\u202fminutes”.\n\n**Condensed Verdict**  \nThe scene follows a single traveler: excitement during flight, arrival at Narita with a displayed flight duration of **4\u202fh\u202f45\u202fm**, and a later note about ground travel to Tokyo. The claimed answer “2” (2\u202fh\u202f45\u202fm) does **not** appear and is therefore inaccurate.', 'failed_images': []}

Question Being Answered: How long is the vlogger's flight duration to Japan?

Answer Choices:
A. 3 hours 30 minutes
B. 4 hours 30 minutes
C. 4 hours 45 minutes
D. 2 hours 45 minutes

Given Answer: 2
Evidence Frames Used: ['frames/frame_0066.jpg', 'frames/frame_0067.jpg', 'frames/frame_0069.jpg']

Character/Event/Scene logs: ================================================================================
CHARACTER, EVENT, AND SCENE LOGS
================================================================================

CHARACTERS:
Person 1 (Traveler): Description: A young adult, likely the narrator, wearing various outfits throughout the video, including jackets and carrying bags or suitcases.
Person 2 (Woman in White Coat): Description: A woman wearing a long, cream-colored coat, appearing in various scenes.
Person 3 (Man in Black Jacket): Description: A man wearing a black jacket, appearing in different locations.
Person 4 (Young Girl in Pink Dress): Description: A young girl wearing a pink dress, seen in a flower field.
Person 5 (Street Performer): Description: A person dressed in a colorful outfit, performing on the street.

SCENES:
Scene 1 (Park): Description: A park with bare trees and tall buildings in the background. [Frame 1-2]
Scene 2 (City Street in Tokyo): Description: A busy city street in Tokyo with tall buildings and numerous advertisements. [Frame 3-5, 34-35]
Scene 3 (Train/Japan Railways): Description: Scenes of trains traveling through various landscapes, including mountains and countryside. [Frame 6-7, 14-16]
Scene 4 (Winter Landscape): Description: A serene winter landscape with snow-covered paths, bare trees, and mountains. [Frame 8-10]
Scene 5 (Lake/Boat): Description: A serene lake surrounded by mountains and a small town. [Frame 11-13]
Scene 6 (Cityscape from High-Rise): Description: A densely populated cityscape with numerous skyscrapers and high-rise buildings. [Frame 31-35]
Scene 7 (Airport/Train Station): Description: Various scenes of airports and train stations, including people walking and waiting. [Frame 81-100, 105-108]
Scene 8 (Subway Platform/Train Car): Description: Scenes of subway platforms and train cars, including people waiting and riding trains. [Frame 109-116, 151-155]
Scene 9 (Gundam Statue): Description: A large Gundam robot statue surrounded by a crowd of people. [Frame 46-47, 2185-2224]
Scene 10 (Shibuya Scramble Crossing): Description: A bustling street scene at Shibuya Scramble Crossing with a large crowd of people. [Frame 57-60, 2081-2084]
Scene 11 (Convenience Store): Description: A convenience store with various products on display. [Frame 200-207]
Scene 12 (Cafe/Hostel Common Area): Description: A cozy cafe or common area in a hostel with people working or relaxing. [Frame 236-237, 2600-2607]
Scene 13 (Hostel Room/Bathroom): Description: Scenes of a hostel room and bathroom, including bunk beds and a clean bathroom. [Frame 271-274, 278-280]
Scene 14 (TeamLab Planets): Description: An interactive digital art museum with various immersive exhibits. [Frame 1303-1449]
Scene 15 (Cup Noodles Museum): Description: A museum showcasing the history of Cup Noodles with interactive exhibits. [Frame 2273-2323]
Scene 16 (Akihabara): Description: A bustling street scene in Akihabara with numerous anime and electronic shops. [Frame 1512-1513, 1739-1745]
Scene 17 (Yokohama): Description: Scenes of Yokohama, including a visit to the Gundam Factory Yokohama. [Frame 2115-2121]
Scene 18 (Mt. Fuji/Lake Kawaguchiko): Description: Scenes of Mt. Fuji and Lake Kawaguchiko, including a visit to the area. [Frame 1870-1985]
Scene 19 (Shinjuku Gyoen National Garden): Description: A visit to Shinjuku Gyoen National Garden, which is closed. [Frame 2445-2448]
Scene 20 (Meiji Shrine): Description: A serene forest scene at Meiji Shrine with people walking. [Frame 2458-2472]
Scene 21 (Tokyo Tower): Description: A visit to Tokyo Tower, a large red lattice tower. [Frame 1723-1738]
Scene 22 (Harajuku/Takeshita Street): Description: A bustling street scene in Harajuku, including Takeshita Street. [Frame 0961-0997]
Scene 23 (Asakusa/Senso-ji Temple): Description: Scenes of Asakusa, including a visit to Senso-ji Temple. [Frame 1004-1054]
Scene 24 (Narita Airport): Description: Scenes of Narita Airport, including people waiting and departing. [Frame 2640-2649]

EVENTS:
Event 1 (Traveling to Japan): Description: The narrator travels to Japan by plane. [Frame 54-70]
Event 2 (Arrival at Narita Airport): Description: The narrator arrives at Narita Airport and goes through immigration. [Frame 81-100]
Event 3 (Visiting Shibuya): Description: The narrator visits Shibuya and explores the area. [Frame 57-60, 2081-2084]
Event 4 (Shopping for a Coat/Jacket): Description: The narrator shops for a new coat or jacket in Ginza. [Frame 359-370]
Event 5 (Eating at a Restaurant/Cafe): Description: The narrator eats at various restaurants and cafes throughout the trip. [Frame 2096-2111, 2428-2437]
Event 6 (Visiting TeamLab Planets): Description: The narrator visits TeamLab Planets, an interactive digital art museum. [Frame 1303-1449]
Event 7 (Visiting Cup Noodles Museum): Description: The narrator visits the Cup Noodles Museum in Yokohama. [Frame 2273-2323]
Event 8 (Exploring Akihabara): Description: The narrator explores Akihabara, including visiting anime and electronic shops. [Frame 1512-1513, 1739-1745]
Event 9 (Visiting Mt. Fuji/Lake Kawaguchiko): Description: The narrator visits Mt. Fuji and Lake Kawaguchiko. [Frame 1870-1985]
Event 10 (Visiting Meiji Shrine): Description: The narrator visits Meiji Shrine, a serene Shinto shrine in a forest. [Frame 2458-2472]
Event 11 (Visiting Tokyo Tower): Description: The narrator visits Tokyo Tower, a large red lattice tower. [Frame 1723-1738]
Event 12 (Exploring Harajuku/Takeshita Street): Description: The narrator explores Harajuku, including visiting Takeshita Street. [Frame 0961-0997]
Event 13 (Visiting Asakusa/Senso-ji Temple): Description: The narrator visits Asakusa, including Senso-ji Temple. [Frame 1004-1054]
Event 14 (Returning to Narita Airport): Description: The narrator returns to Narita Airport for departure. [Frame 2640-2649]

================================================================================
Generated at: 2026-01-11 21:50:18
================================================================================


CRITICAL ASSESSMENT TASK:
1. Check if the VLM results CONFIRM the given answer
2. Look for CONTRADICTIONS between VLM results and the answer
3. Verify ALL conditions in the question are addressed
4. Check if the correct answer choice was selected

⚠️ CRITICAL: There is ALWAYS a correct answer among the choices provided. If all answers seem slightly off or imperfect, you MUST choose the BEST possible answer that most closely matches the evidence.

Based ONLY on what the VLM actually reports seeing, determine:
- Does the visual evidence support the answer?
- Are there any discrepancies between the answer and visuals?
- Is the answer addressing the right scene/moment?

Return ONLY this JSON:
{
    "confidence": <0-100, where 100 means VLM fully confirms the answer>,
    "possible_errors": [
        <List ONLY real discrepancies you found, not hypothetical ones>
    ],
    "suggestion": <null if confidence >80, otherwise specific improvement>
}

IMPORTANT RULES:
- Base confidence ONLY on VLM verification results, not speculation
- DO NOT consider any reasoning - evaluate purely from visual evidence vs answer
- Only list errors that are ACTUALLY present in the VLM results
- If VLM confirms the answer, confidence should be high (80-100)
- If VLM contradicts the answer, confidence should be low (0-40)
- Empty possible_errors list [] if no actual errors found
- Do NOT invent errors that aren't supported by the VLM results
- Return ONLY valid JSON

Critical assessment response: {
    "confidence": 0,
    "possible_errors": [
        "The VLM explicitly states the flight duration shown is '4 hours and 45 minutes', not '2 hours 45 minutes'",
        "The VLM confirms the value '2 hours 45 minutes' does not appear anywhere in the frames"
    ],
    "suggestion": "The correct answer based on visual evidence is '4 hours 45 minutes' (choice C), not '2 hours 45 minutes' (choice D)"
}
Critical assessment data: {'confidence': 0, 'possible_errors': ["The VLM explicitly states the flight duration shown is '4 hours and 45 minutes', not '2 hours 45 minutes'", "The VLM confirms the value '2 hours 45 minutes' does not appear anywhere in the frames"], 'suggestion': "The correct answer based on visual evidence is '4 hours 45 minutes' (choice C), not '2 hours 45 minutes' (choice D)"}
