Critic initial response: {
    "tool": "VLM_QUERY",
    "frames": ["frames/frame_2733.jpg", "frames/frame_2734.jpg", "frames/frame_2735.jpg", "frames/frame_2736.jpg", "frames/frame_2737.jpg", "frames/frame_2738.jpg", "frames/frame_2739.jpg", "frames/frame_2740.jpg", "frames/frame_2741.jpg", "frames/frame_2742.jpg", "frames/frame_2743.jpg", "frames/frame_2744.jpg", "frames/frame_2745.jpg", "frames/frame_2746.jpg", "frames/frame_2747.jpg", "frames/frame_2748.jpg"],
    "prompt": "Examine these frames to verify if answer '3' (which corresponds to 'Red') is correct for the question: 'What is the background color of \"EXIT\" on the door in the picture when the bearded man speaks?' Specifically check for: 1) A bearded man with mouth open/speaking expression, 2) A door visible in the same frame, 3) Text 'EXIT' clearly visible on the door, 4) The background color behind the EXIT text, 5) Whether the door appears to be part of a picture/image rather than a real door, 6) Scene composition suggesting the door is part of a displayed image. Focus on the temporal sequence and determine if all criteria are simultaneously met in any frame."
}
Frames to verify: ['frames/frame_2733.jpg', 'frames/frame_2734.jpg', 'frames/frame_2735.jpg', 'frames/frame_2736.jpg', 'frames/frame_2737.jpg', 'frames/frame_2738.jpg', 'frames/frame_2739.jpg', 'frames/frame_2740.jpg', 'frames/frame_2741.jpg', 'frames/frame_2742.jpg', 'frames/frame_2743.jpg', 'frames/frame_2744.jpg', 'frames/frame_2745.jpg', 'frames/frame_2746.jpg', 'frames/frame_2747.jpg', 'frames/frame_2748.jpg']
VLM Prompt: Video context: Based on the provided SET of frame-by-frame captions data, here is a global summary of the video:

**Main Characters:**

1. A bearded captain (likely Jan-Ove Fredheim) of a ship, possibly the Bow Cecil.
2. Ole Morten Sandquist, a naval commander of the EU Warship Fridtjof Nansen.
3. Pieter Bindt, the Force Commander of EU Navfor.
4. Ali Arif, a pirate chief.
5. Various sailors, military personnel, and crew members on ships.
6. A young boy and a man (likely his father or guardian) in a desert village.
7. Several women, including Ina Hansteen, an enlisted sailor, and Nancy Helena Hellevang, a machine trainee.
8. Sergey Melnikov, an engineer on the M/V Faina.
9. Sergey Sarancha, a sailor on the M/V Faina.
10. Gitobu Imanyara, a member of the Kenyan Parliament.
11. Roger Middleton, a researcher at Chatham House.
12. Paul Agate, the Managing Director of Swinglehurst.
13. Svetlana Mgeladze, a woman who appears to be related to the M/V Faina's crew or owners.
14. Hugh Martin, a manager at Hart Security.

**Setting:**

1. Various ocean settings, including the Gulf of Aden, the Red Sea, and the Indian Ocean.
2. Desert landscapes and villages, likely in Somalia.
3. Offices and control rooms on ships and on land.
4. Industrial settings, such as oil rigs and warehouses.
5. Urban areas, including Nairobi, Kenya, and Odessa, Ukraine.
6. Parks and gardens.

**Plot Line:**

The video appears to be a documentary about piracy, specifically focusing on the experiences of sailors, military personnel, and experts in the field. The narrative is presented through a series of interviews, observations, and footage of various ships, including naval vessels and cargo ships. The story likely explores the risks and challenges associated with piracy, as well as the efforts of authorities to combat it. The video also touches on the human side of piracy, featuring interviews with individuals who have been affected by it, including sailors, fishermen, and experts.

**Vibes:**

1. Serious and somber tone, reflecting the gravity of the topic.
2. Tense and suspenseful moments, particularly when depicting pirate activities or confrontations.
3. Reflective and contemplative atmosphere, especially during interviews with experts and individuals affected by piracy.
4. A sense of danger and uncertainty, highlighting the risks faced by sailors and military personnel.
5. A mix of calm and turbulent ocean scenes, mirroring the unpredictability of the sea and the threats it poses.

**General Details:**

1. The video features a diverse range of settings, characters, and storylines, suggesting a comprehensive and multi-faceted exploration of piracy.
2. The use of interviews with experts and individuals directly affected by piracy adds depth and nuance to the narrative.
3. The inclusion of footage from various sources, including naval vessels, cargo ships, and industrial settings, provides a visually engaging and informative experience.
4. The video's tone is generally serious and somber, with moments of tension and reflection, indicating a thoughtful and balanced approach to the topic.

Examine these frames to verify if answer '3' (which corresponds to 'Red') is correct for the question: 'What is the background color of "EXIT" on the door in the picture when the bearded man speaks?' Specifically check for: 1) A bearded man with mouth open/speaking expression, 2) A door visible in the same frame, 3) Text 'EXIT' clearly visible on the door, 4) The background color behind the EXIT text, 5) Whether the door appears to be part of a picture/image rather than a real door, 6) Scene composition suggesting the door is part of a displayed image. Focus on the temporal sequence and determine if all criteria are simultaneously met in any frame.
VLM response: {'batched_responses': [{'batch_start': 0, 'batch_end': 16, 'image_paths': ['/mnt/ssd/data/lvbench/videos_processed/vaL_vSdZKZo/frames/frame_2733.jpg', '/mnt/ssd/data/lvbench/videos_processed/vaL_vSdZKZo/frames/frame_2734.jpg', '/mnt/ssd/data/lvbench/videos_processed/vaL_vSdZKZo/frames/frame_2735.jpg', '/mnt/ssd/data/lvbench/videos_processed/vaL_vSdZKZo/frames/frame_2736.jpg', '/mnt/ssd/data/lvbench/videos_processed/vaL_vSdZKZo/frames/frame_2737.jpg', '/mnt/ssd/data/lvbench/videos_processed/vaL_vSdZKZo/frames/frame_2738.jpg', '/mnt/ssd/data/lvbench/videos_processed/vaL_vSdZKZo/frames/frame_2739.jpg', '/mnt/ssd/data/lvbench/videos_processed/vaL_vSdZKZo/frames/frame_2740.jpg', '/mnt/ssd/data/lvbench/videos_processed/vaL_vSdZKZo/frames/frame_2741.jpg', '/mnt/ssd/data/lvbench/videos_processed/vaL_vSdZKZo/frames/frame_2742.jpg', '/mnt/ssd/data/lvbench/videos_processed/vaL_vSdZKZo/frames/frame_2743.jpg', '/mnt/ssd/data/lvbench/videos_processed/vaL_vSdZKZo/frames/frame_2744.jpg', '/mnt/ssd/data/lvbench/videos_processed/vaL_vSdZKZo/frames/frame_2745.jpg', '/mnt/ssd/data/lvbench/videos_processed/vaL_vSdZKZo/frames/frame_2746.jpg', '/mnt/ssd/data/lvbench/videos_processed/vaL_vSdZKZo/frames/frame_2747.jpg', '/mnt/ssd/data/lvbench/videos_processed/vaL_vSdZKZo/frames/frame_2748.jpg'], 'response': "After a thorough examination of all 16 frames, the answer **'3' (Red)** is **incorrect** for the question: *“What is the background color of 'EXIT' on the door in the picture when the bearded man speaks?”*\n\nHere’s the verification against the specified criteria:\n\n---\n\n**1) A bearded man with mouth open/speaking expression**  \n✅ **Met** — In frames 6–11, the bearded man (Jan-Ove Fredheim) is clearly visible speaking, with his mouth open or in a speaking posture. Subtitles also confirm he is speaking during this segment.\n\n**2) A door visible in the same frame**  \n✅ **Met** — In frames 6–11, a white door is visible in the background to the right of the bearded man.\n\n**3) Text 'EXIT' clearly visible on the door**  \n✅ **Met** — The word “EXIT” is clearly visible in green letters on a white rectangular sign affixed to the door in frames 6–11.\n\n**4) The background color behind the EXIT text**  \n✅ **Met** — The background behind the green “EXIT” text is **white**. The sign is a standard green-on-white emergency exit sign. There is **no red** anywhere in the background of the text.\n\n**5) Whether the door appears to be part of a picture/image rather than a real door**  \n❌ **Not Met** — The door is clearly part of the real, physical environment — the interior of a ship’s bridge or control room. The lighting, perspective, reflections, and interaction with other objects (e.g., the man sitting at the desk) confirm it is a real door, not part of a displayed image or picture.\n\n**6) Scene composition suggesting the door is part of a displayed image**  \n❌ **Not Met** — There is no visual cue (e.g., frame, screen border, pixelation, or inconsistent lighting) to suggest the door is part of a picture or image being displayed. It is integrated naturally into the scene.\n\n---\n\n**Conclusion:**\n\nWhile the bearded man is speaking and the “EXIT” sign is visible in frames 6–11, the background color behind the “EXIT” text is **white**, not red. Furthermore, the door is part of the real environment, not a picture.\n\nTherefore, **answer '3' (Red) is incorrect**.\n\n✅ **Correct Answer: 1 (White)** — if that was an option.  \n❌ **Answer '3' (Red) is invalid based on visual evidence.**\n\n--- \n\n**Final Determination: The answer '3' is NOT correct.**"}], 'formatted_responses': ["\n=== Batch 0-16 (16 frames) ===\nFrames: /mnt/ssd/data/lvbench/videos_processed/vaL_vSdZKZo/frames/frame_2733.jpg, /mnt/ssd/data/lvbench/videos_processed/vaL_vSdZKZo/frames/frame_2734.jpg, /mnt/ssd/data/lvbench/videos_processed/vaL_vSdZKZo/frames/frame_2735.jpg, /mnt/ssd/data/lvbench/videos_processed/vaL_vSdZKZo/frames/frame_2736.jpg, /mnt/ssd/data/lvbench/videos_processed/vaL_vSdZKZo/frames/frame_2737.jpg, /mnt/ssd/data/lvbench/videos_processed/vaL_vSdZKZo/frames/frame_2738.jpg, /mnt/ssd/data/lvbench/videos_processed/vaL_vSdZKZo/frames/frame_2739.jpg, /mnt/ssd/data/lvbench/videos_processed/vaL_vSdZKZo/frames/frame_2740.jpg, /mnt/ssd/data/lvbench/videos_processed/vaL_vSdZKZo/frames/frame_2741.jpg, /mnt/ssd/data/lvbench/videos_processed/vaL_vSdZKZo/frames/frame_2742.jpg, /mnt/ssd/data/lvbench/videos_processed/vaL_vSdZKZo/frames/frame_2743.jpg, /mnt/ssd/data/lvbench/videos_processed/vaL_vSdZKZo/frames/frame_2744.jpg, /mnt/ssd/data/lvbench/videos_processed/vaL_vSdZKZo/frames/frame_2745.jpg, /mnt/ssd/data/lvbench/videos_processed/vaL_vSdZKZo/frames/frame_2746.jpg, /mnt/ssd/data/lvbench/videos_processed/vaL_vSdZKZo/frames/frame_2747.jpg, /mnt/ssd/data/lvbench/videos_processed/vaL_vSdZKZo/frames/frame_2748.jpg\nVLM Response: After a thorough examination of all 16 frames, the answer **'3' (Red)** is **incorrect** for the question: *“What is the background color of 'EXIT' on the door in the picture when the bearded man speaks?”*\n\nHere’s the verification against the specified criteria:\n\n---\n\n**1) A bearded man with mouth open/speaking expression**  \n✅ **Met** — In frames 6–11, the bearded man (Jan-Ove Fredheim) is clearly visible speaking, with his mouth open or in a speaking posture. Subtitles also confirm he is speaking during this segment.\n\n**2) A door visible in the same frame**  \n✅ **Met** — In frames 6–11, a white door is visible in the background to the right of the bearded man.\n\n**3) Text 'EXIT' clearly visible on the door**  \n✅ **Met** — The word “EXIT” is clearly visible in green letters on a white rectangular sign affixed to the door in frames 6–11.\n\n**4) The background color behind the EXIT text**  \n✅ **Met** — The background behind the green “EXIT” text is **white**. The sign is a standard green-on-white emergency exit sign. There is **no red** anywhere in the background of the text.\n\n**5) Whether the door appears to be part of a picture/image rather than a real door**  \n❌ **Not Met** — The door is clearly part of the real, physical environment — the interior of a ship’s bridge or control room. The lighting, perspective, reflections, and interaction with other objects (e.g., the man sitting at the desk) confirm it is a real door, not part of a displayed image or picture.\n\n**6) Scene composition suggesting the door is part of a displayed image**  \n❌ **Not Met** — There is no visual cue (e.g., frame, screen border, pixelation, or inconsistent lighting) to suggest the door is part of a picture or image being displayed. It is integrated naturally into the scene.\n\n---\n\n**Conclusion:**\n\nWhile the bearded man is speaking and the “EXIT” sign is visible in frames 6–11, the background color behind the “EXIT” text is **white**, not red. Furthermore, the door is part of the real environment, not a picture.\n\nTherefore, **answer '3' (Red) is incorrect**.\n\n✅ **Correct Answer: 1 (White)** — if that was an option.  \n❌ **Answer '3' (Red) is invalid based on visual evidence.**\n\n--- \n\n**Final Determination: The answer '3' is NOT correct.**\n"], 'condensed_response': '**Scene Summary (Frames\u202f6‑11 of the 16‑frame batch)**  \n\nA bearded man – identified as Jan‑Ove\u202fFredheim – appears in the centre‑right of the frame, his mouth open as he speaks (the subtitles confirm he is the speaker). Directly behind him, to the right, is a physical white door that is part of the ship’s bridge interior, not a picture or screen. Affixed to the door is a standard emergency‑exit sign: the word **“EXIT”** rendered in green lettering on a **white** rectangular background. No red appears behind the text; the sign’s background is uniformly white, and the lighting, reflections, and interaction with nearby objects (the man’s desk, the bridge console) make it clear the door is a real element of the environment.\n\n**Key points for the question**  \n- **Speaker present:** Yes (frames\u202f6‑11).  \n- **Door visible:** Yes (frames\u202f6‑11).  \n- **‘EXIT’ text visible:** Yes (green on white).  \n- **Background color behind ‘EXIT’:** **White**, not red.  \n- **Door realism:** The door is a genuine part of the set, not a displayed image.\n\n**Conclusion:** The correct background colour for the “EXIT” sign is **white** (option\u202f1), making the proposed answer “3 (Red)” incorrect.', 'failed_images': []}
Followup prompt: 
Critically assess whether the VLM verification supports the given answer by evaluating each criterion.

VLM Verification Results:
{'batched_responses': [{'batch_start': 0, 'batch_end': 16, 'image_paths': ['/mnt/ssd/data/lvbench/videos_processed/vaL_vSdZKZo/frames/frame_2733.jpg', '/mnt/ssd/data/lvbench/videos_processed/vaL_vSdZKZo/frames/frame_2734.jpg', '/mnt/ssd/data/lvbench/videos_processed/vaL_vSdZKZo/frames/frame_2735.jpg', '/mnt/ssd/data/lvbench/videos_processed/vaL_vSdZKZo/frames/frame_2736.jpg', '/mnt/ssd/data/lvbench/videos_processed/vaL_vSdZKZo/frames/frame_2737.jpg', '/mnt/ssd/data/lvbench/videos_processed/vaL_vSdZKZo/frames/frame_2738.jpg', '/mnt/ssd/data/lvbench/videos_processed/vaL_vSdZKZo/frames/frame_2739.jpg', '/mnt/ssd/data/lvbench/videos_processed/vaL_vSdZKZo/frames/frame_2740.jpg', '/mnt/ssd/data/lvbench/videos_processed/vaL_vSdZKZo/frames/frame_2741.jpg', '/mnt/ssd/data/lvbench/videos_processed/vaL_vSdZKZo/frames/frame_2742.jpg', '/mnt/ssd/data/lvbench/videos_processed/vaL_vSdZKZo/frames/frame_2743.jpg', '/mnt/ssd/data/lvbench/videos_processed/vaL_vSdZKZo/frames/frame_2744.jpg', '/mnt/ssd/data/lvbench/videos_processed/vaL_vSdZKZo/frames/frame_2745.jpg', '/mnt/ssd/data/lvbench/videos_processed/vaL_vSdZKZo/frames/frame_2746.jpg', '/mnt/ssd/data/lvbench/videos_processed/vaL_vSdZKZo/frames/frame_2747.jpg', '/mnt/ssd/data/lvbench/videos_processed/vaL_vSdZKZo/frames/frame_2748.jpg'], 'response': "After a thorough examination of all 16 frames, the answer **'3' (Red)** is **incorrect** for the question: *“What is the background color of 'EXIT' on the door in the picture when the bearded man speaks?”*\n\nHere’s the verification against the specified criteria:\n\n---\n\n**1) A bearded man with mouth open/speaking expression**  \n✅ **Met** — In frames 6–11, the bearded man (Jan-Ove Fredheim) is clearly visible speaking, with his mouth open or in a speaking posture. Subtitles also confirm he is speaking during this segment.\n\n**2) A door visible in the same frame**  \n✅ **Met** — In frames 6–11, a white door is visible in the background to the right of the bearded man.\n\n**3) Text 'EXIT' clearly visible on the door**  \n✅ **Met** — The word “EXIT” is clearly visible in green letters on a white rectangular sign affixed to the door in frames 6–11.\n\n**4) The background color behind the EXIT text**  \n✅ **Met** — The background behind the green “EXIT” text is **white**. The sign is a standard green-on-white emergency exit sign. There is **no red** anywhere in the background of the text.\n\n**5) Whether the door appears to be part of a picture/image rather than a real door**  \n❌ **Not Met** — The door is clearly part of the real, physical environment — the interior of a ship’s bridge or control room. The lighting, perspective, reflections, and interaction with other objects (e.g., the man sitting at the desk) confirm it is a real door, not part of a displayed image or picture.\n\n**6) Scene composition suggesting the door is part of a displayed image**  \n❌ **Not Met** — There is no visual cue (e.g., frame, screen border, pixelation, or inconsistent lighting) to suggest the door is part of a picture or image being displayed. It is integrated naturally into the scene.\n\n---\n\n**Conclusion:**\n\nWhile the bearded man is speaking and the “EXIT” sign is visible in frames 6–11, the background color behind the “EXIT” text is **white**, not red. Furthermore, the door is part of the real environment, not a picture.\n\nTherefore, **answer '3' (Red) is incorrect**.\n\n✅ **Correct Answer: 1 (White)** — if that was an option.  \n❌ **Answer '3' (Red) is invalid based on visual evidence.**\n\n--- \n\n**Final Determination: The answer '3' is NOT correct.**"}], 'formatted_responses': ["\n=== Batch 0-16 (16 frames) ===\nFrames: /mnt/ssd/data/lvbench/videos_processed/vaL_vSdZKZo/frames/frame_2733.jpg, /mnt/ssd/data/lvbench/videos_processed/vaL_vSdZKZo/frames/frame_2734.jpg, /mnt/ssd/data/lvbench/videos_processed/vaL_vSdZKZo/frames/frame_2735.jpg, /mnt/ssd/data/lvbench/videos_processed/vaL_vSdZKZo/frames/frame_2736.jpg, /mnt/ssd/data/lvbench/videos_processed/vaL_vSdZKZo/frames/frame_2737.jpg, /mnt/ssd/data/lvbench/videos_processed/vaL_vSdZKZo/frames/frame_2738.jpg, /mnt/ssd/data/lvbench/videos_processed/vaL_vSdZKZo/frames/frame_2739.jpg, /mnt/ssd/data/lvbench/videos_processed/vaL_vSdZKZo/frames/frame_2740.jpg, /mnt/ssd/data/lvbench/videos_processed/vaL_vSdZKZo/frames/frame_2741.jpg, /mnt/ssd/data/lvbench/videos_processed/vaL_vSdZKZo/frames/frame_2742.jpg, /mnt/ssd/data/lvbench/videos_processed/vaL_vSdZKZo/frames/frame_2743.jpg, /mnt/ssd/data/lvbench/videos_processed/vaL_vSdZKZo/frames/frame_2744.jpg, /mnt/ssd/data/lvbench/videos_processed/vaL_vSdZKZo/frames/frame_2745.jpg, /mnt/ssd/data/lvbench/videos_processed/vaL_vSdZKZo/frames/frame_2746.jpg, /mnt/ssd/data/lvbench/videos_processed/vaL_vSdZKZo/frames/frame_2747.jpg, /mnt/ssd/data/lvbench/videos_processed/vaL_vSdZKZo/frames/frame_2748.jpg\nVLM Response: After a thorough examination of all 16 frames, the answer **'3' (Red)** is **incorrect** for the question: *“What is the background color of 'EXIT' on the door in the picture when the bearded man speaks?”*\n\nHere’s the verification against the specified criteria:\n\n---\n\n**1) A bearded man with mouth open/speaking expression**  \n✅ **Met** — In frames 6–11, the bearded man (Jan-Ove Fredheim) is clearly visible speaking, with his mouth open or in a speaking posture. Subtitles also confirm he is speaking during this segment.\n\n**2) A door visible in the same frame**  \n✅ **Met** — In frames 6–11, a white door is visible in the background to the right of the bearded man.\n\n**3) Text 'EXIT' clearly visible on the door**  \n✅ **Met** — The word “EXIT” is clearly visible in green letters on a white rectangular sign affixed to the door in frames 6–11.\n\n**4) The background color behind the EXIT text**  \n✅ **Met** — The background behind the green “EXIT” text is **white**. The sign is a standard green-on-white emergency exit sign. There is **no red** anywhere in the background of the text.\n\n**5) Whether the door appears to be part of a picture/image rather than a real door**  \n❌ **Not Met** — The door is clearly part of the real, physical environment — the interior of a ship’s bridge or control room. The lighting, perspective, reflections, and interaction with other objects (e.g., the man sitting at the desk) confirm it is a real door, not part of a displayed image or picture.\n\n**6) Scene composition suggesting the door is part of a displayed image**  \n❌ **Not Met** — There is no visual cue (e.g., frame, screen border, pixelation, or inconsistent lighting) to suggest the door is part of a picture or image being displayed. It is integrated naturally into the scene.\n\n---\n\n**Conclusion:**\n\nWhile the bearded man is speaking and the “EXIT” sign is visible in frames 6–11, the background color behind the “EXIT” text is **white**, not red. Furthermore, the door is part of the real environment, not a picture.\n\nTherefore, **answer '3' (Red) is incorrect**.\n\n✅ **Correct Answer: 1 (White)** — if that was an option.  \n❌ **Answer '3' (Red) is invalid based on visual evidence.**\n\n--- \n\n**Final Determination: The answer '3' is NOT correct.**\n"], 'condensed_response': '**Scene Summary (Frames\u202f6‑11 of the 16‑frame batch)**  \n\nA bearded man – identified as Jan‑Ove\u202fFredheim – appears in the centre‑right of the frame, his mouth open as he speaks (the subtitles confirm he is the speaker). Directly behind him, to the right, is a physical white door that is part of the ship’s bridge interior, not a picture or screen. Affixed to the door is a standard emergency‑exit sign: the word **“EXIT”** rendered in green lettering on a **white** rectangular background. No red appears behind the text; the sign’s background is uniformly white, and the lighting, reflections, and interaction with nearby objects (the man’s desk, the bridge console) make it clear the door is a real element of the environment.\n\n**Key points for the question**  \n- **Speaker present:** Yes (frames\u202f6‑11).  \n- **Door visible:** Yes (frames\u202f6‑11).  \n- **‘EXIT’ text visible:** Yes (green on white).  \n- **Background color behind ‘EXIT’:** **White**, not red.  \n- **Door realism:** The door is a genuine part of the set, not a displayed image.\n\n**Conclusion:** The correct background colour for the “EXIT” sign is **white** (option\u202f1), making the proposed answer “3 (Red)” incorrect.', 'failed_images': []}

Question Being Answered: What is the background color of "EXIT" on the door in the picture when the bearded man speaks?

Answer Choices:
A. White
B. Yellow
C. Red
D. Green

Given Answer: 3
Evidence Frames Used: ['frames/frame_2738.jpg', 'frames/frame_2739.jpg', 'frames/frame_2740.jpg', 'frames/frame_2741.jpg', 'frames/frame_2742.jpg', 'frames/frame_2743.jpg']

Character/Event/Scene logs: ================================================================================
CHARACTER, EVENT, AND SCENE LOGS
================================================================================

CHARACTERS:
Pirate Chief (Ali Arif): A bald dark-skinned man wearing different colored shirts throughout the video.
Captain (Jan-Ove Fredheim): A bearded man with short brown hair, wearing a white shirt with epaulets on the shoulders.
Nancy Helena Hellevang: A young woman with blonde hair, wearing an orange shirt.
Ina Hansteen: A young woman with blonde hair, wearing a tan military uniform.
Sergey Melnikov: A young man with short dark hair, wearing a black and white striped shirt.
Ole Morten Sandquist: A man with short gray hair, wearing a tan military uniform with gold epaulets.
Frode Holmedal: A bearded man with short brown hair, wearing a white shirt and black vest.
Ketil Johansen: A man with short brown hair, wearing a tan military uniform with gold epaulets.

SCENES:
Beach at Dusk: A dark beach at dusk with a man standing and gazing out at the ocean. [frame_0001]
Beach with Cargo Ship: A sandy beach with a young boy standing alone, gazing out at the ocean waves as a large cargo ship sails in the distance. [frame_0003]
Military Formation: A group of approximately 30 military personnel standing in a straight line on a gray surface. [frame_0017]
Naval Warship: A large gray warship docked in a body of water. [frame_0020]
Suez Canal: A large red cargo ship sailing through the Suez Canal. [frame_0063]
Office/Control Room: Various scenes of people working or being interviewed in office or control room settings on a ship. [frame_0096]
Desert Village: A dusty desert village with small, weathered buildings. [frame_0866]
Eyl, Somalia: A desolate, rocky area with a white building and a structure made of twigs and branches. [frame_0872]
Park: A group of young men walking through a park with trees and grass. [frame_0512]
Nairobi, Kenya: A busy street scene with cars driving down the road and pedestrians walking on the sidewalk. [frame_01588]
Quarry near Bologna, Italy: A large, open-pit excavation site with a building featuring a white roof and a red logo. [frame_02839]
Hart Land Sea & Air Security Office: A modern office with a glass wall featuring the company logo. [frame_02805]

EVENTS:
Pirates Deploying Boats: A group of people deploying boats from the shore into the ocean. [frame_0012]
Military Personnel in Formation: A group of men dressed in khaki military uniforms standing in formation. [frame_0017]
Captain Discussing Piracy: The captain of the ship speaking directly to the camera about piracy. [frame_0100]
Crew Members Preparing for Piracy: Crew members on a ship preparing for a potential pirate attack. [frame_0120]
Pirates Boarding a Ship: Armed men boarding a large, rusty red ship. [frame_01563]
Rescue Operation: A person in black being rescued by a red helicopter. [frame_02848]
Pirates Being Escorted: A man wearing an orange jumpsuit being escorted by military personnel. [frame_01679]
Fight among Captives: Several shirtless men engaging in a physical altercation. [frame_01133]
Toasting: A group of people raising glasses filled with various beverages in a toast. [frame_03108]
Interview with Experts: Various experts, including political analysts and counter-terrorism experts, being interviewed. [frame_01708]
Prince Harry Handling a Rifle: A man in a black jacket and yellow safety glasses holding a large black rifle. [frame_02924]

================================================================================
Generated at: 2026-01-11 21:46:07
================================================================================



QUESTION-BASED CRITERIA:
  Q1. bearded man visible with mouth open or speaking expression
  Q2. door visible in the same frame
  Q3. text 'EXIT' visible on the door
  Q4. background color visible behind the EXIT text
  Q5. door appears to be in a picture/image (not a real door)
  Q6. scene composition suggests the door is part of a displayed image


CRITICAL ASSESSMENT TASK:
For EACH criterion listed above, determine whether it PASSES or FAILS based ONLY on what the VLM actually reports seeing in the frames.

- PASS: The VLM results clearly confirm this criterion is satisfied in the frames
- FAIL: The VLM results indicate this criterion is NOT satisfied, or there is insufficient evidence

CONFIDENCE CALCULATION RULES:
1. Count how many criteria pass (criteria_percentage = criteria_passed / 6)
2. Calculate base_confidence = criteria_percentage * 100
3. ⚠️ If ANY answer-specific criterion (A1, A2, etc.) FAILS, set confidence = min(50, base_confidence)

⚠️ CRITICAL: There is ALWAYS a correct answer among the choices provided. If all answers seem slightly off or imperfect, you MUST choose the BEST possible answer that most closely matches the evidence.

CRITIC ANSWER CHOICE DECISION:
4. After evaluating criteria, if criteria_percentage > 0.5 (>50% of criteria pass):
   - Review ALL answer choices (A, B, C, D, etc.)
   - Based ONLY on the VLM visual evidence, determine which answer choice is MOST correct
   - Output your critic_answer_choice as a NUMBER (0=A, 1=B, 2=C, 3=D)
5. If criteria_percentage ≤ 0.5 (≤50% of criteria pass):
   - STILL do your best to pick out a correct answer, but also set suggestion to "These may not be the right frames/scene. Continue searching for better evidence."
   - output your best guess of the answer as a number (0=A, 1=B, 2=C, 3=D, 4=E)

Return ONLY this JSON:
{
    "criteria_results": [
        {"criterion": "criterion text", "criterion_type": "QUESTION or ANSWER", "status": "PASS or FAIL", "reasoning": "brief explanation"},
        ...
    ],
    "question_criteria_passed": <number of question criteria that passed>,
    "answer_criteria_passed": <number of answer criteria that passed>,
    "answer_criteria_total": 0,
    "criteria_passed": <number of question criteria that passed>,
    "criteria_total": 6,
    "criteria_percentage": <criteria_passed / 6>,
    "base_confidence": <(criteria_passed / 6) * 100>,
    "confidence": <base_confidence OR 50 if any answer criterion failed>,
    "critic_answer_choice": <NUMBER: 0=A, 1=B, 2=C, 3=D, 4=E>,
    "critic_reasoning": "<Brief explanation of why you chose this answer based on VLM evidence>",
    "possible_errors": [
        <List specific criteria that failed or issues found>
    ],
    "suggestion": <"These may not be the right frames" if ≤50%, otherwise null or specific improvement>
}

IMPORTANT RULES:
- Evaluate EACH criterion independently based on VLM results
- Mark criterion as PASS only if VLM clearly confirms it
- Mark criterion as FAIL if not confirmed or contradicted
- If ANY answer-specific criterion fails, confidence MUST be ≤50%
- Base evaluation ONLY on VLM verification results, not speculation
- Only list errors for criteria that actually failed
- Return ONLY valid JSON

Critical assessment response: ```json
{
    "criteria_results": [
        {
            "criterion": "bearded man visible with mouth open or speaking expression",
            "criterion_type": "QUESTION",
            "status": "PASS",
            "reasoning": "VLM confirms bearded man (Jan-Ove Fredheim) is speaking with mouth open in frames 6-11, supported by subtitles"
        },
        {
            "criterion": "door visible in the same frame",
            "criterion_type": "QUESTION",
            "status": "PASS",
            "reasoning": "VLM confirms a white door is visible in the background to the right of the bearded man in frames 6-11"
        },
        {
            "criterion": "text 'EXIT' visible on the door",
            "criterion_type": "QUESTION",
            "status": "PASS",
            "reasoning": "VLM confirms 'EXIT' is clearly visible in green letters on a white rectangular sign affixed to the door"
        },
        {
            "criterion": "background color visible behind the EXIT text",
            "criterion_type": "QUESTION",
            "status": "PASS",
            "reasoning": "VLM confirms the background behind the green 'EXIT' text is white, with no red anywhere in the background"
        },
        {
            "criterion": "door appears to be in a picture/image (not a real door)",
            "criterion_type": "QUESTION",
            "status": "FAIL",
            "reasoning": "VLM states the door is clearly part of the real physical environment, not a displayed image or picture"
        },
        {
            "criterion": "scene composition suggests the door is part of a displayed image",
            "criterion_type": "QUESTION",
            "status": "FAIL",
            "reasoning": "VLM states there are no visual cues suggesting the door is part of a picture; it's integrated naturally into the scene"
        }
    ],
    "question_criteria_passed": 4,
    "answer_criteria_passed": 0,
    "answer_criteria_total": 0,
    "criteria_passed": 4,
    "criteria_total": 6,
    "criteria_percentage": 0.6667,
    "base_confidence": 66.67,
    "confidence": 50.0,
    "critic_answer_choice": 0,
    "critic_reasoning": "The VLM clearly states the background color behind the 'EXIT' text is white, not red, and specifically mentions 'Correct Answer: 1 (White)' in its conclusion. While the door is not part of a picture as specified in the question, the color evidence is definitive.",
    "possible_errors": [
        "Door is part of real environment, not a picture as specified in the question",
        "Scene composition does not suggest the door is part of a displayed image"
    ],
    "suggestion": "The frames show the correct background color (white) but the door appears to be real rather than part of a picture as specified in the question. Continue searching for frames where the door is clearly part of a displayed image."
}
```
Critical assessment data: {'criteria_results': [{'criterion': 'bearded man visible with mouth open or speaking expression', 'criterion_type': 'QUESTION', 'status': 'PASS', 'reasoning': 'VLM confirms bearded man (Jan-Ove Fredheim) is speaking with mouth open in frames 6-11, supported by subtitles'}, {'criterion': 'door visible in the same frame', 'criterion_type': 'QUESTION', 'status': 'PASS', 'reasoning': 'VLM confirms a white door is visible in the background to the right of the bearded man in frames 6-11'}, {'criterion': "text 'EXIT' visible on the door", 'criterion_type': 'QUESTION', 'status': 'PASS', 'reasoning': "VLM confirms 'EXIT' is clearly visible in green letters on a white rectangular sign affixed to the door"}, {'criterion': 'background color visible behind the EXIT text', 'criterion_type': 'QUESTION', 'status': 'PASS', 'reasoning': "VLM confirms the background behind the green 'EXIT' text is white, with no red anywhere in the background"}, {'criterion': 'door appears to be in a picture/image (not a real door)', 'criterion_type': 'QUESTION', 'status': 'FAIL', 'reasoning': 'VLM states the door is clearly part of the real physical environment, not a displayed image or picture'}, {'criterion': 'scene composition suggests the door is part of a displayed image', 'criterion_type': 'QUESTION', 'status': 'FAIL', 'reasoning': "VLM states there are no visual cues suggesting the door is part of a picture; it's integrated naturally into the scene"}], 'question_criteria_passed': 4, 'answer_criteria_passed': 0, 'answer_criteria_total': 0, 'criteria_passed': 4, 'criteria_total': 6, 'criteria_percentage': 0.6667, 'base_confidence': 66.67, 'confidence': 50.0, 'critic_answer_choice': 0, 'critic_reasoning': "The VLM clearly states the background color behind the 'EXIT' text is white, not red, and specifically mentions 'Correct Answer: 1 (White)' in its conclusion. While the door is not part of a picture as specified in the question, the color evidence is definitive.", 'possible_errors': ['Door is part of real environment, not a picture as specified in the question', 'Scene composition does not suggest the door is part of a displayed image'], 'suggestion': 'The frames show the correct background color (white) but the door appears to be real rather than part of a picture as specified in the question. Continue searching for frames where the door is clearly part of a displayed image.'}
