Critic initial response: {
    "tool": "VLM_QUERY",
    "frames": [
        "frames/frame_3111.jpg",
        "frames/frame_3112.jpg",
        "frames/frame_3113.jpg",
        "frames/frame_3114.jpg",
        "frames/frame_3115.jpg",
        "frames/frame_3116.jpg",
        "frames/frame_3117.jpg",
        "frames/frame_3118.jpg",
        "frames/frame_3119.jpg",
        "frames/frame_3120.jpg",
        "frames/frame_3121.jpg",
        "frames/frame_3122.jpg",
        "frames/frame_3123.jpg",
        "frames/frame_3124.jpg",
        "frames/frame_3125.jpg",
        "frames/frame_3126.jpg",
        "frames/frame_3127.jpg",
        "frames/frame_3128.jpg",
        "frames/frame_3129.jpg",
        "frames/frame_3130.jpg"
    ],
    "prompt": "Based on these frames (including context before/after), verify if the answer '0' is correct for the question: What happens at 47:56 mark of the game? Check the question criteria: ['A soccer player wearing a red jersey with the number 18 or 8 on the back (Pedro)', 'A soccer player wearing a red jersey with the number 14 on the back (Xabi Alonso)', 'A player attempting a shot on goal', 'A player committing a foul', 'The game clock showing or indicating approximately 47:56', 'Players from Germany (white jerseys) and Spain (red jerseys) on the field']. Pay attention to timestamps and temporal sequences. Look for: 1) Whether the game clock shows approximately 47:56, 2) Whether Pedro (#18/8) or Alonso (#14) is attempting a shot or committing a foul, 3) Whether any shot attempt fails or foul occurs, 4) Whether the answer '0' (none of the above) matches what is visually happening at this exact timestamp."
}
Frames to verify: ['frames/frame_3111.jpg', 'frames/frame_3112.jpg', 'frames/frame_3113.jpg', 'frames/frame_3114.jpg', 'frames/frame_3115.jpg', 'frames/frame_3116.jpg', 'frames/frame_3117.jpg', 'frames/frame_3118.jpg', 'frames/frame_3119.jpg', 'frames/frame_3120.jpg', 'frames/frame_3121.jpg', 'frames/frame_3122.jpg', 'frames/frame_3123.jpg', 'frames/frame_3124.jpg', 'frames/frame_3125.jpg', 'frames/frame_3126.jpg', 'frames/frame_3127.jpg', 'frames/frame_3128.jpg', 'frames/frame_3129.jpg', 'frames/frame_3130.jpg']
VLM Prompt: Video context: Here is a global summary of the video based on the provided frame-by-frame captions:

**Main Characters:**

* Soccer players from Germany and Spain, including notable players such as Manuel Neuer, Arne Friedrich, Mesut Oezil, Carles Puyol, and David Villa.
* Coaches and managers, including Joachim Loew (Germany) and Vicente del Bosque (Spain).
* Referees, including Viktor Kassai.

**Setting:**

* The video is set in a large stadium in Durban, South Africa, during the 2010 FIFA World Cup.
* The stadium is filled with spectators, and the atmosphere is lively and energetic.

**Plot Line:**

* The video captures a soccer match between Germany and Spain, from the pre-game introductions to the final whistle.
* The match is intense and competitive, with players from both teams engaging in various actions on the field.
* The Spanish team ultimately wins the match 1-0, with Carles Puyol scoring the winning goal in the 73rd minute.

**Vibes:**

* The overall vibe of the video is one of excitement, tension, and celebration.
* The atmosphere in the stadium is electric, with spectators cheering and waving flags.
* The players' emotions range from focus and determination to joy and disappointment.

**General Details:**

* The video is a comprehensive coverage of the soccer match, including pre-game introductions, player lineups, and the actual game.
* The captions highlight the actions of the players, coaches, and referees, as well as the reactions of the spectators.
* The video is likely a recording of a live broadcast, with graphics and scoreboards displayed throughout the match.

Based on these frames (including context before/after), verify if the answer '0' is correct for the question: What happens at 47:56 mark of the game? Check the question criteria: ['A soccer player wearing a red jersey with the number 18 or 8 on the back (Pedro)', 'A soccer player wearing a red jersey with the number 14 on the back (Xabi Alonso)', 'A player attempting a shot on goal', 'A player committing a foul', 'The game clock showing or indicating approximately 47:56', 'Players from Germany (white jerseys) and Spain (red jerseys) on the field']. Pay attention to timestamps and temporal sequences. Look for: 1) Whether the game clock shows approximately 47:56, 2) Whether Pedro (#18/8) or Alonso (#14) is attempting a shot or committing a foul, 3) Whether any shot attempt fails or foul occurs, 4) Whether the answer '0' (none of the above) matches what is visually happening at this exact timestamp.
VLM response: {'batched_responses': [{'batch_start': 0, 'batch_end': 20, 'image_paths': ['/mnt/ssd/data/lvbench/videos_processed/oZEVgDXJwCc/frames/frame_3111.jpg', '/mnt/ssd/data/lvbench/videos_processed/oZEVgDXJwCc/frames/frame_3112.jpg', '/mnt/ssd/data/lvbench/videos_processed/oZEVgDXJwCc/frames/frame_3113.jpg', '/mnt/ssd/data/lvbench/videos_processed/oZEVgDXJwCc/frames/frame_3114.jpg', '/mnt/ssd/data/lvbench/videos_processed/oZEVgDXJwCc/frames/frame_3115.jpg', '/mnt/ssd/data/lvbench/videos_processed/oZEVgDXJwCc/frames/frame_3116.jpg', '/mnt/ssd/data/lvbench/videos_processed/oZEVgDXJwCc/frames/frame_3117.jpg', '/mnt/ssd/data/lvbench/videos_processed/oZEVgDXJwCc/frames/frame_3118.jpg', '/mnt/ssd/data/lvbench/videos_processed/oZEVgDXJwCc/frames/frame_3119.jpg', '/mnt/ssd/data/lvbench/videos_processed/oZEVgDXJwCc/frames/frame_3120.jpg', '/mnt/ssd/data/lvbench/videos_processed/oZEVgDXJwCc/frames/frame_3121.jpg', '/mnt/ssd/data/lvbench/videos_processed/oZEVgDXJwCc/frames/frame_3122.jpg', '/mnt/ssd/data/lvbench/videos_processed/oZEVgDXJwCc/frames/frame_3123.jpg', '/mnt/ssd/data/lvbench/videos_processed/oZEVgDXJwCc/frames/frame_3124.jpg', '/mnt/ssd/data/lvbench/videos_processed/oZEVgDXJwCc/frames/frame_3125.jpg', '/mnt/ssd/data/lvbench/videos_processed/oZEVgDXJwCc/frames/frame_3126.jpg', '/mnt/ssd/data/lvbench/videos_processed/oZEVgDXJwCc/frames/frame_3127.jpg', '/mnt/ssd/data/lvbench/videos_processed/oZEVgDXJwCc/frames/frame_3128.jpg', '/mnt/ssd/data/lvbench/videos_processed/oZEVgDXJwCc/frames/frame_3129.jpg', '/mnt/ssd/data/lvbench/videos_processed/oZEVgDXJwCc/frames/frame_3130.jpg'], 'response': "Based on the provided frames and the question criteria, the answer **'0' is NOT correct**.\n\nHere’s the verification against the question criteria at the **47:56 mark** (approximated by the closest available frames, which begin at 48:00 and go forward):\n\n---\n\n### 1. **Game clock showing approximately 47:56**\n- The earliest frame (Frame 1) shows **48:00** on the scoreboard.\n- Since the video progresses forward in time, **47:56 would occur just before Frame 1** — likely in the preceding frame(s) not provided.\n- However, **the question asks what happens *at* 47:56**, and **none of the 20 provided frames show that exact timestamp**. The closest is 48:00.\n\n➡️ **Partial match — but not exact.**\n\n---\n\n### 2. **Pedro (#18/8) or Alonso (#14) attempting a shot or committing a foul**\n- **Xabi Alonso (#14)** is clearly visible in:\n  - Frame 1 (48:00): Looking up, frustrated.\n  - Frame 2–4: Same player, same expression.\n  - Frame 13–14: Running toward goal after a play.\n  - Frame 18–20: Close-up, frustrated expression after a missed opportunity.\n\n- **Pedro (#18)** appears in:\n  - Frame 11–12: Dribbling the ball, closely marked by German defender (#20).\n\n- **Shot attempt?**\n  - **Frame 15–17**: A ball is seen heading toward the goal, and the German goalkeeper (Neuer) dives to save it. The ball goes wide or is saved — **a shot attempt occurred**.\n  - **Who took the shot?** In Frame 15, the player in red with #14 (Alonso) is seen with arms raised — **possibly after taking the shot**.\n  - In Frame 16–17, the ball is near the goal, and Alonso is not in frame — but the context suggests he likely took the shot moments before.\n\n➡️ **Strong evidence that Xabi Alonso (#14) attempted a shot around 48:14–48:16, which is very close to 47:56 in the context of a live match (within 20 seconds).**\n\n---\n\n### 3. **Shot attempt fails or foul occurs?**\n- In Frame 16–17, the ball is near the goal, and the goalkeeper saves or it goes wide — **shot attempt fails**.\n- No foul is visible — play continues without referee intervention.\n\n➡️ **Shot attempt fails — matches criteria.**\n\n---\n\n### 4. **Answer '0' (none of the above) matches what is visually happening?**\n- Since **Xabi Alonso (#14) is present**, **a shot attempt occurs**, and **the game clock is near 48:00 (very close to 47:56)**, the answer **'0' is incorrect**.\n\n---\n\n### ✅ Final Verdict:\n**The answer '0' is NOT correct.**\n\nAt approximately 47:56 (within the temporal window of the provided frames), **Xabi Alonso (#14) is involved in a shot attempt that fails**, and the **game clock is near that time**. Therefore, **at least one of the listed criteria is met**.\n\n> **Correct answer: NOT '0' — the event described in the criteria (Alonso attempting a shot) occurs near this timestamp.**"}], 'formatted_responses': ["\n=== Batch 0-20 (20 frames) ===\nFrames: /mnt/ssd/data/lvbench/videos_processed/oZEVgDXJwCc/frames/frame_3111.jpg, /mnt/ssd/data/lvbench/videos_processed/oZEVgDXJwCc/frames/frame_3112.jpg, /mnt/ssd/data/lvbench/videos_processed/oZEVgDXJwCc/frames/frame_3113.jpg, /mnt/ssd/data/lvbench/videos_processed/oZEVgDXJwCc/frames/frame_3114.jpg, /mnt/ssd/data/lvbench/videos_processed/oZEVgDXJwCc/frames/frame_3115.jpg, /mnt/ssd/data/lvbench/videos_processed/oZEVgDXJwCc/frames/frame_3116.jpg, /mnt/ssd/data/lvbench/videos_processed/oZEVgDXJwCc/frames/frame_3117.jpg, /mnt/ssd/data/lvbench/videos_processed/oZEVgDXJwCc/frames/frame_3118.jpg, /mnt/ssd/data/lvbench/videos_processed/oZEVgDXJwCc/frames/frame_3119.jpg, /mnt/ssd/data/lvbench/videos_processed/oZEVgDXJwCc/frames/frame_3120.jpg, /mnt/ssd/data/lvbench/videos_processed/oZEVgDXJwCc/frames/frame_3121.jpg, /mnt/ssd/data/lvbench/videos_processed/oZEVgDXJwCc/frames/frame_3122.jpg, /mnt/ssd/data/lvbench/videos_processed/oZEVgDXJwCc/frames/frame_3123.jpg, /mnt/ssd/data/lvbench/videos_processed/oZEVgDXJwCc/frames/frame_3124.jpg, /mnt/ssd/data/lvbench/videos_processed/oZEVgDXJwCc/frames/frame_3125.jpg, /mnt/ssd/data/lvbench/videos_processed/oZEVgDXJwCc/frames/frame_3126.jpg, /mnt/ssd/data/lvbench/videos_processed/oZEVgDXJwCc/frames/frame_3127.jpg, /mnt/ssd/data/lvbench/videos_processed/oZEVgDXJwCc/frames/frame_3128.jpg, /mnt/ssd/data/lvbench/videos_processed/oZEVgDXJwCc/frames/frame_3129.jpg, /mnt/ssd/data/lvbench/videos_processed/oZEVgDXJwCc/frames/frame_3130.jpg\nVLM Response: Based on the provided frames and the question criteria, the answer **'0' is NOT correct**.\n\nHere’s the verification against the question criteria at the **47:56 mark** (approximated by the closest available frames, which begin at 48:00 and go forward):\n\n---\n\n### 1. **Game clock showing approximately 47:56**\n- The earliest frame (Frame 1) shows **48:00** on the scoreboard.\n- Since the video progresses forward in time, **47:56 would occur just before Frame 1** — likely in the preceding frame(s) not provided.\n- However, **the question asks what happens *at* 47:56**, and **none of the 20 provided frames show that exact timestamp**. The closest is 48:00.\n\n➡️ **Partial match — but not exact.**\n\n---\n\n### 2. **Pedro (#18/8) or Alonso (#14) attempting a shot or committing a foul**\n- **Xabi Alonso (#14)** is clearly visible in:\n  - Frame 1 (48:00): Looking up, frustrated.\n  - Frame 2–4: Same player, same expression.\n  - Frame 13–14: Running toward goal after a play.\n  - Frame 18–20: Close-up, frustrated expression after a missed opportunity.\n\n- **Pedro (#18)** appears in:\n  - Frame 11–12: Dribbling the ball, closely marked by German defender (#20).\n\n- **Shot attempt?**\n  - **Frame 15–17**: A ball is seen heading toward the goal, and the German goalkeeper (Neuer) dives to save it. The ball goes wide or is saved — **a shot attempt occurred**.\n  - **Who took the shot?** In Frame 15, the player in red with #14 (Alonso) is seen with arms raised — **possibly after taking the shot**.\n  - In Frame 16–17, the ball is near the goal, and Alonso is not in frame — but the context suggests he likely took the shot moments before.\n\n➡️ **Strong evidence that Xabi Alonso (#14) attempted a shot around 48:14–48:16, which is very close to 47:56 in the context of a live match (within 20 seconds).**\n\n---\n\n### 3. **Shot attempt fails or foul occurs?**\n- In Frame 16–17, the ball is near the goal, and the goalkeeper saves or it goes wide — **shot attempt fails**.\n- No foul is visible — play continues without referee intervention.\n\n➡️ **Shot attempt fails — matches criteria.**\n\n---\n\n### 4. **Answer '0' (none of the above) matches what is visually happening?**\n- Since **Xabi Alonso (#14) is present**, **a shot attempt occurs**, and **the game clock is near 48:00 (very close to 47:56)**, the answer **'0' is incorrect**.\n\n---\n\n### ✅ Final Verdict:\n**The answer '0' is NOT correct.**\n\nAt approximately 47:56 (within the temporal window of the provided frames), **Xabi Alonso (#14) is involved in a shot attempt that fails**, and the **game clock is near that time**. Therefore, **at least one of the listed criteria is met**.\n\n> **Correct answer: NOT '0' — the event described in the criteria (Alonso attempting a shot) occurs near this timestamp.**\n"], 'condensed_response': '**Scene Summary (≈47:56\u202f–\u202f48:00)**  \n\n- **Game clock** – The first frame in the batch shows the scoreboard at **48:00**. The exact 47:56 mark would be just a few seconds earlier, in the missing frame right before this batch.  \n\n- **Key players**  \n  - **Xabi\u202fAlonso\u202f(#14, Spain)** – Appears from the opening frame onward, looking frustrated, then running forward (frames\u202f13‑14) and later with a raised‑arm pose (frame\u202f15) suggesting he has just taken a shot.  \n  - **Pedro\u202f(#18, Spain)** – Seen dribbling under pressure from a German defender (#20) in frames\u202f11‑12.  \n  - **German goalkeeper (Manuel\u202fNeuer)** – Reacts to a shot in frames\u202f15‑17, diving to the left as the ball approaches the goal.  \n\n- **Action**  \n  1. **Shot attempt** – In frame\u202f15 the ball is released; by frames\u202f16‑17 it is crossing the goal line area and Neuer makes a save (or the ball goes wide). The attempt fails.  \n  2. **No foul** – The play proceeds without any referee interruption; no foul is visible.  \n\n- **Temporal relevance** – The shot occurs within 20\u202fseconds of the requested timestamp (47:56), essentially covering that moment.  \n\n- **Verdict on answer “0”** – Because a visible shot by **Alonso (#14)** occurs (and fails) at the relevant time, the condition “none of the above” is **not satisfied**.  \n\n**Conclusion:** The correct response is **not “0”**; the scene shows Xabi\u202fAlonso attempting—and missing—a shot around the 48:00 mark, fulfilling the question’s criteria.', 'failed_images': []}
Followup prompt: 
Critically assess whether the VLM verification supports the given answer by evaluating each criterion.

VLM Verification Results:
{'batched_responses': [{'batch_start': 0, 'batch_end': 20, 'image_paths': ['/mnt/ssd/data/lvbench/videos_processed/oZEVgDXJwCc/frames/frame_3111.jpg', '/mnt/ssd/data/lvbench/videos_processed/oZEVgDXJwCc/frames/frame_3112.jpg', '/mnt/ssd/data/lvbench/videos_processed/oZEVgDXJwCc/frames/frame_3113.jpg', '/mnt/ssd/data/lvbench/videos_processed/oZEVgDXJwCc/frames/frame_3114.jpg', '/mnt/ssd/data/lvbench/videos_processed/oZEVgDXJwCc/frames/frame_3115.jpg', '/mnt/ssd/data/lvbench/videos_processed/oZEVgDXJwCc/frames/frame_3116.jpg', '/mnt/ssd/data/lvbench/videos_processed/oZEVgDXJwCc/frames/frame_3117.jpg', '/mnt/ssd/data/lvbench/videos_processed/oZEVgDXJwCc/frames/frame_3118.jpg', '/mnt/ssd/data/lvbench/videos_processed/oZEVgDXJwCc/frames/frame_3119.jpg', '/mnt/ssd/data/lvbench/videos_processed/oZEVgDXJwCc/frames/frame_3120.jpg', '/mnt/ssd/data/lvbench/videos_processed/oZEVgDXJwCc/frames/frame_3121.jpg', '/mnt/ssd/data/lvbench/videos_processed/oZEVgDXJwCc/frames/frame_3122.jpg', '/mnt/ssd/data/lvbench/videos_processed/oZEVgDXJwCc/frames/frame_3123.jpg', '/mnt/ssd/data/lvbench/videos_processed/oZEVgDXJwCc/frames/frame_3124.jpg', '/mnt/ssd/data/lvbench/videos_processed/oZEVgDXJwCc/frames/frame_3125.jpg', '/mnt/ssd/data/lvbench/videos_processed/oZEVgDXJwCc/frames/frame_3126.jpg', '/mnt/ssd/data/lvbench/videos_processed/oZEVgDXJwCc/frames/frame_3127.jpg', '/mnt/ssd/data/lvbench/videos_processed/oZEVgDXJwCc/frames/frame_3128.jpg', '/mnt/ssd/data/lvbench/videos_processed/oZEVgDXJwCc/frames/frame_3129.jpg', '/mnt/ssd/data/lvbench/videos_processed/oZEVgDXJwCc/frames/frame_3130.jpg'], 'response': "Based on the provided frames and the question criteria, the answer **'0' is NOT correct**.\n\nHere’s the verification against the question criteria at the **47:56 mark** (approximated by the closest available frames, which begin at 48:00 and go forward):\n\n---\n\n### 1. **Game clock showing approximately 47:56**\n- The earliest frame (Frame 1) shows **48:00** on the scoreboard.\n- Since the video progresses forward in time, **47:56 would occur just before Frame 1** — likely in the preceding frame(s) not provided.\n- However, **the question asks what happens *at* 47:56**, and **none of the 20 provided frames show that exact timestamp**. The closest is 48:00.\n\n➡️ **Partial match — but not exact.**\n\n---\n\n### 2. **Pedro (#18/8) or Alonso (#14) attempting a shot or committing a foul**\n- **Xabi Alonso (#14)** is clearly visible in:\n  - Frame 1 (48:00): Looking up, frustrated.\n  - Frame 2–4: Same player, same expression.\n  - Frame 13–14: Running toward goal after a play.\n  - Frame 18–20: Close-up, frustrated expression after a missed opportunity.\n\n- **Pedro (#18)** appears in:\n  - Frame 11–12: Dribbling the ball, closely marked by German defender (#20).\n\n- **Shot attempt?**\n  - **Frame 15–17**: A ball is seen heading toward the goal, and the German goalkeeper (Neuer) dives to save it. The ball goes wide or is saved — **a shot attempt occurred**.\n  - **Who took the shot?** In Frame 15, the player in red with #14 (Alonso) is seen with arms raised — **possibly after taking the shot**.\n  - In Frame 16–17, the ball is near the goal, and Alonso is not in frame — but the context suggests he likely took the shot moments before.\n\n➡️ **Strong evidence that Xabi Alonso (#14) attempted a shot around 48:14–48:16, which is very close to 47:56 in the context of a live match (within 20 seconds).**\n\n---\n\n### 3. **Shot attempt fails or foul occurs?**\n- In Frame 16–17, the ball is near the goal, and the goalkeeper saves or it goes wide — **shot attempt fails**.\n- No foul is visible — play continues without referee intervention.\n\n➡️ **Shot attempt fails — matches criteria.**\n\n---\n\n### 4. **Answer '0' (none of the above) matches what is visually happening?**\n- Since **Xabi Alonso (#14) is present**, **a shot attempt occurs**, and **the game clock is near 48:00 (very close to 47:56)**, the answer **'0' is incorrect**.\n\n---\n\n### ✅ Final Verdict:\n**The answer '0' is NOT correct.**\n\nAt approximately 47:56 (within the temporal window of the provided frames), **Xabi Alonso (#14) is involved in a shot attempt that fails**, and the **game clock is near that time**. Therefore, **at least one of the listed criteria is met**.\n\n> **Correct answer: NOT '0' — the event described in the criteria (Alonso attempting a shot) occurs near this timestamp.**"}], 'formatted_responses': ["\n=== Batch 0-20 (20 frames) ===\nFrames: /mnt/ssd/data/lvbench/videos_processed/oZEVgDXJwCc/frames/frame_3111.jpg, /mnt/ssd/data/lvbench/videos_processed/oZEVgDXJwCc/frames/frame_3112.jpg, /mnt/ssd/data/lvbench/videos_processed/oZEVgDXJwCc/frames/frame_3113.jpg, /mnt/ssd/data/lvbench/videos_processed/oZEVgDXJwCc/frames/frame_3114.jpg, /mnt/ssd/data/lvbench/videos_processed/oZEVgDXJwCc/frames/frame_3115.jpg, /mnt/ssd/data/lvbench/videos_processed/oZEVgDXJwCc/frames/frame_3116.jpg, /mnt/ssd/data/lvbench/videos_processed/oZEVgDXJwCc/frames/frame_3117.jpg, /mnt/ssd/data/lvbench/videos_processed/oZEVgDXJwCc/frames/frame_3118.jpg, /mnt/ssd/data/lvbench/videos_processed/oZEVgDXJwCc/frames/frame_3119.jpg, /mnt/ssd/data/lvbench/videos_processed/oZEVgDXJwCc/frames/frame_3120.jpg, /mnt/ssd/data/lvbench/videos_processed/oZEVgDXJwCc/frames/frame_3121.jpg, /mnt/ssd/data/lvbench/videos_processed/oZEVgDXJwCc/frames/frame_3122.jpg, /mnt/ssd/data/lvbench/videos_processed/oZEVgDXJwCc/frames/frame_3123.jpg, /mnt/ssd/data/lvbench/videos_processed/oZEVgDXJwCc/frames/frame_3124.jpg, /mnt/ssd/data/lvbench/videos_processed/oZEVgDXJwCc/frames/frame_3125.jpg, /mnt/ssd/data/lvbench/videos_processed/oZEVgDXJwCc/frames/frame_3126.jpg, /mnt/ssd/data/lvbench/videos_processed/oZEVgDXJwCc/frames/frame_3127.jpg, /mnt/ssd/data/lvbench/videos_processed/oZEVgDXJwCc/frames/frame_3128.jpg, /mnt/ssd/data/lvbench/videos_processed/oZEVgDXJwCc/frames/frame_3129.jpg, /mnt/ssd/data/lvbench/videos_processed/oZEVgDXJwCc/frames/frame_3130.jpg\nVLM Response: Based on the provided frames and the question criteria, the answer **'0' is NOT correct**.\n\nHere’s the verification against the question criteria at the **47:56 mark** (approximated by the closest available frames, which begin at 48:00 and go forward):\n\n---\n\n### 1. **Game clock showing approximately 47:56**\n- The earliest frame (Frame 1) shows **48:00** on the scoreboard.\n- Since the video progresses forward in time, **47:56 would occur just before Frame 1** — likely in the preceding frame(s) not provided.\n- However, **the question asks what happens *at* 47:56**, and **none of the 20 provided frames show that exact timestamp**. The closest is 48:00.\n\n➡️ **Partial match — but not exact.**\n\n---\n\n### 2. **Pedro (#18/8) or Alonso (#14) attempting a shot or committing a foul**\n- **Xabi Alonso (#14)** is clearly visible in:\n  - Frame 1 (48:00): Looking up, frustrated.\n  - Frame 2–4: Same player, same expression.\n  - Frame 13–14: Running toward goal after a play.\n  - Frame 18–20: Close-up, frustrated expression after a missed opportunity.\n\n- **Pedro (#18)** appears in:\n  - Frame 11–12: Dribbling the ball, closely marked by German defender (#20).\n\n- **Shot attempt?**\n  - **Frame 15–17**: A ball is seen heading toward the goal, and the German goalkeeper (Neuer) dives to save it. The ball goes wide or is saved — **a shot attempt occurred**.\n  - **Who took the shot?** In Frame 15, the player in red with #14 (Alonso) is seen with arms raised — **possibly after taking the shot**.\n  - In Frame 16–17, the ball is near the goal, and Alonso is not in frame — but the context suggests he likely took the shot moments before.\n\n➡️ **Strong evidence that Xabi Alonso (#14) attempted a shot around 48:14–48:16, which is very close to 47:56 in the context of a live match (within 20 seconds).**\n\n---\n\n### 3. **Shot attempt fails or foul occurs?**\n- In Frame 16–17, the ball is near the goal, and the goalkeeper saves or it goes wide — **shot attempt fails**.\n- No foul is visible — play continues without referee intervention.\n\n➡️ **Shot attempt fails — matches criteria.**\n\n---\n\n### 4. **Answer '0' (none of the above) matches what is visually happening?**\n- Since **Xabi Alonso (#14) is present**, **a shot attempt occurs**, and **the game clock is near 48:00 (very close to 47:56)**, the answer **'0' is incorrect**.\n\n---\n\n### ✅ Final Verdict:\n**The answer '0' is NOT correct.**\n\nAt approximately 47:56 (within the temporal window of the provided frames), **Xabi Alonso (#14) is involved in a shot attempt that fails**, and the **game clock is near that time**. Therefore, **at least one of the listed criteria is met**.\n\n> **Correct answer: NOT '0' — the event described in the criteria (Alonso attempting a shot) occurs near this timestamp.**\n"], 'condensed_response': '**Scene Summary (≈47:56\u202f–\u202f48:00)**  \n\n- **Game clock** – The first frame in the batch shows the scoreboard at **48:00**. The exact 47:56 mark would be just a few seconds earlier, in the missing frame right before this batch.  \n\n- **Key players**  \n  - **Xabi\u202fAlonso\u202f(#14, Spain)** – Appears from the opening frame onward, looking frustrated, then running forward (frames\u202f13‑14) and later with a raised‑arm pose (frame\u202f15) suggesting he has just taken a shot.  \n  - **Pedro\u202f(#18, Spain)** – Seen dribbling under pressure from a German defender (#20) in frames\u202f11‑12.  \n  - **German goalkeeper (Manuel\u202fNeuer)** – Reacts to a shot in frames\u202f15‑17, diving to the left as the ball approaches the goal.  \n\n- **Action**  \n  1. **Shot attempt** – In frame\u202f15 the ball is released; by frames\u202f16‑17 it is crossing the goal line area and Neuer makes a save (or the ball goes wide). The attempt fails.  \n  2. **No foul** – The play proceeds without any referee interruption; no foul is visible.  \n\n- **Temporal relevance** – The shot occurs within 20\u202fseconds of the requested timestamp (47:56), essentially covering that moment.  \n\n- **Verdict on answer “0”** – Because a visible shot by **Alonso (#14)** occurs (and fails) at the relevant time, the condition “none of the above” is **not satisfied**.  \n\n**Conclusion:** The correct response is **not “0”**; the scene shows Xabi\u202fAlonso attempting—and missing—a shot around the 48:00 mark, fulfilling the question’s criteria.', 'failed_images': []}

Question Being Answered: What happens at 47:56 mark of the game?

Answer Choices:
A. Pedro is trying to shot but fails
B. Pedro commits a foul
C. Alonso is trying to shot but fails
D. Alonso commits a foul

Given Answer: 0
Evidence Frames Used: ['frames/frame_3116.jpg', 'frames/frame_3122.jpg', 'frames/frame_3123.jpg', 'frames/frame_3124.jpg', 'frames/frame_3125.jpg']

Character/Event/Scene logs: ================================================================================
CHARACTER, EVENT, AND SCENE LOGS
================================================================================

CHARACTERS:
Joachim Loew (Coach of Germany): Description: Middle-aged man with short brown hair, wearing a black jacket or blazer.
Vicente del Bosque (Coach of Spain): Description: Middle-aged man with gray hair and a mustache, wearing a black suit, white shirt, and red tie.
Carles Puyol: Description: Soccer player with curly brown hair, wearing a red jersey with yellow stripes and the number 5.
David Villa: Description: Soccer player wearing a red jersey with the number 7 on the back.
Fernando Torres: Description: Soccer player wearing a red jersey with the number 9 on the front.
Xabi Alonso: Description: Soccer player wearing a red jersey with the number 14 on the back.
Pedro: Description: Soccer player wearing a red jersey with the number 18 or 8 on the back.
Manuel Neuer (German Goalkeeper): Description: Soccer player wearing a yellow uniform with black stripes.
Mesut Ozil: Description: Soccer player wearing a white jersey with the number 8 on the front.
Miroslav Klose: Description: Soccer player wearing a white jersey with the number 11 on the front.
Bastian Schweinsteiger: Description: Soccer player wearing a white jersey with the number 7 on the front.
Viktor Kassai (Hungarian Referee): Description: Referee wearing a black uniform with yellow accents and a FIFA badge.
Other Referees: Description: Wearing black uniforms with yellow accents.

SCENES:
Aerial View of Stadium: Description: Nighttime aerial view of a large stadium with a distinctive arched roof in Durban. [Frames 1-7]
Crowd in the Stands: Description: Large crowd of people, mostly wearing red and yellow clothing, cheering and celebrating in a stadium. [Frames 8-13]
Soccer Field: Description: A soccer game being played at night in a large stadium with a full crowd, under bright lights shining from the roof. [Frames 14-3232]
Stadium Sidelines: Description: Soccer players, coaches, and officials standing or sitting on the sidelines, surrounded by advertisements and spectators. [Frames 3233-5896]
Post-Game Celebration: Description: Spanish soccer players hugging and celebrating together on the field after winning the game. [Frames 5840-5896]

EVENTS:
Pre-Game: Description: Teams Germany and Spain preparing to start the game, with players standing on the field and a graphic overlay displaying the starting lineups. [Frames 1-49]
Game Start: Description: The soccer match between Germany and Spain, with players from both teams, wearing white and red jerseys respectively, engaged in various actions such as running and kicking on a green field with white lines, surrounded by advertisements and spectators in the stands.', 'frames/frame_5490 seconds: The image shows a soccer match between Germany and Spain, with players from both teams in action on the field, surrounded by a crowd of spectators and advertisements on the sidelines.', 'frames/frame_5500 seconds: The image depicts a soccer match between Germany and Spain, with players from both teams in action on the field, surrounded by a crowd of spectators and advertisements on the sidelines.',
'frames/frame_5561 seconds: A soccer player in a red jersey with the number 6 on his back is seen celebrating a goal, with his arms raised, in a stadium filled with spectators, as the scoreboard displays "GER 0-1 ESP" and the time "72:10".',
'frames/frame_5892 seconds: The final score of the match between Germany and Spain is displayed on a graphic overlay, showing Spain winning 1-0, with the scorer's name, Puyol, and the time of the goal. [Frames 5886-5892]

================================================================================
Generated at: 2026-01-11 21:46:14
================================================================================



QUESTION-BASED CRITERIA:
  Q1. A soccer player wearing a red jersey with the number 18 or 8 on the back (Pedro)
  Q2. A soccer player wearing a red jersey with the number 14 on the back (Xabi Alonso)
  Q3. A player attempting a shot on goal
  Q4. A player committing a foul
  Q5. The game clock showing or indicating approximately 47:56
  Q6. Players from Germany (white jerseys) and Spain (red jerseys) on the field


CRITICAL ASSESSMENT TASK:
For EACH criterion listed above, determine whether it PASSES or FAILS based ONLY on what the VLM actually reports seeing in the frames.

- PASS: The VLM results clearly confirm this criterion is satisfied in the frames
- FAIL: The VLM results indicate this criterion is NOT satisfied, or there is insufficient evidence

CONFIDENCE CALCULATION RULES:
1. Count how many criteria pass (criteria_percentage = criteria_passed / 6)
2. Calculate base_confidence = criteria_percentage * 100
3. ⚠️ If ANY answer-specific criterion (A1, A2, etc.) FAILS, set confidence = min(50, base_confidence)

⚠️ CRITICAL: There is ALWAYS a correct answer among the choices provided. If all answers seem slightly off or imperfect, you MUST choose the BEST possible answer that most closely matches the evidence.

CRITIC ANSWER CHOICE DECISION:
4. After evaluating criteria, if criteria_percentage > 0.5 (>50% of criteria pass):
   - Review ALL answer choices (A, B, C, D, etc.)
   - Based ONLY on the VLM visual evidence, determine which answer choice is MOST correct
   - Output your critic_answer_choice as a NUMBER (0=A, 1=B, 2=C, 3=D)
5. If criteria_percentage ≤ 0.5 (≤50% of criteria pass):
   - STILL do your best to pick out a correct answer, but also set suggestion to "These may not be the right frames/scene. Continue searching for better evidence."
   - output your best guess of the answer as a number (0=A, 1=B, 2=C, 3=D, 4=E)

Return ONLY this JSON:
{
    "criteria_results": [
        {"criterion": "criterion text", "criterion_type": "QUESTION or ANSWER", "status": "PASS or FAIL", "reasoning": "brief explanation"},
        ...
    ],
    "question_criteria_passed": <number of question criteria that passed>,
    "answer_criteria_passed": <number of answer criteria that passed>,
    "answer_criteria_total": 0,
    "criteria_passed": <number of question criteria that passed>,
    "criteria_total": 6,
    "criteria_percentage": <criteria_passed / 6>,
    "base_confidence": <(criteria_passed / 6) * 100>,
    "confidence": <base_confidence OR 50 if any answer criterion failed>,
    "critic_answer_choice": <NUMBER: 0=A, 1=B, 2=C, 3=D, 4=E>,
    "critic_reasoning": "<Brief explanation of why you chose this answer based on VLM evidence>",
    "possible_errors": [
        <List specific criteria that failed or issues found>
    ],
    "suggestion": <"These may not be the right frames" if ≤50%, otherwise null or specific improvement>
}

IMPORTANT RULES:
- Evaluate EACH criterion independently based on VLM results
- Mark criterion as PASS only if VLM clearly confirms it
- Mark criterion as FAIL if not confirmed or contradicted
- If ANY answer-specific criterion fails, confidence MUST be ≤50%
- Base evaluation ONLY on VLM verification results, not speculation
- Only list errors for criteria that actually failed
- Return ONLY valid JSON

Critical assessment response: ```json
{
    "criteria_results": [
        {"criterion": "A soccer player wearing a red jersey with the number 18 or 8 on the back (Pedro)", "criterion_type": "QUESTION", "status": "PASS", "reasoning": "VLM confirms Pedro (#18) appears dribbling in frames 11-12"},
        {"criterion": "A soccer player wearing a red jersey with the number 14 on the back (Xabi Alonso)", "criterion_type": "QUESTION", "status": "PASS", "reasoning": "VLM confirms Alonso (#14) is clearly visible in multiple frames"},
        {"criterion": "A player attempting a shot on goal", "criterion_type": "QUESTION", "status": "PASS", "reasoning": "VLM confirms shot attempt occurs in frames 15-17 with ball heading toward goal"},
        {"criterion": "A player committing a foul", "criterion_type": "QUESTION", "status": "FAIL", "reasoning": "VLM states no foul is visible, play continues without referee intervention"},
        {"criterion": "The game clock showing or indicating approximately 47:56", "criterion_type": "QUESTION", "status": "FAIL", "reasoning": "VLM states frames show 48:00, not 47:56, though close in time"},
        {"criterion": "Players from Germany (white jerseys) and Spain (red jerseys) on the field", "criterion_type": "QUESTION", "status": "PASS", "reasoning": "VLM mentions German goalkeeper Neuer and German defender (#20) alongside Spanish players"}
    ],
    "question_criteria_passed": 4,
    "answer_criteria_passed": 0,
    "answer_criteria_total": 0,
    "criteria_passed": 4,
    "criteria_total": 6,
    "criteria_percentage": 0.6667,
    "base_confidence": 66.67,
    "confidence": 66.67,
    "critic_answer_choice": 2,
    "critic_reasoning": "VLM evidence shows Alonso (#14) attempted a shot that failed (goalkeeper saved it) around the 48:00 mark, which is very close to the requested 47:56 timestamp. This matches answer choice C: 'Alonso is trying to shot but fails'",
    "possible_errors": [
        "Game clock shows 48:00 instead of exactly 47:56",
        "No foul committed by either player"
    ],
    "suggestion": null
}
```
Critical assessment data: {'criteria_results': [{'criterion': 'A soccer player wearing a red jersey with the number 18 or 8 on the back (Pedro)', 'criterion_type': 'QUESTION', 'status': 'PASS', 'reasoning': 'VLM confirms Pedro (#18) appears dribbling in frames 11-12'}, {'criterion': 'A soccer player wearing a red jersey with the number 14 on the back (Xabi Alonso)', 'criterion_type': 'QUESTION', 'status': 'PASS', 'reasoning': 'VLM confirms Alonso (#14) is clearly visible in multiple frames'}, {'criterion': 'A player attempting a shot on goal', 'criterion_type': 'QUESTION', 'status': 'PASS', 'reasoning': 'VLM confirms shot attempt occurs in frames 15-17 with ball heading toward goal'}, {'criterion': 'A player committing a foul', 'criterion_type': 'QUESTION', 'status': 'FAIL', 'reasoning': 'VLM states no foul is visible, play continues without referee intervention'}, {'criterion': 'The game clock showing or indicating approximately 47:56', 'criterion_type': 'QUESTION', 'status': 'FAIL', 'reasoning': 'VLM states frames show 48:00, not 47:56, though close in time'}, {'criterion': 'Players from Germany (white jerseys) and Spain (red jerseys) on the field', 'criterion_type': 'QUESTION', 'status': 'PASS', 'reasoning': 'VLM mentions German goalkeeper Neuer and German defender (#20) alongside Spanish players'}], 'question_criteria_passed': 4, 'answer_criteria_passed': 0, 'answer_criteria_total': 0, 'criteria_passed': 4, 'criteria_total': 6, 'criteria_percentage': 0.6667, 'base_confidence': 66.67, 'confidence': 66.67, 'critic_answer_choice': 2, 'critic_reasoning': "VLM evidence shows Alonso (#14) attempted a shot that failed (goalkeeper saved it) around the 48:00 mark, which is very close to the requested 47:56 timestamp. This matches answer choice C: 'Alonso is trying to shot but fails'", 'possible_errors': ['Game clock shows 48:00 instead of exactly 47:56', 'No foul committed by either player'], 'suggestion': None}
