Attempt 2/15 for question: What is the first word in the video?...
Attempt 3/15 for question: What is the first word in the video?...
Attempt 4/15 for question: What is the first word in the video?...
Attempt 5/15 for question: What is the first word in the video?...
Attempt 6/15 for question: What is the first word in the video?...
Attempt 7/15 for question: What is the first word in the video?...
Attempt 8/15 for question: What is the first word in the video?...
Attempt 9/15 for question: What is the first word in the video?...
Attempt 10/15 for question: What is the first word in the video?...
Attempt 11/15 for question: What is the first word in the video?...
Attempt 12/15 for question: What is the first word in the video?...
Attempt 13/15 for question: What is the first word in the video?...
Attempt 14/15 for question: What is the first word in the video?...
Attempt 15/15 for question: What is the first word in the video?...
Solving question 250
Enhanced question: What is the first word in the video?
IMPORTANT CONTEXT FROM PREVIOUS ANALYSIS:
- Previous answer: ERROR
- Confidence level: 0%

Potential issues identified:
  - Error: can only concatenate str (not "int") to str

Suggested approach: Error occurred during assessment

INSTRUCTIONS FOR RE-EVALUATION:
1. Carefully examine the evidence frames mentioned above
2. Address any concerns or potential errors identified
3. Determine if you want to use the suggested approach if provided.
4. Be especially thorough in verifying details
5. Look for different scenes IF NEEDED.
6. Provide clear reasoning for your final answer

⚠️ CRITICAL: There is ALWAYS a correct answer among the choices provided. If all answers seem slightly off or imperfect, you MUST choose the BEST possible answer that most closely matches the evidence. Do not refuse to answer.

IMPORTANT: It is ALSO TOTALLY POSSIBLE that your original answer was CORRECT. Do your best to keep the old reasoning in mind, any new reasoning you have, and compare the two and use your best judgment to determine a final answer.

🔢 ANSWER FORMAT REQUIREMENT:
When you provide your FINAL_ANSWER, your answer field MUST be a single NUMBER (0, 1, 2, 3, 4) corresponding to the answer choices:
  - 0 = Choice A
  - 1 = Choice B
  - 2 = Choice C
  - 3 = Choice D
  - 4 = Choice E

Do NOT use letters (A, B, C, D, E). Use ONLY numbers (0, 1, 2, 3, 4).

Example FINAL_ANSWER format:
{
    "tool": "FINAL_ANSWER",
    "answer": "2",  ← MUST be a number string like "0", "1", "2", etc.
    "reasoning": "...",
    "frames": ["frames/frame_0001.jpg", ...],
    "answer_criteria": ["criterion 1", "criterion 2"]
}

Loaded 1 critic messages
Querying model iterative with question: What is the first word in the video?
IMPORTANT CONTEXT FROM PREVIOUS ANALYSIS:
- Previous answer: ERROR
- Confidence level: 0%

Potential issues identified:
  - Error: can only concatenate str (not "int") to str

Suggested approach: Error occurred during assessment

INSTRUCTIONS FOR RE-EVALUATION:
1. Carefully examine the evidence frames mentioned above
2. Address any concerns or potential errors identified
3. Determine if you want to use the suggested approach if provided.
4. Be especially thorough in verifying details
5. Look for different scenes IF NEEDED.
6. Provide clear reasoning for your final answer

⚠️ CRITICAL: There is ALWAYS a correct answer among the choices provided. If all answers seem slightly off or imperfect, you MUST choose the BEST possible answer that most closely matches the evidence. Do not refuse to answer.

IMPORTANT: It is ALSO TOTALLY POSSIBLE that your original answer was CORRECT. Do your best to keep the old reasoning in mind, any new reasoning you have, and compare the two and use your best judgment to determine a final answer.

🔢 ANSWER FORMAT REQUIREMENT:
When you provide your FINAL_ANSWER, your answer field MUST be a single NUMBER (0, 1, 2, 3, 4) corresponding to the answer choices:
  - 0 = Choice A
  - 1 = Choice B
  - 2 = Choice C
  - 3 = Choice D
  - 4 = Choice E

Do NOT use letters (A, B, C, D, E). Use ONLY numbers (0, 1, 2, 3, 4).

Example FINAL_ANSWER format:
{
    "tool": "FINAL_ANSWER",
    "answer": "2",  ← MUST be a number string like "0", "1", "2", etc.
    "reasoning": "...",
    "frames": ["frames/frame_0001.jpg", ...],
    "answer_criteria": ["criterion 1", "criterion 2"]
}

Querying model iterative with question: What is the first word in the video?
IMPORTANT CONTEXT FROM PREVIOUS ANALYSIS:
- Previous answer: ERROR
- Confidence level: 0%

Potential issues identified:
  - Error: can only concatenate str (not "int") to str

Suggested approach: Error occurred during assessment

INSTRUCTIONS FOR RE-EVALUATION:
1. Carefully examine the evidence frames mentioned above
2. Address any concerns or potential errors identified
3. Determine if you want to use the suggested approach if provided.
4. Be especially thorough in verifying details
5. Look for different scenes IF NEEDED.
6. Provide clear reasoning for your final answer

⚠️ CRITICAL: There is ALWAYS a correct answer among the choices provided. If all answers seem slightly off or imperfect, you MUST choose the BEST possible answer that most closely matches the evidence. Do not refuse to answer.

IMPORTANT: It is ALSO TOTALLY POSSIBLE that your original answer was CORRECT. Do your best to keep the old reasoning in mind, any new reasoning you have, and compare the two and use your best judgment to determine a final answer.

🔢 ANSWER FORMAT REQUIREMENT:
When you provide your FINAL_ANSWER, your answer field MUST be a single NUMBER (0, 1, 2, 3, 4) corresponding to the answer choices:
  - 0 = Choice A
  - 1 = Choice B
  - 2 = Choice C
  - 3 = Choice D
  - 4 = Choice E

Do NOT use letters (A, B, C, D, E). Use ONLY numbers (0, 1, 2, 3, 4).

Example FINAL_ANSWER format:
{
    "tool": "FINAL_ANSWER",
    "answer": "2",  ← MUST be a number string like "0", "1", "2", etc.
    "reasoning": "...",
    "frames": ["frames/frame_0001.jpg", ...],
    "answer_criteria": ["criterion 1", "criterion 2"]
}

Querying model iterative with question: What is the first word in the video?
IMPORTANT CONTEXT FROM PREVIOUS ANALYSIS:
- Previous answer: ERROR
- Confidence level: 0%

Potential issues identified:
  - Error: can only concatenate str (not "int") to str

Suggested approach: Error occurred during assessment

INSTRUCTIONS FOR RE-EVALUATION:
1. Carefully examine the evidence frames mentioned above
2. Address any concerns or potential errors identified
3. Determine if you want to use the suggested approach if provided.
4. Be especially thorough in verifying details
5. Look for different scenes IF NEEDED.
6. Provide clear reasoning for your final answer

⚠️ CRITICAL: There is ALWAYS a correct answer among the choices provided. If all answers seem slightly off or imperfect, you MUST choose the BEST possible answer that most closely matches the evidence. Do not refuse to answer.

IMPORTANT: It is ALSO TOTALLY POSSIBLE that your original answer was CORRECT. Do your best to keep the old reasoning in mind, any new reasoning you have, and compare the two and use your best judgment to determine a final answer.

🔢 ANSWER FORMAT REQUIREMENT:
When you provide your FINAL_ANSWER, your answer field MUST be a single NUMBER (0, 1, 2, 3, 4) corresponding to the answer choices:
  - 0 = Choice A
  - 1 = Choice B
  - 2 = Choice C
  - 3 = Choice D
  - 4 = Choice E

Do NOT use letters (A, B, C, D, E). Use ONLY numbers (0, 1, 2, 3, 4).

Example FINAL_ANSWER format:
{
    "tool": "FINAL_ANSWER",
    "answer": "2",  ← MUST be a number string like "0", "1", "2", etc.
    "reasoning": "...",
    "frames": ["frames/frame_0001.jpg", ...],
    "answer_criteria": ["criterion 1", "criterion 2"]
}

Querying model iterative with question: What is the first word in the video?
IMPORTANT CONTEXT FROM PREVIOUS ANALYSIS:
- Previous answer: ERROR
- Confidence level: 0%

Potential issues identified:
  - Error: can only concatenate str (not "int") to str

Suggested approach: Error occurred during assessment

INSTRUCTIONS FOR RE-EVALUATION:
1. Carefully examine the evidence frames mentioned above
2. Address any concerns or potential errors identified
3. Determine if you want to use the suggested approach if provided.
4. Be especially thorough in verifying details
5. Look for different scenes IF NEEDED.
6. Provide clear reasoning for your final answer

⚠️ CRITICAL: There is ALWAYS a correct answer among the choices provided. If all answers seem slightly off or imperfect, you MUST choose the BEST possible answer that most closely matches the evidence. Do not refuse to answer.

IMPORTANT: It is ALSO TOTALLY POSSIBLE that your original answer was CORRECT. Do your best to keep the old reasoning in mind, any new reasoning you have, and compare the two and use your best judgment to determine a final answer.

🔢 ANSWER FORMAT REQUIREMENT:
When you provide your FINAL_ANSWER, your answer field MUST be a single NUMBER (0, 1, 2, 3, 4) corresponding to the answer choices:
  - 0 = Choice A
  - 1 = Choice B
  - 2 = Choice C
  - 3 = Choice D
  - 4 = Choice E

Do NOT use letters (A, B, C, D, E). Use ONLY numbers (0, 1, 2, 3, 4).

Example FINAL_ANSWER format:
{
    "tool": "FINAL_ANSWER",
    "answer": "2",  ← MUST be a number string like "0", "1", "2", etc.
    "reasoning": "...",
    "frames": ["frames/frame_0001.jpg", ...],
    "answer_criteria": ["criterion 1", "criterion 2"]
}

Querying model iterative with question: What is the first word in the video?
IMPORTANT CONTEXT FROM PREVIOUS ANALYSIS:
- Previous answer: ERROR
- Confidence level: 0%

Potential issues identified:
  - Error: can only concatenate str (not "int") to str

Suggested approach: Error occurred during assessment

INSTRUCTIONS FOR RE-EVALUATION:
1. Carefully examine the evidence frames mentioned above
2. Address any concerns or potential errors identified
3. Determine if you want to use the suggested approach if provided.
4. Be especially thorough in verifying details
5. Look for different scenes IF NEEDED.
6. Provide clear reasoning for your final answer

⚠️ CRITICAL: There is ALWAYS a correct answer among the choices provided. If all answers seem slightly off or imperfect, you MUST choose the BEST possible answer that most closely matches the evidence. Do not refuse to answer.

IMPORTANT: It is ALSO TOTALLY POSSIBLE that your original answer was CORRECT. Do your best to keep the old reasoning in mind, any new reasoning you have, and compare the two and use your best judgment to determine a final answer.

🔢 ANSWER FORMAT REQUIREMENT:
When you provide your FINAL_ANSWER, your answer field MUST be a single NUMBER (0, 1, 2, 3, 4) corresponding to the answer choices:
  - 0 = Choice A
  - 1 = Choice B
  - 2 = Choice C
  - 3 = Choice D
  - 4 = Choice E

Do NOT use letters (A, B, C, D, E). Use ONLY numbers (0, 1, 2, 3, 4).

Example FINAL_ANSWER format:
{
    "tool": "FINAL_ANSWER",
    "answer": "2",  ← MUST be a number string like "0", "1", "2", etc.
    "reasoning": "...",
    "frames": ["frames/frame_0001.jpg", ...],
    "answer_criteria": ["criterion 1", "criterion 2"]
}

Querying model iterative with question: What is the first word in the video?
IMPORTANT CONTEXT FROM PREVIOUS ANALYSIS:
- Previous answer: ERROR
- Confidence level: 0%

Potential issues identified:
  - Error: can only concatenate str (not "int") to str

Suggested approach: Error occurred during assessment

INSTRUCTIONS FOR RE-EVALUATION:
1. Carefully examine the evidence frames mentioned above
2. Address any concerns or potential errors identified
3. Determine if you want to use the suggested approach if provided.
4. Be especially thorough in verifying details
5. Look for different scenes IF NEEDED.
6. Provide clear reasoning for your final answer

⚠️ CRITICAL: There is ALWAYS a correct answer among the choices provided. If all answers seem slightly off or imperfect, you MUST choose the BEST possible answer that most closely matches the evidence. Do not refuse to answer.

IMPORTANT: It is ALSO TOTALLY POSSIBLE that your original answer was CORRECT. Do your best to keep the old reasoning in mind, any new reasoning you have, and compare the two and use your best judgment to determine a final answer.

🔢 ANSWER FORMAT REQUIREMENT:
When you provide your FINAL_ANSWER, your answer field MUST be a single NUMBER (0, 1, 2, 3, 4) corresponding to the answer choices:
  - 0 = Choice A
  - 1 = Choice B
  - 2 = Choice C
  - 3 = Choice D
  - 4 = Choice E

Do NOT use letters (A, B, C, D, E). Use ONLY numbers (0, 1, 2, 3, 4).

Example FINAL_ANSWER format:
{
    "tool": "FINAL_ANSWER",
    "answer": "2",  ← MUST be a number string like "0", "1", "2", etc.
    "reasoning": "...",
    "frames": ["frames/frame_0001.jpg", ...],
    "answer_criteria": ["criterion 1", "criterion 2"]
}

Querying model iterative with question: What is the first word in the video?
IMPORTANT CONTEXT FROM PREVIOUS ANALYSIS:
- Previous answer: ERROR
- Confidence level: 0%

Potential issues identified:
  - Error: can only concatenate str (not "int") to str

Suggested approach: Error occurred during assessment

INSTRUCTIONS FOR RE-EVALUATION:
1. Carefully examine the evidence frames mentioned above
2. Address any concerns or potential errors identified
3. Determine if you want to use the suggested approach if provided.
4. Be especially thorough in verifying details
5. Look for different scenes IF NEEDED.
6. Provide clear reasoning for your final answer

⚠️ CRITICAL: There is ALWAYS a correct answer among the choices provided. If all answers seem slightly off or imperfect, you MUST choose the BEST possible answer that most closely matches the evidence. Do not refuse to answer.

IMPORTANT: It is ALSO TOTALLY POSSIBLE that your original answer was CORRECT. Do your best to keep the old reasoning in mind, any new reasoning you have, and compare the two and use your best judgment to determine a final answer.

🔢 ANSWER FORMAT REQUIREMENT:
When you provide your FINAL_ANSWER, your answer field MUST be a single NUMBER (0, 1, 2, 3, 4) corresponding to the answer choices:
  - 0 = Choice A
  - 1 = Choice B
  - 2 = Choice C
  - 3 = Choice D
  - 4 = Choice E

Do NOT use letters (A, B, C, D, E). Use ONLY numbers (0, 1, 2, 3, 4).

Example FINAL_ANSWER format:
{
    "tool": "FINAL_ANSWER",
    "answer": "2",  ← MUST be a number string like "0", "1", "2", etc.
    "reasoning": "...",
    "frames": ["frames/frame_0001.jpg", ...],
    "answer_criteria": ["criterion 1", "criterion 2"]
}

Querying model iterative with question: What is the first word in the video?
IMPORTANT CONTEXT FROM PREVIOUS ANALYSIS:
- Previous answer: ERROR
- Confidence level: 0%

Potential issues identified:
  - Error: can only concatenate str (not "int") to str

Suggested approach: Error occurred during assessment

INSTRUCTIONS FOR RE-EVALUATION:
1. Carefully examine the evidence frames mentioned above
2. Address any concerns or potential errors identified
3. Determine if you want to use the suggested approach if provided.
4. Be especially thorough in verifying details
5. Look for different scenes IF NEEDED.
6. Provide clear reasoning for your final answer

⚠️ CRITICAL: There is ALWAYS a correct answer among the choices provided. If all answers seem slightly off or imperfect, you MUST choose the BEST possible answer that most closely matches the evidence. Do not refuse to answer.

IMPORTANT: It is ALSO TOTALLY POSSIBLE that your original answer was CORRECT. Do your best to keep the old reasoning in mind, any new reasoning you have, and compare the two and use your best judgment to determine a final answer.

🔢 ANSWER FORMAT REQUIREMENT:
When you provide your FINAL_ANSWER, your answer field MUST be a single NUMBER (0, 1, 2, 3, 4) corresponding to the answer choices:
  - 0 = Choice A
  - 1 = Choice B
  - 2 = Choice C
  - 3 = Choice D
  - 4 = Choice E

Do NOT use letters (A, B, C, D, E). Use ONLY numbers (0, 1, 2, 3, 4).

Example FINAL_ANSWER format:
{
    "tool": "FINAL_ANSWER",
    "answer": "2",  ← MUST be a number string like "0", "1", "2", etc.
    "reasoning": "...",
    "frames": ["frames/frame_0001.jpg", ...],
    "answer_criteria": ["criterion 1", "criterion 2"]
}

Querying model iterative with question: What is the first word in the video?
IMPORTANT CONTEXT FROM PREVIOUS ANALYSIS:
- Previous answer: ERROR
- Confidence level: 0%

Potential issues identified:
  - Error: can only concatenate str (not "int") to str

Suggested approach: Error occurred during assessment

INSTRUCTIONS FOR RE-EVALUATION:
1. Carefully examine the evidence frames mentioned above
2. Address any concerns or potential errors identified
3. Determine if you want to use the suggested approach if provided.
4. Be especially thorough in verifying details
5. Look for different scenes IF NEEDED.
6. Provide clear reasoning for your final answer

⚠️ CRITICAL: There is ALWAYS a correct answer among the choices provided. If all answers seem slightly off or imperfect, you MUST choose the BEST possible answer that most closely matches the evidence. Do not refuse to answer.

IMPORTANT: It is ALSO TOTALLY POSSIBLE that your original answer was CORRECT. Do your best to keep the old reasoning in mind, any new reasoning you have, and compare the two and use your best judgment to determine a final answer.

🔢 ANSWER FORMAT REQUIREMENT:
When you provide your FINAL_ANSWER, your answer field MUST be a single NUMBER (0, 1, 2, 3, 4) corresponding to the answer choices:
  - 0 = Choice A
  - 1 = Choice B
  - 2 = Choice C
  - 3 = Choice D
  - 4 = Choice E

Do NOT use letters (A, B, C, D, E). Use ONLY numbers (0, 1, 2, 3, 4).

Example FINAL_ANSWER format:
{
    "tool": "FINAL_ANSWER",
    "answer": "2",  ← MUST be a number string like "0", "1", "2", etc.
    "reasoning": "...",
    "frames": ["frames/frame_0001.jpg", ...],
    "answer_criteria": ["criterion 1", "criterion 2"]
}

Querying model iterative with question: What is the first word in the video?
IMPORTANT CONTEXT FROM PREVIOUS ANALYSIS:
- Previous answer: ERROR
- Confidence level: 0%

Potential issues identified:
  - Error: can only concatenate str (not "int") to str

Suggested approach: Error occurred during assessment

INSTRUCTIONS FOR RE-EVALUATION:
1. Carefully examine the evidence frames mentioned above
2. Address any concerns or potential errors identified
3. Determine if you want to use the suggested approach if provided.
4. Be especially thorough in verifying details
5. Look for different scenes IF NEEDED.
6. Provide clear reasoning for your final answer

⚠️ CRITICAL: There is ALWAYS a correct answer among the choices provided. If all answers seem slightly off or imperfect, you MUST choose the BEST possible answer that most closely matches the evidence. Do not refuse to answer.

IMPORTANT: It is ALSO TOTALLY POSSIBLE that your original answer was CORRECT. Do your best to keep the old reasoning in mind, any new reasoning you have, and compare the two and use your best judgment to determine a final answer.

🔢 ANSWER FORMAT REQUIREMENT:
When you provide your FINAL_ANSWER, your answer field MUST be a single NUMBER (0, 1, 2, 3, 4) corresponding to the answer choices:
  - 0 = Choice A
  - 1 = Choice B
  - 2 = Choice C
  - 3 = Choice D
  - 4 = Choice E

Do NOT use letters (A, B, C, D, E). Use ONLY numbers (0, 1, 2, 3, 4).

Example FINAL_ANSWER format:
{
    "tool": "FINAL_ANSWER",
    "answer": "2",  ← MUST be a number string like "0", "1", "2", etc.
    "reasoning": "...",
    "frames": ["frames/frame_0001.jpg", ...],
    "answer_criteria": ["criterion 1", "criterion 2"]
}

Querying model iterative with question: What is the first word in the video?
IMPORTANT CONTEXT FROM PREVIOUS ANALYSIS:
- Previous answer: ERROR
- Confidence level: 0%

Potential issues identified:
  - Error: can only concatenate str (not "int") to str

Suggested approach: Error occurred during assessment

INSTRUCTIONS FOR RE-EVALUATION:
1. Carefully examine the evidence frames mentioned above
2. Address any concerns or potential errors identified
3. Determine if you want to use the suggested approach if provided.
4. Be especially thorough in verifying details
5. Look for different scenes IF NEEDED.
6. Provide clear reasoning for your final answer

⚠️ CRITICAL: There is ALWAYS a correct answer among the choices provided. If all answers seem slightly off or imperfect, you MUST choose the BEST possible answer that most closely matches the evidence. Do not refuse to answer.

IMPORTANT: It is ALSO TOTALLY POSSIBLE that your original answer was CORRECT. Do your best to keep the old reasoning in mind, any new reasoning you have, and compare the two and use your best judgment to determine a final answer.

🔢 ANSWER FORMAT REQUIREMENT:
When you provide your FINAL_ANSWER, your answer field MUST be a single NUMBER (0, 1, 2, 3, 4) corresponding to the answer choices:
  - 0 = Choice A
  - 1 = Choice B
  - 2 = Choice C
  - 3 = Choice D
  - 4 = Choice E

Do NOT use letters (A, B, C, D, E). Use ONLY numbers (0, 1, 2, 3, 4).

Example FINAL_ANSWER format:
{
    "tool": "FINAL_ANSWER",
    "answer": "2",  ← MUST be a number string like "0", "1", "2", etc.
    "reasoning": "...",
    "frames": ["frames/frame_0001.jpg", ...],
    "answer_criteria": ["criterion 1", "criterion 2"]
}

Querying model iterative with question: What is the first word in the video?
IMPORTANT CONTEXT FROM PREVIOUS ANALYSIS:
- Previous answer: ERROR
- Confidence level: 0%

Potential issues identified:
  - Error: can only concatenate str (not "int") to str

Suggested approach: Error occurred during assessment

INSTRUCTIONS FOR RE-EVALUATION:
1. Carefully examine the evidence frames mentioned above
2. Address any concerns or potential errors identified
3. Determine if you want to use the suggested approach if provided.
4. Be especially thorough in verifying details
5. Look for different scenes IF NEEDED.
6. Provide clear reasoning for your final answer

⚠️ CRITICAL: There is ALWAYS a correct answer among the choices provided. If all answers seem slightly off or imperfect, you MUST choose the BEST possible answer that most closely matches the evidence. Do not refuse to answer.

IMPORTANT: It is ALSO TOTALLY POSSIBLE that your original answer was CORRECT. Do your best to keep the old reasoning in mind, any new reasoning you have, and compare the two and use your best judgment to determine a final answer.

🔢 ANSWER FORMAT REQUIREMENT:
When you provide your FINAL_ANSWER, your answer field MUST be a single NUMBER (0, 1, 2, 3, 4) corresponding to the answer choices:
  - 0 = Choice A
  - 1 = Choice B
  - 2 = Choice C
  - 3 = Choice D
  - 4 = Choice E

Do NOT use letters (A, B, C, D, E). Use ONLY numbers (0, 1, 2, 3, 4).

Example FINAL_ANSWER format:
{
    "tool": "FINAL_ANSWER",
    "answer": "2",  ← MUST be a number string like "0", "1", "2", etc.
    "reasoning": "...",
    "frames": ["frames/frame_0001.jpg", ...],
    "answer_criteria": ["criterion 1", "criterion 2"]
}

Querying model iterative with question: What is the first word in the video?
IMPORTANT CONTEXT FROM PREVIOUS ANALYSIS:
- Previous answer: ERROR
- Confidence level: 0%

Potential issues identified:
  - Error: can only concatenate str (not "int") to str

Suggested approach: Error occurred during assessment

INSTRUCTIONS FOR RE-EVALUATION:
1. Carefully examine the evidence frames mentioned above
2. Address any concerns or potential errors identified
3. Determine if you want to use the suggested approach if provided.
4. Be especially thorough in verifying details
5. Look for different scenes IF NEEDED.
6. Provide clear reasoning for your final answer

⚠️ CRITICAL: There is ALWAYS a correct answer among the choices provided. If all answers seem slightly off or imperfect, you MUST choose the BEST possible answer that most closely matches the evidence. Do not refuse to answer.

IMPORTANT: It is ALSO TOTALLY POSSIBLE that your original answer was CORRECT. Do your best to keep the old reasoning in mind, any new reasoning you have, and compare the two and use your best judgment to determine a final answer.

🔢 ANSWER FORMAT REQUIREMENT:
When you provide your FINAL_ANSWER, your answer field MUST be a single NUMBER (0, 1, 2, 3, 4) corresponding to the answer choices:
  - 0 = Choice A
  - 1 = Choice B
  - 2 = Choice C
  - 3 = Choice D
  - 4 = Choice E

Do NOT use letters (A, B, C, D, E). Use ONLY numbers (0, 1, 2, 3, 4).

Example FINAL_ANSWER format:
{
    "tool": "FINAL_ANSWER",
    "answer": "2",  ← MUST be a number string like "0", "1", "2", etc.
    "reasoning": "...",
    "frames": ["frames/frame_0001.jpg", ...],
    "answer_criteria": ["criterion 1", "criterion 2"]
}

Querying model iterative with question: What is the first word in the video?
IMPORTANT CONTEXT FROM PREVIOUS ANALYSIS:
- Previous answer: ERROR
- Confidence level: 0%

Potential issues identified:
  - Error: can only concatenate str (not "int") to str

Suggested approach: Error occurred during assessment

INSTRUCTIONS FOR RE-EVALUATION:
1. Carefully examine the evidence frames mentioned above
2. Address any concerns or potential errors identified
3. Determine if you want to use the suggested approach if provided.
4. Be especially thorough in verifying details
5. Look for different scenes IF NEEDED.
6. Provide clear reasoning for your final answer

⚠️ CRITICAL: There is ALWAYS a correct answer among the choices provided. If all answers seem slightly off or imperfect, you MUST choose the BEST possible answer that most closely matches the evidence. Do not refuse to answer.

IMPORTANT: It is ALSO TOTALLY POSSIBLE that your original answer was CORRECT. Do your best to keep the old reasoning in mind, any new reasoning you have, and compare the two and use your best judgment to determine a final answer.

🔢 ANSWER FORMAT REQUIREMENT:
When you provide your FINAL_ANSWER, your answer field MUST be a single NUMBER (0, 1, 2, 3, 4) corresponding to the answer choices:
  - 0 = Choice A
  - 1 = Choice B
  - 2 = Choice C
  - 3 = Choice D
  - 4 = Choice E

Do NOT use letters (A, B, C, D, E). Use ONLY numbers (0, 1, 2, 3, 4).

Example FINAL_ANSWER format:
{
    "tool": "FINAL_ANSWER",
    "answer": "2",  ← MUST be a number string like "0", "1", "2", etc.
    "reasoning": "...",
    "frames": ["frames/frame_0001.jpg", ...],
    "answer_criteria": ["criterion 1", "criterion 2"]
}

Querying model iterative with question: What is the first word in the video?
IMPORTANT CONTEXT FROM PREVIOUS ANALYSIS:
- Previous answer: ERROR
- Confidence level: 0%

Potential issues identified:
  - Error: can only concatenate str (not "int") to str

Suggested approach: Error occurred during assessment

INSTRUCTIONS FOR RE-EVALUATION:
1. Carefully examine the evidence frames mentioned above
2. Address any concerns or potential errors identified
3. Determine if you want to use the suggested approach if provided.
4. Be especially thorough in verifying details
5. Look for different scenes IF NEEDED.
6. Provide clear reasoning for your final answer

⚠️ CRITICAL: There is ALWAYS a correct answer among the choices provided. If all answers seem slightly off or imperfect, you MUST choose the BEST possible answer that most closely matches the evidence. Do not refuse to answer.

IMPORTANT: It is ALSO TOTALLY POSSIBLE that your original answer was CORRECT. Do your best to keep the old reasoning in mind, any new reasoning you have, and compare the two and use your best judgment to determine a final answer.

🔢 ANSWER FORMAT REQUIREMENT:
When you provide your FINAL_ANSWER, your answer field MUST be a single NUMBER (0, 1, 2, 3, 4) corresponding to the answer choices:
  - 0 = Choice A
  - 1 = Choice B
  - 2 = Choice C
  - 3 = Choice D
  - 4 = Choice E

Do NOT use letters (A, B, C, D, E). Use ONLY numbers (0, 1, 2, 3, 4).

Example FINAL_ANSWER format:
{
    "tool": "FINAL_ANSWER",
    "answer": "2",  ← MUST be a number string like "0", "1", "2", etc.
    "reasoning": "...",
    "frames": ["frames/frame_0001.jpg", ...],
    "answer_criteria": ["criterion 1", "criterion 2"]
}

Result: {'uid': '250', 'question': 'What is the first word in the video?\nIMPORTANT CONTEXT FROM PREVIOUS ANALYSIS:\n- Previous answer: ERROR\n- Confidence level: 0%\n\nPotential issues identified:\n  - Error: can only concatenate str (not "int") to str\n\nSuggested approach: Error occurred during assessment\n\nINSTRUCTIONS FOR RE-EVALUATION:\n1. Carefully examine the evidence frames mentioned above\n2. Address any concerns or potential errors identified\n3. Determine if you want to use the suggested approach if provided.\n4. Be especially thorough in verifying details\n5. Look for different scenes IF NEEDED.\n6. Provide clear reasoning for your final answer\n\n⚠️ CRITICAL: There is ALWAYS a correct answer among the choices provided. If all answers seem slightly off or imperfect, you MUST choose the BEST possible answer that most closely matches the evidence. Do not refuse to answer.\n\nIMPORTANT: It is ALSO TOTALLY POSSIBLE that your original answer was CORRECT. Do your best to keep the old reasoning in mind, any new reasoning you have, and compare the two and use your best judgment to determine a final answer.\n\n🔢 ANSWER FORMAT REQUIREMENT:\nWhen you provide your FINAL_ANSWER, your answer field MUST be a single NUMBER (0, 1, 2, 3, 4) corresponding to the answer choices:\n  - 0 = Choice A\n  - 1 = Choice B\n  - 2 = Choice C\n  - 3 = Choice D\n  - 4 = Choice E\n\nDo NOT use letters (A, B, C, D, E). Use ONLY numbers (0, 1, 2, 3, 4).\n\nExample FINAL_ANSWER format:\n{\n    "tool": "FINAL_ANSWER",\n    "answer": "2",  ← MUST be a number string like "0", "1", "2", etc.\n    "reasoning": "...",\n    "frames": ["frames/frame_0001.jpg", ...],\n    "answer_criteria": ["criterion 1", "criterion 2"]\n}\n', 'answer': 'ERROR', 'reasoning': "Error: [Errno 2] No such file or directory: '/mnt/ssd/data/kimi/lvbench/video_files/TJR1oYDDTwg/captions/global_summary.txt'", 'evidence_frame_numbers': []}
Solving question 250
Enhanced question: What is the first word in the video?
IMPORTANT CONTEXT FROM PREVIOUS ANALYSIS:
- Previous answer: ERROR
- Confidence level: 0%

Potential issues identified:
  - Error: can only concatenate str (not "int") to str

Suggested approach: Error occurred during assessment

INSTRUCTIONS FOR RE-EVALUATION:
1. Carefully examine the evidence frames mentioned above
2. Address any concerns or potential errors identified
3. Determine if you want to use the suggested approach if provided.
4. Be especially thorough in verifying details
5. Look for different scenes IF NEEDED.
6. Provide clear reasoning for your final answer

⚠️ CRITICAL: There is ALWAYS a correct answer among the choices provided. If all answers seem slightly off or imperfect, you MUST choose the BEST possible answer that most closely matches the evidence. Do not refuse to answer.

IMPORTANT: It is ALSO TOTALLY POSSIBLE that your original answer was CORRECT. Do your best to keep the old reasoning in mind, any new reasoning you have, and compare the two and use your best judgment to determine a final answer.

🔢 ANSWER FORMAT REQUIREMENT:
When you provide your FINAL_ANSWER, your answer field MUST be a single NUMBER (0, 1, 2, 3, 4) corresponding to the answer choices:
  - 0 = Choice A
  - 1 = Choice B
  - 2 = Choice C
  - 3 = Choice D
  - 4 = Choice E

Do NOT use letters (A, B, C, D, E). Use ONLY numbers (0, 1, 2, 3, 4).

Example FINAL_ANSWER format:
{
    "tool": "FINAL_ANSWER",
    "answer": "2",  ← MUST be a number string like "0", "1", "2", etc.
    "reasoning": "...",
    "frames": ["frames/frame_0001.jpg", ...],
    "answer_criteria": ["criterion 1", "criterion 2"]
}

Loaded 1 critic messages
Result: {'uid': '250', 'question': 'What is the first word in the video?\nIMPORTANT CONTEXT FROM PREVIOUS ANALYSIS:\n- Previous answer: ERROR\n- Confidence level: 0%\n\nPotential issues identified:\n  - Error: can only concatenate str (not "int") to str\n\nSuggested approach: Error occurred during assessment\n\nINSTRUCTIONS FOR RE-EVALUATION:\n1. Carefully examine the evidence frames mentioned above\n2. Address any concerns or potential errors identified\n3. Determine if you want to use the suggested approach if provided.\n4. Be especially thorough in verifying details\n5. Look for different scenes IF NEEDED.\n6. Provide clear reasoning for your final answer\n\n⚠️ CRITICAL: There is ALWAYS a correct answer among the choices provided. If all answers seem slightly off or imperfect, you MUST choose the BEST possible answer that most closely matches the evidence. Do not refuse to answer.\n\nIMPORTANT: It is ALSO TOTALLY POSSIBLE that your original answer was CORRECT. Do your best to keep the old reasoning in mind, any new reasoning you have, and compare the two and use your best judgment to determine a final answer.\n\n🔢 ANSWER FORMAT REQUIREMENT:\nWhen you provide your FINAL_ANSWER, your answer field MUST be a single NUMBER (0, 1, 2, 3, 4) corresponding to the answer choices:\n  - 0 = Choice A\n  - 1 = Choice B\n  - 2 = Choice C\n  - 3 = Choice D\n  - 4 = Choice E\n\nDo NOT use letters (A, B, C, D, E). Use ONLY numbers (0, 1, 2, 3, 4).\n\nExample FINAL_ANSWER format:\n{\n    "tool": "FINAL_ANSWER",\n    "answer": "2",  ← MUST be a number string like "0", "1", "2", etc.\n    "reasoning": "...",\n    "frames": ["frames/frame_0001.jpg", ...],\n    "answer_criteria": ["criterion 1", "criterion 2"]\n}\n', 'answer': 'ERROR', 'reasoning': "Error: [Errno 2] No such file or directory: '/mnt/ssd/data/kimi/lvbench/video_files/TJR1oYDDTwg/captions/global_summary.txt'", 'evidence_frame_numbers': [], 'original_answer': 'ERROR', 'original_confidence': 0, 'critic_concerns': ['Error: can only concatenate str (not "int") to str'], 'critic_suggestion': 'Error occurred during assessment', 'critic_evidence': [], 're_evaluated': True, 'was_reevaluated_by_judge': False}
