Critic initial response: {
    "tool": "VLM_QUERY",
    "frames": ["frames/frame_0090.jpg", "frames/frame_0091.jpg", "frames/frame_0092.jpg", "frames/frame_0093.jpg", "frames/frame_0094.jpg", "frames/frame_0095.jpg", "frames/frame_0096.jpg", "frames/frame_0097.jpg", "frames/frame_0098.jpg", "frames/frame_0099.jpg", "frames/frame_0100.jpg", "frames/frame_0101.jpg", "frames/frame_0102.jpg", "frames/frame_0103.jpg", "frames/frame_0104.jpg", "frames/frame_0105.jpg", "frames/frame_0106.jpg", "frames/frame_0107.jpg", "frames/frame_0108.jpg", "frames/frame_0109.jpg", "frames/frame_0110.jpg", "frames/frame_0111.jpg"],
    "prompt": "Analyze these frames to verify if answer '1' (Fries) is correct for: 'When the action of scooping out fried food appears for the first time, what kind of food is scooped out?' Check these criteria: 1) Is a person performing a scooping action with a utensil? 2) Does the food appear fried (golden-brown, crispy)? 3) Is this the first occurrence of such action in the video? 4) Is the setting a kitchen/food prep area? Also verify the food type matches answer '1' (Fries) and check if any earlier frames show similar scooping actions."
}
Frames to verify: ['frames/frame_0090.jpg', 'frames/frame_0091.jpg', 'frames/frame_0092.jpg', 'frames/frame_0093.jpg', 'frames/frame_0094.jpg', 'frames/frame_0095.jpg', 'frames/frame_0096.jpg', 'frames/frame_0097.jpg', 'frames/frame_0098.jpg', 'frames/frame_0099.jpg', 'frames/frame_0100.jpg', 'frames/frame_0101.jpg', 'frames/frame_0102.jpg', 'frames/frame_0103.jpg', 'frames/frame_0104.jpg', 'frames/frame_0105.jpg', 'frames/frame_0106.jpg', 'frames/frame_0107.jpg', 'frames/frame_0108.jpg', 'frames/frame_0109.jpg', 'frames/frame_0110.jpg', 'frames/frame_0111.jpg']
VLM Prompt: Video context: Here's a global summary of the video based on the provided frame-by-frame captions data:

**Main Characters:**
The main characters in the video are chefs, waiters, and waitresses working in a restaurant or restaurants. They are predominantly dressed in white shirts and black aprons or pants. Some of them wear black shirts or vests. A few scenes also show customers dining at tables.

**Setting:**
The primary setting is a bustling restaurant kitchen or kitchens, with marble countertops, stainless-steel appliances, and various cooking equipment. The kitchen is well-lit, and the atmosphere is fast-paced and dynamic. Some scenes also show the dining area, where customers are seated at tables, and a bar or buffet counter.

**Plot Line:**
The video appears to be a documentary or behind-the-scenes style footage showcasing the inner workings of a busy restaurant kitchen. The plot line is not narrative-driven but rather observational, capturing the daily activities of the chefs, waiters, and waitresses as they prepare and serve food to customers. The video highlights the kitchen's efficiency, the staff's coordination, and the attention to detail in food preparation.

**Vibes:**
The overall vibe of the video is one of energy, efficiency, and professionalism. The fast-paced editing and dynamic camera movements convey a sense of urgency and activity, while the attention to detail in food preparation and presentation suggests a high level of expertise and care.

**General Details:**
Some notable details that emerge from the captions include:

* The kitchen is well-organized, with various stations and equipment dedicated to specific tasks.
* The staff is diverse, with people of different skin tones, hair colors, and attire.
* The menu appears to include a variety of dishes, such as steaks, burgers, sushi, and curries.
* The restaurant or restaurants depicted in the video seem to be upscale or fine dining establishments, given the attention to detail in food preparation and presentation.
* The video captures a range of activities, from food preparation and cooking to serving and interacting with customers.

Overall, the video provides a captivating glimpse into the inner workings of a busy restaurant kitchen, highlighting the skill, coordination, and dedication of the staff as they work together to deliver high-quality food and service to their customers.

Analyze these frames to verify if answer '1' (Fries) is correct for: 'When the action of scooping out fried food appears for the first time, what kind of food is scooped out?' Check these criteria: 1) Is a person performing a scooping action with a utensil? 2) Does the food appear fried (golden-brown, crispy)? 3) Is this the first occurrence of such action in the video? 4) Is the setting a kitchen/food prep area? Also verify the food type matches answer '1' (Fries) and check if any earlier frames show similar scooping actions.
VLM response: {'batched_responses': [{'batch_start': 0, 'batch_end': 22, 'image_paths': ['/mnt/ssd/data/lvbench/videos_processed/3_upA09AntU/frames/frame_0090.jpg', '/mnt/ssd/data/lvbench/videos_processed/3_upA09AntU/frames/frame_0091.jpg', '/mnt/ssd/data/lvbench/videos_processed/3_upA09AntU/frames/frame_0092.jpg', '/mnt/ssd/data/lvbench/videos_processed/3_upA09AntU/frames/frame_0093.jpg', '/mnt/ssd/data/lvbench/videos_processed/3_upA09AntU/frames/frame_0094.jpg', '/mnt/ssd/data/lvbench/videos_processed/3_upA09AntU/frames/frame_0095.jpg', '/mnt/ssd/data/lvbench/videos_processed/3_upA09AntU/frames/frame_0096.jpg', '/mnt/ssd/data/lvbench/videos_processed/3_upA09AntU/frames/frame_0097.jpg', '/mnt/ssd/data/lvbench/videos_processed/3_upA09AntU/frames/frame_0098.jpg', '/mnt/ssd/data/lvbench/videos_processed/3_upA09AntU/frames/frame_0099.jpg', '/mnt/ssd/data/lvbench/videos_processed/3_upA09AntU/frames/frame_0100.jpg', '/mnt/ssd/data/lvbench/videos_processed/3_upA09AntU/frames/frame_0101.jpg', '/mnt/ssd/data/lvbench/videos_processed/3_upA09AntU/frames/frame_0102.jpg', '/mnt/ssd/data/lvbench/videos_processed/3_upA09AntU/frames/frame_0103.jpg', '/mnt/ssd/data/lvbench/videos_processed/3_upA09AntU/frames/frame_0104.jpg', '/mnt/ssd/data/lvbench/videos_processed/3_upA09AntU/frames/frame_0105.jpg', '/mnt/ssd/data/lvbench/videos_processed/3_upA09AntU/frames/frame_0106.jpg', '/mnt/ssd/data/lvbench/videos_processed/3_upA09AntU/frames/frame_0107.jpg', '/mnt/ssd/data/lvbench/videos_processed/3_upA09AntU/frames/frame_0108.jpg', '/mnt/ssd/data/lvbench/videos_processed/3_upA09AntU/frames/frame_0109.jpg', '/mnt/ssd/data/lvbench/videos_processed/3_upA09AntU/frames/frame_0110.jpg', '/mnt/ssd/data/lvbench/videos_processed/3_upA09AntU/frames/frame_0111.jpg'], 'response': "Based on the analysis of the 22 provided frames, the answer **'1' (Fries)** is **correct** for the question: *“When the action of scooping out fried food appears for the first time, what kind of food is scooped out?”*\n\nHere’s the verification against each criterion:\n\n---\n\n**1) Is a person performing a scooping action with a utensil?**  \n✅ **Yes.** Starting from **Frame 9**, a person’s hands are visible using a spoon or similar utensil to scoop food from a metal container. This action continues through multiple frames (e.g., 10, 11, 12, 13, 14, 15, 16, 17, 18, 19, 20, 21).\n\n---\n\n**2) Does the food appear fried (golden-brown, crispy)?**  \n✅ **Yes.** The food being scooped — visible clearly in **Frame 9 onward** — is golden-brown, elongated, and has the texture and appearance of **French fries**. The color and shape are consistent with deep-fried potato strips.\n\n---\n\n**3) Is this the first occurrence of such action in the video?**  \n✅ **Yes.** Prior to **Frame 9**, no scooping action involving fried food is visible.  \n- Frames 1–8 show general kitchen activity, movement, and setup, but no scooping of fried food.  \n- The first clear scooping of fried food occurs at **Frame 9**, making it the **first occurrence** in the sequence.\n\n---\n\n**4) Is the setting a kitchen/food prep area?**  \n✅ **Yes.** All frames show a professional kitchen environment with stainless steel counters, food containers, cooking equipment, and staff in chef attire — consistent with a commercial kitchen or food prep area.\n\n---\n\n**Food Type Verification: Does it match “Fries”?**  \n✅ **Yes.** The scooped food is unmistakably **French fries** — golden, crispy, elongated, and consistent in shape and texture with standard fast-food or restaurant-style fries.\n\n---\n\n**Check for Earlier Similar Scooping Actions:**  \n❌ **None.** No earlier frames (1–8) show any scooping of fried food. The first such action is at **Frame 9**.\n\n---\n\n### ✅ Final Verdict:  \n**Answer '1' (Fries) is correct.**  \nAll criteria are satisfied: the scooping action is performed by a person with a utensil, the food is fried and visually identifiable as fries, it is the first such occurrence in the video, and the setting is a kitchen. No earlier scooping of fried food appears."}], 'formatted_responses': ["\n=== Batch 0-22 (22 frames) ===\nFrames: /mnt/ssd/data/lvbench/videos_processed/3_upA09AntU/frames/frame_0090.jpg, /mnt/ssd/data/lvbench/videos_processed/3_upA09AntU/frames/frame_0091.jpg, /mnt/ssd/data/lvbench/videos_processed/3_upA09AntU/frames/frame_0092.jpg, /mnt/ssd/data/lvbench/videos_processed/3_upA09AntU/frames/frame_0093.jpg, /mnt/ssd/data/lvbench/videos_processed/3_upA09AntU/frames/frame_0094.jpg, /mnt/ssd/data/lvbench/videos_processed/3_upA09AntU/frames/frame_0095.jpg, /mnt/ssd/data/lvbench/videos_processed/3_upA09AntU/frames/frame_0096.jpg, /mnt/ssd/data/lvbench/videos_processed/3_upA09AntU/frames/frame_0097.jpg, /mnt/ssd/data/lvbench/videos_processed/3_upA09AntU/frames/frame_0098.jpg, /mnt/ssd/data/lvbench/videos_processed/3_upA09AntU/frames/frame_0099.jpg, /mnt/ssd/data/lvbench/videos_processed/3_upA09AntU/frames/frame_0100.jpg, /mnt/ssd/data/lvbench/videos_processed/3_upA09AntU/frames/frame_0101.jpg, /mnt/ssd/data/lvbench/videos_processed/3_upA09AntU/frames/frame_0102.jpg, /mnt/ssd/data/lvbench/videos_processed/3_upA09AntU/frames/frame_0103.jpg, /mnt/ssd/data/lvbench/videos_processed/3_upA09AntU/frames/frame_0104.jpg, /mnt/ssd/data/lvbench/videos_processed/3_upA09AntU/frames/frame_0105.jpg, /mnt/ssd/data/lvbench/videos_processed/3_upA09AntU/frames/frame_0106.jpg, /mnt/ssd/data/lvbench/videos_processed/3_upA09AntU/frames/frame_0107.jpg, /mnt/ssd/data/lvbench/videos_processed/3_upA09AntU/frames/frame_0108.jpg, /mnt/ssd/data/lvbench/videos_processed/3_upA09AntU/frames/frame_0109.jpg, /mnt/ssd/data/lvbench/videos_processed/3_upA09AntU/frames/frame_0110.jpg, /mnt/ssd/data/lvbench/videos_processed/3_upA09AntU/frames/frame_0111.jpg\nVLM Response: Based on the analysis of the 22 provided frames, the answer **'1' (Fries)** is **correct** for the question: *“When the action of scooping out fried food appears for the first time, what kind of food is scooped out?”*\n\nHere’s the verification against each criterion:\n\n---\n\n**1) Is a person performing a scooping action with a utensil?**  \n✅ **Yes.** Starting from **Frame 9**, a person’s hands are visible using a spoon or similar utensil to scoop food from a metal container. This action continues through multiple frames (e.g., 10, 11, 12, 13, 14, 15, 16, 17, 18, 19, 20, 21).\n\n---\n\n**2) Does the food appear fried (golden-brown, crispy)?**  \n✅ **Yes.** The food being scooped — visible clearly in **Frame 9 onward** — is golden-brown, elongated, and has the texture and appearance of **French fries**. The color and shape are consistent with deep-fried potato strips.\n\n---\n\n**3) Is this the first occurrence of such action in the video?**  \n✅ **Yes.** Prior to **Frame 9**, no scooping action involving fried food is visible.  \n- Frames 1–8 show general kitchen activity, movement, and setup, but no scooping of fried food.  \n- The first clear scooping of fried food occurs at **Frame 9**, making it the **first occurrence** in the sequence.\n\n---\n\n**4) Is the setting a kitchen/food prep area?**  \n✅ **Yes.** All frames show a professional kitchen environment with stainless steel counters, food containers, cooking equipment, and staff in chef attire — consistent with a commercial kitchen or food prep area.\n\n---\n\n**Food Type Verification: Does it match “Fries”?**  \n✅ **Yes.** The scooped food is unmistakably **French fries** — golden, crispy, elongated, and consistent in shape and texture with standard fast-food or restaurant-style fries.\n\n---\n\n**Check for Earlier Similar Scooping Actions:**  \n❌ **None.** No earlier frames (1–8) show any scooping of fried food. The first such action is at **Frame 9**.\n\n---\n\n### ✅ Final Verdict:  \n**Answer '1' (Fries) is correct.**  \nAll criteria are satisfied: the scooping action is performed by a person with a utensil, the food is fried and visually identifiable as fries, it is the first such occurrence in the video, and the setting is a kitchen. No earlier scooping of fried food appears.\n"], 'condensed_response': '**Scene Summary (Frames\u202f0090‑0111)**  \n\n- **Characters:** One kitchen worker (hands and utensil visible) – the only active “character” tracked throughout the segment.  \n- **Action:** Beginning at **frame\u202f0090** the worker lifts a metal spoon/ladle and **scoops a pile of golden‑brown, elongated items** from a stainless‑steel container. The scooping motion continues unchanged through **frames\u202f0091‑0111**.  \n- **Food:** The scooped items are **French fries** – crisp, fry‑shaped, and uniformly golden, matching the visual profile of deep‑fried potato sticks.  \n- **Timing of First Appearance:** No scooping of fried food occurs in the earlier **frames\u202f0089‑0082** (which show only general kitchen prep). **Frame\u202f0090** is therefore the **first instance** of a scooping action involving fried food in the video.  \n- **Setting:** All frames depict a **professional kitchen** – stainless‑steel counters, food containers, cooking equipment, and the worker in chef attire.\n\n**Conclusion:** The first scooping action of fried food appears in frame\u202f0090, and the food being scooped is clearly **fries**. This confirms that answer **‘1\u202f–\u202fFries’** is correct.', 'failed_images': []}
Followup prompt: 
Critically assess whether the VLM verification supports the given answer by evaluating each criterion.

⚠️ IMPORTANT: Answers use 0-INDEXED numbers where 0=A, 1=B, 2=C, 3=D, 4=E

VLM Verification Results:
{'batched_responses': [{'batch_start': 0, 'batch_end': 22, 'image_paths': ['/mnt/ssd/data/lvbench/videos_processed/3_upA09AntU/frames/frame_0090.jpg', '/mnt/ssd/data/lvbench/videos_processed/3_upA09AntU/frames/frame_0091.jpg', '/mnt/ssd/data/lvbench/videos_processed/3_upA09AntU/frames/frame_0092.jpg', '/mnt/ssd/data/lvbench/videos_processed/3_upA09AntU/frames/frame_0093.jpg', '/mnt/ssd/data/lvbench/videos_processed/3_upA09AntU/frames/frame_0094.jpg', '/mnt/ssd/data/lvbench/videos_processed/3_upA09AntU/frames/frame_0095.jpg', '/mnt/ssd/data/lvbench/videos_processed/3_upA09AntU/frames/frame_0096.jpg', '/mnt/ssd/data/lvbench/videos_processed/3_upA09AntU/frames/frame_0097.jpg', '/mnt/ssd/data/lvbench/videos_processed/3_upA09AntU/frames/frame_0098.jpg', '/mnt/ssd/data/lvbench/videos_processed/3_upA09AntU/frames/frame_0099.jpg', '/mnt/ssd/data/lvbench/videos_processed/3_upA09AntU/frames/frame_0100.jpg', '/mnt/ssd/data/lvbench/videos_processed/3_upA09AntU/frames/frame_0101.jpg', '/mnt/ssd/data/lvbench/videos_processed/3_upA09AntU/frames/frame_0102.jpg', '/mnt/ssd/data/lvbench/videos_processed/3_upA09AntU/frames/frame_0103.jpg', '/mnt/ssd/data/lvbench/videos_processed/3_upA09AntU/frames/frame_0104.jpg', '/mnt/ssd/data/lvbench/videos_processed/3_upA09AntU/frames/frame_0105.jpg', '/mnt/ssd/data/lvbench/videos_processed/3_upA09AntU/frames/frame_0106.jpg', '/mnt/ssd/data/lvbench/videos_processed/3_upA09AntU/frames/frame_0107.jpg', '/mnt/ssd/data/lvbench/videos_processed/3_upA09AntU/frames/frame_0108.jpg', '/mnt/ssd/data/lvbench/videos_processed/3_upA09AntU/frames/frame_0109.jpg', '/mnt/ssd/data/lvbench/videos_processed/3_upA09AntU/frames/frame_0110.jpg', '/mnt/ssd/data/lvbench/videos_processed/3_upA09AntU/frames/frame_0111.jpg'], 'response': "Based on the analysis of the 22 provided frames, the answer **'1' (Fries)** is **correct** for the question: *“When the action of scooping out fried food appears for the first time, what kind of food is scooped out?”*\n\nHere’s the verification against each criterion:\n\n---\n\n**1) Is a person performing a scooping action with a utensil?**  \n✅ **Yes.** Starting from **Frame 9**, a person’s hands are visible using a spoon or similar utensil to scoop food from a metal container. This action continues through multiple frames (e.g., 10, 11, 12, 13, 14, 15, 16, 17, 18, 19, 20, 21).\n\n---\n\n**2) Does the food appear fried (golden-brown, crispy)?**  \n✅ **Yes.** The food being scooped — visible clearly in **Frame 9 onward** — is golden-brown, elongated, and has the texture and appearance of **French fries**. The color and shape are consistent with deep-fried potato strips.\n\n---\n\n**3) Is this the first occurrence of such action in the video?**  \n✅ **Yes.** Prior to **Frame 9**, no scooping action involving fried food is visible.  \n- Frames 1–8 show general kitchen activity, movement, and setup, but no scooping of fried food.  \n- The first clear scooping of fried food occurs at **Frame 9**, making it the **first occurrence** in the sequence.\n\n---\n\n**4) Is the setting a kitchen/food prep area?**  \n✅ **Yes.** All frames show a professional kitchen environment with stainless steel counters, food containers, cooking equipment, and staff in chef attire — consistent with a commercial kitchen or food prep area.\n\n---\n\n**Food Type Verification: Does it match “Fries”?**  \n✅ **Yes.** The scooped food is unmistakably **French fries** — golden, crispy, elongated, and consistent in shape and texture with standard fast-food or restaurant-style fries.\n\n---\n\n**Check for Earlier Similar Scooping Actions:**  \n❌ **None.** No earlier frames (1–8) show any scooping of fried food. The first such action is at **Frame 9**.\n\n---\n\n### ✅ Final Verdict:  \n**Answer '1' (Fries) is correct.**  \nAll criteria are satisfied: the scooping action is performed by a person with a utensil, the food is fried and visually identifiable as fries, it is the first such occurrence in the video, and the setting is a kitchen. No earlier scooping of fried food appears."}], 'formatted_responses': ["\n=== Batch 0-22 (22 frames) ===\nFrames: /mnt/ssd/data/lvbench/videos_processed/3_upA09AntU/frames/frame_0090.jpg, /mnt/ssd/data/lvbench/videos_processed/3_upA09AntU/frames/frame_0091.jpg, /mnt/ssd/data/lvbench/videos_processed/3_upA09AntU/frames/frame_0092.jpg, /mnt/ssd/data/lvbench/videos_processed/3_upA09AntU/frames/frame_0093.jpg, /mnt/ssd/data/lvbench/videos_processed/3_upA09AntU/frames/frame_0094.jpg, /mnt/ssd/data/lvbench/videos_processed/3_upA09AntU/frames/frame_0095.jpg, /mnt/ssd/data/lvbench/videos_processed/3_upA09AntU/frames/frame_0096.jpg, /mnt/ssd/data/lvbench/videos_processed/3_upA09AntU/frames/frame_0097.jpg, /mnt/ssd/data/lvbench/videos_processed/3_upA09AntU/frames/frame_0098.jpg, /mnt/ssd/data/lvbench/videos_processed/3_upA09AntU/frames/frame_0099.jpg, /mnt/ssd/data/lvbench/videos_processed/3_upA09AntU/frames/frame_0100.jpg, /mnt/ssd/data/lvbench/videos_processed/3_upA09AntU/frames/frame_0101.jpg, /mnt/ssd/data/lvbench/videos_processed/3_upA09AntU/frames/frame_0102.jpg, /mnt/ssd/data/lvbench/videos_processed/3_upA09AntU/frames/frame_0103.jpg, /mnt/ssd/data/lvbench/videos_processed/3_upA09AntU/frames/frame_0104.jpg, /mnt/ssd/data/lvbench/videos_processed/3_upA09AntU/frames/frame_0105.jpg, /mnt/ssd/data/lvbench/videos_processed/3_upA09AntU/frames/frame_0106.jpg, /mnt/ssd/data/lvbench/videos_processed/3_upA09AntU/frames/frame_0107.jpg, /mnt/ssd/data/lvbench/videos_processed/3_upA09AntU/frames/frame_0108.jpg, /mnt/ssd/data/lvbench/videos_processed/3_upA09AntU/frames/frame_0109.jpg, /mnt/ssd/data/lvbench/videos_processed/3_upA09AntU/frames/frame_0110.jpg, /mnt/ssd/data/lvbench/videos_processed/3_upA09AntU/frames/frame_0111.jpg\nVLM Response: Based on the analysis of the 22 provided frames, the answer **'1' (Fries)** is **correct** for the question: *“When the action of scooping out fried food appears for the first time, what kind of food is scooped out?”*\n\nHere’s the verification against each criterion:\n\n---\n\n**1) Is a person performing a scooping action with a utensil?**  \n✅ **Yes.** Starting from **Frame 9**, a person’s hands are visible using a spoon or similar utensil to scoop food from a metal container. This action continues through multiple frames (e.g., 10, 11, 12, 13, 14, 15, 16, 17, 18, 19, 20, 21).\n\n---\n\n**2) Does the food appear fried (golden-brown, crispy)?**  \n✅ **Yes.** The food being scooped — visible clearly in **Frame 9 onward** — is golden-brown, elongated, and has the texture and appearance of **French fries**. The color and shape are consistent with deep-fried potato strips.\n\n---\n\n**3) Is this the first occurrence of such action in the video?**  \n✅ **Yes.** Prior to **Frame 9**, no scooping action involving fried food is visible.  \n- Frames 1–8 show general kitchen activity, movement, and setup, but no scooping of fried food.  \n- The first clear scooping of fried food occurs at **Frame 9**, making it the **first occurrence** in the sequence.\n\n---\n\n**4) Is the setting a kitchen/food prep area?**  \n✅ **Yes.** All frames show a professional kitchen environment with stainless steel counters, food containers, cooking equipment, and staff in chef attire — consistent with a commercial kitchen or food prep area.\n\n---\n\n**Food Type Verification: Does it match “Fries”?**  \n✅ **Yes.** The scooped food is unmistakably **French fries** — golden, crispy, elongated, and consistent in shape and texture with standard fast-food or restaurant-style fries.\n\n---\n\n**Check for Earlier Similar Scooping Actions:**  \n❌ **None.** No earlier frames (1–8) show any scooping of fried food. The first such action is at **Frame 9**.\n\n---\n\n### ✅ Final Verdict:  \n**Answer '1' (Fries) is correct.**  \nAll criteria are satisfied: the scooping action is performed by a person with a utensil, the food is fried and visually identifiable as fries, it is the first such occurrence in the video, and the setting is a kitchen. No earlier scooping of fried food appears.\n"], 'condensed_response': '**Scene Summary (Frames\u202f0090‑0111)**  \n\n- **Characters:** One kitchen worker (hands and utensil visible) – the only active “character” tracked throughout the segment.  \n- **Action:** Beginning at **frame\u202f0090** the worker lifts a metal spoon/ladle and **scoops a pile of golden‑brown, elongated items** from a stainless‑steel container. The scooping motion continues unchanged through **frames\u202f0091‑0111**.  \n- **Food:** The scooped items are **French fries** – crisp, fry‑shaped, and uniformly golden, matching the visual profile of deep‑fried potato sticks.  \n- **Timing of First Appearance:** No scooping of fried food occurs in the earlier **frames\u202f0089‑0082** (which show only general kitchen prep). **Frame\u202f0090** is therefore the **first instance** of a scooping action involving fried food in the video.  \n- **Setting:** All frames depict a **professional kitchen** – stainless‑steel counters, food containers, cooking equipment, and the worker in chef attire.\n\n**Conclusion:** The first scooping action of fried food appears in frame\u202f0090, and the food being scooped is clearly **fries**. This confirms that answer **‘1\u202f–\u202fFries’** is correct.', 'failed_images': []}

Question Being Answered: When the action of scooping out fried food appears for the first time, what kind of food is scooped out?

Answer Choices (0-indexed: 0=A, 1=B, 2=C, 3=D, 4=E):
  0 (=A): Broccoli
  1 (=B): Fries
  2 (=C): Meat
  3 (=D): Hamburger

Given Answer: 1
Evidence Frames Used: ['frames/frame_0095.jpg', 'frames/frame_0096.jpg', 'frames/frame_0097.jpg', 'frames/frame_0098.jpg', 'frames/frame_0099.jpg', 'frames/frame_0100.jpg', 'frames/frame_0101.jpg', 'frames/frame_0102.jpg', 'frames/frame_0103.jpg', 'frames/frame_0104.jpg', 'frames/frame_0105.jpg', 'frames/frame_0106.jpg']

Character/Event/Scene logs: ================================================================================
CHARACTER, EVENT, AND SCENE LOGS
================================================================================

CHARACTERS:
Person 1 (Middle-aged Male Chef): Description: Wearing a white shirt and black apron, actively preparing and serving food in a bustling restaurant kitchen.
Person 2 (Young Male Chef): Description: Wearing a white shirt and black pants, assisting with food preparation and cooking in the kitchen.
Person 3 (Male Waiter): Description: Wearing a white shirt and black pants, serving food to customers and handling receipts.
Person 4 (Female Waitress): Description: Wearing a gray t-shirt and black apron, serving food and interacting with customers.
Person 5 (Male Customer): Description: Seated at tables in the restaurant, enjoying meals.
Person 6 (Bartender): Description: Wearing a white shirt and black apron, preparing drinks behind the bar counter.

SCENES:
Scene 1 (Restaurant Kitchen): Description: Busy commercial kitchen with marble countertops, stainless-steel appliances, and chefs preparing food. [Frame 1-500]
Scene 2 (Dining Area): Description: Crowded dining area with patrons seated at tables, surrounded by a warm ambiance. [Frame 200-400]
Scene 3 (Bar Counter): Description: Busy bar counter with a marble surface, where bartenders are preparing drinks. [Frame 1700-1800]
Scene 4 (Elevator Area): Description: A dimly lit area with an elevator, where a person is seen entering or exiting. [Frame 1400-1450]
Scene 5 (Dishwashing Area): Description: Stainless-steel sinks and dishwashing equipment, where staff are washing dishes. [Frame 800-900]

EVENTS:
Event 1 (Food Preparation): Description: Chefs actively preparing and plating dishes on the marble countertops. [Frame 1-500]
Event 2 (Serving Food): Description: Waiters and waitresses serving food to customers at tables and at the counter. [Frame 200-400]
Event 3 (Drink Preparation): Description: Bartenders preparing and serving drinks to customers at the bar counter. [Frame 1700-1800]
Event 4 (Receipt Handling): Description: Staff handling and organizing receipts on the marble countertops. [Frame 1000-1200]
Event 5 (Dishwashing): Description: Staff washing dishes in the stainless-steel sinks. [Frame 800-900]

================================================================================
Generated at: 2026-01-11 21:45:55
================================================================================



QUESTION-BASED CRITERIA:
  Q1. A person is performing a scooping action (using a utensil to lift or remove food)
  Q2. The food being scooped has visual characteristics of fried food (e.g., golden-brown color, crispy texture)
  Q3. This is the first occurrence of such an action in the video
  Q4. The setting is likely a kitchen or food preparation area


CRITICAL ASSESSMENT TASK:
For EACH criterion listed above, determine whether it PASSES or FAILS based ONLY on what the VLM actually reports seeing in the frames.

- PASS: The VLM results clearly confirm this criterion is satisfied in the frames
- FAIL: The VLM results indicate this criterion is NOT satisfied, or there is insufficient evidence

CONFIDENCE CALCULATION RULES:
1. Count how many criteria pass (criteria_percentage = criteria_passed / 4)
2. Calculate base_confidence = criteria_percentage * 100
3. ⚠️ If ANY answer-specific criterion (A1, A2, etc.) FAILS, set confidence = min(50, base_confidence)

⚠️ CRITICAL: There is ALWAYS a correct answer among the choices provided. If all answers seem slightly off or imperfect, you MUST choose the BEST possible answer that most closely matches the evidence.

CRITIC ANSWER CHOICE DECISION:
4. After evaluating criteria, ALWAYS pick the best answer choice:
   - Review ALL answer choices (A, B, C, D, E, etc.)
   - Based ONLY on the VLM visual evidence, determine which answer choice is MOST correct
   - Output your critic_answer_choice as a NUMBER (0=A, 1=B, 2=C, 3=D, 4=E)

5. If criteria_percentage > 0.5 (>50% of criteria pass):
   - Your chosen answer is well-supported by evidence
   - Set suggestion to null or provide minor improvements

6. If criteria_percentage ≤ 0.5 (≤50% of criteria pass):
   - Still MUST choose the BEST answer from the available choices (never -1)
   - But set suggestion to "These may not be the right frames/scene. Consider searching for better evidence. The answer chosen is the BEST match given current evidence."
   - This signals low confidence but still provides a choice

Return ONLY this JSON:
{
    "criteria_results": [
        {"criterion": "criterion text", "criterion_type": "QUESTION or ANSWER", "status": "PASS or FAIL", "reasoning": "brief explanation"},
        ...
    ],
    "question_criteria_passed": <number of question criteria that passed>,
    "answer_criteria_passed": <number of answer criteria that passed>,
    "answer_criteria_total": 0,
    "criteria_passed": <total number of criteria that passed>,
    "criteria_total": 4,
    "criteria_percentage": <criteria_passed / 4>,
    "base_confidence": <(criteria_passed / 4) * 100>,
    "confidence": <base_confidence OR 50 if any answer criterion failed>,
    "critic_answer_choice": <NUMBER: 0=A, 1=B, 2=C, 3=D, 4=E - MUST be a valid number 0-4, never -1>,
    "critic_reasoning": "<Brief explanation of why you chose this answer based on VLM evidence>",
    "possible_errors": [
        <List specific criteria that failed or issues found>
    ],
    "suggestion": <"These may not be the right frames" if ≤50%, otherwise null or specific improvement>
}

IMPORTANT RULES:
- Evaluate EACH criterion independently based on VLM results
- Mark criterion as PASS only if VLM clearly confirms it
- Mark criterion as FAIL if not confirmed or contradicted
- If ANY answer-specific criterion fails, confidence MUST be ≤50%
- Base evaluation ONLY on VLM verification results, not speculation
- Only list errors for criteria that actually failed
- Return ONLY valid JSON

Critical assessment response: ```json
{
    "criteria_results": [
        {
            "criterion": "A person is performing a scooping action (using a utensil to lift or remove food)",
            "criterion_type": "QUESTION",
            "status": "PASS",
            "reasoning": "VLM confirms person's hands using a spoon/utensil to scoop food from metal container starting from Frame 9"
        },
        {
            "criterion": "The food being scooped has visual characteristics of fried food (golden-brown color, crispy texture)",
            "criterion_type": "QUESTION",
            "status": "PASS",
            "reasoning": "VLM describes food as golden-brown, elongated, with texture/appearance of French fries, consistent with fried food"
        },
        {
            "criterion": "This is the first occurrence of such an action in the video",
            "criterion_type": "QUESTION",
            "status": "PASS",
            "reasoning": "VLM explicitly states no scooping of fried food occurs in Frames 1-8, making Frame 9 the first occurrence"
        },
        {
            "criterion": "The setting is likely a kitchen or food preparation area",
            "criterion_type": "QUESTION",
            "status": "PASS",
            "reasoning": "VLM confirms professional kitchen environment with stainless steel counters, cooking equipment, and staff in chef attire"
        }
    ],
    "question_criteria_passed": 4,
    "answer_criteria_passed": 0,
    "answer_criteria_total": 0,
    "criteria_passed": 4,
    "criteria_total": 4,
    "criteria_percentage": 1.0,
    "base_confidence": 100,
    "confidence": 100,
    "critic_answer_choice": 1,
    "critic_reasoning": "VLM clearly identifies the scooped food as French fries (golden, crispy, elongated potato strips) and confirms this is the first scooping action of fried food in the video",
    "possible_errors": [],
    "suggestion": null
}
```
Critical assessment data: {'criteria_results': [{'criterion': 'A person is performing a scooping action (using a utensil to lift or remove food)', 'criterion_type': 'QUESTION', 'status': 'PASS', 'reasoning': "VLM confirms person's hands using a spoon/utensil to scoop food from metal container starting from Frame 9"}, {'criterion': 'The food being scooped has visual characteristics of fried food (golden-brown color, crispy texture)', 'criterion_type': 'QUESTION', 'status': 'PASS', 'reasoning': 'VLM describes food as golden-brown, elongated, with texture/appearance of French fries, consistent with fried food'}, {'criterion': 'This is the first occurrence of such an action in the video', 'criterion_type': 'QUESTION', 'status': 'PASS', 'reasoning': 'VLM explicitly states no scooping of fried food occurs in Frames 1-8, making Frame 9 the first occurrence'}, {'criterion': 'The setting is likely a kitchen or food preparation area', 'criterion_type': 'QUESTION', 'status': 'PASS', 'reasoning': 'VLM confirms professional kitchen environment with stainless steel counters, cooking equipment, and staff in chef attire'}], 'question_criteria_passed': 4, 'answer_criteria_passed': 0, 'answer_criteria_total': 0, 'criteria_passed': 4, 'criteria_total': 4, 'criteria_percentage': 1.0, 'base_confidence': 100, 'confidence': 100, 'critic_answer_choice': 1, 'critic_reasoning': 'VLM clearly identifies the scooped food as French fries (golden, crispy, elongated potato strips) and confirms this is the first scooping action of fried food in the video', 'possible_errors': [], 'suggestion': None}
========== Requesting Critical VLM Assessment ==========
Critic initial response: {
    "tool": "VLM_QUERY",
    "frames": ["frames/frame_0090.jpg", "frames/frame_0091.jpg", "frames/frame_0092.jpg", "frames/frame_0093.jpg", "frames/frame_0094.jpg", "frames/frame_0095.jpg", "frames/frame_0096.jpg", "frames/frame_0097.jpg", "frames/frame_0098.jpg", "frames/frame_0099.jpg", "frames/frame_0100.jpg", "frames/frame_0101.jpg", "frames/frame_0102.jpg", "frames/frame_0103.jpg", "frames/frame_0104.jpg", "frames/frame_0105.jpg", "frames/frame_0106.jpg", "frames/frame_0107.jpg", "frames/frame_0108.jpg", "frames/frame_0109.jpg", "frames/frame_0110.jpg", "frames/frame_0111.jpg"],
    "prompt": "Based on these frames (including context before/after), verify if the answer '1' (Fries) is correct for the question: When the action of scooping out fried food appears for the first time, what kind of food is scooped out? Check the question criteria: 1) A person is performing a scooping action (using a utensil to lift or remove food), 2) The food being scooped has visual characteristics of fried food (e.g., golden-brown color, crispy texture), 3) This is the first occurrence of such an action in the video, 4) The setting is likely a kitchen or food preparation area. Pay attention to timestamps and temporal sequences. Identify what food is being scooped and confirm if it matches the answer choice 'Fries'."
}
Frames to verify: ['frames/frame_0090.jpg', 'frames/frame_0091.jpg', 'frames/frame_0092.jpg', 'frames/frame_0093.jpg', 'frames/frame_0094.jpg', 'frames/frame_0095.jpg', 'frames/frame_0096.jpg', 'frames/frame_0097.jpg', 'frames/frame_0098.jpg', 'frames/frame_0099.jpg', 'frames/frame_0100.jpg', 'frames/frame_0101.jpg', 'frames/frame_0102.jpg', 'frames/frame_0103.jpg', 'frames/frame_0104.jpg', 'frames/frame_0105.jpg', 'frames/frame_0106.jpg', 'frames/frame_0107.jpg', 'frames/frame_0108.jpg', 'frames/frame_0109.jpg', 'frames/frame_0110.jpg', 'frames/frame_0111.jpg']
VLM Prompt: Video context: Here's a global summary of the video based on the provided frame-by-frame captions data:

**Main Characters:**
The main characters in the video are chefs, waiters, and waitresses working in a restaurant or restaurants. They are predominantly dressed in white shirts and black aprons or pants. Some of them wear black shirts or vests. A few scenes also show customers dining at tables.

**Setting:**
The primary setting is a bustling restaurant kitchen or kitchens, with marble countertops, stainless-steel appliances, and various cooking equipment. The kitchen is well-lit, and the atmosphere is fast-paced and dynamic. Some scenes also show the dining area, where customers are seated at tables, and a bar or buffet counter.

**Plot Line:**
The video appears to be a documentary or behind-the-scenes style footage showcasing the inner workings of a busy restaurant kitchen. The plot line is not narrative-driven but rather observational, capturing the daily activities of the chefs, waiters, and waitresses as they prepare and serve food to customers. The video highlights the kitchen's efficiency, the staff's coordination, and the attention to detail in food preparation.

**Vibes:**
The overall vibe of the video is one of energy, efficiency, and professionalism. The fast-paced editing and dynamic camera movements convey a sense of urgency and activity, while the attention to detail in food preparation and presentation suggests a high level of expertise and care.

**General Details:**
Some notable details that emerge from the captions include:

* The kitchen is well-organized, with various stations and equipment dedicated to specific tasks.
* The staff is diverse, with people of different skin tones, hair colors, and attire.
* The menu appears to include a variety of dishes, such as steaks, burgers, sushi, and curries.
* The restaurant or restaurants depicted in the video seem to be upscale or fine dining establishments, given the attention to detail in food preparation and presentation.
* The video captures a range of activities, from food preparation and cooking to serving and interacting with customers.

Overall, the video provides a captivating glimpse into the inner workings of a busy restaurant kitchen, highlighting the skill, coordination, and dedication of the staff as they work together to deliver high-quality food and service to their customers.

Based on these frames (including context before/after), verify if the answer '1' (Fries) is correct for the question: When the action of scooping out fried food appears for the first time, what kind of food is scooped out? Check the question criteria: 1) A person is performing a scooping action (using a utensil to lift or remove food), 2) The food being scooped has visual characteristics of fried food (e.g., golden-brown color, crispy texture), 3) This is the first occurrence of such an action in the video, 4) The setting is likely a kitchen or food preparation area. Pay attention to timestamps and temporal sequences. Identify what food is being scooped and confirm if it matches the answer choice 'Fries'.
VLM response: {'batched_responses': [{'batch_start': 0, 'batch_end': 22, 'image_paths': ['/mnt/ssd/data/lvbench/videos_processed/3_upA09AntU/frames/frame_0090.jpg', '/mnt/ssd/data/lvbench/videos_processed/3_upA09AntU/frames/frame_0091.jpg', '/mnt/ssd/data/lvbench/videos_processed/3_upA09AntU/frames/frame_0092.jpg', '/mnt/ssd/data/lvbench/videos_processed/3_upA09AntU/frames/frame_0093.jpg', '/mnt/ssd/data/lvbench/videos_processed/3_upA09AntU/frames/frame_0094.jpg', '/mnt/ssd/data/lvbench/videos_processed/3_upA09AntU/frames/frame_0095.jpg', '/mnt/ssd/data/lvbench/videos_processed/3_upA09AntU/frames/frame_0096.jpg', '/mnt/ssd/data/lvbench/videos_processed/3_upA09AntU/frames/frame_0097.jpg', '/mnt/ssd/data/lvbench/videos_processed/3_upA09AntU/frames/frame_0098.jpg', '/mnt/ssd/data/lvbench/videos_processed/3_upA09AntU/frames/frame_0099.jpg', '/mnt/ssd/data/lvbench/videos_processed/3_upA09AntU/frames/frame_0100.jpg', '/mnt/ssd/data/lvbench/videos_processed/3_upA09AntU/frames/frame_0101.jpg', '/mnt/ssd/data/lvbench/videos_processed/3_upA09AntU/frames/frame_0102.jpg', '/mnt/ssd/data/lvbench/videos_processed/3_upA09AntU/frames/frame_0103.jpg', '/mnt/ssd/data/lvbench/videos_processed/3_upA09AntU/frames/frame_0104.jpg', '/mnt/ssd/data/lvbench/videos_processed/3_upA09AntU/frames/frame_0105.jpg', '/mnt/ssd/data/lvbench/videos_processed/3_upA09AntU/frames/frame_0106.jpg', '/mnt/ssd/data/lvbench/videos_processed/3_upA09AntU/frames/frame_0107.jpg', '/mnt/ssd/data/lvbench/videos_processed/3_upA09AntU/frames/frame_0108.jpg', '/mnt/ssd/data/lvbench/videos_processed/3_upA09AntU/frames/frame_0109.jpg', '/mnt/ssd/data/lvbench/videos_processed/3_upA09AntU/frames/frame_0110.jpg', '/mnt/ssd/data/lvbench/videos_processed/3_upA09AntU/frames/frame_0111.jpg'], 'response': "Based on the provided frames and the question criteria, the answer **'1' (Fries)** is **correct**.\n\nHere’s the verification against each criterion:\n\n---\n\n**1) A person is performing a scooping action (using a utensil to lift or remove food)**  \n✅ From **Frame 9** onward, a person’s hands are clearly visible using a spoon or spatula to scoop food out of a metal container. This action is repeated and sustained through multiple frames (e.g., Frame 10, 11, 12, 14, 15, 16, 20, 21).\n\n---\n\n**2) The food being scooped has visual characteristics of fried food (e.g., golden-brown color, crispy texture)**  \n✅ The food being scooped — visible in **Frame 8** and clearly in **Frame 9** — is golden-brown, elongated, and has the appearance of **french fries**. The texture and color are consistent with fried potatoes. There is no visible batter or breading suggesting other fried items like chicken or fish.\n\n---\n\n**3) This is the first occurrence of such an action in the video**  \n✅ Prior to **Frame 8/9**, the video shows general kitchen activity (e.g., walking, reaching, organizing), but **no scooping action** is performed on fried food. The scooping of the golden-brown fried food begins at **Frame 8/9**, making it the **first occurrence** of this specific action.\n\n---\n\n**4) The setting is likely a kitchen or food preparation area**  \n✅ All frames from 1 to 22 are set in a professional kitchen environment — stainless steel counters, food containers, cooking equipment, and chefs in uniform — confirming the setting is a food prep area.\n\n---\n\n**Conclusion:**  \nThe food being scooped for the first time in the video is visually identifiable as **french fries**, matching the answer choice **'1' (Fries)**.\n\n✅ **Answer: 1 (Fries) is correct.**"}], 'formatted_responses': ["\n=== Batch 0-22 (22 frames) ===\nFrames: /mnt/ssd/data/lvbench/videos_processed/3_upA09AntU/frames/frame_0090.jpg, /mnt/ssd/data/lvbench/videos_processed/3_upA09AntU/frames/frame_0091.jpg, /mnt/ssd/data/lvbench/videos_processed/3_upA09AntU/frames/frame_0092.jpg, /mnt/ssd/data/lvbench/videos_processed/3_upA09AntU/frames/frame_0093.jpg, /mnt/ssd/data/lvbench/videos_processed/3_upA09AntU/frames/frame_0094.jpg, /mnt/ssd/data/lvbench/videos_processed/3_upA09AntU/frames/frame_0095.jpg, /mnt/ssd/data/lvbench/videos_processed/3_upA09AntU/frames/frame_0096.jpg, /mnt/ssd/data/lvbench/videos_processed/3_upA09AntU/frames/frame_0097.jpg, /mnt/ssd/data/lvbench/videos_processed/3_upA09AntU/frames/frame_0098.jpg, /mnt/ssd/data/lvbench/videos_processed/3_upA09AntU/frames/frame_0099.jpg, /mnt/ssd/data/lvbench/videos_processed/3_upA09AntU/frames/frame_0100.jpg, /mnt/ssd/data/lvbench/videos_processed/3_upA09AntU/frames/frame_0101.jpg, /mnt/ssd/data/lvbench/videos_processed/3_upA09AntU/frames/frame_0102.jpg, /mnt/ssd/data/lvbench/videos_processed/3_upA09AntU/frames/frame_0103.jpg, /mnt/ssd/data/lvbench/videos_processed/3_upA09AntU/frames/frame_0104.jpg, /mnt/ssd/data/lvbench/videos_processed/3_upA09AntU/frames/frame_0105.jpg, /mnt/ssd/data/lvbench/videos_processed/3_upA09AntU/frames/frame_0106.jpg, /mnt/ssd/data/lvbench/videos_processed/3_upA09AntU/frames/frame_0107.jpg, /mnt/ssd/data/lvbench/videos_processed/3_upA09AntU/frames/frame_0108.jpg, /mnt/ssd/data/lvbench/videos_processed/3_upA09AntU/frames/frame_0109.jpg, /mnt/ssd/data/lvbench/videos_processed/3_upA09AntU/frames/frame_0110.jpg, /mnt/ssd/data/lvbench/videos_processed/3_upA09AntU/frames/frame_0111.jpg\nVLM Response: Based on the provided frames and the question criteria, the answer **'1' (Fries)** is **correct**.\n\nHere’s the verification against each criterion:\n\n---\n\n**1) A person is performing a scooping action (using a utensil to lift or remove food)**  \n✅ From **Frame 9** onward, a person’s hands are clearly visible using a spoon or spatula to scoop food out of a metal container. This action is repeated and sustained through multiple frames (e.g., Frame 10, 11, 12, 14, 15, 16, 20, 21).\n\n---\n\n**2) The food being scooped has visual characteristics of fried food (e.g., golden-brown color, crispy texture)**  \n✅ The food being scooped — visible in **Frame 8** and clearly in **Frame 9** — is golden-brown, elongated, and has the appearance of **french fries**. The texture and color are consistent with fried potatoes. There is no visible batter or breading suggesting other fried items like chicken or fish.\n\n---\n\n**3) This is the first occurrence of such an action in the video**  \n✅ Prior to **Frame 8/9**, the video shows general kitchen activity (e.g., walking, reaching, organizing), but **no scooping action** is performed on fried food. The scooping of the golden-brown fried food begins at **Frame 8/9**, making it the **first occurrence** of this specific action.\n\n---\n\n**4) The setting is likely a kitchen or food preparation area**  \n✅ All frames from 1 to 22 are set in a professional kitchen environment — stainless steel counters, food containers, cooking equipment, and chefs in uniform — confirming the setting is a food prep area.\n\n---\n\n**Conclusion:**  \nThe food being scooped for the first time in the video is visually identifiable as **french fries**, matching the answer choice **'1' (Fries)**.\n\n✅ **Answer: 1 (Fries) is correct.**\n"], 'condensed_response': '**Scene Summary (Frames\u202f0090‑0111)**  \n\n- **Location:** Professional kitchen – stainless‑steel workstations, metal storage containers, and chefs in white uniforms.  \n- **Main Character:** A chef (hands and forearm visible) who appears from frame\u202f0090 onward.  \n- **Action:** Beginning at **frame\u202f0090** the chef lifts a spoon/spatula and repeatedly **scoops a golden‑brown, elongated item** from a metal bin. The scooping motion is sustained through frames\u202f0091‑0095, 0098‑0102, and again at 0105‑0108, confirming a continuous “scooping” activity.  \n- **Object Scooped:** The item has the color and shape of **French fries** (crispy, fried potatoes); no batter or breading is evident, ruling out chicken, fish, or other fried foods.  \n- **Temporal Cue:** No scooping of fried food occurs in any earlier frames (0090 is the first visible instance), making this the **first occurrence** of the action in the clip.  \n\n**Conclusion:** The chef’s first scooping action in this kitchen segment involves **French fries**, matching answer choice **‘1\u202f(Fries)’**.', 'failed_images': []}
Followup prompt: 
Critically assess whether the VLM verification supports the given answer by evaluating each criterion.

⚠️ IMPORTANT: Answers use 0-INDEXED numbers where 0=A, 1=B, 2=C, 3=D, 4=E

VLM Verification Results:
{'batched_responses': [{'batch_start': 0, 'batch_end': 22, 'image_paths': ['/mnt/ssd/data/lvbench/videos_processed/3_upA09AntU/frames/frame_0090.jpg', '/mnt/ssd/data/lvbench/videos_processed/3_upA09AntU/frames/frame_0091.jpg', '/mnt/ssd/data/lvbench/videos_processed/3_upA09AntU/frames/frame_0092.jpg', '/mnt/ssd/data/lvbench/videos_processed/3_upA09AntU/frames/frame_0093.jpg', '/mnt/ssd/data/lvbench/videos_processed/3_upA09AntU/frames/frame_0094.jpg', '/mnt/ssd/data/lvbench/videos_processed/3_upA09AntU/frames/frame_0095.jpg', '/mnt/ssd/data/lvbench/videos_processed/3_upA09AntU/frames/frame_0096.jpg', '/mnt/ssd/data/lvbench/videos_processed/3_upA09AntU/frames/frame_0097.jpg', '/mnt/ssd/data/lvbench/videos_processed/3_upA09AntU/frames/frame_0098.jpg', '/mnt/ssd/data/lvbench/videos_processed/3_upA09AntU/frames/frame_0099.jpg', '/mnt/ssd/data/lvbench/videos_processed/3_upA09AntU/frames/frame_0100.jpg', '/mnt/ssd/data/lvbench/videos_processed/3_upA09AntU/frames/frame_0101.jpg', '/mnt/ssd/data/lvbench/videos_processed/3_upA09AntU/frames/frame_0102.jpg', '/mnt/ssd/data/lvbench/videos_processed/3_upA09AntU/frames/frame_0103.jpg', '/mnt/ssd/data/lvbench/videos_processed/3_upA09AntU/frames/frame_0104.jpg', '/mnt/ssd/data/lvbench/videos_processed/3_upA09AntU/frames/frame_0105.jpg', '/mnt/ssd/data/lvbench/videos_processed/3_upA09AntU/frames/frame_0106.jpg', '/mnt/ssd/data/lvbench/videos_processed/3_upA09AntU/frames/frame_0107.jpg', '/mnt/ssd/data/lvbench/videos_processed/3_upA09AntU/frames/frame_0108.jpg', '/mnt/ssd/data/lvbench/videos_processed/3_upA09AntU/frames/frame_0109.jpg', '/mnt/ssd/data/lvbench/videos_processed/3_upA09AntU/frames/frame_0110.jpg', '/mnt/ssd/data/lvbench/videos_processed/3_upA09AntU/frames/frame_0111.jpg'], 'response': "Based on the provided frames and the question criteria, the answer **'1' (Fries)** is **correct**.\n\nHere’s the verification against each criterion:\n\n---\n\n**1) A person is performing a scooping action (using a utensil to lift or remove food)**  \n✅ From **Frame 9** onward, a person’s hands are clearly visible using a spoon or spatula to scoop food out of a metal container. This action is repeated and sustained through multiple frames (e.g., Frame 10, 11, 12, 14, 15, 16, 20, 21).\n\n---\n\n**2) The food being scooped has visual characteristics of fried food (e.g., golden-brown color, crispy texture)**  \n✅ The food being scooped — visible in **Frame 8** and clearly in **Frame 9** — is golden-brown, elongated, and has the appearance of **french fries**. The texture and color are consistent with fried potatoes. There is no visible batter or breading suggesting other fried items like chicken or fish.\n\n---\n\n**3) This is the first occurrence of such an action in the video**  \n✅ Prior to **Frame 8/9**, the video shows general kitchen activity (e.g., walking, reaching, organizing), but **no scooping action** is performed on fried food. The scooping of the golden-brown fried food begins at **Frame 8/9**, making it the **first occurrence** of this specific action.\n\n---\n\n**4) The setting is likely a kitchen or food preparation area**  \n✅ All frames from 1 to 22 are set in a professional kitchen environment — stainless steel counters, food containers, cooking equipment, and chefs in uniform — confirming the setting is a food prep area.\n\n---\n\n**Conclusion:**  \nThe food being scooped for the first time in the video is visually identifiable as **french fries**, matching the answer choice **'1' (Fries)**.\n\n✅ **Answer: 1 (Fries) is correct.**"}], 'formatted_responses': ["\n=== Batch 0-22 (22 frames) ===\nFrames: /mnt/ssd/data/lvbench/videos_processed/3_upA09AntU/frames/frame_0090.jpg, /mnt/ssd/data/lvbench/videos_processed/3_upA09AntU/frames/frame_0091.jpg, /mnt/ssd/data/lvbench/videos_processed/3_upA09AntU/frames/frame_0092.jpg, /mnt/ssd/data/lvbench/videos_processed/3_upA09AntU/frames/frame_0093.jpg, /mnt/ssd/data/lvbench/videos_processed/3_upA09AntU/frames/frame_0094.jpg, /mnt/ssd/data/lvbench/videos_processed/3_upA09AntU/frames/frame_0095.jpg, /mnt/ssd/data/lvbench/videos_processed/3_upA09AntU/frames/frame_0096.jpg, /mnt/ssd/data/lvbench/videos_processed/3_upA09AntU/frames/frame_0097.jpg, /mnt/ssd/data/lvbench/videos_processed/3_upA09AntU/frames/frame_0098.jpg, /mnt/ssd/data/lvbench/videos_processed/3_upA09AntU/frames/frame_0099.jpg, /mnt/ssd/data/lvbench/videos_processed/3_upA09AntU/frames/frame_0100.jpg, /mnt/ssd/data/lvbench/videos_processed/3_upA09AntU/frames/frame_0101.jpg, /mnt/ssd/data/lvbench/videos_processed/3_upA09AntU/frames/frame_0102.jpg, /mnt/ssd/data/lvbench/videos_processed/3_upA09AntU/frames/frame_0103.jpg, /mnt/ssd/data/lvbench/videos_processed/3_upA09AntU/frames/frame_0104.jpg, /mnt/ssd/data/lvbench/videos_processed/3_upA09AntU/frames/frame_0105.jpg, /mnt/ssd/data/lvbench/videos_processed/3_upA09AntU/frames/frame_0106.jpg, /mnt/ssd/data/lvbench/videos_processed/3_upA09AntU/frames/frame_0107.jpg, /mnt/ssd/data/lvbench/videos_processed/3_upA09AntU/frames/frame_0108.jpg, /mnt/ssd/data/lvbench/videos_processed/3_upA09AntU/frames/frame_0109.jpg, /mnt/ssd/data/lvbench/videos_processed/3_upA09AntU/frames/frame_0110.jpg, /mnt/ssd/data/lvbench/videos_processed/3_upA09AntU/frames/frame_0111.jpg\nVLM Response: Based on the provided frames and the question criteria, the answer **'1' (Fries)** is **correct**.\n\nHere’s the verification against each criterion:\n\n---\n\n**1) A person is performing a scooping action (using a utensil to lift or remove food)**  \n✅ From **Frame 9** onward, a person’s hands are clearly visible using a spoon or spatula to scoop food out of a metal container. This action is repeated and sustained through multiple frames (e.g., Frame 10, 11, 12, 14, 15, 16, 20, 21).\n\n---\n\n**2) The food being scooped has visual characteristics of fried food (e.g., golden-brown color, crispy texture)**  \n✅ The food being scooped — visible in **Frame 8** and clearly in **Frame 9** — is golden-brown, elongated, and has the appearance of **french fries**. The texture and color are consistent with fried potatoes. There is no visible batter or breading suggesting other fried items like chicken or fish.\n\n---\n\n**3) This is the first occurrence of such an action in the video**  \n✅ Prior to **Frame 8/9**, the video shows general kitchen activity (e.g., walking, reaching, organizing), but **no scooping action** is performed on fried food. The scooping of the golden-brown fried food begins at **Frame 8/9**, making it the **first occurrence** of this specific action.\n\n---\n\n**4) The setting is likely a kitchen or food preparation area**  \n✅ All frames from 1 to 22 are set in a professional kitchen environment — stainless steel counters, food containers, cooking equipment, and chefs in uniform — confirming the setting is a food prep area.\n\n---\n\n**Conclusion:**  \nThe food being scooped for the first time in the video is visually identifiable as **french fries**, matching the answer choice **'1' (Fries)**.\n\n✅ **Answer: 1 (Fries) is correct.**\n"], 'condensed_response': '**Scene Summary (Frames\u202f0090‑0111)**  \n\n- **Location:** Professional kitchen – stainless‑steel workstations, metal storage containers, and chefs in white uniforms.  \n- **Main Character:** A chef (hands and forearm visible) who appears from frame\u202f0090 onward.  \n- **Action:** Beginning at **frame\u202f0090** the chef lifts a spoon/spatula and repeatedly **scoops a golden‑brown, elongated item** from a metal bin. The scooping motion is sustained through frames\u202f0091‑0095, 0098‑0102, and again at 0105‑0108, confirming a continuous “scooping” activity.  \n- **Object Scooped:** The item has the color and shape of **French fries** (crispy, fried potatoes); no batter or breading is evident, ruling out chicken, fish, or other fried foods.  \n- **Temporal Cue:** No scooping of fried food occurs in any earlier frames (0090 is the first visible instance), making this the **first occurrence** of the action in the clip.  \n\n**Conclusion:** The chef’s first scooping action in this kitchen segment involves **French fries**, matching answer choice **‘1\u202f(Fries)’**.', 'failed_images': []}

Question Being Answered: When the action of scooping out fried food appears for the first time, what kind of food is scooped out?

Answer Choices (0-indexed: 0=A, 1=B, 2=C, 3=D, 4=E):
  0 (=A): Broccoli
  1 (=B): Fries
  2 (=C): Meat
  3 (=D): Hamburger

Given Answer: 1
Evidence Frames Used: ['frames/frame_0095.jpg', 'frames/frame_0096.jpg', 'frames/frame_0097.jpg', 'frames/frame_0098.jpg', 'frames/frame_0099.jpg', 'frames/frame_0100.jpg', 'frames/frame_0101.jpg', 'frames/frame_0102.jpg', 'frames/frame_0103.jpg', 'frames/frame_0104.jpg', 'frames/frame_0105.jpg', 'frames/frame_0106.jpg']

Character/Event/Scene logs: ================================================================================
CHARACTER, EVENT, AND SCENE LOGS
================================================================================

CHARACTERS:
Person 1 (Middle-aged Male Chef): Description: Wearing a white shirt and black apron, actively preparing and serving food in a bustling restaurant kitchen.
Person 2 (Young Male Chef): Description: Wearing a white shirt and black pants, assisting with food preparation and cooking in the kitchen.
Person 3 (Male Waiter): Description: Wearing a white shirt and black pants, serving food to customers and handling receipts.
Person 4 (Female Waitress): Description: Wearing a gray t-shirt and black apron, serving food and interacting with customers.
Person 5 (Male Customer): Description: Seated at tables in the restaurant, enjoying meals.
Person 6 (Bartender): Description: Wearing a white shirt and black apron, preparing drinks behind the bar counter.

SCENES:
Scene 1 (Restaurant Kitchen): Description: Busy commercial kitchen with marble countertops, stainless-steel appliances, and chefs preparing food. [Frame 1-500]
Scene 2 (Dining Area): Description: Crowded dining area with patrons seated at tables, surrounded by a warm ambiance. [Frame 200-400]
Scene 3 (Bar Counter): Description: Busy bar counter with a marble surface, where bartenders are preparing drinks. [Frame 1700-1800]
Scene 4 (Elevator Area): Description: A dimly lit area with an elevator, where a person is seen entering or exiting. [Frame 1400-1450]
Scene 5 (Dishwashing Area): Description: Stainless-steel sinks and dishwashing equipment, where staff are washing dishes. [Frame 800-900]

EVENTS:
Event 1 (Food Preparation): Description: Chefs actively preparing and plating dishes on the marble countertops. [Frame 1-500]
Event 2 (Serving Food): Description: Waiters and waitresses serving food to customers at tables and at the counter. [Frame 200-400]
Event 3 (Drink Preparation): Description: Bartenders preparing and serving drinks to customers at the bar counter. [Frame 1700-1800]
Event 4 (Receipt Handling): Description: Staff handling and organizing receipts on the marble countertops. [Frame 1000-1200]
Event 5 (Dishwashing): Description: Staff washing dishes in the stainless-steel sinks. [Frame 800-900]

================================================================================
Generated at: 2026-01-11 21:45:55
================================================================================



QUESTION-BASED CRITERIA:
  Q1. A person is performing a scooping action (using a utensil to lift or remove food)
  Q2. The food being scooped has visual characteristics of fried food (e.g., golden-brown color, crispy texture)
  Q3. This is the first occurrence of such an action in the video
  Q4. The setting is likely a kitchen or food preparation area


CRITICAL ASSESSMENT TASK:
For EACH criterion listed above, determine whether it PASSES or FAILS based ONLY on what the VLM actually reports seeing in the frames.

- PASS: The VLM results clearly confirm this criterion is satisfied in the frames
- FAIL: The VLM results indicate this criterion is NOT satisfied, or there is insufficient evidence

CONFIDENCE CALCULATION RULES:
1. Count how many criteria pass (criteria_percentage = criteria_passed / 4)
2. Calculate base_confidence = criteria_percentage * 100
3. ⚠️ If ANY answer-specific criterion (A1, A2, etc.) FAILS, set confidence = min(50, base_confidence)

⚠️ CRITICAL: There is ALWAYS a correct answer among the choices provided. If all answers seem slightly off or imperfect, you MUST choose the BEST possible answer that most closely matches the evidence.

CRITIC ANSWER CHOICE DECISION:
4. After evaluating criteria, ALWAYS pick the best answer choice:
   - Review ALL answer choices listed above (A, B, C, D, E, etc.) and their content
   - Based ONLY on the VLM visual evidence, determine which answer choice CONTENT is MOST correct
   - Find the INDEX of that answer choice in the list
   - ⚠️ CRITICAL: Output the INDEX (0, 1, 2, 3, or 4), NOT the literal answer content
   - Example: If choice C (index 2) says "5 people" and you counted 5 people, output 2 (not 5!)
   - Example: If choice B (index 1) says "Robert Hardy" and that's correct, output 1 (not "Robert Hardy"!)

5. If criteria_percentage > 0.5 (>50% of criteria pass):
   - Your chosen answer is well-supported by evidence
   - Set suggestion to null or provide minor improvements

6. If criteria_percentage ≤ 0.5 (≤50% of criteria pass):
   - Still MUST choose the BEST answer from the available choices (never -1)
   - But set suggestion to "These may not be the right frames/scene. Consider searching for better evidence. The answer chosen is the BEST match given current evidence."
   - This signals low confidence but still provides a choice

Return ONLY this JSON:
{
    "criteria_results": [
        {"criterion": "criterion text", "criterion_type": "QUESTION or ANSWER", "status": "PASS or FAIL", "reasoning": "brief explanation"},
        ...
    ],
    "question_criteria_passed": <number of question criteria that passed>,
    "answer_criteria_passed": <number of answer criteria that passed>,
    "answer_criteria_total": 0,
    "criteria_passed": <total number of criteria that passed>,
    "criteria_total": 4,
    "criteria_percentage": <criteria_passed / 4>,
    "base_confidence": <(criteria_passed / 4) * 100>,
    "confidence": <base_confidence OR 50 if any answer criterion failed>,
    "critic_answer_choice": <INDEX of best answer choice: MUST be exactly 0, 1, 2, 3, or 4 (where 0=A, 1=B, 2=C, 3=D, 4=E). Output the INDEX not the content!>,
    "critic_reasoning": "<Brief explanation of why you chose this answer based on VLM evidence>",
    "possible_errors": [
        <List specific criteria that failed or issues found>
    ],
    "suggestion": <"These may not be the right frames" if ≤50%, otherwise null or specific improvement>
}

IMPORTANT RULES:
- Evaluate EACH criterion independently based on VLM results
- Mark criterion as PASS only if VLM clearly confirms it
- Mark criterion as FAIL if not confirmed or contradicted
- If ANY answer-specific criterion fails, confidence MUST be ≤50%
- Base evaluation ONLY on VLM verification results, not speculation
- Only list errors for criteria that actually failed
- ⚠️ CRITICAL: critic_answer_choice must be an INDEX (0-4), never a literal answer like "5" or "Robert Hardy"
- Return ONLY valid JSON

Critical assessment response: ```json
{
    "criteria_results": [
        {"criterion": "A person is performing a scooping action (using a utensil to lift or remove food)", "criterion_type": "QUESTION", "status": "PASS", "reasoning": "VLM confirms hands using spoon/spatula to scoop food from metal container in multiple frames (9-16, 20-21)"},
        {"criterion": "The food being scooped has visual characteristics of fried food (e.g., golden-brown color, crispy texture)", "criterion_type": "QUESTION", "status": "PASS", "reasoning": "VLM identifies golden-brown, elongated items consistent with french fries, no batter/breading visible"},
        {"criterion": "This is the first occurrence of such an action in the video", "criterion_type": "QUESTION", "status": "PASS", "reasoning": "VLM confirms no scooping action occurs prior to frame 8/9, making this the first occurrence"},
        {"criterion": "The setting is likely a kitchen or food preparation area", "criterion_type": "QUESTION", "status": "PASS", "reasoning": "VLM confirms professional kitchen environment with stainless steel counters, equipment, and chefs in uniform"}
    ],
    "question_criteria_passed": 4,
    "answer_criteria_passed": 0,
    "answer_criteria_total": 0,
    "criteria_passed": 4,
    "criteria_total": 4,
    "criteria_percentage": 1.0,
    "base_confidence": 100.0,
    "confidence": 100.0,
    "critic_answer_choice": 1,
    "critic_reasoning": "VLM verification confirms all criteria are satisfied: scooping action of golden-brown fried food (french fries) occurring for the first time in a kitchen setting",
    "possible_errors": [],
    "suggestion": null
}
```
Critical assessment data: {'criteria_results': [{'criterion': 'A person is performing a scooping action (using a utensil to lift or remove food)', 'criterion_type': 'QUESTION', 'status': 'PASS', 'reasoning': 'VLM confirms hands using spoon/spatula to scoop food from metal container in multiple frames (9-16, 20-21)'}, {'criterion': 'The food being scooped has visual characteristics of fried food (e.g., golden-brown color, crispy texture)', 'criterion_type': 'QUESTION', 'status': 'PASS', 'reasoning': 'VLM identifies golden-brown, elongated items consistent with french fries, no batter/breading visible'}, {'criterion': 'This is the first occurrence of such an action in the video', 'criterion_type': 'QUESTION', 'status': 'PASS', 'reasoning': 'VLM confirms no scooping action occurs prior to frame 8/9, making this the first occurrence'}, {'criterion': 'The setting is likely a kitchen or food preparation area', 'criterion_type': 'QUESTION', 'status': 'PASS', 'reasoning': 'VLM confirms professional kitchen environment with stainless steel counters, equipment, and chefs in uniform'}], 'question_criteria_passed': 4, 'answer_criteria_passed': 0, 'answer_criteria_total': 0, 'criteria_passed': 4, 'criteria_total': 4, 'criteria_percentage': 1.0, 'base_confidence': 100.0, 'confidence': 100.0, 'critic_answer_choice': 1, 'critic_reasoning': 'VLM verification confirms all criteria are satisfied: scooping action of golden-brown fried food (french fries) occurring for the first time in a kitchen setting', 'possible_errors': [], 'suggestion': None}
