Critic initial response: {
    "tool": "VLM_QUERY",
    "frames": [
        "frames/frame_0515.jpg",
        "frames/frame_0516.jpg",
        "frames/frame_0517.jpg",
        "frames/frame_0518.jpg",
        "frames/frame_0519.jpg",
        "frames/frame_0520.jpg",
        "frames/frame_0521.jpg",
        "frames/frame_0522.jpg",
        "frames/frame_0523.jpg",
        "frames/frame_0524.jpg",
        "frames/frame_0525.jpg",
        "frames/frame_0526.jpg",
        "frames/frame_0527.jpg",
        "frames/frame_0528.jpg",
        "frames/frame_0529.jpg",
        "frames/frame_0530.jpg",
        "frames/frame_0531.jpg",
        "frames/frame_0532.jpg",
        "frames/frame_0533.jpg",
        "frames/frame_0534.jpg",
        "frames/frame_0535.jpg",
        "frames/frame_0536.jpg",
        "frames/frame_0537.jpg",
        "frames/frame_0538.jpg",
        "frames/frame_0539.jpg",
        "frames/frame_0540.jpg"
    ],
    "prompt": "Based on these frames (including context before/after), verify if the answer '3' is correct for the question: How many backup dancers struggle out of the silver cloth that is placed on the ground? Check the question criteria: ['Backup dancers visible in the scene', 'Silver cloth or metallic fabric on the ground', 'Dancers struggling or emerging from the cloth', 'Multiple people moving under or getting out of the cloth', 'Ground surface visible with cloth placed on it', 'Dancers performing an escape or emergence movement']. Pay attention to timestamps and temporal sequences. Count the exact number of backup dancers emerging from the silver cloth."
}
Frames to verify: ['frames/frame_0515.jpg', 'frames/frame_0516.jpg', 'frames/frame_0517.jpg', 'frames/frame_0518.jpg', 'frames/frame_0519.jpg', 'frames/frame_0520.jpg', 'frames/frame_0521.jpg', 'frames/frame_0522.jpg', 'frames/frame_0523.jpg', 'frames/frame_0524.jpg', 'frames/frame_0525.jpg', 'frames/frame_0526.jpg', 'frames/frame_0527.jpg', 'frames/frame_0528.jpg', 'frames/frame_0529.jpg', 'frames/frame_0530.jpg', 'frames/frame_0531.jpg', 'frames/frame_0532.jpg', 'frames/frame_0533.jpg', 'frames/frame_0534.jpg', 'frames/frame_0535.jpg', 'frames/frame_0536.jpg', 'frames/frame_0537.jpg', 'frames/frame_0538.jpg', 'frames/frame_0539.jpg', 'frames/frame_0540.jpg']
VLM Prompt: Video context: Based on the provided frame-by-frame captions data, here is a global summary of the video:

**Main Characters:**

* Britney Spears: The main performer and star of the video, appearing in various outfits and settings throughout the concert.
* Backup dancers and musicians: A group of dancers and musicians who accompany Britney Spears during her performance.
* Other individuals: Various people appear in the video, including a man in a black suit, a young girl, and other stagehands and crew members.

**Setting:**

* The video is primarily set in a concert venue, with various stage settings and backdrops, including a cityscape, a garden, and a futuristic environment.
* Some scenes are also set in a dimly lit room or a cluttered workshop.

**Plot Line:**

* The video appears to be a concert film or a music video featuring Britney Spears' live performance.
* The plot line is not narrative-driven, but rather a collection of performances, dance routines, and musical numbers.
* The video features a mix of solo and group performances, with Britney Spears singing and dancing to various songs.

**Vibes:**

* The overall vibe of the video is energetic, dynamic, and captivating, with a focus on showcasing Britney Spears' performance skills and charisma.
* The use of bright lights, smoke, and pyrotechnics creates a lively and immersive atmosphere.
* The video also features some more subdued and introspective moments, such as when Britney Spears is singing solo or interacting with the young girl.

**General Details:**

* The video features a mix of fast-paced and slow-motion footage, with a range of camera angles and close-ups.
* The color palette is diverse, with a focus on bold and bright colors, including pink, purple, green, and blue.
* The video includes various special effects, such as fireworks, flames, and water effects, which add to the overall spectacle of the performance.
* The credits sequence at the end of the video lists the production team, including the executive producers, producers, and crew members.

Overall, the video is a high-energy concert film or music video that showcases Britney Spears' performance skills and features a range of dynamic and captivating visuals.

Based on these frames (including context before/after), verify if the answer '3' is correct for the question: How many backup dancers struggle out of the silver cloth that is placed on the ground? Check the question criteria: ['Backup dancers visible in the scene', 'Silver cloth or metallic fabric on the ground', 'Dancers struggling or emerging from the cloth', 'Multiple people moving under or getting out of the cloth', 'Ground surface visible with cloth placed on it', 'Dancers performing an escape or emergence movement']. Pay attention to timestamps and temporal sequences. Count the exact number of backup dancers emerging from the silver cloth.
VLM response: {'batched_responses': [{'batch_start': 0, 'batch_end': 26, 'image_paths': ['/mnt/ssd/data/lvbench/videos_processed/rk24OUu_kJQ/frames/frame_0515.jpg', '/mnt/ssd/data/lvbench/videos_processed/rk24OUu_kJQ/frames/frame_0516.jpg', '/mnt/ssd/data/lvbench/videos_processed/rk24OUu_kJQ/frames/frame_0517.jpg', '/mnt/ssd/data/lvbench/videos_processed/rk24OUu_kJQ/frames/frame_0518.jpg', '/mnt/ssd/data/lvbench/videos_processed/rk24OUu_kJQ/frames/frame_0519.jpg', '/mnt/ssd/data/lvbench/videos_processed/rk24OUu_kJQ/frames/frame_0520.jpg', '/mnt/ssd/data/lvbench/videos_processed/rk24OUu_kJQ/frames/frame_0521.jpg', '/mnt/ssd/data/lvbench/videos_processed/rk24OUu_kJQ/frames/frame_0522.jpg', '/mnt/ssd/data/lvbench/videos_processed/rk24OUu_kJQ/frames/frame_0523.jpg', '/mnt/ssd/data/lvbench/videos_processed/rk24OUu_kJQ/frames/frame_0524.jpg', '/mnt/ssd/data/lvbench/videos_processed/rk24OUu_kJQ/frames/frame_0525.jpg', '/mnt/ssd/data/lvbench/videos_processed/rk24OUu_kJQ/frames/frame_0526.jpg', '/mnt/ssd/data/lvbench/videos_processed/rk24OUu_kJQ/frames/frame_0527.jpg', '/mnt/ssd/data/lvbench/videos_processed/rk24OUu_kJQ/frames/frame_0528.jpg', '/mnt/ssd/data/lvbench/videos_processed/rk24OUu_kJQ/frames/frame_0529.jpg', '/mnt/ssd/data/lvbench/videos_processed/rk24OUu_kJQ/frames/frame_0530.jpg', '/mnt/ssd/data/lvbench/videos_processed/rk24OUu_kJQ/frames/frame_0531.jpg', '/mnt/ssd/data/lvbench/videos_processed/rk24OUu_kJQ/frames/frame_0532.jpg', '/mnt/ssd/data/lvbench/videos_processed/rk24OUu_kJQ/frames/frame_0533.jpg', '/mnt/ssd/data/lvbench/videos_processed/rk24OUu_kJQ/frames/frame_0534.jpg', '/mnt/ssd/data/lvbench/videos_processed/rk24OUu_kJQ/frames/frame_0535.jpg', '/mnt/ssd/data/lvbench/videos_processed/rk24OUu_kJQ/frames/frame_0536.jpg', '/mnt/ssd/data/lvbench/videos_processed/rk24OUu_kJQ/frames/frame_0537.jpg', '/mnt/ssd/data/lvbench/videos_processed/rk24OUu_kJQ/frames/frame_0538.jpg', '/mnt/ssd/data/lvbench/videos_processed/rk24OUu_kJQ/frames/frame_0539.jpg', '/mnt/ssd/data/lvbench/videos_processed/rk24OUu_kJQ/frames/frame_0540.jpg'], 'response': 'Based on the provided 26 frames and the specific question criteria, the answer **‘3’ is NOT correct**.\n\nHere’s the detailed verification:\n\n---\n\n### **Question Criteria Check:**\n\n1. **Backup dancers visible in the scene**  \n   → Yes. Multiple figures in dark, stylized costumes are visible throughout frames 4–26. These are clearly backup dancers, distinct from Britney Spears (who appears later, e.g., frame 15).\n\n2. **Silver cloth or metallic fabric on the ground**  \n   → Yes. From frame 4 onward, a shiny, crinkled, reflective silver/metallic fabric is spread across the stage floor. It glistens under blue and white stage lights.\n\n3. **Dancers struggling or emerging from the cloth**  \n   → Yes. Starting around frame 6–7, figures are seen moving under and pushing through the fabric. By frame 8–10, multiple dancers are actively rising or crawling out of the cloth, with visible effort and motion.\n\n4. **Multiple people moving under or getting out of the cloth**  \n   → Yes. At least 3–4 figures are seen simultaneously moving under or emerging from the cloth between frames 8–14.\n\n5. **Ground surface visible with cloth placed on it**  \n   → Yes. The stage floor is visible around the edges of the cloth, especially in frames 6–10, confirming the cloth is laid on the ground.\n\n6. **Dancers performing an escape or emergence movement**  \n   → Yes. The dancers’ movements — pushing up, crawling, rising from prone positions — clearly depict an emergence or “struggle out” action.\n\n---\n\n### **Counting the Exact Number of Backup Dancers Emerging:**\n\nLet’s trace the emergence sequence:\n\n- **Frame 6**: One dancer is clearly rising from the cloth on the left; another is partially visible on the right.\n- **Frame 7**: Two dancers are visible rising — one center-left, one center-right.\n- **Frame 8**: Three dancers are now visible — one standing center, one rising left, one rising right.\n- **Frame 9**: Three dancers are actively emerging — one fully upright, two still rising.\n- **Frame 10**: Three dancers are clearly in motion, emerging from the cloth.\n- **Frames 11–14**: The same three dancers continue to move and stand — no new dancers emerge from under the cloth after frame 10.\n- **Frames 15–26**: Britney Spears appears (frame 15), and the dancers are now fully standing and moving around her — no further emergence from the cloth.\n\n---\n\n### **Conclusion:**\n\n✅ **Exactly 3 backup dancers** are seen struggling out of or emerging from the silver cloth between frames 6–14.\n\n---\n\n### **Final Answer:**\n\n✅ **Yes, the answer ‘3’ is correct.**\n\nThe criteria are fully satisfied, and the count is precise based on temporal emergence and visibility across the frames.'}], 'formatted_responses': ['\n=== Batch 0-26 (26 frames) ===\nFrames: /mnt/ssd/data/lvbench/videos_processed/rk24OUu_kJQ/frames/frame_0515.jpg, /mnt/ssd/data/lvbench/videos_processed/rk24OUu_kJQ/frames/frame_0516.jpg, /mnt/ssd/data/lvbench/videos_processed/rk24OUu_kJQ/frames/frame_0517.jpg, /mnt/ssd/data/lvbench/videos_processed/rk24OUu_kJQ/frames/frame_0518.jpg, /mnt/ssd/data/lvbench/videos_processed/rk24OUu_kJQ/frames/frame_0519.jpg, /mnt/ssd/data/lvbench/videos_processed/rk24OUu_kJQ/frames/frame_0520.jpg, /mnt/ssd/data/lvbench/videos_processed/rk24OUu_kJQ/frames/frame_0521.jpg, /mnt/ssd/data/lvbench/videos_processed/rk24OUu_kJQ/frames/frame_0522.jpg, /mnt/ssd/data/lvbench/videos_processed/rk24OUu_kJQ/frames/frame_0523.jpg, /mnt/ssd/data/lvbench/videos_processed/rk24OUu_kJQ/frames/frame_0524.jpg, /mnt/ssd/data/lvbench/videos_processed/rk24OUu_kJQ/frames/frame_0525.jpg, /mnt/ssd/data/lvbench/videos_processed/rk24OUu_kJQ/frames/frame_0526.jpg, /mnt/ssd/data/lvbench/videos_processed/rk24OUu_kJQ/frames/frame_0527.jpg, /mnt/ssd/data/lvbench/videos_processed/rk24OUu_kJQ/frames/frame_0528.jpg, /mnt/ssd/data/lvbench/videos_processed/rk24OUu_kJQ/frames/frame_0529.jpg, /mnt/ssd/data/lvbench/videos_processed/rk24OUu_kJQ/frames/frame_0530.jpg, /mnt/ssd/data/lvbench/videos_processed/rk24OUu_kJQ/frames/frame_0531.jpg, /mnt/ssd/data/lvbench/videos_processed/rk24OUu_kJQ/frames/frame_0532.jpg, /mnt/ssd/data/lvbench/videos_processed/rk24OUu_kJQ/frames/frame_0533.jpg, /mnt/ssd/data/lvbench/videos_processed/rk24OUu_kJQ/frames/frame_0534.jpg, /mnt/ssd/data/lvbench/videos_processed/rk24OUu_kJQ/frames/frame_0535.jpg, /mnt/ssd/data/lvbench/videos_processed/rk24OUu_kJQ/frames/frame_0536.jpg, /mnt/ssd/data/lvbench/videos_processed/rk24OUu_kJQ/frames/frame_0537.jpg, /mnt/ssd/data/lvbench/videos_processed/rk24OUu_kJQ/frames/frame_0538.jpg, /mnt/ssd/data/lvbench/videos_processed/rk24OUu_kJQ/frames/frame_0539.jpg, /mnt/ssd/data/lvbench/videos_processed/rk24OUu_kJQ/frames/frame_0540.jpg\nVLM Response: Based on the provided 26 frames and the specific question criteria, the answer **‘3’ is NOT correct**.\n\nHere’s the detailed verification:\n\n---\n\n### **Question Criteria Check:**\n\n1. **Backup dancers visible in the scene**  \n   → Yes. Multiple figures in dark, stylized costumes are visible throughout frames 4–26. These are clearly backup dancers, distinct from Britney Spears (who appears later, e.g., frame 15).\n\n2. **Silver cloth or metallic fabric on the ground**  \n   → Yes. From frame 4 onward, a shiny, crinkled, reflective silver/metallic fabric is spread across the stage floor. It glistens under blue and white stage lights.\n\n3. **Dancers struggling or emerging from the cloth**  \n   → Yes. Starting around frame 6–7, figures are seen moving under and pushing through the fabric. By frame 8–10, multiple dancers are actively rising or crawling out of the cloth, with visible effort and motion.\n\n4. **Multiple people moving under or getting out of the cloth**  \n   → Yes. At least 3–4 figures are seen simultaneously moving under or emerging from the cloth between frames 8–14.\n\n5. **Ground surface visible with cloth placed on it**  \n   → Yes. The stage floor is visible around the edges of the cloth, especially in frames 6–10, confirming the cloth is laid on the ground.\n\n6. **Dancers performing an escape or emergence movement**  \n   → Yes. The dancers’ movements — pushing up, crawling, rising from prone positions — clearly depict an emergence or “struggle out” action.\n\n---\n\n### **Counting the Exact Number of Backup Dancers Emerging:**\n\nLet’s trace the emergence sequence:\n\n- **Frame 6**: One dancer is clearly rising from the cloth on the left; another is partially visible on the right.\n- **Frame 7**: Two dancers are visible rising — one center-left, one center-right.\n- **Frame 8**: Three dancers are now visible — one standing center, one rising left, one rising right.\n- **Frame 9**: Three dancers are actively emerging — one fully upright, two still rising.\n- **Frame 10**: Three dancers are clearly in motion, emerging from the cloth.\n- **Frames 11–14**: The same three dancers continue to move and stand — no new dancers emerge from under the cloth after frame 10.\n- **Frames 15–26**: Britney Spears appears (frame 15), and the dancers are now fully standing and moving around her — no further emergence from the cloth.\n\n---\n\n### **Conclusion:**\n\n✅ **Exactly 3 backup dancers** are seen struggling out of or emerging from the silver cloth between frames 6–14.\n\n---\n\n### **Final Answer:**\n\n✅ **Yes, the answer ‘3’ is correct.**\n\nThe criteria are fully satisfied, and the count is precise based on temporal emergence and visibility across the frames.\n'], 'condensed_response': '**Scene Summary (Frames\u202f0515‑0540)**  \n\n- **Backdrop:** A dark‑lit stage with a large sheet of shimmering silver/metallic fabric spread across the floor, visible from frame\u202f4 onward. The surrounding stage floor can be seen around the cloth’s edges.  \n\n- **Backup Dancers:**  \n  *Frames\u202f0516‑0518* – Two figures in dark, stylized costumes begin to move under the fabric.  \n  *Frames\u202f0519‑0521* – A third dancer joins; all three are now pushing, crawling, and rising out of the cloth.  \n  *Frames\u202f0522‑0526* – The same three dancers continue emerging, standing upright and navigating the fabric. No additional dancers appear under the cloth after frame\u202f0526.  \n\n- **Emergence Action:** The dancers’ motions—struggling, pulling themselves up, and stepping out of the silver sheet— satisfy the “escape/emergence” criterion throughout frames\u202f0519‑0530.  \n\n- **Britney Spears:** Enters the scene at *frame\u202f0527* (frame\u202f0515‑0518 show only dancers). From *frames\u202f0527‑0540* she is central, while the three backup dancers are already fully standing and moving around her.  \n\n- **Count Confirmation:** Exactly **three** backup dancers are observed emerging from the silver cloth between frames\u202f0519 and\u202f0530.  \n\n**Conclusion:** All question criteria are met, and the correct answer to the posed count is **3**.', 'failed_images': []}
Followup prompt: 
Critically assess whether the VLM verification supports the given answer by evaluating each criterion.

VLM Verification Results:
{'batched_responses': [{'batch_start': 0, 'batch_end': 26, 'image_paths': ['/mnt/ssd/data/lvbench/videos_processed/rk24OUu_kJQ/frames/frame_0515.jpg', '/mnt/ssd/data/lvbench/videos_processed/rk24OUu_kJQ/frames/frame_0516.jpg', '/mnt/ssd/data/lvbench/videos_processed/rk24OUu_kJQ/frames/frame_0517.jpg', '/mnt/ssd/data/lvbench/videos_processed/rk24OUu_kJQ/frames/frame_0518.jpg', '/mnt/ssd/data/lvbench/videos_processed/rk24OUu_kJQ/frames/frame_0519.jpg', '/mnt/ssd/data/lvbench/videos_processed/rk24OUu_kJQ/frames/frame_0520.jpg', '/mnt/ssd/data/lvbench/videos_processed/rk24OUu_kJQ/frames/frame_0521.jpg', '/mnt/ssd/data/lvbench/videos_processed/rk24OUu_kJQ/frames/frame_0522.jpg', '/mnt/ssd/data/lvbench/videos_processed/rk24OUu_kJQ/frames/frame_0523.jpg', '/mnt/ssd/data/lvbench/videos_processed/rk24OUu_kJQ/frames/frame_0524.jpg', '/mnt/ssd/data/lvbench/videos_processed/rk24OUu_kJQ/frames/frame_0525.jpg', '/mnt/ssd/data/lvbench/videos_processed/rk24OUu_kJQ/frames/frame_0526.jpg', '/mnt/ssd/data/lvbench/videos_processed/rk24OUu_kJQ/frames/frame_0527.jpg', '/mnt/ssd/data/lvbench/videos_processed/rk24OUu_kJQ/frames/frame_0528.jpg', '/mnt/ssd/data/lvbench/videos_processed/rk24OUu_kJQ/frames/frame_0529.jpg', '/mnt/ssd/data/lvbench/videos_processed/rk24OUu_kJQ/frames/frame_0530.jpg', '/mnt/ssd/data/lvbench/videos_processed/rk24OUu_kJQ/frames/frame_0531.jpg', '/mnt/ssd/data/lvbench/videos_processed/rk24OUu_kJQ/frames/frame_0532.jpg', '/mnt/ssd/data/lvbench/videos_processed/rk24OUu_kJQ/frames/frame_0533.jpg', '/mnt/ssd/data/lvbench/videos_processed/rk24OUu_kJQ/frames/frame_0534.jpg', '/mnt/ssd/data/lvbench/videos_processed/rk24OUu_kJQ/frames/frame_0535.jpg', '/mnt/ssd/data/lvbench/videos_processed/rk24OUu_kJQ/frames/frame_0536.jpg', '/mnt/ssd/data/lvbench/videos_processed/rk24OUu_kJQ/frames/frame_0537.jpg', '/mnt/ssd/data/lvbench/videos_processed/rk24OUu_kJQ/frames/frame_0538.jpg', '/mnt/ssd/data/lvbench/videos_processed/rk24OUu_kJQ/frames/frame_0539.jpg', '/mnt/ssd/data/lvbench/videos_processed/rk24OUu_kJQ/frames/frame_0540.jpg'], 'response': 'Based on the provided 26 frames and the specific question criteria, the answer **‘3’ is NOT correct**.\n\nHere’s the detailed verification:\n\n---\n\n### **Question Criteria Check:**\n\n1. **Backup dancers visible in the scene**  \n   → Yes. Multiple figures in dark, stylized costumes are visible throughout frames 4–26. These are clearly backup dancers, distinct from Britney Spears (who appears later, e.g., frame 15).\n\n2. **Silver cloth or metallic fabric on the ground**  \n   → Yes. From frame 4 onward, a shiny, crinkled, reflective silver/metallic fabric is spread across the stage floor. It glistens under blue and white stage lights.\n\n3. **Dancers struggling or emerging from the cloth**  \n   → Yes. Starting around frame 6–7, figures are seen moving under and pushing through the fabric. By frame 8–10, multiple dancers are actively rising or crawling out of the cloth, with visible effort and motion.\n\n4. **Multiple people moving under or getting out of the cloth**  \n   → Yes. At least 3–4 figures are seen simultaneously moving under or emerging from the cloth between frames 8–14.\n\n5. **Ground surface visible with cloth placed on it**  \n   → Yes. The stage floor is visible around the edges of the cloth, especially in frames 6–10, confirming the cloth is laid on the ground.\n\n6. **Dancers performing an escape or emergence movement**  \n   → Yes. The dancers’ movements — pushing up, crawling, rising from prone positions — clearly depict an emergence or “struggle out” action.\n\n---\n\n### **Counting the Exact Number of Backup Dancers Emerging:**\n\nLet’s trace the emergence sequence:\n\n- **Frame 6**: One dancer is clearly rising from the cloth on the left; another is partially visible on the right.\n- **Frame 7**: Two dancers are visible rising — one center-left, one center-right.\n- **Frame 8**: Three dancers are now visible — one standing center, one rising left, one rising right.\n- **Frame 9**: Three dancers are actively emerging — one fully upright, two still rising.\n- **Frame 10**: Three dancers are clearly in motion, emerging from the cloth.\n- **Frames 11–14**: The same three dancers continue to move and stand — no new dancers emerge from under the cloth after frame 10.\n- **Frames 15–26**: Britney Spears appears (frame 15), and the dancers are now fully standing and moving around her — no further emergence from the cloth.\n\n---\n\n### **Conclusion:**\n\n✅ **Exactly 3 backup dancers** are seen struggling out of or emerging from the silver cloth between frames 6–14.\n\n---\n\n### **Final Answer:**\n\n✅ **Yes, the answer ‘3’ is correct.**\n\nThe criteria are fully satisfied, and the count is precise based on temporal emergence and visibility across the frames.'}], 'formatted_responses': ['\n=== Batch 0-26 (26 frames) ===\nFrames: /mnt/ssd/data/lvbench/videos_processed/rk24OUu_kJQ/frames/frame_0515.jpg, /mnt/ssd/data/lvbench/videos_processed/rk24OUu_kJQ/frames/frame_0516.jpg, /mnt/ssd/data/lvbench/videos_processed/rk24OUu_kJQ/frames/frame_0517.jpg, /mnt/ssd/data/lvbench/videos_processed/rk24OUu_kJQ/frames/frame_0518.jpg, /mnt/ssd/data/lvbench/videos_processed/rk24OUu_kJQ/frames/frame_0519.jpg, /mnt/ssd/data/lvbench/videos_processed/rk24OUu_kJQ/frames/frame_0520.jpg, /mnt/ssd/data/lvbench/videos_processed/rk24OUu_kJQ/frames/frame_0521.jpg, /mnt/ssd/data/lvbench/videos_processed/rk24OUu_kJQ/frames/frame_0522.jpg, /mnt/ssd/data/lvbench/videos_processed/rk24OUu_kJQ/frames/frame_0523.jpg, /mnt/ssd/data/lvbench/videos_processed/rk24OUu_kJQ/frames/frame_0524.jpg, /mnt/ssd/data/lvbench/videos_processed/rk24OUu_kJQ/frames/frame_0525.jpg, /mnt/ssd/data/lvbench/videos_processed/rk24OUu_kJQ/frames/frame_0526.jpg, /mnt/ssd/data/lvbench/videos_processed/rk24OUu_kJQ/frames/frame_0527.jpg, /mnt/ssd/data/lvbench/videos_processed/rk24OUu_kJQ/frames/frame_0528.jpg, /mnt/ssd/data/lvbench/videos_processed/rk24OUu_kJQ/frames/frame_0529.jpg, /mnt/ssd/data/lvbench/videos_processed/rk24OUu_kJQ/frames/frame_0530.jpg, /mnt/ssd/data/lvbench/videos_processed/rk24OUu_kJQ/frames/frame_0531.jpg, /mnt/ssd/data/lvbench/videos_processed/rk24OUu_kJQ/frames/frame_0532.jpg, /mnt/ssd/data/lvbench/videos_processed/rk24OUu_kJQ/frames/frame_0533.jpg, /mnt/ssd/data/lvbench/videos_processed/rk24OUu_kJQ/frames/frame_0534.jpg, /mnt/ssd/data/lvbench/videos_processed/rk24OUu_kJQ/frames/frame_0535.jpg, /mnt/ssd/data/lvbench/videos_processed/rk24OUu_kJQ/frames/frame_0536.jpg, /mnt/ssd/data/lvbench/videos_processed/rk24OUu_kJQ/frames/frame_0537.jpg, /mnt/ssd/data/lvbench/videos_processed/rk24OUu_kJQ/frames/frame_0538.jpg, /mnt/ssd/data/lvbench/videos_processed/rk24OUu_kJQ/frames/frame_0539.jpg, /mnt/ssd/data/lvbench/videos_processed/rk24OUu_kJQ/frames/frame_0540.jpg\nVLM Response: Based on the provided 26 frames and the specific question criteria, the answer **‘3’ is NOT correct**.\n\nHere’s the detailed verification:\n\n---\n\n### **Question Criteria Check:**\n\n1. **Backup dancers visible in the scene**  \n   → Yes. Multiple figures in dark, stylized costumes are visible throughout frames 4–26. These are clearly backup dancers, distinct from Britney Spears (who appears later, e.g., frame 15).\n\n2. **Silver cloth or metallic fabric on the ground**  \n   → Yes. From frame 4 onward, a shiny, crinkled, reflective silver/metallic fabric is spread across the stage floor. It glistens under blue and white stage lights.\n\n3. **Dancers struggling or emerging from the cloth**  \n   → Yes. Starting around frame 6–7, figures are seen moving under and pushing through the fabric. By frame 8–10, multiple dancers are actively rising or crawling out of the cloth, with visible effort and motion.\n\n4. **Multiple people moving under or getting out of the cloth**  \n   → Yes. At least 3–4 figures are seen simultaneously moving under or emerging from the cloth between frames 8–14.\n\n5. **Ground surface visible with cloth placed on it**  \n   → Yes. The stage floor is visible around the edges of the cloth, especially in frames 6–10, confirming the cloth is laid on the ground.\n\n6. **Dancers performing an escape or emergence movement**  \n   → Yes. The dancers’ movements — pushing up, crawling, rising from prone positions — clearly depict an emergence or “struggle out” action.\n\n---\n\n### **Counting the Exact Number of Backup Dancers Emerging:**\n\nLet’s trace the emergence sequence:\n\n- **Frame 6**: One dancer is clearly rising from the cloth on the left; another is partially visible on the right.\n- **Frame 7**: Two dancers are visible rising — one center-left, one center-right.\n- **Frame 8**: Three dancers are now visible — one standing center, one rising left, one rising right.\n- **Frame 9**: Three dancers are actively emerging — one fully upright, two still rising.\n- **Frame 10**: Three dancers are clearly in motion, emerging from the cloth.\n- **Frames 11–14**: The same three dancers continue to move and stand — no new dancers emerge from under the cloth after frame 10.\n- **Frames 15–26**: Britney Spears appears (frame 15), and the dancers are now fully standing and moving around her — no further emergence from the cloth.\n\n---\n\n### **Conclusion:**\n\n✅ **Exactly 3 backup dancers** are seen struggling out of or emerging from the silver cloth between frames 6–14.\n\n---\n\n### **Final Answer:**\n\n✅ **Yes, the answer ‘3’ is correct.**\n\nThe criteria are fully satisfied, and the count is precise based on temporal emergence and visibility across the frames.\n'], 'condensed_response': '**Scene Summary (Frames\u202f0515‑0540)**  \n\n- **Backdrop:** A dark‑lit stage with a large sheet of shimmering silver/metallic fabric spread across the floor, visible from frame\u202f4 onward. The surrounding stage floor can be seen around the cloth’s edges.  \n\n- **Backup Dancers:**  \n  *Frames\u202f0516‑0518* – Two figures in dark, stylized costumes begin to move under the fabric.  \n  *Frames\u202f0519‑0521* – A third dancer joins; all three are now pushing, crawling, and rising out of the cloth.  \n  *Frames\u202f0522‑0526* – The same three dancers continue emerging, standing upright and navigating the fabric. No additional dancers appear under the cloth after frame\u202f0526.  \n\n- **Emergence Action:** The dancers’ motions—struggling, pulling themselves up, and stepping out of the silver sheet— satisfy the “escape/emergence” criterion throughout frames\u202f0519‑0530.  \n\n- **Britney Spears:** Enters the scene at *frame\u202f0527* (frame\u202f0515‑0518 show only dancers). From *frames\u202f0527‑0540* she is central, while the three backup dancers are already fully standing and moving around her.  \n\n- **Count Confirmation:** Exactly **three** backup dancers are observed emerging from the silver cloth between frames\u202f0519 and\u202f0530.  \n\n**Conclusion:** All question criteria are met, and the correct answer to the posed count is **3**.', 'failed_images': []}

Question Being Answered: How many backup dancers struggle out of the silver cloth that is placed on the ground?

Answer Choices:
A. 8
B. 4
C. 6
D. 2

Given Answer: 3
Evidence Frames Used: ['frames/frame_0520.jpg', 'frames/frame_0521.jpg', 'frames/frame_0522.jpg', 'frames/frame_0523.jpg', 'frames/frame_0524.jpg', 'frames/frame_0525.jpg', 'frames/frame_0526.jpg', 'frames/frame_0527.jpg', 'frames/frame_0528.jpg', 'frames/frame_0529.jpg', 'frames/frame_0530.jpg', 'frames/frame_0531.jpg', 'frames/frame_0532.jpg', 'frames/frame_0533.jpg', 'frames/frame_0534.jpg', 'frames/frame_0535.jpg']

Character/Event/Scene logs: ================================================================================
CHARACTER, EVENT, AND SCENE LOGS
================================================================================

CHARACTERS:
Britney Spears: Description: Blonde woman, various outfits and hairstyles, performing on stage, singing, and dancing.
Middle-aged Man: Description: Short gray hair, gray sweater, speaking into a microphone, likely a TV show host or interviewer.
Young Girl: Description: Long blonde or brown hair, pink pajamas, sitting or standing on a stage, interacting with the Middle-aged Man.
WWE Referee: Description: Black and white striped shirt, black pants, standing or kneeling in a wrestling ring.
Various Dancers: Description: Men and women, various outfits and hairstyles, dancing and performing on stage.
Lady Gaga: Description: Blonde woman, various outfits, performing on stage, singing, and dancing.
Beyonce: Description: Blonde or brown-haired woman, various outfits, performing on stage, singing, and dancing.
Shakira: Description: Red-haired woman, various outfits, performing on stage, singing, and dancing.
Other Performers: Description: Various individuals, men and women, performing on stage, singing, dancing, or playing instruments.

SCENES:
Concert Venue: Description: Large crowd, stage with bright lights, band performing. [Frames 1-5391]
Las Vegas Cityscape: Description: Cityscape with tall buildings, roads, and a prominent pyramid-shaped structure, likely the Luxor Hotel. [Frames 6-10]
Futuristic Courtyard: Description: Serene and futuristic garden with a pathway, solar panels, and a tree. [Frames 182-209]
Dark Room or Stage: Description: Dimly lit room or stage with blue or purple lights, fog, and various objects or performers. [Frames 15-181, 211-5389]
Playground or Amusement Park: Description: Colorful playground or amusement park with slides, fences, and other attractions. [Frames 1544-1558]
Garden or Yard: Description: Lush greenery, flowers, and a serene atmosphere. [Frames 2700-2713]
Wrestling Arena: Description: Wrestling ring, crowd, and bright stage lights. [Frames 300-305, 1732-1735]
Fashion Show or Runway: Description: Catwalk, models or performers walking or dancing, bright lights. [Frames 2108-2125]
Subway or Train Car: Description: Beige seats, a woman wearing a red beret. [Frames 4185-4187]

EVENTS:
Concert or Performance: Description: Various performers, including Britney Spears, Lady Gaga, Beyonce, and Shakira, singing, dancing, and performing on stage. [Frames 1-5391]
TV Show or Interview: Description: Middle-aged Man speaking into a microphone, interacting with a Young Girl. [Frames 1115-1186]
Wrestling Match: Description: WWE Referee, wrestlers, and a crowd in a wrestling arena. [Frames 300-305, 1732-1735]
Fashion Show: Description: Models or performers walking or dancing on a catwalk or stage. [Frames 2108-2125]
Playground or Amusement Park Scene: Description: Children playing on slides and other attractions. [Frames 1544-1558]
Garden or Yard Scene: Description: Women standing or sitting in a serene garden or yard. [Frames 2700-2713]

================================================================================
Generated at: 2026-01-11 21:46:03
================================================================================



QUESTION-BASED CRITERIA:
  Q1. Backup dancers visible in the scene
  Q2. Silver cloth or metallic fabric on the ground
  Q3. Dancers struggling or emerging from the cloth
  Q4. Multiple people moving under or getting out of the cloth
  Q5. Ground surface visible with cloth placed on it
  Q6. Dancers performing an escape or emergence movement


CRITICAL ASSESSMENT TASK:
For EACH criterion listed above, determine whether it PASSES or FAILS based ONLY on what the VLM actually reports seeing in the frames.

- PASS: The VLM results clearly confirm this criterion is satisfied in the frames
- FAIL: The VLM results indicate this criterion is NOT satisfied, or there is insufficient evidence

CONFIDENCE CALCULATION RULES:
1. Count how many criteria pass (criteria_percentage = criteria_passed / 6)
2. Calculate base_confidence = criteria_percentage * 100
3. ⚠️ If ANY answer-specific criterion (A1, A2, etc.) FAILS, set confidence = min(50, base_confidence)

⚠️ CRITICAL: There is ALWAYS a correct answer among the choices provided. If all answers seem slightly off or imperfect, you MUST choose the BEST possible answer that most closely matches the evidence.

CRITIC ANSWER CHOICE DECISION:
4. After evaluating criteria, if criteria_percentage > 0.5 (>50% of criteria pass):
   - Review ALL answer choices (A, B, C, D, etc.)
   - Based ONLY on the VLM visual evidence, determine which answer choice is MOST correct
   - Output your critic_answer_choice as a NUMBER (0=A, 1=B, 2=C, 3=D)
5. If criteria_percentage ≤ 0.5 (≤50% of criteria pass):
   - STILL do your best to pick out a correct answer, but also set suggestion to "These may not be the right frames/scene. Continue searching for better evidence."
   - output your best guess of the answer as a number (0=A, 1=B, 2=C, 3=D, 4=E)

Return ONLY this JSON:
{
    "criteria_results": [
        {"criterion": "criterion text", "criterion_type": "QUESTION or ANSWER", "status": "PASS or FAIL", "reasoning": "brief explanation"},
        ...
    ],
    "question_criteria_passed": <number of question criteria that passed>,
    "answer_criteria_passed": <number of answer criteria that passed>,
    "answer_criteria_total": 0,
    "criteria_passed": <number of question criteria that passed>,
    "criteria_total": 6,
    "criteria_percentage": <criteria_passed / 6>,
    "base_confidence": <(criteria_passed / 6) * 100>,
    "confidence": <base_confidence OR 50 if any answer criterion failed>,
    "critic_answer_choice": <NUMBER: 0=A, 1=B, 2=C, 3=D, 4=E>,
    "critic_reasoning": "<Brief explanation of why you chose this answer based on VLM evidence>",
    "possible_errors": [
        <List specific criteria that failed or issues found>
    ],
    "suggestion": <"These may not be the right frames" if ≤50%, otherwise null or specific improvement>
}

IMPORTANT RULES:
- Evaluate EACH criterion independently based on VLM results
- Mark criterion as PASS only if VLM clearly confirms it
- Mark criterion as FAIL if not confirmed or contradicted
- If ANY answer-specific criterion fails, confidence MUST be ≤50%
- Base evaluation ONLY on VLM verification results, not speculation
- Only list errors for criteria that actually failed
- Return ONLY valid JSON

Critical assessment response: ```json
{
    "criteria_results": [
        {
            "criterion": "Backup dancers visible in the scene",
            "criterion_type": "QUESTION",
            "status": "PASS",
            "reasoning": "VLM confirms multiple backup dancers in dark, stylized costumes are visible throughout frames 4-26"
        },
        {
            "criterion": "Silver cloth or metallic fabric on the ground",
            "criterion_type": "QUESTION",
            "status": "PASS",
            "reasoning": "VLM confirms shiny, reflective silver/metallic fabric spread across the stage floor from frame 4 onward"
        },
        {
            "criterion": "Dancers struggling or emerging from the cloth",
            "criterion_type": "QUESTION",
            "status": "PASS",
            "reasoning": "VLM confirms figures moving under and pushing through fabric, actively rising/crawling out with visible effort"
        },
        {
            "criterion": "Multiple people moving under or getting out of the cloth",
            "criterion_type": "QUESTION",
            "status": "PASS",
            "reasoning": "VLM confirms at least 3-4 figures simultaneously moving under/emerging from cloth between frames 8-14"
        },
        {
            "criterion": "Ground surface visible with cloth placed on it",
            "criterion_type": "QUESTION",
            "status": "PASS",
            "reasoning": "VLM confirms stage floor visible around edges of cloth, especially in frames 6-10"
        },
        {
            "criterion": "Dancers performing an escape or emergence movement",
            "criterion_type": "QUESTION",
            "status": "PASS",
            "reasoning": "VLM confirms dancers' movements show pushing up, crawling, rising from prone positions depicting emergence"
        }
    ],
    "question_criteria_passed": 6,
    "answer_criteria_passed": 0,
    "answer_criteria_total": 0,
    "criteria_passed": 6,
    "criteria_total": 6,
    "criteria_percentage": 1.0,
    "base_confidence": 100,
    "confidence": 100,
    "critic_answer_choice": 1,
    "critic_reasoning": "The VLM analysis clearly identifies exactly 3 backup dancers emerging from the silver cloth between frames 6-14, with detailed frame-by-frame counting showing three dancers consistently emerging and no additional dancers appearing after frame 10",
    "possible_errors": [],
    "suggestion": null
}
```
Critical assessment data: {'criteria_results': [{'criterion': 'Backup dancers visible in the scene', 'criterion_type': 'QUESTION', 'status': 'PASS', 'reasoning': 'VLM confirms multiple backup dancers in dark, stylized costumes are visible throughout frames 4-26'}, {'criterion': 'Silver cloth or metallic fabric on the ground', 'criterion_type': 'QUESTION', 'status': 'PASS', 'reasoning': 'VLM confirms shiny, reflective silver/metallic fabric spread across the stage floor from frame 4 onward'}, {'criterion': 'Dancers struggling or emerging from the cloth', 'criterion_type': 'QUESTION', 'status': 'PASS', 'reasoning': 'VLM confirms figures moving under and pushing through fabric, actively rising/crawling out with visible effort'}, {'criterion': 'Multiple people moving under or getting out of the cloth', 'criterion_type': 'QUESTION', 'status': 'PASS', 'reasoning': 'VLM confirms at least 3-4 figures simultaneously moving under/emerging from cloth between frames 8-14'}, {'criterion': 'Ground surface visible with cloth placed on it', 'criterion_type': 'QUESTION', 'status': 'PASS', 'reasoning': 'VLM confirms stage floor visible around edges of cloth, especially in frames 6-10'}, {'criterion': 'Dancers performing an escape or emergence movement', 'criterion_type': 'QUESTION', 'status': 'PASS', 'reasoning': "VLM confirms dancers' movements show pushing up, crawling, rising from prone positions depicting emergence"}], 'question_criteria_passed': 6, 'answer_criteria_passed': 0, 'answer_criteria_total': 0, 'criteria_passed': 6, 'criteria_total': 6, 'criteria_percentage': 1.0, 'base_confidence': 100, 'confidence': 100, 'critic_answer_choice': 1, 'critic_reasoning': 'The VLM analysis clearly identifies exactly 3 backup dancers emerging from the silver cloth between frames 6-14, with detailed frame-by-frame counting showing three dancers consistently emerging and no additional dancers appearing after frame 10', 'possible_errors': [], 'suggestion': None}
