Critic initial response: We are given a question about a basketball game: "Who grabs the rebound when White Team No. 13 misses a three-pointer?" with answer choices A. LeBron James, B. Deron Williams, C. Tyson Chandler, D. Kevin Durant. The given answer is "2", which corresponds to option B (Deron Williams).

We are also provided with a set of evidence frames (and expanded context frames) and a detailed context about the video.

The question requires verifying several criteria:
1. Player in white uniform with number 13 visible
2. Player taking a three-point shot (jumping, shooting motion)
3. Basketball missing the hoop (not going through net)
4. Another player grabbing the rebound (catching the ball after bounce)
5. Action occurs on basketball court during game play
6. Rebounding player's number or identity is visible

We are to create a VLM query to verify the answer based on the visual evidence.

The evidence frames provided are: 
['frames/frame_1525.jpg', 'frames/frame_1526.jpg', 'frames/frame_1529.jpg', 'frames/frame_1530.jpg', 'frames/frame_1533.jpg']

But we are to use the expanded frames list for context (including ~5 seconds before and after): 
['frames/frame_1520.jpg', 'frames/frame_1521.jpg', 'frames/frame_1522.jpg', 'frames/frame_1523.jpg', 'frames/frame_1524.jpg', 'frames/frame_1525.jpg', 'frames/frame_1526.jpg', 'frames/frame_1527.jpg', 'frames/frame_1528.jpg', 'frames/frame_1529.jpg', 'frames/frame_1530.jpg', 'frames/frame_1531.jpg', 'frames/frame_1532.jpg', 'frames/frame_1533.jpg', 'frames/frame_1534.jpg', 'frames/frame_1535.jpg', 'frames/frame_1536.jpg', 'frames/frame_1537.jpg', 'frames/frame_1538.jpg']

We are to ask the VLM to verify if the answer '2' (Deron Williams) is correct by checking the criteria in the prompt.

We must return a JSON object with the tool "VLM_QUERY", the list of frames (the expanded ones), and a prompt that asks the VLM to verify the answer based on the criteria.

Note: The prompt should instruct the VLM to pay attention to timestamps and temporal sequences because the action (shot, miss, rebound) happens over multiple frames.

Let's construct the prompt:

"Based on these frames (including context before/after), verify if the answer '2' (Deron Williams) is correct for the question: Who grabs the rebound when White Team No. 13 misses a three-pointer? Check the question criteria: ['Player in white uniform with number 13 visible', 'Player taking a three-point shot (jumping, shooting motion)', 'Basketball missing the hoop (not going through net)', 'Another player grabbing the rebound (catching the ball after bounce)', 'Action occurs on basketball court during game play', 'Rebounding player's number or identity is visible']. Pay attention to timestamps and temporal sequences."

We are to return only the JSON.

Now, the JSON:
{
    "tool": "VLM_QUERY",
    "frames": ['frames/frame_1520.jpg', 'frames/frame_1521.jpg', 'frames/frame_1522.jpg', 'frames/frame_1523.jpg', 'frames/frame_1524.jpg', 'frames/frame_1525.jpg', 'frames/frame_1526.jpg', 'frames/frame_1527.jpg', 'frames/frame_1528.jpg', 'frames/frame_1529.jpg', 'frames/frame_1530.jpg', 'frames/frame_1531.jpg', 'frames/frame_1532.jpg', 'frames/frame_1533.jpg', 'frames/frame_1534.jpg', 'frames/frame_1535.jpg', 'frames/frame_1536.jpg', 'frames/frame_1537.jpg', 'frames/frame_1538.jpg'],
    "prompt": "Based on these frames (including context before/after), verify if the answer '2' (Deron Williams) is correct for the question: Who grabs the rebound when White Team No. 13 misses a three-pointer? Check the question criteria: ['Player in white uniform with number 13 visible', 'Player taking a three-point shot (jumping, shooting motion)', 'Basketball missing the hoop (not going through net)', 'Another player grabbing the rebound (catching the ball after bounce)', 'Action occurs on basketball court during game play', 'Rebounding player's number or identity is visible']. Pay attention to timestamps and temporal sequences."
}

Note: We are using the expanded frames list.

Let's output the JSON.
```json
{
    "tool": "VLM_QUERY",
    "frames": [
        "frames/frame_1520.jpg",
        "frames/frame_1521.jpg",
        "frames/frame_1522.jpg",
        "frames/frame_1523.jpg",
        "frames/frame_1524.jpg",
        "frames/frame_1525.jpg",
        "frames/frame_1526.jpg",
        "frames/frame_1527.jpg",
        "frames/frame_1528.jpg",
        "frames/frame_1529.jpg",
        "frames/frame_1530.jpg",
        "frames/frame_1531.jpg",
        "frames/frame_1532.jpg",
        "frames/frame_1533.jpg",
        "frames/frame_1534.jpg",
        "frames/frame_1535.jpg",
        "frames/frame_1536.jpg",
        "frames/frame_1537.jpg",
        "frames/frame_1538.jpg"
    ],
    "prompt": "Based on these frames (including context before/after), verify if the answer '2' (Deron Williams) is correct for the question: Who grabs the rebound when White Team No. 13 misses a three-pointer? Check the question criteria: ['Player in white uniform with number 13 visible', 'Player taking a three-point shot (jumping, shooting motion)', 'Basketball missing the hoop (not going through net)', 'Another player grabbing the rebound (catching the ball after bounce)', 'Action occurs on basketball court during game play', 'Rebounding player's number or identity is visible']. Pay attention to timestamps and temporal sequences."
}
```
Frames to verify: ['frames/frame_1520.jpg', 'frames/frame_1521.jpg', 'frames/frame_1522.jpg', 'frames/frame_1523.jpg', 'frames/frame_1524.jpg', 'frames/frame_1525.jpg', 'frames/frame_1526.jpg', 'frames/frame_1527.jpg', 'frames/frame_1528.jpg', 'frames/frame_1529.jpg', 'frames/frame_1530.jpg', 'frames/frame_1531.jpg', 'frames/frame_1532.jpg', 'frames/frame_1533.jpg', 'frames/frame_1534.jpg', 'frames/frame_1535.jpg', 'frames/frame_1536.jpg', 'frames/frame_1537.jpg', 'frames/frame_1538.jpg']
VLM Prompt: Video context: Based on the provided SET of frame-by-frame captions data, here is a global summary of the video:

**Main Characters:**
The main characters in the video are the basketball players from the USA and Australian teams, as well as some notable players like Kevin Durant, Kobe Bryant, LeBron James, and Patrick Mills. Coaches and officials are also present throughout the video.

**Setting:**
The setting is the North Greenwich Arena (also known as the Basketball Arena) during the 2012 London Olympics. The arena is filled with spectators, and the basketball court features the Olympic rings logo and "London 2012" branding.

**Plot Line:**
The video appears to be a documentation of the men's basketball quarter-final match between the USA and Australia at the 2012 London Olympics. The video captures the pre-game warm-ups, the national anthems, the game itself, and the post-game celebrations and interactions between the players and teams.

**Vibes:**
The overall vibe of the video is one of excitement, energy, and patriotism. The atmosphere is electric, with a large crowd of enthusiastic spectators cheering and waving flags. The video also captures moments of tension, competition, and sportsmanship between the players and teams.

**General Details:**
The video is a comprehensive coverage of the basketball match, including pre-game and post-game activities. It features a mix of close-up shots of players, coaches, and officials, as well as wide shots of the court and the crowd. The video also includes graphic overlays displaying game statistics, scores, and other relevant information. The tone is informative, with a focus on showcasing the excitement and drama of the Olympic basketball match.

Based on these frames (including context before/after), verify if the answer '2' (Deron Williams) is correct for the question: Who grabs the rebound when White Team No. 13 misses a three-pointer? Check the question criteria: ['Player in white uniform with number 13 visible', 'Player taking a three-point shot (jumping, shooting motion)', 'Basketball missing the hoop (not going through net)', 'Another player grabbing the rebound (catching the ball after bounce)', 'Action occurs on basketball court during game play', 'Rebounding player's number or identity is visible']. Pay attention to timestamps and temporal sequences.
VLM response: {'batched_responses': [{'batch_start': 0, 'batch_end': 19, 'image_paths': ['/mnt/ssd/data/lvbench/videos_processed/Aiem1w_TvaA/frames/frame_1520.jpg', '/mnt/ssd/data/lvbench/videos_processed/Aiem1w_TvaA/frames/frame_1521.jpg', '/mnt/ssd/data/lvbench/videos_processed/Aiem1w_TvaA/frames/frame_1522.jpg', '/mnt/ssd/data/lvbench/videos_processed/Aiem1w_TvaA/frames/frame_1523.jpg', '/mnt/ssd/data/lvbench/videos_processed/Aiem1w_TvaA/frames/frame_1524.jpg', '/mnt/ssd/data/lvbench/videos_processed/Aiem1w_TvaA/frames/frame_1525.jpg', '/mnt/ssd/data/lvbench/videos_processed/Aiem1w_TvaA/frames/frame_1526.jpg', '/mnt/ssd/data/lvbench/videos_processed/Aiem1w_TvaA/frames/frame_1527.jpg', '/mnt/ssd/data/lvbench/videos_processed/Aiem1w_TvaA/frames/frame_1528.jpg', '/mnt/ssd/data/lvbench/videos_processed/Aiem1w_TvaA/frames/frame_1529.jpg', '/mnt/ssd/data/lvbench/videos_processed/Aiem1w_TvaA/frames/frame_1530.jpg', '/mnt/ssd/data/lvbench/videos_processed/Aiem1w_TvaA/frames/frame_1531.jpg', '/mnt/ssd/data/lvbench/videos_processed/Aiem1w_TvaA/frames/frame_1532.jpg', '/mnt/ssd/data/lvbench/videos_processed/Aiem1w_TvaA/frames/frame_1533.jpg', '/mnt/ssd/data/lvbench/videos_processed/Aiem1w_TvaA/frames/frame_1534.jpg', '/mnt/ssd/data/lvbench/videos_processed/Aiem1w_TvaA/frames/frame_1535.jpg', '/mnt/ssd/data/lvbench/videos_processed/Aiem1w_TvaA/frames/frame_1536.jpg', '/mnt/ssd/data/lvbench/videos_processed/Aiem1w_TvaA/frames/frame_1537.jpg', '/mnt/ssd/data/lvbench/videos_processed/Aiem1w_TvaA/frames/frame_1538.jpg'], 'response': "Based on the provided frames and the specific criteria for the question, the answer **'2' (Deron Williams)** is **incorrect**.\n\nHere’s the detailed verification against the question criteria:\n\n---\n\n**1. Player in white uniform with number 13 visible**  \n✅ **Confirmed.** In Frame 13, player #13 (in white) is clearly visible taking a shot. This is the White Team No. 13 mentioned in the question.\n\n**2. Player taking a three-point shot (jumping, shooting motion)**  \n✅ **Confirmed.** In Frame 13, player #13 is in mid-air, extending his arm to shoot. The context of the play (distance from the basket, body posture) suggests it is a three-point attempt.\n\n**3. Basketball missing the hoop (not going through net)**  \n✅ **Confirmed.** In Frame 14, the ball is shown bouncing off the rim — it clearly does *not* go through the net. This satisfies the “miss” condition.\n\n**4. Another player grabbing the rebound (catching the ball after bounce)**  \n✅ **Confirmed.** In Frame 15, player #4 (in white) is seen jumping and catching the ball after it bounces off the rim — this is the rebound.\n\n**5. Action occurs on basketball court during game play**  \n✅ **Confirmed.** All frames show active gameplay on the Olympic basketball court, with players, referees, and crowd visible.\n\n**6. Rebounding player's number or identity is visible**  \n✅ **Confirmed.** In Frame 15 and 16, the rebounding player’s jersey clearly shows **number 4**. In Frame 16, the name “CHANDLER” is visible on the back, identifying him as **Tyson Chandler**.\n\n---\n\n### Conclusion:\n\nThe player who grabs the rebound after White Team No. 13 misses the three-pointer is **#4, Tyson Chandler**, not #2 (Deron Williams).\n\n✅ **Therefore, the answer ‘2’ (Deron Williams) is incorrect.**\n\nThe correct answer based on visual evidence is **#4, Tyson Chandler**."}], 'formatted_responses': ["\n=== Batch 0-19 (19 frames) ===\nFrames: /mnt/ssd/data/lvbench/videos_processed/Aiem1w_TvaA/frames/frame_1520.jpg, /mnt/ssd/data/lvbench/videos_processed/Aiem1w_TvaA/frames/frame_1521.jpg, /mnt/ssd/data/lvbench/videos_processed/Aiem1w_TvaA/frames/frame_1522.jpg, /mnt/ssd/data/lvbench/videos_processed/Aiem1w_TvaA/frames/frame_1523.jpg, /mnt/ssd/data/lvbench/videos_processed/Aiem1w_TvaA/frames/frame_1524.jpg, /mnt/ssd/data/lvbench/videos_processed/Aiem1w_TvaA/frames/frame_1525.jpg, /mnt/ssd/data/lvbench/videos_processed/Aiem1w_TvaA/frames/frame_1526.jpg, /mnt/ssd/data/lvbench/videos_processed/Aiem1w_TvaA/frames/frame_1527.jpg, /mnt/ssd/data/lvbench/videos_processed/Aiem1w_TvaA/frames/frame_1528.jpg, /mnt/ssd/data/lvbench/videos_processed/Aiem1w_TvaA/frames/frame_1529.jpg, /mnt/ssd/data/lvbench/videos_processed/Aiem1w_TvaA/frames/frame_1530.jpg, /mnt/ssd/data/lvbench/videos_processed/Aiem1w_TvaA/frames/frame_1531.jpg, /mnt/ssd/data/lvbench/videos_processed/Aiem1w_TvaA/frames/frame_1532.jpg, /mnt/ssd/data/lvbench/videos_processed/Aiem1w_TvaA/frames/frame_1533.jpg, /mnt/ssd/data/lvbench/videos_processed/Aiem1w_TvaA/frames/frame_1534.jpg, /mnt/ssd/data/lvbench/videos_processed/Aiem1w_TvaA/frames/frame_1535.jpg, /mnt/ssd/data/lvbench/videos_processed/Aiem1w_TvaA/frames/frame_1536.jpg, /mnt/ssd/data/lvbench/videos_processed/Aiem1w_TvaA/frames/frame_1537.jpg, /mnt/ssd/data/lvbench/videos_processed/Aiem1w_TvaA/frames/frame_1538.jpg\nVLM Response: Based on the provided frames and the specific criteria for the question, the answer **'2' (Deron Williams)** is **incorrect**.\n\nHere’s the detailed verification against the question criteria:\n\n---\n\n**1. Player in white uniform with number 13 visible**  \n✅ **Confirmed.** In Frame 13, player #13 (in white) is clearly visible taking a shot. This is the White Team No. 13 mentioned in the question.\n\n**2. Player taking a three-point shot (jumping, shooting motion)**  \n✅ **Confirmed.** In Frame 13, player #13 is in mid-air, extending his arm to shoot. The context of the play (distance from the basket, body posture) suggests it is a three-point attempt.\n\n**3. Basketball missing the hoop (not going through net)**  \n✅ **Confirmed.** In Frame 14, the ball is shown bouncing off the rim — it clearly does *not* go through the net. This satisfies the “miss” condition.\n\n**4. Another player grabbing the rebound (catching the ball after bounce)**  \n✅ **Confirmed.** In Frame 15, player #4 (in white) is seen jumping and catching the ball after it bounces off the rim — this is the rebound.\n\n**5. Action occurs on basketball court during game play**  \n✅ **Confirmed.** All frames show active gameplay on the Olympic basketball court, with players, referees, and crowd visible.\n\n**6. Rebounding player's number or identity is visible**  \n✅ **Confirmed.** In Frame 15 and 16, the rebounding player’s jersey clearly shows **number 4**. In Frame 16, the name “CHANDLER” is visible on the back, identifying him as **Tyson Chandler**.\n\n---\n\n### Conclusion:\n\nThe player who grabs the rebound after White Team No. 13 misses the three-pointer is **#4, Tyson Chandler**, not #2 (Deron Williams).\n\n✅ **Therefore, the answer ‘2’ (Deron Williams) is incorrect.**\n\nThe correct answer based on visual evidence is **#4, Tyson Chandler**.\n"], 'condensed_response': '**Scene Summary (Frames\u202f1520\u202f–\u202f1538)**  \n\n| Frame | Key Visual | Characters & IDs | Action |\n|-------|------------|------------------|--------|\n| **1520‑1522** | Court view, offense set up | White‑team #13 (forward) | Receives the ball near the three‑point line. |\n| **1523‑1525** | Defender pressure | White‑team #13, opponent defender | #13 dribbles, creates space. |\n| **1526‑1528** | Jump‑shot preparation | White‑team #13 | Takes a step, lifts into shooting motion. |\n| **1529‑1531** | **Frame\u202f13** (1529) – peak of jump | **White‑team #13** | *Mid‑air, arm extended, releasing the ball* – clear three‑point attempt. |\n| **1532‑1534** | **Frame\u202f14** (1532) – ball’s trajectory | White‑team #13, rim | Ball contacts rim and bounces off – **miss**. |\n| **1535‑1537** | **Frame\u202f15** (1535) – rebound scramble | **White‑team #4** (center), #13, other players | #4 **jumps, secures the ball** after the miss. |\n| **1538** | **Frame\u202f16** (1536‑1538) – close‑up | **White‑team #4**, name tag visible | Jersey shows **#4** and the name **“CHANDLER”** – identifies the player as **Tyson\u202fChandler**. |\n| **1520‑1538 (overall)** | Full‑court environment | White‑team, opposing team, referees, crowd | Continuous gameplay on the Olympic basketball court; no interruptions or cut‑scenes. |\n\n### Narrative Flow\n1. **White Team’s #13** (in a white uniform) receives the ball behind the three‑point line and, after a brief dribble, launches a jump shot.  \n2. The ball arcs toward the hoop and **fails to go through**, striking the rim in **Frame\u202f14**.  \n3. **White Team’s #4**, identified as **Tyson\u202fChandler**, anticipates the miss, leaps, and **grabs the rebound** in **Frame\u202f15**. His jersey number and name are visible in the subsequent close‑up (**Frame\u202f16**).  \n\n### Verdict\nThe rebound after White Team No.\u202f13’s missed three‑pointer is taken by **#4\u202fTyson\u202fChandler**, not Deron\u202fWilliams (#2). The visual evidence across the listed frames confirms this conclusion.', 'failed_images': []}
Followup prompt: 
Critically assess whether the VLM verification supports the given answer by evaluating each criterion.

VLM Verification Results:
{'batched_responses': [{'batch_start': 0, 'batch_end': 19, 'image_paths': ['/mnt/ssd/data/lvbench/videos_processed/Aiem1w_TvaA/frames/frame_1520.jpg', '/mnt/ssd/data/lvbench/videos_processed/Aiem1w_TvaA/frames/frame_1521.jpg', '/mnt/ssd/data/lvbench/videos_processed/Aiem1w_TvaA/frames/frame_1522.jpg', '/mnt/ssd/data/lvbench/videos_processed/Aiem1w_TvaA/frames/frame_1523.jpg', '/mnt/ssd/data/lvbench/videos_processed/Aiem1w_TvaA/frames/frame_1524.jpg', '/mnt/ssd/data/lvbench/videos_processed/Aiem1w_TvaA/frames/frame_1525.jpg', '/mnt/ssd/data/lvbench/videos_processed/Aiem1w_TvaA/frames/frame_1526.jpg', '/mnt/ssd/data/lvbench/videos_processed/Aiem1w_TvaA/frames/frame_1527.jpg', '/mnt/ssd/data/lvbench/videos_processed/Aiem1w_TvaA/frames/frame_1528.jpg', '/mnt/ssd/data/lvbench/videos_processed/Aiem1w_TvaA/frames/frame_1529.jpg', '/mnt/ssd/data/lvbench/videos_processed/Aiem1w_TvaA/frames/frame_1530.jpg', '/mnt/ssd/data/lvbench/videos_processed/Aiem1w_TvaA/frames/frame_1531.jpg', '/mnt/ssd/data/lvbench/videos_processed/Aiem1w_TvaA/frames/frame_1532.jpg', '/mnt/ssd/data/lvbench/videos_processed/Aiem1w_TvaA/frames/frame_1533.jpg', '/mnt/ssd/data/lvbench/videos_processed/Aiem1w_TvaA/frames/frame_1534.jpg', '/mnt/ssd/data/lvbench/videos_processed/Aiem1w_TvaA/frames/frame_1535.jpg', '/mnt/ssd/data/lvbench/videos_processed/Aiem1w_TvaA/frames/frame_1536.jpg', '/mnt/ssd/data/lvbench/videos_processed/Aiem1w_TvaA/frames/frame_1537.jpg', '/mnt/ssd/data/lvbench/videos_processed/Aiem1w_TvaA/frames/frame_1538.jpg'], 'response': "Based on the provided frames and the specific criteria for the question, the answer **'2' (Deron Williams)** is **incorrect**.\n\nHere’s the detailed verification against the question criteria:\n\n---\n\n**1. Player in white uniform with number 13 visible**  \n✅ **Confirmed.** In Frame 13, player #13 (in white) is clearly visible taking a shot. This is the White Team No. 13 mentioned in the question.\n\n**2. Player taking a three-point shot (jumping, shooting motion)**  \n✅ **Confirmed.** In Frame 13, player #13 is in mid-air, extending his arm to shoot. The context of the play (distance from the basket, body posture) suggests it is a three-point attempt.\n\n**3. Basketball missing the hoop (not going through net)**  \n✅ **Confirmed.** In Frame 14, the ball is shown bouncing off the rim — it clearly does *not* go through the net. This satisfies the “miss” condition.\n\n**4. Another player grabbing the rebound (catching the ball after bounce)**  \n✅ **Confirmed.** In Frame 15, player #4 (in white) is seen jumping and catching the ball after it bounces off the rim — this is the rebound.\n\n**5. Action occurs on basketball court during game play**  \n✅ **Confirmed.** All frames show active gameplay on the Olympic basketball court, with players, referees, and crowd visible.\n\n**6. Rebounding player's number or identity is visible**  \n✅ **Confirmed.** In Frame 15 and 16, the rebounding player’s jersey clearly shows **number 4**. In Frame 16, the name “CHANDLER” is visible on the back, identifying him as **Tyson Chandler**.\n\n---\n\n### Conclusion:\n\nThe player who grabs the rebound after White Team No. 13 misses the three-pointer is **#4, Tyson Chandler**, not #2 (Deron Williams).\n\n✅ **Therefore, the answer ‘2’ (Deron Williams) is incorrect.**\n\nThe correct answer based on visual evidence is **#4, Tyson Chandler**."}], 'formatted_responses': ["\n=== Batch 0-19 (19 frames) ===\nFrames: /mnt/ssd/data/lvbench/videos_processed/Aiem1w_TvaA/frames/frame_1520.jpg, /mnt/ssd/data/lvbench/videos_processed/Aiem1w_TvaA/frames/frame_1521.jpg, /mnt/ssd/data/lvbench/videos_processed/Aiem1w_TvaA/frames/frame_1522.jpg, /mnt/ssd/data/lvbench/videos_processed/Aiem1w_TvaA/frames/frame_1523.jpg, /mnt/ssd/data/lvbench/videos_processed/Aiem1w_TvaA/frames/frame_1524.jpg, /mnt/ssd/data/lvbench/videos_processed/Aiem1w_TvaA/frames/frame_1525.jpg, /mnt/ssd/data/lvbench/videos_processed/Aiem1w_TvaA/frames/frame_1526.jpg, /mnt/ssd/data/lvbench/videos_processed/Aiem1w_TvaA/frames/frame_1527.jpg, /mnt/ssd/data/lvbench/videos_processed/Aiem1w_TvaA/frames/frame_1528.jpg, /mnt/ssd/data/lvbench/videos_processed/Aiem1w_TvaA/frames/frame_1529.jpg, /mnt/ssd/data/lvbench/videos_processed/Aiem1w_TvaA/frames/frame_1530.jpg, /mnt/ssd/data/lvbench/videos_processed/Aiem1w_TvaA/frames/frame_1531.jpg, /mnt/ssd/data/lvbench/videos_processed/Aiem1w_TvaA/frames/frame_1532.jpg, /mnt/ssd/data/lvbench/videos_processed/Aiem1w_TvaA/frames/frame_1533.jpg, /mnt/ssd/data/lvbench/videos_processed/Aiem1w_TvaA/frames/frame_1534.jpg, /mnt/ssd/data/lvbench/videos_processed/Aiem1w_TvaA/frames/frame_1535.jpg, /mnt/ssd/data/lvbench/videos_processed/Aiem1w_TvaA/frames/frame_1536.jpg, /mnt/ssd/data/lvbench/videos_processed/Aiem1w_TvaA/frames/frame_1537.jpg, /mnt/ssd/data/lvbench/videos_processed/Aiem1w_TvaA/frames/frame_1538.jpg\nVLM Response: Based on the provided frames and the specific criteria for the question, the answer **'2' (Deron Williams)** is **incorrect**.\n\nHere’s the detailed verification against the question criteria:\n\n---\n\n**1. Player in white uniform with number 13 visible**  \n✅ **Confirmed.** In Frame 13, player #13 (in white) is clearly visible taking a shot. This is the White Team No. 13 mentioned in the question.\n\n**2. Player taking a three-point shot (jumping, shooting motion)**  \n✅ **Confirmed.** In Frame 13, player #13 is in mid-air, extending his arm to shoot. The context of the play (distance from the basket, body posture) suggests it is a three-point attempt.\n\n**3. Basketball missing the hoop (not going through net)**  \n✅ **Confirmed.** In Frame 14, the ball is shown bouncing off the rim — it clearly does *not* go through the net. This satisfies the “miss” condition.\n\n**4. Another player grabbing the rebound (catching the ball after bounce)**  \n✅ **Confirmed.** In Frame 15, player #4 (in white) is seen jumping and catching the ball after it bounces off the rim — this is the rebound.\n\n**5. Action occurs on basketball court during game play**  \n✅ **Confirmed.** All frames show active gameplay on the Olympic basketball court, with players, referees, and crowd visible.\n\n**6. Rebounding player's number or identity is visible**  \n✅ **Confirmed.** In Frame 15 and 16, the rebounding player’s jersey clearly shows **number 4**. In Frame 16, the name “CHANDLER” is visible on the back, identifying him as **Tyson Chandler**.\n\n---\n\n### Conclusion:\n\nThe player who grabs the rebound after White Team No. 13 misses the three-pointer is **#4, Tyson Chandler**, not #2 (Deron Williams).\n\n✅ **Therefore, the answer ‘2’ (Deron Williams) is incorrect.**\n\nThe correct answer based on visual evidence is **#4, Tyson Chandler**.\n"], 'condensed_response': '**Scene Summary (Frames\u202f1520\u202f–\u202f1538)**  \n\n| Frame | Key Visual | Characters & IDs | Action |\n|-------|------------|------------------|--------|\n| **1520‑1522** | Court view, offense set up | White‑team #13 (forward) | Receives the ball near the three‑point line. |\n| **1523‑1525** | Defender pressure | White‑team #13, opponent defender | #13 dribbles, creates space. |\n| **1526‑1528** | Jump‑shot preparation | White‑team #13 | Takes a step, lifts into shooting motion. |\n| **1529‑1531** | **Frame\u202f13** (1529) – peak of jump | **White‑team #13** | *Mid‑air, arm extended, releasing the ball* – clear three‑point attempt. |\n| **1532‑1534** | **Frame\u202f14** (1532) – ball’s trajectory | White‑team #13, rim | Ball contacts rim and bounces off – **miss**. |\n| **1535‑1537** | **Frame\u202f15** (1535) – rebound scramble | **White‑team #4** (center), #13, other players | #4 **jumps, secures the ball** after the miss. |\n| **1538** | **Frame\u202f16** (1536‑1538) – close‑up | **White‑team #4**, name tag visible | Jersey shows **#4** and the name **“CHANDLER”** – identifies the player as **Tyson\u202fChandler**. |\n| **1520‑1538 (overall)** | Full‑court environment | White‑team, opposing team, referees, crowd | Continuous gameplay on the Olympic basketball court; no interruptions or cut‑scenes. |\n\n### Narrative Flow\n1. **White Team’s #13** (in a white uniform) receives the ball behind the three‑point line and, after a brief dribble, launches a jump shot.  \n2. The ball arcs toward the hoop and **fails to go through**, striking the rim in **Frame\u202f14**.  \n3. **White Team’s #4**, identified as **Tyson\u202fChandler**, anticipates the miss, leaps, and **grabs the rebound** in **Frame\u202f15**. His jersey number and name are visible in the subsequent close‑up (**Frame\u202f16**).  \n\n### Verdict\nThe rebound after White Team No.\u202f13’s missed three‑pointer is taken by **#4\u202fTyson\u202fChandler**, not Deron\u202fWilliams (#2). The visual evidence across the listed frames confirms this conclusion.', 'failed_images': []}

Question Being Answered: Who grabs the rebound when White Team No. 13 misses a three-pointer?

Answer Choices:
A. LeBron James
B. Deron Williams
C. Tyson Chandler
D. Kevin Durant

Given Answer: 2
Evidence Frames Used: ['frames/frame_1525.jpg', 'frames/frame_1526.jpg', 'frames/frame_1529.jpg', 'frames/frame_1530.jpg', 'frames/frame_1533.jpg']

Character/Event/Scene logs: ================================================================================
CHARACTER, EVENT, AND SCENE LOGS
================================================================================

CHARACTERS:
Person 1 (Man in Black Suit): Description: Man standing in front of a white wall, holding a black folder and smiling at the camera.
Person 2 (Basketball Players): Description: Players wearing yellow shirts and green shorts, celebrating on a basketball court.
Person 3 (USA Basketball Players): Description: Players wearing white long-sleeved shirts with "USA" printed on the chest and black pants.
Person 4 (Referees): Description: Men wearing black and white referee shirts and black pants.
Person 5 (Coach): Description: Man wearing a navy blue polo shirt with a white Nike checkmark logo.
Person 6 (Spectators): Description: Diverse crowd of people watching the basketball game, some holding American and Australian flags.

SCENES:
Scene 1 (Studio Setting): Description: A man in a black suit standing in front of a white wall with a logo and the text "SINGTEL" written in black letters. [Frame 1]
Scene 2 (Basketball Arena): Description: Basketball court with players and spectators in the stands during the London 2012 Olympics. [Frame 2-7185]
Scene 3 (Hallway/Corridor): Description: A man wearing a yellow jersey with green trim is high-fiving other men in a hallway or corridor. [Frame 61]
Scene 4 (Empty Basketball Court): Description: An empty basketball court at the London 2012 Olympics, surrounded by a packed arena with spectators. [Frame 5551]

EVENTS:
Event 1 (Basketball Game): Description: The USA basketball team is playing against the Australian team on a basketball court at the London 2012 Olympics. [Frame 2-7185]
Event 2 (National Anthem): Description: The USA basketball team is standing on the court with their right hands on their chests during the national anthem. [Frame 2447-2467]
Event 3 (Celebration): Description: The Australian basketball team is celebrating on the court after a game. [Frame 57-98]
Event 4 (Handshake): Description: The players from the USA and Australia teams are shaking hands with each other on the basketball court. [Frame 64, 7110]
Event 5 (Free Throw): Description: A basketball player is shooting a free throw during a game between the USA and Australia. [Frame 3357-3360, 5445-5449]

================================================================================
Generated at: 2026-01-11 21:46:32
================================================================================



QUESTION-BASED CRITERIA:
  Q1. Player in white uniform with number 13 visible
  Q2. Player taking a three-point shot (jumping, shooting motion)
  Q3. Basketball missing the hoop (not going through net)
  Q4. Another player grabbing the rebound (catching the ball after bounce)
  Q5. Action occurs on basketball court during game play
  Q6. Rebounding player's number or identity is visible


CRITICAL ASSESSMENT TASK:
For EACH criterion listed above, determine whether it PASSES or FAILS based ONLY on what the VLM actually reports seeing in the frames.

- PASS: The VLM results clearly confirm this criterion is satisfied in the frames
- FAIL: The VLM results indicate this criterion is NOT satisfied, or there is insufficient evidence

CONFIDENCE CALCULATION RULES:
1. Count how many criteria pass (criteria_percentage = criteria_passed / 6)
2. Calculate base_confidence = criteria_percentage * 100
3. ⚠️ If ANY answer-specific criterion (A1, A2, etc.) FAILS, set confidence = min(50, base_confidence)

⚠️ CRITICAL: There is ALWAYS a correct answer among the choices provided. If all answers seem slightly off or imperfect, you MUST choose the BEST possible answer that most closely matches the evidence.

CRITIC ANSWER CHOICE DECISION:
4. After evaluating criteria, if criteria_percentage > 0.5 (>50% of criteria pass):
   - Review ALL answer choices (A, B, C, D, etc.)
   - Based ONLY on the VLM visual evidence, determine which answer choice is MOST correct
   - Output your critic_answer_choice as a NUMBER (0=A, 1=B, 2=C, 3=D)
5. If criteria_percentage ≤ 0.5 (≤50% of criteria pass):
   - STILL do your best to pick out a correct answer, but also set suggestion to "These may not be the right frames/scene. Continue searching for better evidence."
   - output your best guess of the answer as a number (0=A, 1=B, 2=C, 3=D, 4=E)

Return ONLY this JSON:
{
    "criteria_results": [
        {"criterion": "criterion text", "criterion_type": "QUESTION or ANSWER", "status": "PASS or FAIL", "reasoning": "brief explanation"},
        ...
    ],
    "question_criteria_passed": <number of question criteria that passed>,
    "answer_criteria_passed": <number of answer criteria that passed>,
    "answer_criteria_total": 0,
    "criteria_passed": <number of question criteria that passed>,
    "criteria_total": 6,
    "criteria_percentage": <criteria_passed / 6>,
    "base_confidence": <(criteria_passed / 6) * 100>,
    "confidence": <base_confidence OR 50 if any answer criterion failed>,
    "critic_answer_choice": <NUMBER: 0=A, 1=B, 2=C, 3=D, 4=E>,
    "critic_reasoning": "<Brief explanation of why you chose this answer based on VLM evidence>",
    "possible_errors": [
        <List specific criteria that failed or issues found>
    ],
    "suggestion": <"These may not be the right frames" if ≤50%, otherwise null or specific improvement>
}

IMPORTANT RULES:
- Evaluate EACH criterion independently based on VLM results
- Mark criterion as PASS only if VLM clearly confirms it
- Mark criterion as FAIL if not confirmed or contradicted
- If ANY answer-specific criterion fails, confidence MUST be ≤50%
- Base evaluation ONLY on VLM verification results, not speculation
- Only list errors for criteria that actually failed
- Return ONLY valid JSON

Critical assessment response: ```json
{
    "criteria_results": [
        {
            "criterion": "Player in white uniform with number 13 visible",
            "criterion_type": "QUESTION",
            "status": "PASS",
            "reasoning": "VLM confirms player #13 in white uniform is visible taking a shot in Frame 13"
        },
        {
            "criterion": "Player taking a three-point shot (jumping, shooting motion)",
            "criterion_type": "QUESTION",
            "status": "PASS",
            "reasoning": "VLM confirms player #13 is in mid-air with shooting motion, suggesting three-point attempt"
        },
        {
            "criterion": "Basketball missing the hoop (not going through net)",
            "criterion_type": "QUESTION",
            "status": "PASS",
            "reasoning": "VLM confirms ball bounces off rim in Frame 14, satisfying miss condition"
        },
        {
            "criterion": "Another player grabbing the rebound (catching the ball after bounce)",
            "criterion_type": "QUESTION",
            "status": "PASS",
            "reasoning": "VLM confirms player #4 jumps and catches the ball after bounce in Frame 15"
        },
        {
            "criterion": "Action occurs on basketball court during game play",
            "criterion_type": "QUESTION",
            "status": "PASS",
            "reasoning": "VLM confirms all frames show active gameplay on Olympic basketball court"
        },
        {
            "criterion": "Rebounding player's number or identity is visible",
            "criterion_type": "QUESTION",
            "status": "PASS",
            "reasoning": "VLM confirms rebounding player shows #4 and name 'CHANDLER' in Frame 16"
        }
    ],
    "question_criteria_passed": 6,
    "answer_criteria_passed": 0,
    "answer_criteria_total": 0,
    "criteria_passed": 6,
    "criteria_total": 6,
    "criteria_percentage": 1.0,
    "base_confidence": 100,
    "confidence": 100,
    "critic_answer_choice": 2,
    "critic_reasoning": "The VLM clearly identifies Tyson Chandler (#4) as the player who grabs the rebound, not Deron Williams (#2). The visual evidence shows Chandler's number and name clearly visible in the frames.",
    "possible_errors": [],
    "suggestion": null
}
```
Critical assessment data: {'criteria_results': [{'criterion': 'Player in white uniform with number 13 visible', 'criterion_type': 'QUESTION', 'status': 'PASS', 'reasoning': 'VLM confirms player #13 in white uniform is visible taking a shot in Frame 13'}, {'criterion': 'Player taking a three-point shot (jumping, shooting motion)', 'criterion_type': 'QUESTION', 'status': 'PASS', 'reasoning': 'VLM confirms player #13 is in mid-air with shooting motion, suggesting three-point attempt'}, {'criterion': 'Basketball missing the hoop (not going through net)', 'criterion_type': 'QUESTION', 'status': 'PASS', 'reasoning': 'VLM confirms ball bounces off rim in Frame 14, satisfying miss condition'}, {'criterion': 'Another player grabbing the rebound (catching the ball after bounce)', 'criterion_type': 'QUESTION', 'status': 'PASS', 'reasoning': 'VLM confirms player #4 jumps and catches the ball after bounce in Frame 15'}, {'criterion': 'Action occurs on basketball court during game play', 'criterion_type': 'QUESTION', 'status': 'PASS', 'reasoning': 'VLM confirms all frames show active gameplay on Olympic basketball court'}, {'criterion': "Rebounding player's number or identity is visible", 'criterion_type': 'QUESTION', 'status': 'PASS', 'reasoning': "VLM confirms rebounding player shows #4 and name 'CHANDLER' in Frame 16"}], 'question_criteria_passed': 6, 'answer_criteria_passed': 0, 'answer_criteria_total': 0, 'criteria_passed': 6, 'criteria_total': 6, 'criteria_percentage': 1.0, 'base_confidence': 100, 'confidence': 100, 'critic_answer_choice': 2, 'critic_reasoning': "The VLM clearly identifies Tyson Chandler (#4) as the player who grabs the rebound, not Deron Williams (#2). The visual evidence shows Chandler's number and name clearly visible in the frames.", 'possible_errors': [], 'suggestion': None}
