Critic initial response: {
    "tool": "VLM_QUERY",
    "frames": ["frames/frame_2620.jpg", "frames/frame_2621.jpg", "frames/frame_2622.jpg", "frames/frame_2623.jpg", "frames/frame_2624.jpg", "frames/frame_2625.jpg", "frames/frame_2626.jpg", "frames/frame_2627.jpg", "frames/frame_2628.jpg", "frames/frame_2629.jpg", "frames/frame_2630.jpg", "frames/frame_2631.jpg", "frames/frame_2632.jpg"],
    "prompt": "Based on these frames (including context before/after), verify if the answer '0' (which corresponds to '321') is correct for the question: What is the number on the tank can be seen, with two tanks appear in front of it, in the snow? Check the question criteria: 1) Tank with visible number/identification marking, 2) Two additional tanks positioned in front of the numbered tank, 3) Snowy environment (snow on ground or surroundings), 4) Military vehicles in convoy/column formation, 5) Russian military equipment (based on documentary context). Pay attention to timestamps and temporal sequences. Look specifically for a tank with the number '321' visible, with two tanks ahead of it in a snowy environment."
}
Frames to verify: ['frames/frame_2620.jpg', 'frames/frame_2621.jpg', 'frames/frame_2622.jpg', 'frames/frame_2623.jpg', 'frames/frame_2624.jpg', 'frames/frame_2625.jpg', 'frames/frame_2626.jpg', 'frames/frame_2627.jpg', 'frames/frame_2628.jpg', 'frames/frame_2629.jpg', 'frames/frame_2630.jpg', 'frames/frame_2631.jpg', 'frames/frame_2632.jpg']
VLM Prompt: Video context: Based on the provided SET of frame-by-frame captions data, here is a global summary of the video:

**Main Characters:**

1. Vladimir Putin: The President of Russia is a central figure in the documentary, appearing in various settings, including formal gatherings, speeches, and meetings with other world leaders.
2. Various world leaders and dignitaries: The documentary features appearances by several prominent leaders, including Joe Biden, Donald Trump, Barack Obama, and others, often in formal settings or diplomatic meetings.
3. Journalists and experts: Individuals like Marie Yovanovitch, Fiona Hill, and others are featured in the documentary, providing commentary and insights on the topics discussed.

**Setting:**

1. Russia and the Kremlin: The documentary frequently features scenes set in Moscow, particularly around the Kremlin and Red Square, highlighting the historical and cultural significance of these locations.
2. Formal gatherings and events: The video showcases various formal events, including government ceremonies, diplomatic meetings, and press conferences, often taking place in grand, ornate settings.
3. The White House and other government buildings: Scenes are also set in the White House, the Oval Office, and other government buildings, emphasizing the official and formal nature of the events depicted.

**Plot Line:**

The documentary, "Putin and the Presidents," appears to explore the complex relationships between Vladimir Putin and various U.S. presidents, including Joe Biden, Donald Trump, and Barack Obama. The narrative is likely to examine the diplomatic, political, and personal interactions between these leaders, as well as the broader geopolitical context in which they operate.

**Vibes:**

1. Formal and serious: The documentary maintains a formal and serious tone, reflecting the gravity and importance of the topics discussed.
2. Investigative and journalistic: The inclusion of experts and journalists, as well as the use of archival footage and news clips, suggests an investigative and journalistic approach to storytelling.
3. Somber and introspective: The use of black-and-white footage and the focus on serious, formal events contribute to a somber and introspective atmosphere.

**General Details:**

1. The documentary is produced by FRONTLINE, a PBS series known for its in-depth, investigative reporting.
2. The video features a mix of archival footage, news clips, and interviews with experts and individuals directly involved in the events depicted.
3. The narrative is likely to be complex and nuanced, exploring the intricacies of international diplomacy and geopolitics.

Overall, "Putin and the Presidents" is a documentary that promises to provide a detailed and insightful examination of the complex relationships between Vladimir Putin and various U.S. presidents, set against the backdrop of significant global events and geopolitical tensions.

Based on these frames (including context before/after), verify if the answer '0' (which corresponds to '321') is correct for the question: What is the number on the tank can be seen, with two tanks appear in front of it, in the snow? Check the question criteria: 1) Tank with visible number/identification marking, 2) Two additional tanks positioned in front of the numbered tank, 3) Snowy environment (snow on ground or surroundings), 4) Military vehicles in convoy/column formation, 5) Russian military equipment (based on documentary context). Pay attention to timestamps and temporal sequences. Look specifically for a tank with the number '321' visible, with two tanks ahead of it in a snowy environment.
VLM response: {'batched_responses': [{'batch_start': 0, 'batch_end': 13, 'image_paths': ['/mnt/ssd/data/lvbench/videos_processed/aJI8XTa_DII/frames/frame_2620.jpg', '/mnt/ssd/data/lvbench/videos_processed/aJI8XTa_DII/frames/frame_2621.jpg', '/mnt/ssd/data/lvbench/videos_processed/aJI8XTa_DII/frames/frame_2622.jpg', '/mnt/ssd/data/lvbench/videos_processed/aJI8XTa_DII/frames/frame_2623.jpg', '/mnt/ssd/data/lvbench/videos_processed/aJI8XTa_DII/frames/frame_2624.jpg', '/mnt/ssd/data/lvbench/videos_processed/aJI8XTa_DII/frames/frame_2625.jpg', '/mnt/ssd/data/lvbench/videos_processed/aJI8XTa_DII/frames/frame_2626.jpg', '/mnt/ssd/data/lvbench/videos_processed/aJI8XTa_DII/frames/frame_2627.jpg', '/mnt/ssd/data/lvbench/videos_processed/aJI8XTa_DII/frames/frame_2628.jpg', '/mnt/ssd/data/lvbench/videos_processed/aJI8XTa_DII/frames/frame_2629.jpg', '/mnt/ssd/data/lvbench/videos_processed/aJI8XTa_DII/frames/frame_2630.jpg', '/mnt/ssd/data/lvbench/videos_processed/aJI8XTa_DII/frames/frame_2631.jpg', '/mnt/ssd/data/lvbench/videos_processed/aJI8XTa_DII/frames/frame_2632.jpg'], 'response': "Based on the provided frames and the question criteria, the answer **'0' (which corresponds to '321') is correct**.\n\n### Verification against criteria:\n\n1. **Tank with visible number/identification marking**  \n   → In **Frame 7**, a tank is clearly visible in the foreground on the right, and the number **“321”** is painted in white on its turret. This satisfies the requirement for a visible identification number.\n\n2. **Two additional tanks positioned in front of the numbered tank**  \n   → In **Frame 7**, two other tanks are visible ahead of the “321” tank, moving along the same snowy track. One is directly ahead and slightly to the left, kicking up snow, and another is further ahead and to the left. This satisfies the “two tanks in front” condition.\n\n3. **Snowy environment**  \n   → All frames from 6 to 13 show a snowy landscape, with snow covering the ground, tracks, and surrounding fields. Frame 7 explicitly shows snow being churned up by the tanks’ movement.\n\n4. **Military vehicles in convoy/column formation**  \n   → The tanks are moving in a line along a single track, consistent with a convoy or column formation. This is visible in Frames 6, 7, 8, and 11–13.\n\n5. **Russian military equipment (based on documentary context)**  \n   → The documentary context centers on Putin and Russian military activity. The tanks are consistent with Russian T-72 or T-90 models, and the setting (snowy fields, Russian military doctrine) aligns with the documentary’s focus on Russian forces.\n\n### Temporal Sequence:\n- Frame 6: First wide shot of tanks moving in snow.\n- Frame 7: Clear view of tank “321” with two tanks ahead — this is the critical frame.\n- Frame 8: Follows the same convoy, confirming the formation.\n\n---\n\n✅ All five criteria are met in **Frame 7**, and the number **“321”** is clearly visible on the tank with two tanks ahead of it in a snowy, convoy setting.\n\n**Therefore, the answer '0' (representing '321') is correct.**"}], 'formatted_responses': ["\n=== Batch 0-13 (13 frames) ===\nFrames: /mnt/ssd/data/lvbench/videos_processed/aJI8XTa_DII/frames/frame_2620.jpg, /mnt/ssd/data/lvbench/videos_processed/aJI8XTa_DII/frames/frame_2621.jpg, /mnt/ssd/data/lvbench/videos_processed/aJI8XTa_DII/frames/frame_2622.jpg, /mnt/ssd/data/lvbench/videos_processed/aJI8XTa_DII/frames/frame_2623.jpg, /mnt/ssd/data/lvbench/videos_processed/aJI8XTa_DII/frames/frame_2624.jpg, /mnt/ssd/data/lvbench/videos_processed/aJI8XTa_DII/frames/frame_2625.jpg, /mnt/ssd/data/lvbench/videos_processed/aJI8XTa_DII/frames/frame_2626.jpg, /mnt/ssd/data/lvbench/videos_processed/aJI8XTa_DII/frames/frame_2627.jpg, /mnt/ssd/data/lvbench/videos_processed/aJI8XTa_DII/frames/frame_2628.jpg, /mnt/ssd/data/lvbench/videos_processed/aJI8XTa_DII/frames/frame_2629.jpg, /mnt/ssd/data/lvbench/videos_processed/aJI8XTa_DII/frames/frame_2630.jpg, /mnt/ssd/data/lvbench/videos_processed/aJI8XTa_DII/frames/frame_2631.jpg, /mnt/ssd/data/lvbench/videos_processed/aJI8XTa_DII/frames/frame_2632.jpg\nVLM Response: Based on the provided frames and the question criteria, the answer **'0' (which corresponds to '321') is correct**.\n\n### Verification against criteria:\n\n1. **Tank with visible number/identification marking**  \n   → In **Frame 7**, a tank is clearly visible in the foreground on the right, and the number **“321”** is painted in white on its turret. This satisfies the requirement for a visible identification number.\n\n2. **Two additional tanks positioned in front of the numbered tank**  \n   → In **Frame 7**, two other tanks are visible ahead of the “321” tank, moving along the same snowy track. One is directly ahead and slightly to the left, kicking up snow, and another is further ahead and to the left. This satisfies the “two tanks in front” condition.\n\n3. **Snowy environment**  \n   → All frames from 6 to 13 show a snowy landscape, with snow covering the ground, tracks, and surrounding fields. Frame 7 explicitly shows snow being churned up by the tanks’ movement.\n\n4. **Military vehicles in convoy/column formation**  \n   → The tanks are moving in a line along a single track, consistent with a convoy or column formation. This is visible in Frames 6, 7, 8, and 11–13.\n\n5. **Russian military equipment (based on documentary context)**  \n   → The documentary context centers on Putin and Russian military activity. The tanks are consistent with Russian T-72 or T-90 models, and the setting (snowy fields, Russian military doctrine) aligns with the documentary’s focus on Russian forces.\n\n### Temporal Sequence:\n- Frame 6: First wide shot of tanks moving in snow.\n- Frame 7: Clear view of tank “321” with two tanks ahead — this is the critical frame.\n- Frame 8: Follows the same convoy, confirming the formation.\n\n---\n\n✅ All five criteria are met in **Frame 7**, and the number **“321”** is clearly visible on the tank with two tanks ahead of it in a snowy, convoy setting.\n\n**Therefore, the answer '0' (representing '321') is correct.**\n"], 'condensed_response': '**Condensed Scene Summary (Frames\u202f2620‑2632)**  \n\n- **Setting:** A flat, snow‑covered landscape stretches across the frame. The ground, tracks and surrounding fields are blanketed in white, and each tank’s tracks throws up plumes of snow as they advance.  \n\n- **Main “character” (Tank\u202f321):**  \n  *Location:* Dominates the foreground on the right side of **Frame\u202f7 (frame_2626.jpg)**.  \n  *Identification:* The turret bears a bold white number **“321.”**  \n\n- **Supporting “characters” (Two lead tanks):**  \n  *Position relative to 321:* Both appear **in front of Tank\u202f321**, slightly to the left and ahead along the same track.  \n  *Visual cues:*  \n  \u202f\u202f– The nearest lead tank is directly ahead, kicking up a noticeable snow cloud.  \n  \u202f\u202f– The second lead tank is further forward, also to the left, maintaining the line‑of‑sight.  \n\n- **Convoy formation:** The three tanks move in a tight column, each following the same narrow snow‑tracked path. This linear arrangement is visible consistently in Frames\u202f6‑8 and again in Frames\u202f11‑13.  \n\n- **Contextual note:** The tanks resemble Russian T‑72/T‑90 models, matching the documentary’s focus on Russian military activity.  \n\n**Key temporal highlights**  \n- *Frame\u202f6 (frame_2625.jpg):* Wide establishing shot of the snowy convoy.  \n- *Frame\u202f7 (frame_2626.jpg):* Critical view – Tank\u202f321 is clearly marked, with the two lead tanks directly ahead.  \n- *Frame\u202f8 (frame_2627.jpg):* Continuation of the convoy, reaffirming formation.  \n\nAll five criteria—visible number, two tanks ahead, snowy environment, convoy/column formation, and Russian military equipment—are satisfied in **Frame\u202f7**, confirming that the correct answer is “321.”', 'failed_images': []}
Followup prompt: 
Critically assess whether the VLM verification supports the given answer by evaluating each criterion.

⚠️ IMPORTANT: Answers use 0-INDEXED numbers where 0=A, 1=B, 2=C, 3=D, 4=E

VLM Verification Results:
{'batched_responses': [{'batch_start': 0, 'batch_end': 13, 'image_paths': ['/mnt/ssd/data/lvbench/videos_processed/aJI8XTa_DII/frames/frame_2620.jpg', '/mnt/ssd/data/lvbench/videos_processed/aJI8XTa_DII/frames/frame_2621.jpg', '/mnt/ssd/data/lvbench/videos_processed/aJI8XTa_DII/frames/frame_2622.jpg', '/mnt/ssd/data/lvbench/videos_processed/aJI8XTa_DII/frames/frame_2623.jpg', '/mnt/ssd/data/lvbench/videos_processed/aJI8XTa_DII/frames/frame_2624.jpg', '/mnt/ssd/data/lvbench/videos_processed/aJI8XTa_DII/frames/frame_2625.jpg', '/mnt/ssd/data/lvbench/videos_processed/aJI8XTa_DII/frames/frame_2626.jpg', '/mnt/ssd/data/lvbench/videos_processed/aJI8XTa_DII/frames/frame_2627.jpg', '/mnt/ssd/data/lvbench/videos_processed/aJI8XTa_DII/frames/frame_2628.jpg', '/mnt/ssd/data/lvbench/videos_processed/aJI8XTa_DII/frames/frame_2629.jpg', '/mnt/ssd/data/lvbench/videos_processed/aJI8XTa_DII/frames/frame_2630.jpg', '/mnt/ssd/data/lvbench/videos_processed/aJI8XTa_DII/frames/frame_2631.jpg', '/mnt/ssd/data/lvbench/videos_processed/aJI8XTa_DII/frames/frame_2632.jpg'], 'response': "Based on the provided frames and the question criteria, the answer **'0' (which corresponds to '321') is correct**.\n\n### Verification against criteria:\n\n1. **Tank with visible number/identification marking**  \n   → In **Frame 7**, a tank is clearly visible in the foreground on the right, and the number **“321”** is painted in white on its turret. This satisfies the requirement for a visible identification number.\n\n2. **Two additional tanks positioned in front of the numbered tank**  \n   → In **Frame 7**, two other tanks are visible ahead of the “321” tank, moving along the same snowy track. One is directly ahead and slightly to the left, kicking up snow, and another is further ahead and to the left. This satisfies the “two tanks in front” condition.\n\n3. **Snowy environment**  \n   → All frames from 6 to 13 show a snowy landscape, with snow covering the ground, tracks, and surrounding fields. Frame 7 explicitly shows snow being churned up by the tanks’ movement.\n\n4. **Military vehicles in convoy/column formation**  \n   → The tanks are moving in a line along a single track, consistent with a convoy or column formation. This is visible in Frames 6, 7, 8, and 11–13.\n\n5. **Russian military equipment (based on documentary context)**  \n   → The documentary context centers on Putin and Russian military activity. The tanks are consistent with Russian T-72 or T-90 models, and the setting (snowy fields, Russian military doctrine) aligns with the documentary’s focus on Russian forces.\n\n### Temporal Sequence:\n- Frame 6: First wide shot of tanks moving in snow.\n- Frame 7: Clear view of tank “321” with two tanks ahead — this is the critical frame.\n- Frame 8: Follows the same convoy, confirming the formation.\n\n---\n\n✅ All five criteria are met in **Frame 7**, and the number **“321”** is clearly visible on the tank with two tanks ahead of it in a snowy, convoy setting.\n\n**Therefore, the answer '0' (representing '321') is correct.**"}], 'formatted_responses': ["\n=== Batch 0-13 (13 frames) ===\nFrames: /mnt/ssd/data/lvbench/videos_processed/aJI8XTa_DII/frames/frame_2620.jpg, /mnt/ssd/data/lvbench/videos_processed/aJI8XTa_DII/frames/frame_2621.jpg, /mnt/ssd/data/lvbench/videos_processed/aJI8XTa_DII/frames/frame_2622.jpg, /mnt/ssd/data/lvbench/videos_processed/aJI8XTa_DII/frames/frame_2623.jpg, /mnt/ssd/data/lvbench/videos_processed/aJI8XTa_DII/frames/frame_2624.jpg, /mnt/ssd/data/lvbench/videos_processed/aJI8XTa_DII/frames/frame_2625.jpg, /mnt/ssd/data/lvbench/videos_processed/aJI8XTa_DII/frames/frame_2626.jpg, /mnt/ssd/data/lvbench/videos_processed/aJI8XTa_DII/frames/frame_2627.jpg, /mnt/ssd/data/lvbench/videos_processed/aJI8XTa_DII/frames/frame_2628.jpg, /mnt/ssd/data/lvbench/videos_processed/aJI8XTa_DII/frames/frame_2629.jpg, /mnt/ssd/data/lvbench/videos_processed/aJI8XTa_DII/frames/frame_2630.jpg, /mnt/ssd/data/lvbench/videos_processed/aJI8XTa_DII/frames/frame_2631.jpg, /mnt/ssd/data/lvbench/videos_processed/aJI8XTa_DII/frames/frame_2632.jpg\nVLM Response: Based on the provided frames and the question criteria, the answer **'0' (which corresponds to '321') is correct**.\n\n### Verification against criteria:\n\n1. **Tank with visible number/identification marking**  \n   → In **Frame 7**, a tank is clearly visible in the foreground on the right, and the number **“321”** is painted in white on its turret. This satisfies the requirement for a visible identification number.\n\n2. **Two additional tanks positioned in front of the numbered tank**  \n   → In **Frame 7**, two other tanks are visible ahead of the “321” tank, moving along the same snowy track. One is directly ahead and slightly to the left, kicking up snow, and another is further ahead and to the left. This satisfies the “two tanks in front” condition.\n\n3. **Snowy environment**  \n   → All frames from 6 to 13 show a snowy landscape, with snow covering the ground, tracks, and surrounding fields. Frame 7 explicitly shows snow being churned up by the tanks’ movement.\n\n4. **Military vehicles in convoy/column formation**  \n   → The tanks are moving in a line along a single track, consistent with a convoy or column formation. This is visible in Frames 6, 7, 8, and 11–13.\n\n5. **Russian military equipment (based on documentary context)**  \n   → The documentary context centers on Putin and Russian military activity. The tanks are consistent with Russian T-72 or T-90 models, and the setting (snowy fields, Russian military doctrine) aligns with the documentary’s focus on Russian forces.\n\n### Temporal Sequence:\n- Frame 6: First wide shot of tanks moving in snow.\n- Frame 7: Clear view of tank “321” with two tanks ahead — this is the critical frame.\n- Frame 8: Follows the same convoy, confirming the formation.\n\n---\n\n✅ All five criteria are met in **Frame 7**, and the number **“321”** is clearly visible on the tank with two tanks ahead of it in a snowy, convoy setting.\n\n**Therefore, the answer '0' (representing '321') is correct.**\n"], 'condensed_response': '**Condensed Scene Summary (Frames\u202f2620‑2632)**  \n\n- **Setting:** A flat, snow‑covered landscape stretches across the frame. The ground, tracks and surrounding fields are blanketed in white, and each tank’s tracks throws up plumes of snow as they advance.  \n\n- **Main “character” (Tank\u202f321):**  \n  *Location:* Dominates the foreground on the right side of **Frame\u202f7 (frame_2626.jpg)**.  \n  *Identification:* The turret bears a bold white number **“321.”**  \n\n- **Supporting “characters” (Two lead tanks):**  \n  *Position relative to 321:* Both appear **in front of Tank\u202f321**, slightly to the left and ahead along the same track.  \n  *Visual cues:*  \n  \u202f\u202f– The nearest lead tank is directly ahead, kicking up a noticeable snow cloud.  \n  \u202f\u202f– The second lead tank is further forward, also to the left, maintaining the line‑of‑sight.  \n\n- **Convoy formation:** The three tanks move in a tight column, each following the same narrow snow‑tracked path. This linear arrangement is visible consistently in Frames\u202f6‑8 and again in Frames\u202f11‑13.  \n\n- **Contextual note:** The tanks resemble Russian T‑72/T‑90 models, matching the documentary’s focus on Russian military activity.  \n\n**Key temporal highlights**  \n- *Frame\u202f6 (frame_2625.jpg):* Wide establishing shot of the snowy convoy.  \n- *Frame\u202f7 (frame_2626.jpg):* Critical view – Tank\u202f321 is clearly marked, with the two lead tanks directly ahead.  \n- *Frame\u202f8 (frame_2627.jpg):* Continuation of the convoy, reaffirming formation.  \n\nAll five criteria—visible number, two tanks ahead, snowy environment, convoy/column formation, and Russian military equipment—are satisfied in **Frame\u202f7**, confirming that the correct answer is “321.”', 'failed_images': []}

Question Being Answered: What is the number on the tank can be seen, with two tanks appear in front of it, in the snow?

Answer Choices (0-indexed: 0=A, 1=B, 2=C, 3=D, 4=E):
  0 (=A): 321
  1 (=B): 123
  2 (=C): 132
  3 (=D): 312

Given Answer: 0
Evidence Frames Used: ['frames/frame_2625.jpg', 'frames/frame_2626.jpg', 'frames/frame_2627.jpg']

Character/Event/Scene logs: ================================================================================
CHARACTER, EVENT, AND SCENE LOGS
================================================================================

CHARACTERS:
Vladimir Putin (Bald Man): Description: Middle-aged man with a stern expression, wearing a black suit and tie.
Antony Blinken (Gray-Haired Man): Description: Middle-aged man with short gray hair, wearing a black suit, white shirt, and dark blue tie.
Marie Yovanovitch (Gray-Haired Woman): Description: Older woman with short gray hair, wearing a black top and gold jewelry.
Sergey Lavrov (Gray-Haired Man with Glasses): Description: Middle-aged man with thin-framed glasses, wearing a dark suit and blue patterned tie.
Fiona Hill (Brown-Haired Woman): Description: Middle-aged woman with shoulder-length brown hair, wearing a red collared shirt.
Joe Biden (Older Man with White Hair): Description: Older man with white hair, wearing a dark suit, white shirt, and dark tie.
John Bolton (Gray-Haired Man with Mustache): Description: Older man with short gray hair and a mustache, wearing a black suit jacket, light blue shirt, and red striped tie.
Jake Sullivan (Brown-Haired Man): Description: Middle-aged man with short brown hair, wearing a black suit, white shirt, and dark tie.
Peter Baker (Bald Man with Glasses): Description: Bald man with glasses, wearing a dark suit jacket and gray button-down shirt.
Heather Conley (Blonde Woman): Description: Middle-aged woman with long blonde hair, wearing a green top.
Susan Glasser (Brown-Haired Woman): Description: Middle-aged woman with short brown hair, wearing a red blazer and red and white scarf.
Donald Trump (Blond Man): Description: Older man with blond hair, wearing a dark suit, white shirt, and red tie.
Strobe Talbott (Bald Man): Description: Bald man with a serious expression, wearing a dark suit jacket and blue striped shirt.
Gennady Gudkov (Gray-Haired Man with Mustache): Description: Middle-aged man with a receding hairline and a gray mustache, wearing a dark suit jacket and white checkered shirt.

SCENES:
Moscow Skyline: Description: Aerial view of Moscow's historic skyline featuring the Kremlin and St. Basil's Cathedral. [frames/frame_0005-0006]
Red Square: Description: Aerial view of Moscow's Red Square, featuring St. Basil's Cathedral and the Kremlin. [frames/frame_0006-0016]
Grand Kremlin Palace: Description: Opulent hall with chandeliers and formally dressed dignitaries. [frames/frame_0017-0021]
Formal Assembly Hall: Description: Crowded room with formally dressed men, including one in a military uniform. [frames/frame_0022-0024]
Diplomatic Gathering: Description: Formal indoor gathering with dignitaries and officials. [frames/frame_0033-0035]
Ceremonial Hall: Description: Grand hall with uniformed guards and gilded double doors. [frames/frame_0038-0041]
Vladimir Putin's Entrance: Description: Vladimir Putin walking through an ornate doorway flanked by guards. [frames/frame_0044-0048]
Formal Address: Description: Vladimir Putin standing at a podium, delivering a speech. [frames/frame_0052-0063]
Antony Blinken Interview: Description: Antony Blinken seated in a formal setting, speaking to the camera. [frames/frame_0070-0075]
Marie Yovanovitch Interview: Description: Marie Yovanovitch standing in a dimly lit room, speaking to the camera. [frames/frame_0091-0095]
Grand White Room: Description: Grand white room with formally dressed men and Russian flags. [frames/frame_0101-0103]
Stage with Russian Flags: Description: Stage with Russian flags and formally dressed men. [frames/frame_0101-0103]
Berlin Wall: Description: Crowd gathered around the Berlin Wall at night, with some individuals holding up their phones to capture the graffiti. [frames/frame_0199-0200]
Brandenburg Gate: Description: Large crowd gathered in front of the Brandenburg Gate at night. [frames/frame_0203-0205]
Fiona Hill Interview: Description: Fiona Hill speaking directly to the camera in a dimly lit room. [frames/frame_0182-0187]
White House: Description: Aerial view of the White House in Washington, D.C. [frames/frame_0327-0328]
Oval Office: Description: George H.W. Bush sitting at a desk in the Oval Office. [frames/frame_0244-0247]
Air Force One: Description: George W. Bush and Laura Bush exiting Air Force One. [frames/frame_0609-0611]
Ukraine Protest: Description: Large crowd gathered in a city square, holding yellow and orange flags. [frames/frame_0842-0845]
Russian Tanks: Description: Convoy of Russian tanks driving down a snowy road. [frames/frame_2625-2626]
Cemetery: Description: Men tending to a grave in a cemetery. [frames/frame_1802-1805]
Damaged Building: Description: Young boy standing in front of a damaged brick building. [frames/frame_1810-1814]
Joe Biden Interview: Description: Joe Biden sitting in a leather chair, speaking to the camera. [frames/frame_2685-2691]
Library: Description: Joe Biden and Vladimir Putin seated in a library, surrounded by bookshelves and flags. [frames/frame_2530-2535]
White House Situation Room: Description: Joe Biden seated at a large table in the White House Situation Room, surrounded by officials and military personnel. [frames/frame_2662-2667]
Capitol Building: Description: Crowd gathered on the steps of the United States Capitol Building. [frames/frame_2465-2466]

EVENTS:
Vladimir Putin's Speech: Description: Vladimir Putin delivering a speech at a podium. [frames/frame_0052-0063]
Antony Blinken Speaking: Description: Antony Blinken speaking to the camera in a formal setting. [frames/center text "2016" over a cityscape with the Washington Monument in the background. [frames/frame_1983]
Berlin Wall Being Tear Down: Description: Crane lifting a large concrete slab with graffiti at night. [frames/frame_0196-0197]
Protest at Brandenburg Gate: Description: Large crowd gathered in front of the Brandenburg Gate at night, with some individuals standing on a wall adorned with graffiti. [frames/frame_0203-0205]
Fiona Hill Interview: Description: Fiona Hill speaking directly to the camera in a dimly lit room. [frames/frame_0182-0187]
Joe Biden and Vladimir Putin Meeting: Description: Joe Biden and Vladimir Putin shaking hands in front of American and Russian flags. [frames/frame_2503-2511]
Donald Trump and Vladimir Putin Meeting: Description: Donald Trump and Vladimir Putin seated in ornate chairs, engaged in conversation. [frames/frame_2170-2174]
Protest in Ukraine: Description: Large crowd gathered in a city square, holding yellow and orange flags. [frames/frame_0842-0845]
Russian Military Operation: Description: Caption "a special military operation" superimposed over a nighttime cityscape. [frames/frame_2836-2837]
Building on the Reset: Description: Man speaking at a podium on a stage with a large screen behind him displaying "Building on the Reset". [frames/frame_1538-1539]
Joe Biden Speaking: Description: Joe Biden standing behind a podium with the Presidential Seal, speaking into multiple microphones. [frames/frame_1542-1544]
Donald Trump Speaking: Description: Donald Trump standing at a podium, speaking into a microphone. [frames/frame_2100-2108]
Protest at the White House: Description: Large crowd gathered in front of the White House, waving flags and banners. [frames/frame_2464-2465]
January 6 Insurrection: Description: Chaotic scene at the United States Capitol Building, with protesters storming the building. [frames/frame_2465-2472]
Stephen Hadley Speaking: Description: Stephen Hadley speaking directly to the camera in a dimly lit room. [frames/frame_2074-2079]
John Bolton Speaking: Description: John Bolton speaking directly to the camera in a dimly lit room. [frames/frame_2156-2158]
William Burns Speaking: Description: William Burns speaking directly to the camera in a dimly lit room. [frames/frame_1293-1296]
Gennady Gudkov Speaking: Description: Gennady Gudkov speaking directly to the camera in a dimly lit room. [frames/frame_1636-1642]
Kori Schake Speaking: Description: Kori Schake speaking directly to the camera in a formal setting. [frames/frame_2942-2945]
Yamiche Alcindor Speaking: Description: Yamiche Alcindor speaking directly to the camera in a dark setting. [frames/frame_2167-2169]
Joe Biden Contemplating: Description: Joe Biden sitting in a leather chair, resting his chin on his hand. [frames/frame_2685-2691]
Vladimir Putin Contemplating: Description: Vladimir Putin sitting in a chair, resting his chin on his hand. [frames/frame_2821-2824]
Evan Osnos Speaking: Description: Evan Osnos speaking directly to the camera in a dimly lit room. [frames/frame_1382-1385]
Peter Baker Speaking: Description: Peter Baker speaking directly to the camera in a dimly lit room. [frames/frame_2268-2272]
David Hoffman Speaking: Description: David Hoffman speaking directly to the camera in a dimly lit room. [frames/frame_1762-1764]
Greg Miller Speaking: Description: Greg Miller speaking directly to the camera in a dimly lit room. [frames/frame_2268-2272]
Timothy Snyder Speaking: Description: Timothy Snyder speaking directly to the camera in a dimly lit room. [frames/frame_1962-1965]

================================================================================
Generated at: 2026-01-11 21:47:16
================================================================================



QUESTION-BASED CRITERIA:
  Q1. Tank with visible number/identification marking
  Q2. Two additional tanks positioned in front of the numbered tank
  Q3. Snowy environment (snow on ground or surroundings)
  Q4. Military vehicles in convoy/column formation
  Q5. Russian military equipment (based on documentary context)


CRITICAL ASSESSMENT TASK:
For EACH criterion listed above, determine whether it PASSES or FAILS based ONLY on what the VLM actually reports seeing in the frames.

- PASS: The VLM results clearly confirm this criterion is satisfied in the frames
- FAIL: The VLM results indicate this criterion is NOT satisfied, or there is insufficient evidence

CONFIDENCE CALCULATION RULES:
1. Count how many criteria pass (criteria_percentage = criteria_passed / 5)
2. Calculate base_confidence = criteria_percentage * 100
3. ⚠️ If ANY answer-specific criterion (A1, A2, etc.) FAILS, set confidence = min(50, base_confidence)

⚠️ CRITICAL: There is ALWAYS a correct answer among the choices provided. If all answers seem slightly off or imperfect, you MUST choose the BEST possible answer that most closely matches the evidence.

CRITIC ANSWER CHOICE DECISION:
4. After evaluating criteria, ALWAYS pick the best answer choice:
   - Review ALL answer choices (A, B, C, D, E, etc.)
   - Based ONLY on the VLM visual evidence, determine which answer choice is MOST correct
   - Output your critic_answer_choice as a NUMBER (0=A, 1=B, 2=C, 3=D, 4=E)

5. If criteria_percentage > 0.5 (>50% of criteria pass):
   - Your chosen answer is well-supported by evidence
   - Set suggestion to null or provide minor improvements

6. If criteria_percentage ≤ 0.5 (≤50% of criteria pass):
   - Still MUST choose the BEST answer from the available choices (never -1)
   - But set suggestion to "These may not be the right frames/scene. Consider searching for better evidence. The answer chosen is the BEST match given current evidence."
   - This signals low confidence but still provides a choice

Return ONLY this JSON:
{
    "criteria_results": [
        {"criterion": "criterion text", "criterion_type": "QUESTION or ANSWER", "status": "PASS or FAIL", "reasoning": "brief explanation"},
        ...
    ],
    "question_criteria_passed": <number of question criteria that passed>,
    "answer_criteria_passed": <number of answer criteria that passed>,
    "answer_criteria_total": 0,
    "criteria_passed": <total number of criteria that passed>,
    "criteria_total": 5,
    "criteria_percentage": <criteria_passed / 5>,
    "base_confidence": <(criteria_passed / 5) * 100>,
    "confidence": <base_confidence OR 50 if any answer criterion failed>,
    "critic_answer_choice": <NUMBER: 0=A, 1=B, 2=C, 3=D, 4=E - MUST be a valid number 0-4, never -1>,
    "critic_reasoning": "<Brief explanation of why you chose this answer based on VLM evidence>",
    "possible_errors": [
        <List specific criteria that failed or issues found>
    ],
    "suggestion": <"These may not be the right frames" if ≤50%, otherwise null or specific improvement>
}

IMPORTANT RULES:
- Evaluate EACH criterion independently based on VLM results
- Mark criterion as PASS only if VLM clearly confirms it
- Mark criterion as FAIL if not confirmed or contradicted
- If ANY answer-specific criterion fails, confidence MUST be ≤50%
- Base evaluation ONLY on VLM verification results, not speculation
- Only list errors for criteria that actually failed
- Return ONLY valid JSON

Critical assessment response: ```json
{
    "criteria_results": [
        {
            "criterion": "Tank with visible number/identification marking",
            "criterion_type": "QUESTION",
            "status": "PASS",
            "reasoning": "VLM confirms '321' is clearly visible on tank turret in Frame 7"
        },
        {
            "criterion": "Two additional tanks positioned in front of the numbered tank",
            "criterion_type": "QUESTION",
            "status": "PASS",
            "reasoning": "VLM confirms two tanks ahead of '321' tank in Frame 7"
        },
        {
            "criterion": "Snowy environment (snow on ground or surroundings)",
            "criterion_type": "QUESTION",
            "status": "PASS",
            "reasoning": "VLM confirms snowy landscape in all frames from 6-13"
        },
        {
            "criterion": "Military vehicles in convoy/column formation",
            "criterion_type": "QUESTION",
            "status": "PASS",
            "reasoning": "VLM confirms tanks moving in line along single track in convoy formation"
        },
        {
            "criterion": "Russian military equipment (based on documentary context)",
            "criterion_type": "QUESTION",
            "status": "PASS",
            "reasoning": "VLM confirms tanks consistent with Russian T-72/T-90 models in Russian military context"
        }
    ],
    "question_criteria_passed": 5,
    "answer_criteria_passed": 0,
    "answer_criteria_total": 0,
    "criteria_passed": 5,
    "criteria_total": 5,
    "criteria_percentage": 1.0,
    "base_confidence": 100,
    "confidence": 100,
    "critic_answer_choice": 0,
    "critic_reasoning": "VLM clearly identifies tank number '321' with two tanks ahead in snowy convoy formation, perfectly matching answer choice 0 (A)",
    "possible_errors": [],
    "suggestion": null
}
```
Critical assessment data: {'criteria_results': [{'criterion': 'Tank with visible number/identification marking', 'criterion_type': 'QUESTION', 'status': 'PASS', 'reasoning': "VLM confirms '321' is clearly visible on tank turret in Frame 7"}, {'criterion': 'Two additional tanks positioned in front of the numbered tank', 'criterion_type': 'QUESTION', 'status': 'PASS', 'reasoning': "VLM confirms two tanks ahead of '321' tank in Frame 7"}, {'criterion': 'Snowy environment (snow on ground or surroundings)', 'criterion_type': 'QUESTION', 'status': 'PASS', 'reasoning': 'VLM confirms snowy landscape in all frames from 6-13'}, {'criterion': 'Military vehicles in convoy/column formation', 'criterion_type': 'QUESTION', 'status': 'PASS', 'reasoning': 'VLM confirms tanks moving in line along single track in convoy formation'}, {'criterion': 'Russian military equipment (based on documentary context)', 'criterion_type': 'QUESTION', 'status': 'PASS', 'reasoning': 'VLM confirms tanks consistent with Russian T-72/T-90 models in Russian military context'}], 'question_criteria_passed': 5, 'answer_criteria_passed': 0, 'answer_criteria_total': 0, 'criteria_passed': 5, 'criteria_total': 5, 'criteria_percentage': 1.0, 'base_confidence': 100, 'confidence': 100, 'critic_answer_choice': 0, 'critic_reasoning': "VLM clearly identifies tank number '321' with two tanks ahead in snowy convoy formation, perfectly matching answer choice 0 (A)", 'possible_errors': [], 'suggestion': None}
