Critic initial response: {
    "tool": "VLM_QUERY",
    "frames": ['frames/frame_0003.jpg', 'frames/frame_0004.jpg', 'frames/frame_0005.jpg', 'frames/frame_0006.jpg', 'frames/frame_0007.jpg', 'frames/frame_0008.jpg', 'frames/frame_0009.jpg', 'frames/frame_0010.jpg', 'frames/frame_0011.jpg', 'frames/frame_0012.jpg', 'frames/frame_0013.jpg', 'frames/frame_0014.jpg'],
    "prompt": "Examine the frames from frame_0003.jpg to frame_0014.jpg. The question asks: 'Which of the following is visible in the background of the video when the miniature bottle is shown empty?' The answer choices are: A. Water, B. Cork, C. Shells, D. Star. The given answer is '2'. First, identify the exact frame(s) where the miniature bottle is shown empty. Then, analyze the background of that specific shot. Describe what is clearly visible in the background. Finally, map your observation to the answer choice it corresponds to (A, B, C, or D)."
}
========== Requesting Critical VLM Assessment ==========
Critic initial response: {
    "tool": "VLM_QUERY",
    "frames": ['frames/frame_0003.jpg', 'frames/frame_0004.jpg', 'frames/frame_0005.jpg', 'frames/frame_0006.jpg', 'frames/frame_0007.jpg', 'frames/frame_0008.jpg', 'frames/frame_0009.jpg', 'frames/frame_0010.jpg', 'frames/frame_0011.jpg', 'frames/frame_0012.jpg', 'frames/frame_0013.jpg', 'frames/frame_0014.jpg'],
    "prompt": "Look at the frames from the video. The question asks: 'Which of the following is visible in the background of the video when the miniature bottle is shown empty?'. The answer choices are: A. Water. B. Cork. C. Shells. D. Star. The given answer is '2' which corresponds to choice B, Cork. Focus on the frames where the bottle is empty. Is a cork clearly visible in the background of those specific frames? Look at the context frames before and after to understand the scene. Answer with only a JSON object: {\"correct\": true} or {\"correct\": false}."
}
========== Requesting Critical VLM Assessment ==========
Critic initial response: {
    "tool": "VLM_QUERY",
    "frames": ['frames/frame_0003.jpg', 'frames/frame_0004.jpg', 'frames/frame_0005.jpg', 'frames/frame_0006.jpg', 'frames/frame_0007.jpg', 'frames/frame_0008.jpg', 'frames/frame_0009.jpg', 'frames/frame_0010.jpg', 'frames/frame_0011.jpg', 'frames/frame_0012.jpg', 'frames/frame_0013.jpg', 'frames/frame_0014.jpg'],
    "prompt": "Identify the background content visible when the miniature bottle is shown empty. The answer choices are: A. Water, B. Cork, C. Shells, D. Star. The correct answer is B. Cork. Verify this by checking the frames around the empty bottle shot (frames 0008-0009). Look for the object in the background."
}
========== Requesting Critical VLM Assessment ==========
Critic initial response: {
    "tool": "VLM_QUERY",
    "frames": ['frames/frame_0003.jpg', 'frames/frame_0004.jpg', 'frames/frame_0005.jpg', 'frames/frame_0006.jpg', 'frames/frame_0007.jpg', 'frames/frame_0008.jpg', 'frames/frame_0009.jpg', 'frames/frame_0010.jpg', 'frames/frame_0011.jpg', 'frames/frame_0012.jpg', 'frames/frame_0013.jpg', 'frames/frame_0014.jpg'],
    "prompt": "Look at the frame(s) where an empty miniature bottle is shown. What is clearly visible in the background? The answer choices are: A. Water, B. Cork, C. Shells, D. Star. The given answer is '2'. Please verify if the background contains shells."
}
========== Requesting Critical VLM Assessment ==========
Critic initial response: {
    "correct": false,
    "reasoning": "The provided answer '2' corresponds to choice B (Cork). However, the visual evidence from the specified frames shows the miniature bottle is empty and placed on a white sandy surface scattered with small seashells. The background clearly shows shells, which corresponds to choice C. No cork, water, or star is visible in the background during this scene. Therefore, the correct answer should be C (Shells), not B (Cork)."
}
