Critic initial response: {
    "tool": "VLM_QUERY",
    "frames": ["frames/frame_1346.jpg", "frames/frame_1347.jpg", "frames/frame_1348.jpg", "frames/frame_1349.jpg", "frames/frame_1350.jpg", "frames/frame_1351.jpg", "frames/frame_1352.jpg", "frames/frame_1353.jpg", "frames/frame_1354.jpg", "frames/frame_1355.jpg", "frames/frame_1356.jpg", "frames/frame_1357.jpg", "frames/frame_1358.jpg", "frames/frame_1359.jpg", "frames/frame_1360.jpg", "frames/frame_1361.jpg", "frames/frame_1362.jpg", "frames/frame_1363.jpg", "frames/frame_1364.jpg", "frames/frame_1365.jpg", "frames/frame_1366.jpg", "frames/frame_1367.jpg", "frames/frame_1368.jpg", "frames/frame_1369.jpg", "frames/frame_1370.jpg"],
    "prompt": "Analyze these frames to verify if answer '2' (Queen) is correct for: 'After the king talks to the green Dragon, who embraces the king?' Check these criteria in sequence: 1) King present, 2) Green dragon present, 3) King and green dragon conversing/interacting, 4) Another character embracing king after conversation, 5) Embrace action visible (hugging/holding), 6) Royal court/castle setting. Identify the exact frame numbers where each event occurs and verify the temporal sequence. Note that answer 2 corresponds to Queen."
}
Frames to verify: ['frames/frame_1346.jpg', 'frames/frame_1347.jpg', 'frames/frame_1348.jpg', 'frames/frame_1349.jpg', 'frames/frame_1350.jpg', 'frames/frame_1351.jpg', 'frames/frame_1352.jpg', 'frames/frame_1353.jpg', 'frames/frame_1354.jpg', 'frames/frame_1355.jpg', 'frames/frame_1356.jpg', 'frames/frame_1357.jpg', 'frames/frame_1358.jpg', 'frames/frame_1359.jpg', 'frames/frame_1360.jpg', 'frames/frame_1361.jpg', 'frames/frame_1362.jpg', 'frames/frame_1363.jpg', 'frames/frame_1364.jpg', 'frames/frame_1365.jpg', 'frames/frame_1366.jpg', 'frames/frame_1367.jpg', 'frames/frame_1368.jpg', 'frames/frame_1369.jpg', 'frames/frame_1370.jpg']
VLM Prompt: Video context: Failed to generate after 3 attempts: Error code: 503 - The server is overloaded or not ready yet.

Analyze these frames to verify if answer '2' (Queen) is correct for: 'After the king talks to the green Dragon, who embraces the king?' Check these criteria in sequence: 1) King present, 2) Green dragon present, 3) King and green dragon conversing/interacting, 4) Another character embracing king after conversation, 5) Embrace action visible (hugging/holding), 6) Royal court/castle setting. Identify the exact frame numbers where each event occurs and verify the temporal sequence. Note that answer 2 corresponds to Queen.
VLM response: {'batched_responses': [{'batch_start': 0, 'batch_end': 25, 'image_paths': ['/mnt/ssd/data/lvbench/videos_processed/TJR1oYDDTwg/frames/frame_1346.jpg', '/mnt/ssd/data/lvbench/videos_processed/TJR1oYDDTwg/frames/frame_1347.jpg', '/mnt/ssd/data/lvbench/videos_processed/TJR1oYDDTwg/frames/frame_1348.jpg', '/mnt/ssd/data/lvbench/videos_processed/TJR1oYDDTwg/frames/frame_1349.jpg', '/mnt/ssd/data/lvbench/videos_processed/TJR1oYDDTwg/frames/frame_1350.jpg', '/mnt/ssd/data/lvbench/videos_processed/TJR1oYDDTwg/frames/frame_1351.jpg', '/mnt/ssd/data/lvbench/videos_processed/TJR1oYDDTwg/frames/frame_1352.jpg', '/mnt/ssd/data/lvbench/videos_processed/TJR1oYDDTwg/frames/frame_1353.jpg', '/mnt/ssd/data/lvbench/videos_processed/TJR1oYDDTwg/frames/frame_1354.jpg', '/mnt/ssd/data/lvbench/videos_processed/TJR1oYDDTwg/frames/frame_1355.jpg', '/mnt/ssd/data/lvbench/videos_processed/TJR1oYDDTwg/frames/frame_1356.jpg', '/mnt/ssd/data/lvbench/videos_processed/TJR1oYDDTwg/frames/frame_1357.jpg', '/mnt/ssd/data/lvbench/videos_processed/TJR1oYDDTwg/frames/frame_1358.jpg', '/mnt/ssd/data/lvbench/videos_processed/TJR1oYDDTwg/frames/frame_1359.jpg', '/mnt/ssd/data/lvbench/videos_processed/TJR1oYDDTwg/frames/frame_1360.jpg', '/mnt/ssd/data/lvbench/videos_processed/TJR1oYDDTwg/frames/frame_1361.jpg', '/mnt/ssd/data/lvbench/videos_processed/TJR1oYDDTwg/frames/frame_1362.jpg', '/mnt/ssd/data/lvbench/videos_processed/TJR1oYDDTwg/frames/frame_1363.jpg', '/mnt/ssd/data/lvbench/videos_processed/TJR1oYDDTwg/frames/frame_1364.jpg', '/mnt/ssd/data/lvbench/videos_processed/TJR1oYDDTwg/frames/frame_1365.jpg', '/mnt/ssd/data/lvbench/videos_processed/TJR1oYDDTwg/frames/frame_1366.jpg', '/mnt/ssd/data/lvbench/videos_processed/TJR1oYDDTwg/frames/frame_1367.jpg', '/mnt/ssd/data/lvbench/videos_processed/TJR1oYDDTwg/frames/frame_1368.jpg', '/mnt/ssd/data/lvbench/videos_processed/TJR1oYDDTwg/frames/frame_1369.jpg', '/mnt/ssd/data/lvbench/videos_processed/TJR1oYDDTwg/frames/frame_1370.jpg'], 'response': "Based on the provided 25 frames, here is the verification of whether answer '2' (Queen) is correct for the question: “After the king talks to the green Dragon, who embraces the king?”\n\nWe will evaluate each criterion in sequence and identify the exact frame numbers where each event occurs, verifying the temporal sequence.\n\n---\n\n**1) King present**\n\n✅ **Verified in frames 1–5, 6–19 (background), and 20–25.**\n\n- The king is clearly visible in throne in frames 1–5, seated beside the queen.\n- In frames 6–19, he is visible in the background, seated on the throne.\n- In frames 20–25, he is shown in close-up, clearly identifiable by his crown and royal attire.\n\n---\n\n**2) Green dragon present**\n\n✅ **Verified in frames 6–19.**\n\n- A large green dragon is visible on the left side of the frame from 6 to 19.\n- The dragon is facing the royal couple, suggesting interaction.\n- Not present in frames 1–5 or 20–25.\n\n---\n\n**3) King and green dragon conversing/interacting**\n\n✅ **Verified in frames 6–19.**\n\n- In frames 6–19, the green dragon is facing the king and queen, who are seated on thrones.\n- The king is seen gesturing (e.g., frame 13, 14, 15, 16) while looking toward the dragon.\n- The dragon’s posture (head turned toward the throne, mouth slightly open in some frames) suggests active engagement.\n- Although no speech bubbles are visible, the visual cues (mutual orientation, gestures) indicate interaction/conversation.\n\n---\n\n**4) Another character embracing king after conversation**\n\n✅ **Verified in frame 21.**\n\n- After the interaction with the dragon (frames 6–19), the scene cuts to a close-up of the king and queen in frames 20–25.\n- In frame 21, the queen (wearing a crown, red robe, and blue scarf) is visibly embracing the king — her arms are wrapped around his shoulders and chest.\n- This occurs after the dragon interaction (frames 6–19), satisfying the “after” condition.\n\n---\n\n**5) Embrace action visible (hugging/holding)**\n\n✅ **Verified in frame 21.**\n\n- Frame 21 clearly shows the queen hugging the king — her arms are around him, and his body is pressed against hers.\n- The embrace is unmistakable and central to the frame.\n\n---\n\n**6) Royal court/castle setting**\n\n✅ **Verified in frames 1–5, 6–19, and 20–25.**\n\n- All frames show ornate thrones, castle-like architecture, decorative windows, and courtiers (e.g., chefs in frames 6–19).\n- The presence of crowns, royal robes, and throne rooms confirms the royal court setting.\n\n---\n\n**Temporal Sequence Verification:**\n\n1. King present → frames 1–5, 6–19, 20–25 ✅\n2. Green dragon present → frames 6–19 ✅\n3. Interaction between king and dragon → frames 6–19 ✅\n4. Embrace by another character (queen) → frame 21 ✅ (after frame 19)\n5. Embrace visible → frame 21 ✅\n6. Royal setting → all frames ✅\n\nThe sequence is logically and temporally coherent: the king interacts with the dragon (6–19), then later (21) is embraced by the queen.\n\n---\n\n**Conclusion:**\n\n✅ **Answer '2' (Queen) is correct.**\n\nAll six criteria are satisfied, with clear evidence in the specified frames. The queen embraces the king after his interaction with the green dragon, in a royal court setting.\n\n--- \n\n**Final Answer: 2 (Queen)**"}], 'formatted_responses': ["\n=== Batch 0-25 (25 frames) ===\nFrames: /mnt/ssd/data/lvbench/videos_processed/TJR1oYDDTwg/frames/frame_1346.jpg, /mnt/ssd/data/lvbench/videos_processed/TJR1oYDDTwg/frames/frame_1347.jpg, /mnt/ssd/data/lvbench/videos_processed/TJR1oYDDTwg/frames/frame_1348.jpg, /mnt/ssd/data/lvbench/videos_processed/TJR1oYDDTwg/frames/frame_1349.jpg, /mnt/ssd/data/lvbench/videos_processed/TJR1oYDDTwg/frames/frame_1350.jpg, /mnt/ssd/data/lvbench/videos_processed/TJR1oYDDTwg/frames/frame_1351.jpg, /mnt/ssd/data/lvbench/videos_processed/TJR1oYDDTwg/frames/frame_1352.jpg, /mnt/ssd/data/lvbench/videos_processed/TJR1oYDDTwg/frames/frame_1353.jpg, /mnt/ssd/data/lvbench/videos_processed/TJR1oYDDTwg/frames/frame_1354.jpg, /mnt/ssd/data/lvbench/videos_processed/TJR1oYDDTwg/frames/frame_1355.jpg, /mnt/ssd/data/lvbench/videos_processed/TJR1oYDDTwg/frames/frame_1356.jpg, /mnt/ssd/data/lvbench/videos_processed/TJR1oYDDTwg/frames/frame_1357.jpg, /mnt/ssd/data/lvbench/videos_processed/TJR1oYDDTwg/frames/frame_1358.jpg, /mnt/ssd/data/lvbench/videos_processed/TJR1oYDDTwg/frames/frame_1359.jpg, /mnt/ssd/data/lvbench/videos_processed/TJR1oYDDTwg/frames/frame_1360.jpg, /mnt/ssd/data/lvbench/videos_processed/TJR1oYDDTwg/frames/frame_1361.jpg, /mnt/ssd/data/lvbench/videos_processed/TJR1oYDDTwg/frames/frame_1362.jpg, /mnt/ssd/data/lvbench/videos_processed/TJR1oYDDTwg/frames/frame_1363.jpg, /mnt/ssd/data/lvbench/videos_processed/TJR1oYDDTwg/frames/frame_1364.jpg, /mnt/ssd/data/lvbench/videos_processed/TJR1oYDDTwg/frames/frame_1365.jpg, /mnt/ssd/data/lvbench/videos_processed/TJR1oYDDTwg/frames/frame_1366.jpg, /mnt/ssd/data/lvbench/videos_processed/TJR1oYDDTwg/frames/frame_1367.jpg, /mnt/ssd/data/lvbench/videos_processed/TJR1oYDDTwg/frames/frame_1368.jpg, /mnt/ssd/data/lvbench/videos_processed/TJR1oYDDTwg/frames/frame_1369.jpg, /mnt/ssd/data/lvbench/videos_processed/TJR1oYDDTwg/frames/frame_1370.jpg\nVLM Response: Based on the provided 25 frames, here is the verification of whether answer '2' (Queen) is correct for the question: “After the king talks to the green Dragon, who embraces the king?”\n\nWe will evaluate each criterion in sequence and identify the exact frame numbers where each event occurs, verifying the temporal sequence.\n\n---\n\n**1) King present**\n\n✅ **Verified in frames 1–5, 6–19 (background), and 20–25.**\n\n- The king is clearly visible in throne in frames 1–5, seated beside the queen.\n- In frames 6–19, he is visible in the background, seated on the throne.\n- In frames 20–25, he is shown in close-up, clearly identifiable by his crown and royal attire.\n\n---\n\n**2) Green dragon present**\n\n✅ **Verified in frames 6–19.**\n\n- A large green dragon is visible on the left side of the frame from 6 to 19.\n- The dragon is facing the royal couple, suggesting interaction.\n- Not present in frames 1–5 or 20–25.\n\n---\n\n**3) King and green dragon conversing/interacting**\n\n✅ **Verified in frames 6–19.**\n\n- In frames 6–19, the green dragon is facing the king and queen, who are seated on thrones.\n- The king is seen gesturing (e.g., frame 13, 14, 15, 16) while looking toward the dragon.\n- The dragon’s posture (head turned toward the throne, mouth slightly open in some frames) suggests active engagement.\n- Although no speech bubbles are visible, the visual cues (mutual orientation, gestures) indicate interaction/conversation.\n\n---\n\n**4) Another character embracing king after conversation**\n\n✅ **Verified in frame 21.**\n\n- After the interaction with the dragon (frames 6–19), the scene cuts to a close-up of the king and queen in frames 20–25.\n- In frame 21, the queen (wearing a crown, red robe, and blue scarf) is visibly embracing the king — her arms are wrapped around his shoulders and chest.\n- This occurs after the dragon interaction (frames 6–19), satisfying the “after” condition.\n\n---\n\n**5) Embrace action visible (hugging/holding)**\n\n✅ **Verified in frame 21.**\n\n- Frame 21 clearly shows the queen hugging the king — her arms are around him, and his body is pressed against hers.\n- The embrace is unmistakable and central to the frame.\n\n---\n\n**6) Royal court/castle setting**\n\n✅ **Verified in frames 1–5, 6–19, and 20–25.**\n\n- All frames show ornate thrones, castle-like architecture, decorative windows, and courtiers (e.g., chefs in frames 6–19).\n- The presence of crowns, royal robes, and throne rooms confirms the royal court setting.\n\n---\n\n**Temporal Sequence Verification:**\n\n1. King present → frames 1–5, 6–19, 20–25 ✅\n2. Green dragon present → frames 6–19 ✅\n3. Interaction between king and dragon → frames 6–19 ✅\n4. Embrace by another character (queen) → frame 21 ✅ (after frame 19)\n5. Embrace visible → frame 21 ✅\n6. Royal setting → all frames ✅\n\nThe sequence is logically and temporally coherent: the king interacts with the dragon (6–19), then later (21) is embraced by the queen.\n\n---\n\n**Conclusion:**\n\n✅ **Answer '2' (Queen) is correct.**\n\nAll six criteria are satisfied, with clear evidence in the specified frames. The queen embraces the king after his interaction with the green dragon, in a royal court setting.\n\n--- \n\n**Final Answer: 2 (Queen)**\n"], 'condensed_response': '**Scene Summary (Frames\u202f1346‑1370)**  \n\n- **King** – Appears from the opening (frame\u202f1346) and remains visible through the whole segment, first seated beside the queen on the throne (frames\u202f1346‑1350) and later in close‑up (frames\u202f1369‑1370).  \n\n- **Green Dragon** – Enters the shot on the left side beginning with frame\u202f1351 and stays through frame\u202f1368. It faces the royal couple, its head turned toward the king and its mouth slightly open, indicating a conversation.  \n\n- **Interaction** – The king’s gestures (e.g., pointing or leaning forward) are visible in frames\u202f1353‑1356, 1359‑1362, showing he is speaking with the dragon. No speech bubbles appear, but the mutual orientation confirms a dialogue.  \n\n- **Queen** – Present from the start, seated beside the king. After the dragon dialogue ends (last dragon‑only frame\u202f1368), the camera cuts to a close‑up of the couple (frames\u202f1369‑1370). In frame\u202f1371 (the 21st frame of the batch, i.e.,\u202fframe\u202f1369 in the file list) the queen, in a crown, red robe and blue scarf, wraps her arms around the king’s shoulders and chest – a clear embrace.  \n\n- **Setting** – Throughout frames\u202f1346‑1370 the backdrop is a richly decorated throne room: ornate chairs, vaulted arches, decorative windows, and occasional courtiers (chefs appear in the background of frames\u202f1351‑1368). This confirms the royal‑court environment.  \n\n**Temporal Flow**  \n1. King present (frames\u202f1346‑1350).  \n2. Green dragon appears and converses with the king (frames\u202f1351‑1368).  \n3. After the conversation, the queen embraces the king (frame\u202f1369).  \n\n**Conclusion** – The visual evidence shows that the queen is the character who embraces the king after his talk with the green dragon, confirming answer **2 (Queen)**.', 'failed_images': []}
Followup prompt: 
Critically assess whether the VLM verification supports the given answer by evaluating each criterion.

⚠️ IMPORTANT: Answers use 0-INDEXED numbers where 0=A, 1=B, 2=C, 3=D, 4=E

VLM Verification Results:
{'batched_responses': [{'batch_start': 0, 'batch_end': 25, 'image_paths': ['/mnt/ssd/data/lvbench/videos_processed/TJR1oYDDTwg/frames/frame_1346.jpg', '/mnt/ssd/data/lvbench/videos_processed/TJR1oYDDTwg/frames/frame_1347.jpg', '/mnt/ssd/data/lvbench/videos_processed/TJR1oYDDTwg/frames/frame_1348.jpg', '/mnt/ssd/data/lvbench/videos_processed/TJR1oYDDTwg/frames/frame_1349.jpg', '/mnt/ssd/data/lvbench/videos_processed/TJR1oYDDTwg/frames/frame_1350.jpg', '/mnt/ssd/data/lvbench/videos_processed/TJR1oYDDTwg/frames/frame_1351.jpg', '/mnt/ssd/data/lvbench/videos_processed/TJR1oYDDTwg/frames/frame_1352.jpg', '/mnt/ssd/data/lvbench/videos_processed/TJR1oYDDTwg/frames/frame_1353.jpg', '/mnt/ssd/data/lvbench/videos_processed/TJR1oYDDTwg/frames/frame_1354.jpg', '/mnt/ssd/data/lvbench/videos_processed/TJR1oYDDTwg/frames/frame_1355.jpg', '/mnt/ssd/data/lvbench/videos_processed/TJR1oYDDTwg/frames/frame_1356.jpg', '/mnt/ssd/data/lvbench/videos_processed/TJR1oYDDTwg/frames/frame_1357.jpg', '/mnt/ssd/data/lvbench/videos_processed/TJR1oYDDTwg/frames/frame_1358.jpg', '/mnt/ssd/data/lvbench/videos_processed/TJR1oYDDTwg/frames/frame_1359.jpg', '/mnt/ssd/data/lvbench/videos_processed/TJR1oYDDTwg/frames/frame_1360.jpg', '/mnt/ssd/data/lvbench/videos_processed/TJR1oYDDTwg/frames/frame_1361.jpg', '/mnt/ssd/data/lvbench/videos_processed/TJR1oYDDTwg/frames/frame_1362.jpg', '/mnt/ssd/data/lvbench/videos_processed/TJR1oYDDTwg/frames/frame_1363.jpg', '/mnt/ssd/data/lvbench/videos_processed/TJR1oYDDTwg/frames/frame_1364.jpg', '/mnt/ssd/data/lvbench/videos_processed/TJR1oYDDTwg/frames/frame_1365.jpg', '/mnt/ssd/data/lvbench/videos_processed/TJR1oYDDTwg/frames/frame_1366.jpg', '/mnt/ssd/data/lvbench/videos_processed/TJR1oYDDTwg/frames/frame_1367.jpg', '/mnt/ssd/data/lvbench/videos_processed/TJR1oYDDTwg/frames/frame_1368.jpg', '/mnt/ssd/data/lvbench/videos_processed/TJR1oYDDTwg/frames/frame_1369.jpg', '/mnt/ssd/data/lvbench/videos_processed/TJR1oYDDTwg/frames/frame_1370.jpg'], 'response': "Based on the provided 25 frames, here is the verification of whether answer '2' (Queen) is correct for the question: “After the king talks to the green Dragon, who embraces the king?”\n\nWe will evaluate each criterion in sequence and identify the exact frame numbers where each event occurs, verifying the temporal sequence.\n\n---\n\n**1) King present**\n\n✅ **Verified in frames 1–5, 6–19 (background), and 20–25.**\n\n- The king is clearly visible in throne in frames 1–5, seated beside the queen.\n- In frames 6–19, he is visible in the background, seated on the throne.\n- In frames 20–25, he is shown in close-up, clearly identifiable by his crown and royal attire.\n\n---\n\n**2) Green dragon present**\n\n✅ **Verified in frames 6–19.**\n\n- A large green dragon is visible on the left side of the frame from 6 to 19.\n- The dragon is facing the royal couple, suggesting interaction.\n- Not present in frames 1–5 or 20–25.\n\n---\n\n**3) King and green dragon conversing/interacting**\n\n✅ **Verified in frames 6–19.**\n\n- In frames 6–19, the green dragon is facing the king and queen, who are seated on thrones.\n- The king is seen gesturing (e.g., frame 13, 14, 15, 16) while looking toward the dragon.\n- The dragon’s posture (head turned toward the throne, mouth slightly open in some frames) suggests active engagement.\n- Although no speech bubbles are visible, the visual cues (mutual orientation, gestures) indicate interaction/conversation.\n\n---\n\n**4) Another character embracing king after conversation**\n\n✅ **Verified in frame 21.**\n\n- After the interaction with the dragon (frames 6–19), the scene cuts to a close-up of the king and queen in frames 20–25.\n- In frame 21, the queen (wearing a crown, red robe, and blue scarf) is visibly embracing the king — her arms are wrapped around his shoulders and chest.\n- This occurs after the dragon interaction (frames 6–19), satisfying the “after” condition.\n\n---\n\n**5) Embrace action visible (hugging/holding)**\n\n✅ **Verified in frame 21.**\n\n- Frame 21 clearly shows the queen hugging the king — her arms are around him, and his body is pressed against hers.\n- The embrace is unmistakable and central to the frame.\n\n---\n\n**6) Royal court/castle setting**\n\n✅ **Verified in frames 1–5, 6–19, and 20–25.**\n\n- All frames show ornate thrones, castle-like architecture, decorative windows, and courtiers (e.g., chefs in frames 6–19).\n- The presence of crowns, royal robes, and throne rooms confirms the royal court setting.\n\n---\n\n**Temporal Sequence Verification:**\n\n1. King present → frames 1–5, 6–19, 20–25 ✅\n2. Green dragon present → frames 6–19 ✅\n3. Interaction between king and dragon → frames 6–19 ✅\n4. Embrace by another character (queen) → frame 21 ✅ (after frame 19)\n5. Embrace visible → frame 21 ✅\n6. Royal setting → all frames ✅\n\nThe sequence is logically and temporally coherent: the king interacts with the dragon (6–19), then later (21) is embraced by the queen.\n\n---\n\n**Conclusion:**\n\n✅ **Answer '2' (Queen) is correct.**\n\nAll six criteria are satisfied, with clear evidence in the specified frames. The queen embraces the king after his interaction with the green dragon, in a royal court setting.\n\n--- \n\n**Final Answer: 2 (Queen)**"}], 'formatted_responses': ["\n=== Batch 0-25 (25 frames) ===\nFrames: /mnt/ssd/data/lvbench/videos_processed/TJR1oYDDTwg/frames/frame_1346.jpg, /mnt/ssd/data/lvbench/videos_processed/TJR1oYDDTwg/frames/frame_1347.jpg, /mnt/ssd/data/lvbench/videos_processed/TJR1oYDDTwg/frames/frame_1348.jpg, /mnt/ssd/data/lvbench/videos_processed/TJR1oYDDTwg/frames/frame_1349.jpg, /mnt/ssd/data/lvbench/videos_processed/TJR1oYDDTwg/frames/frame_1350.jpg, /mnt/ssd/data/lvbench/videos_processed/TJR1oYDDTwg/frames/frame_1351.jpg, /mnt/ssd/data/lvbench/videos_processed/TJR1oYDDTwg/frames/frame_1352.jpg, /mnt/ssd/data/lvbench/videos_processed/TJR1oYDDTwg/frames/frame_1353.jpg, /mnt/ssd/data/lvbench/videos_processed/TJR1oYDDTwg/frames/frame_1354.jpg, /mnt/ssd/data/lvbench/videos_processed/TJR1oYDDTwg/frames/frame_1355.jpg, /mnt/ssd/data/lvbench/videos_processed/TJR1oYDDTwg/frames/frame_1356.jpg, /mnt/ssd/data/lvbench/videos_processed/TJR1oYDDTwg/frames/frame_1357.jpg, /mnt/ssd/data/lvbench/videos_processed/TJR1oYDDTwg/frames/frame_1358.jpg, /mnt/ssd/data/lvbench/videos_processed/TJR1oYDDTwg/frames/frame_1359.jpg, /mnt/ssd/data/lvbench/videos_processed/TJR1oYDDTwg/frames/frame_1360.jpg, /mnt/ssd/data/lvbench/videos_processed/TJR1oYDDTwg/frames/frame_1361.jpg, /mnt/ssd/data/lvbench/videos_processed/TJR1oYDDTwg/frames/frame_1362.jpg, /mnt/ssd/data/lvbench/videos_processed/TJR1oYDDTwg/frames/frame_1363.jpg, /mnt/ssd/data/lvbench/videos_processed/TJR1oYDDTwg/frames/frame_1364.jpg, /mnt/ssd/data/lvbench/videos_processed/TJR1oYDDTwg/frames/frame_1365.jpg, /mnt/ssd/data/lvbench/videos_processed/TJR1oYDDTwg/frames/frame_1366.jpg, /mnt/ssd/data/lvbench/videos_processed/TJR1oYDDTwg/frames/frame_1367.jpg, /mnt/ssd/data/lvbench/videos_processed/TJR1oYDDTwg/frames/frame_1368.jpg, /mnt/ssd/data/lvbench/videos_processed/TJR1oYDDTwg/frames/frame_1369.jpg, /mnt/ssd/data/lvbench/videos_processed/TJR1oYDDTwg/frames/frame_1370.jpg\nVLM Response: Based on the provided 25 frames, here is the verification of whether answer '2' (Queen) is correct for the question: “After the king talks to the green Dragon, who embraces the king?”\n\nWe will evaluate each criterion in sequence and identify the exact frame numbers where each event occurs, verifying the temporal sequence.\n\n---\n\n**1) King present**\n\n✅ **Verified in frames 1–5, 6–19 (background), and 20–25.**\n\n- The king is clearly visible in throne in frames 1–5, seated beside the queen.\n- In frames 6–19, he is visible in the background, seated on the throne.\n- In frames 20–25, he is shown in close-up, clearly identifiable by his crown and royal attire.\n\n---\n\n**2) Green dragon present**\n\n✅ **Verified in frames 6–19.**\n\n- A large green dragon is visible on the left side of the frame from 6 to 19.\n- The dragon is facing the royal couple, suggesting interaction.\n- Not present in frames 1–5 or 20–25.\n\n---\n\n**3) King and green dragon conversing/interacting**\n\n✅ **Verified in frames 6–19.**\n\n- In frames 6–19, the green dragon is facing the king and queen, who are seated on thrones.\n- The king is seen gesturing (e.g., frame 13, 14, 15, 16) while looking toward the dragon.\n- The dragon’s posture (head turned toward the throne, mouth slightly open in some frames) suggests active engagement.\n- Although no speech bubbles are visible, the visual cues (mutual orientation, gestures) indicate interaction/conversation.\n\n---\n\n**4) Another character embracing king after conversation**\n\n✅ **Verified in frame 21.**\n\n- After the interaction with the dragon (frames 6–19), the scene cuts to a close-up of the king and queen in frames 20–25.\n- In frame 21, the queen (wearing a crown, red robe, and blue scarf) is visibly embracing the king — her arms are wrapped around his shoulders and chest.\n- This occurs after the dragon interaction (frames 6–19), satisfying the “after” condition.\n\n---\n\n**5) Embrace action visible (hugging/holding)**\n\n✅ **Verified in frame 21.**\n\n- Frame 21 clearly shows the queen hugging the king — her arms are around him, and his body is pressed against hers.\n- The embrace is unmistakable and central to the frame.\n\n---\n\n**6) Royal court/castle setting**\n\n✅ **Verified in frames 1–5, 6–19, and 20–25.**\n\n- All frames show ornate thrones, castle-like architecture, decorative windows, and courtiers (e.g., chefs in frames 6–19).\n- The presence of crowns, royal robes, and throne rooms confirms the royal court setting.\n\n---\n\n**Temporal Sequence Verification:**\n\n1. King present → frames 1–5, 6–19, 20–25 ✅\n2. Green dragon present → frames 6–19 ✅\n3. Interaction between king and dragon → frames 6–19 ✅\n4. Embrace by another character (queen) → frame 21 ✅ (after frame 19)\n5. Embrace visible → frame 21 ✅\n6. Royal setting → all frames ✅\n\nThe sequence is logically and temporally coherent: the king interacts with the dragon (6–19), then later (21) is embraced by the queen.\n\n---\n\n**Conclusion:**\n\n✅ **Answer '2' (Queen) is correct.**\n\nAll six criteria are satisfied, with clear evidence in the specified frames. The queen embraces the king after his interaction with the green dragon, in a royal court setting.\n\n--- \n\n**Final Answer: 2 (Queen)**\n"], 'condensed_response': '**Scene Summary (Frames\u202f1346‑1370)**  \n\n- **King** – Appears from the opening (frame\u202f1346) and remains visible through the whole segment, first seated beside the queen on the throne (frames\u202f1346‑1350) and later in close‑up (frames\u202f1369‑1370).  \n\n- **Green Dragon** – Enters the shot on the left side beginning with frame\u202f1351 and stays through frame\u202f1368. It faces the royal couple, its head turned toward the king and its mouth slightly open, indicating a conversation.  \n\n- **Interaction** – The king’s gestures (e.g., pointing or leaning forward) are visible in frames\u202f1353‑1356, 1359‑1362, showing he is speaking with the dragon. No speech bubbles appear, but the mutual orientation confirms a dialogue.  \n\n- **Queen** – Present from the start, seated beside the king. After the dragon dialogue ends (last dragon‑only frame\u202f1368), the camera cuts to a close‑up of the couple (frames\u202f1369‑1370). In frame\u202f1371 (the 21st frame of the batch, i.e.,\u202fframe\u202f1369 in the file list) the queen, in a crown, red robe and blue scarf, wraps her arms around the king’s shoulders and chest – a clear embrace.  \n\n- **Setting** – Throughout frames\u202f1346‑1370 the backdrop is a richly decorated throne room: ornate chairs, vaulted arches, decorative windows, and occasional courtiers (chefs appear in the background of frames\u202f1351‑1368). This confirms the royal‑court environment.  \n\n**Temporal Flow**  \n1. King present (frames\u202f1346‑1350).  \n2. Green dragon appears and converses with the king (frames\u202f1351‑1368).  \n3. After the conversation, the queen embraces the king (frame\u202f1369).  \n\n**Conclusion** – The visual evidence shows that the queen is the character who embraces the king after his talk with the green dragon, confirming answer **2 (Queen)**.', 'failed_images': []}

Question Being Answered: After the king talk to the green Dragon, who embraces the king?

Answer Choices (0-indexed: 0=A, 1=B, 2=C, 3=D, 4=E):
  0 (=A): Prince
  1 (=B): Green dragon
  2 (=C): Queen
  3 (=D): Princess

Given Answer: 2
Evidence Frames Used: ['frames/frame_1351.jpg', 'frames/frame_1353.jpg', 'frames/frame_1356.jpg', 'frames/frame_1360.jpg', 'frames/frame_1364.jpg', 'frames/frame_1365.jpg']

Character/Event/Scene logs: ================================================================================
CHARACTER, EVENT, AND SCENE LOGS
================================================================================

CHARACTERS:
Green Dinosaur: A large, green, anthropomorphic dinosaur with a long neck and tail, often wearing a yellow scarf or shirt.
Pink Dinosaur: A pink, anthropomorphic dinosaur, sometimes with blue bows or spots.
Yellow Dinosaur: A yellow, anthropomorphic dinosaur.
Blue Dinosaur: A blue, anthropomorphic dinosaur, sometimes wearing a white hat.
King: A bearded or mustachioed man wearing a crown and royal attire, often with a blue robe and purple hearts.
Queen: A woman wearing a crown and royal attire, often with a red or blue dress.
Princess: A young girl, often with blonde hair, wearing a dress and sometimes a crown.
Chef: A character wearing a white chef's hat and apron.
Vampire/Wizard/Goblin: A green-skinned, black-haired character with pointed ears, often wearing a blue cloak or robe.

SCENES:
Scene 1 (Blair Entertainment Presents) : Description: Colorful title screen with cartoon birds and clouds. [Frames 1-13]
Scene 2 (Lollipop Dragon Title Screen) : Description: Vibrant cartoon landscape with the title "Lollipop Dragon" or "The Magic Lollipop Adventure". [Frames 14-29]
Scene 3 (Fantastical Landscape) : Description: Whimsical cartoon landscape with rolling hills, castles, and various creatures. [Frames 30-41]
Scene 4 (Royal Court/Castle) : Description: Regal setting with a king and queen on thrones, often with a purple background. [Frames 42-48, 121-128, 135-140]
Scene 5 (Cave/Purple Landscape) : Description: Dark, ominous cave or purple landscape with jagged rocks and crystals. [Frames 344-365, 530-532]
Scene 6 (Snowy Landscape) : Description: Winter wonderland with snow-covered mountains, trees, and various characters. [Frames 1464-1478, 1487-1493]
Scene 7 (Kitchen/Bakery) : Description: Colorful kitchen or bakery with chefs and various creatures. [Frames 1388-1393]
Scene 8 (Garden/Forest) : Description: Serene outdoor setting with trees, flowers, and various characters. [Frames 2445-2451]

EVENTS:
Event 1 (Characters Trapped in Net) : Description: Three cartoon characters, often dinosaurs or creatures, trapped in a large net. [Frames 46-48, 254-260]
Event 2 (Royal Family Interactions) : Description: The king and queen interacting with each other or their children in a royal setting. [Frames 135-140, 1719-1725]
Event 3 (Characters Riding on Green Dinosaur) : Description: Various characters, including princesses and other creatures, riding on the back of the green dinosaur. [Frames 1106-1113]
Event 4 (Celebration/Party) : Description: Festive scene with a large cake, balloons, and various characters celebrating. [Frames 1153-1165]
Event 5 (Snowy Village/Parade) : Description: Whimsical snowy village with characters engaging in various activities, sometimes with a parade. [Frames 1464-1478, 1696-1700]
Event 6 (Characters in Vehicles) : Description: Characters, including the green dinosaur, driving or riding in various vehicles. [Frames 97-102, 1733-1744]
Event 7 (Fight/Confrontation) : Description: Confrontation or fight between characters, sometimes with a menacing or villainous character. [Frames 1410-1417, 2170-2175]

================================================================================
Generated at: 2026-01-11 21:46:13
================================================================================



QUESTION-BASED CRITERIA:
  Q1. King character present in frame
  Q2. Green dragon character present in frame
  Q3. King and green dragon engaged in conversation/interaction
  Q4. Another character embracing the king after the conversation
  Q5. Embrace action visible (hugging, holding, physical contact)
  Q6. Royal court/castle setting (based on scene log)


CRITICAL ASSESSMENT TASK:
For EACH criterion listed above, determine whether it PASSES or FAILS based ONLY on what the VLM actually reports seeing in the frames.

- PASS: The VLM results clearly confirm this criterion is satisfied in the frames
- FAIL: The VLM results indicate this criterion is NOT satisfied, or there is insufficient evidence

CONFIDENCE CALCULATION RULES:
1. Count how many criteria pass (criteria_percentage = criteria_passed / 6)
2. Calculate base_confidence = criteria_percentage * 100
3. ⚠️ If ANY answer-specific criterion (A1, A2, etc.) FAILS, set confidence = min(50, base_confidence)

⚠️ CRITICAL: There is ALWAYS a correct answer among the choices provided. If all answers seem slightly off or imperfect, you MUST choose the BEST possible answer that most closely matches the evidence.

CRITIC ANSWER CHOICE DECISION:
4. After evaluating criteria, ALWAYS pick the best answer choice:
   - Review ALL answer choices (A, B, C, D, E, etc.)
   - Based ONLY on the VLM visual evidence, determine which answer choice is MOST correct
   - Output your critic_answer_choice as a NUMBER (0=A, 1=B, 2=C, 3=D, 4=E)

5. If criteria_percentage > 0.5 (>50% of criteria pass):
   - Your chosen answer is well-supported by evidence
   - Set suggestion to null or provide minor improvements

6. If criteria_percentage ≤ 0.5 (≤50% of criteria pass):
   - Still MUST choose the BEST answer from the available choices (never -1)
   - But set suggestion to "These may not be the right frames/scene. Consider searching for better evidence. The answer chosen is the BEST match given current evidence."
   - This signals low confidence but still provides a choice

Return ONLY this JSON:
{
    "criteria_results": [
        {"criterion": "criterion text", "criterion_type": "QUESTION or ANSWER", "status": "PASS or FAIL", "reasoning": "brief explanation"},
        ...
    ],
    "question_criteria_passed": <number of question criteria that passed>,
    "answer_criteria_passed": <number of answer criteria that passed>,
    "answer_criteria_total": 0,
    "criteria_passed": <total number of criteria that passed>,
    "criteria_total": 6,
    "criteria_percentage": <criteria_passed / 6>,
    "base_confidence": <(criteria_passed / 6) * 100>,
    "confidence": <base_confidence OR 50 if any answer criterion failed>,
    "critic_answer_choice": <NUMBER: 0=A, 1=B, 2=C, 3=D, 4=E - MUST be a valid number 0-4, never -1>,
    "critic_reasoning": "<Brief explanation of why you chose this answer based on VLM evidence>",
    "possible_errors": [
        <List specific criteria that failed or issues found>
    ],
    "suggestion": <"These may not be the right frames" if ≤50%, otherwise null or specific improvement>
}

IMPORTANT RULES:
- Evaluate EACH criterion independently based on VLM results
- Mark criterion as PASS only if VLM clearly confirms it
- Mark criterion as FAIL if not confirmed or contradicted
- If ANY answer-specific criterion fails, confidence MUST be ≤50%
- Base evaluation ONLY on VLM verification results, not speculation
- Only list errors for criteria that actually failed
- Return ONLY valid JSON

Critical assessment response: ```json
{
    "criteria_results": [
        {
            "criterion": "King character present in frame",
            "criterion_type": "QUESTION",
            "status": "PASS",
            "reasoning": "VLM confirms king is present in frames 1-5, 6-19 (background), and 20-25, clearly identifiable by crown and royal attire"
        },
        {
            "criterion": "Green dragon character present in frame",
            "criterion_type": "QUESTION",
            "status": "PASS",
            "reasoning": "VLM confirms green dragon is present in frames 6-19, visible on left side of frame facing royal couple"
        },
        {
            "criterion": "King and green dragon engaged in conversation/interaction",
            "criterion_type": "QUESTION",
            "status": "PASS",
            "reasoning": "VLM confirms interaction in frames 6-19 with king gesturing while looking toward dragon, and dragon's posture suggesting engagement"
        },
        {
            "criterion": "Another character embracing the king after the conversation",
            "criterion_type": "ANSWER",
            "status": "PASS",
            "reasoning": "VLM confirms queen embraces king in frame 21, which occurs after the dragon interaction (frames 6-19)"
        },
        {
            "criterion": "Embrace action visible (hugging, holding, physical contact)",
            "criterion_type": "ANSWER",
            "status": "PASS",
            "reasoning": "VLM confirms clear embrace in frame 21 with queen's arms wrapped around king's shoulders and chest"
        },
        {
            "criterion": "Royal court/castle setting",
            "criterion_type": "QUESTION",
            "status": "PASS",
            "reasoning": "VLM confirms royal court setting in all frames with ornate thrones, castle architecture, and courtiers present"
        }
    ],
    "question_criteria_passed": 4,
    "answer_criteria_passed": 2,
    "answer_criteria_total": 2,
    "criteria_passed": 6,
    "criteria_total": 6,
    "criteria_percentage": 1.0,
    "base_confidence": 100,
    "confidence": 100,
    "critic_answer_choice": 2,
    "critic_reasoning": "VLM evidence clearly shows the queen embracing the king in frame 21 after his conversation with the green dragon, satisfying all criteria for answer C (Queen)",
    "possible_errors": [],
    "suggestion": null
}
```
Critical assessment data: {'criteria_results': [{'criterion': 'King character present in frame', 'criterion_type': 'QUESTION', 'status': 'PASS', 'reasoning': 'VLM confirms king is present in frames 1-5, 6-19 (background), and 20-25, clearly identifiable by crown and royal attire'}, {'criterion': 'Green dragon character present in frame', 'criterion_type': 'QUESTION', 'status': 'PASS', 'reasoning': 'VLM confirms green dragon is present in frames 6-19, visible on left side of frame facing royal couple'}, {'criterion': 'King and green dragon engaged in conversation/interaction', 'criterion_type': 'QUESTION', 'status': 'PASS', 'reasoning': "VLM confirms interaction in frames 6-19 with king gesturing while looking toward dragon, and dragon's posture suggesting engagement"}, {'criterion': 'Another character embracing the king after the conversation', 'criterion_type': 'ANSWER', 'status': 'PASS', 'reasoning': 'VLM confirms queen embraces king in frame 21, which occurs after the dragon interaction (frames 6-19)'}, {'criterion': 'Embrace action visible (hugging, holding, physical contact)', 'criterion_type': 'ANSWER', 'status': 'PASS', 'reasoning': "VLM confirms clear embrace in frame 21 with queen's arms wrapped around king's shoulders and chest"}, {'criterion': 'Royal court/castle setting', 'criterion_type': 'QUESTION', 'status': 'PASS', 'reasoning': 'VLM confirms royal court setting in all frames with ornate thrones, castle architecture, and courtiers present'}], 'question_criteria_passed': 4, 'answer_criteria_passed': 2, 'answer_criteria_total': 2, 'criteria_passed': 6, 'criteria_total': 6, 'criteria_percentage': 1.0, 'base_confidence': 100, 'confidence': 100, 'critic_answer_choice': 2, 'critic_reasoning': 'VLM evidence clearly shows the queen embracing the king in frame 21 after his conversation with the green dragon, satisfying all criteria for answer C (Queen)', 'possible_errors': [], 'suggestion': None}
