Critic initial response: {
    "tool": "VLM_QUERY",
    "frames": ["frames/frame_2250.jpg", "frames/frame_2251.jpg", "frames/frame_2252.jpg", "frames/frame_2253.jpg", "frames/frame_2254.jpg", "frames/frame_2255.jpg", "frames/frame_2256.jpg", "frames/frame_2257.jpg", "frames/frame_2258.jpg", "frames/frame_2259.jpg", "frames/frame_2260.jpg", "frames/frame_2261.jpg", "frames/frame_2262.jpg", "frames/frame_2263.jpg", "frames/frame_2264.jpg", "frames/frame_2265.jpg", "frames/frame_2266.jpg", "frames/frame_2267.jpg", "frames/frame_2268.jpg", "frames/frame_2269.jpg", "frames/frame_2270.jpg", "frames/frame_2271.jpg", "frames/frame_2272.jpg", "frames/frame_2273.jpg", "frames/frame_2274.jpg", "frames/frame_2275.jpg"],
    "prompt": "Based on these frames (including context before/after), verify if the answer '2' (which corresponds to choice B: 'Applauding cheerfully') is correct for the question: Why is the referee clapping at 37:39 in the video? Check the question criteria: ['Referee is visible in the frame', 'Referee is clapping hands together', 'Context of the clapping action (what is happening around the referee)', 'Fighters' positions and actions relative to the referee', 'Other people in the scene and their reactions', 'General setting/scene where the clapping occurs']. Pay attention to timestamps and temporal sequences. Look for visual evidence of the referee's clapping motion, facial expression, body language, and the surrounding context to determine if it appears cheerful/applauding rather than signaling or encouraging."
}
Frames to verify: ['frames/frame_2250.jpg', 'frames/frame_2251.jpg', 'frames/frame_2252.jpg', 'frames/frame_2253.jpg', 'frames/frame_2254.jpg', 'frames/frame_2255.jpg', 'frames/frame_2256.jpg', 'frames/frame_2257.jpg', 'frames/frame_2258.jpg', 'frames/frame_2259.jpg', 'frames/frame_2260.jpg', 'frames/frame_2261.jpg', 'frames/frame_2262.jpg', 'frames/frame_2263.jpg', 'frames/frame_2264.jpg', 'frames/frame_2265.jpg', 'frames/frame_2266.jpg', 'frames/frame_2267.jpg', 'frames/frame_2268.jpg', 'frames/frame_2269.jpg', 'frames/frame_2270.jpg', 'frames/frame_2271.jpg', 'frames/frame_2272.jpg', 'frames/frame_2273.jpg', 'frames/frame_2274.jpg', 'frames/frame_2275.jpg']
VLM Prompt: Video context: Based on the provided SET of frame-by-frame captions data, here is a global summary of the video:

**Main Characters:**
The main characters in the video are Ken Shamrock and Royce Gracie, two mixed martial artists who are the main fighters in the event. Other notable characters include Ron Jeremy, the ring announcer, and John McCarthy, the referee.

**Setting:**
The video is set in a large indoor arena, likely a stadium or a sports venue, with a mixed martial arts (MMA) octagonal cage as the central focus. The event is identified as UFC V (Ultimate Fighting Championship V).

**Plot Line:**
The video appears to be a documentation of the UFC V event, featuring the main fight between Ken Shamrock and Royce Gracie. The plot line follows the pre-fight preparations, the actual fight, and the post-fight reactions. The video captures the fighters' entrances, the pre-fight interviews, and the intense grappling matches between the fighters.

**Vibes:**
The overall vibe of the video is intense, dramatic, and competitive, reflecting the high-stakes nature of the MMA event. The atmosphere is electric, with a large crowd of spectators cheering and reacting to the fights. The video also captures moments of tension, emotion, and camaraderie among the fighters, their teams, and the officials involved.

**General Details:**
The video is a comprehensive documentation of the UFC V event, featuring a mix of pre-fight hype, fight action, and post-fight reactions. The captions suggest a high-energy atmosphere, with a focus on the fighters, the referees, and the crowd. The event appears to be a significant milestone in the history of the UFC, with notable fighters and officials involved. The video is likely to be of interest to fans of MMA and the UFC.

Based on these frames (including context before/after), verify if the answer '2' (which corresponds to choice B: 'Applauding cheerfully') is correct for the question: Why is the referee clapping at 37:39 in the video? Check the question criteria: ['Referee is visible in the frame', 'Referee is clapping hands together', 'Context of the clapping action (what is happening around the referee)', 'Fighters' positions and actions relative to the referee', 'Other people in the scene and their reactions', 'General setting/scene where the clapping occurs']. Pay attention to timestamps and temporal sequences. Look for visual evidence of the referee's clapping motion, facial expression, body language, and the surrounding context to determine if it appears cheerful/applauding rather than signaling or encouraging.
VLM response: {'batched_responses': [{'batch_start': 0, 'batch_end': 26, 'image_paths': ['/mnt/ssd/data/lvbench/videos_processed/cXDT44zT8JY/frames/frame_2250.jpg', '/mnt/ssd/data/lvbench/videos_processed/cXDT44zT8JY/frames/frame_2251.jpg', '/mnt/ssd/data/lvbench/videos_processed/cXDT44zT8JY/frames/frame_2252.jpg', '/mnt/ssd/data/lvbench/videos_processed/cXDT44zT8JY/frames/frame_2253.jpg', '/mnt/ssd/data/lvbench/videos_processed/cXDT44zT8JY/frames/frame_2254.jpg', '/mnt/ssd/data/lvbench/videos_processed/cXDT44zT8JY/frames/frame_2255.jpg', '/mnt/ssd/data/lvbench/videos_processed/cXDT44zT8JY/frames/frame_2256.jpg', '/mnt/ssd/data/lvbench/videos_processed/cXDT44zT8JY/frames/frame_2257.jpg', '/mnt/ssd/data/lvbench/videos_processed/cXDT44zT8JY/frames/frame_2258.jpg', '/mnt/ssd/data/lvbench/videos_processed/cXDT44zT8JY/frames/frame_2259.jpg', '/mnt/ssd/data/lvbench/videos_processed/cXDT44zT8JY/frames/frame_2260.jpg', '/mnt/ssd/data/lvbench/videos_processed/cXDT44zT8JY/frames/frame_2261.jpg', '/mnt/ssd/data/lvbench/videos_processed/cXDT44zT8JY/frames/frame_2262.jpg', '/mnt/ssd/data/lvbench/videos_processed/cXDT44zT8JY/frames/frame_2263.jpg', '/mnt/ssd/data/lvbench/videos_processed/cXDT44zT8JY/frames/frame_2264.jpg', '/mnt/ssd/data/lvbench/videos_processed/cXDT44zT8JY/frames/frame_2265.jpg', '/mnt/ssd/data/lvbench/videos_processed/cXDT44zT8JY/frames/frame_2266.jpg', '/mnt/ssd/data/lvbench/videos_processed/cXDT44zT8JY/frames/frame_2267.jpg', '/mnt/ssd/data/lvbench/videos_processed/cXDT44zT8JY/frames/frame_2268.jpg', '/mnt/ssd/data/lvbench/videos_processed/cXDT44zT8JY/frames/frame_2269.jpg', '/mnt/ssd/data/lvbench/videos_processed/cXDT44zT8JY/frames/frame_2270.jpg', '/mnt/ssd/data/lvbench/videos_processed/cXDT44zT8JY/frames/frame_2271.jpg', '/mnt/ssd/data/lvbench/videos_processed/cXDT44zT8JY/frames/frame_2272.jpg', '/mnt/ssd/data/lvbench/videos_processed/cXDT44zT8JY/frames/frame_2273.jpg', '/mnt/ssd/data/lvbench/videos_processed/cXDT44zT8JY/frames/frame_2274.jpg', '/mnt/ssd/data/lvbench/videos_processed/cXDT44zT8JY/frames/frame_2275.jpg'], 'response': "Based on the provided frames and the question criteria, the answer **'2' (Applauding cheerfully)** is **incorrect** for the question: *Why is the referee clapping at 37:39 in the video?*\n\nHere’s the verification against each criterion:\n\n---\n\n**1. Referee is visible in the frame**  \n✅ Yes — The referee (John McCarthy) is clearly visible in frames 9 through 26, wearing a black shirt with “UFC” on it and white gloves.\n\n---\n\n**2. Referee is clapping hands together**  \n❌ **No** — In **none** of the 26 frames provided is the referee seen clapping his hands together. His hands are either at his sides, in a ready position, or gesturing — but **not clapping**. There is no visual evidence of a clapping motion at any point in these frames.\n\n---\n\n**3. Context of the clapping action (what is happening around the referee)**  \nSince there is **no clapping action visible**, this criterion cannot be met. The context shows the referee actively officiating the fight between Ken Shamrock and Royce Gracie — walking, observing, and positioning himself between the fighters — not applauding.\n\n---\n\n**4. Fighters' positions and actions relative to the referee**  \n✅ The fighters are actively engaged — Shamrock in black trunks, Gracie in white gi — moving, posturing, and exchanging strikes. The referee is positioned between them or nearby, maintaining control of the fight — consistent with standard officiating behavior, not celebratory clapping.\n\n---\n\n**5. Other people in the scene and their reactions**  \n✅ Spectators and officials are visible in the background, but none are shown clapping or reacting in a way that would suggest the referee is applauding. The atmosphere is tense and focused, not celebratory.\n\n---\n\n**6. General setting/scene where the clapping occurs**  \n✅ The setting is the UFC V octagon during active combat. The referee’s role is to enforce rules and ensure safety — not to applaud. Clapping would be out of character for this context.\n\n---\n\n**Temporal Sequence & Timestamp Note**  \nThe timestamp **37:39** is **not represented** in the provided frames (which appear to correspond to ~37:30–37:45 based on frame numbering, but without exact timestamp mapping). However, even assuming the frames are close to that time, **there is no clapping motion visible at all**.\n\n---\n\n**Conclusion:**  \nThe referee is **not clapping** in any of the provided frames. Therefore, the premise of the question — that he is clapping — is **not supported by visual evidence**. The answer “Applauding cheerfully” is **incorrect** because it assumes an action that does not occur in the visual data.\n\n✅ **Final Answer: No, '2' is not correct.**"}], 'formatted_responses': ["\n=== Batch 0-26 (26 frames) ===\nFrames: /mnt/ssd/data/lvbench/videos_processed/cXDT44zT8JY/frames/frame_2250.jpg, /mnt/ssd/data/lvbench/videos_processed/cXDT44zT8JY/frames/frame_2251.jpg, /mnt/ssd/data/lvbench/videos_processed/cXDT44zT8JY/frames/frame_2252.jpg, /mnt/ssd/data/lvbench/videos_processed/cXDT44zT8JY/frames/frame_2253.jpg, /mnt/ssd/data/lvbench/videos_processed/cXDT44zT8JY/frames/frame_2254.jpg, /mnt/ssd/data/lvbench/videos_processed/cXDT44zT8JY/frames/frame_2255.jpg, /mnt/ssd/data/lvbench/videos_processed/cXDT44zT8JY/frames/frame_2256.jpg, /mnt/ssd/data/lvbench/videos_processed/cXDT44zT8JY/frames/frame_2257.jpg, /mnt/ssd/data/lvbench/videos_processed/cXDT44zT8JY/frames/frame_2258.jpg, /mnt/ssd/data/lvbench/videos_processed/cXDT44zT8JY/frames/frame_2259.jpg, /mnt/ssd/data/lvbench/videos_processed/cXDT44zT8JY/frames/frame_2260.jpg, /mnt/ssd/data/lvbench/videos_processed/cXDT44zT8JY/frames/frame_2261.jpg, /mnt/ssd/data/lvbench/videos_processed/cXDT44zT8JY/frames/frame_2262.jpg, /mnt/ssd/data/lvbench/videos_processed/cXDT44zT8JY/frames/frame_2263.jpg, /mnt/ssd/data/lvbench/videos_processed/cXDT44zT8JY/frames/frame_2264.jpg, /mnt/ssd/data/lvbench/videos_processed/cXDT44zT8JY/frames/frame_2265.jpg, /mnt/ssd/data/lvbench/videos_processed/cXDT44zT8JY/frames/frame_2266.jpg, /mnt/ssd/data/lvbench/videos_processed/cXDT44zT8JY/frames/frame_2267.jpg, /mnt/ssd/data/lvbench/videos_processed/cXDT44zT8JY/frames/frame_2268.jpg, /mnt/ssd/data/lvbench/videos_processed/cXDT44zT8JY/frames/frame_2269.jpg, /mnt/ssd/data/lvbench/videos_processed/cXDT44zT8JY/frames/frame_2270.jpg, /mnt/ssd/data/lvbench/videos_processed/cXDT44zT8JY/frames/frame_2271.jpg, /mnt/ssd/data/lvbench/videos_processed/cXDT44zT8JY/frames/frame_2272.jpg, /mnt/ssd/data/lvbench/videos_processed/cXDT44zT8JY/frames/frame_2273.jpg, /mnt/ssd/data/lvbench/videos_processed/cXDT44zT8JY/frames/frame_2274.jpg, /mnt/ssd/data/lvbench/videos_processed/cXDT44zT8JY/frames/frame_2275.jpg\nVLM Response: Based on the provided frames and the question criteria, the answer **'2' (Applauding cheerfully)** is **incorrect** for the question: *Why is the referee clapping at 37:39 in the video?*\n\nHere’s the verification against each criterion:\n\n---\n\n**1. Referee is visible in the frame**  \n✅ Yes — The referee (John McCarthy) is clearly visible in frames 9 through 26, wearing a black shirt with “UFC” on it and white gloves.\n\n---\n\n**2. Referee is clapping hands together**  \n❌ **No** — In **none** of the 26 frames provided is the referee seen clapping his hands together. His hands are either at his sides, in a ready position, or gesturing — but **not clapping**. There is no visual evidence of a clapping motion at any point in these frames.\n\n---\n\n**3. Context of the clapping action (what is happening around the referee)**  \nSince there is **no clapping action visible**, this criterion cannot be met. The context shows the referee actively officiating the fight between Ken Shamrock and Royce Gracie — walking, observing, and positioning himself between the fighters — not applauding.\n\n---\n\n**4. Fighters' positions and actions relative to the referee**  \n✅ The fighters are actively engaged — Shamrock in black trunks, Gracie in white gi — moving, posturing, and exchanging strikes. The referee is positioned between them or nearby, maintaining control of the fight — consistent with standard officiating behavior, not celebratory clapping.\n\n---\n\n**5. Other people in the scene and their reactions**  \n✅ Spectators and officials are visible in the background, but none are shown clapping or reacting in a way that would suggest the referee is applauding. The atmosphere is tense and focused, not celebratory.\n\n---\n\n**6. General setting/scene where the clapping occurs**  \n✅ The setting is the UFC V octagon during active combat. The referee’s role is to enforce rules and ensure safety — not to applaud. Clapping would be out of character for this context.\n\n---\n\n**Temporal Sequence & Timestamp Note**  \nThe timestamp **37:39** is **not represented** in the provided frames (which appear to correspond to ~37:30–37:45 based on frame numbering, but without exact timestamp mapping). However, even assuming the frames are close to that time, **there is no clapping motion visible at all**.\n\n---\n\n**Conclusion:**  \nThe referee is **not clapping** in any of the provided frames. Therefore, the premise of the question — that he is clapping — is **not supported by visual evidence**. The answer “Applauding cheerfully” is **incorrect** because it assumes an action that does not occur in the visual data.\n\n✅ **Final Answer: No, '2' is not correct.**\n"], 'condensed_response': '**Scene Summary (≈\u202f37:30\u202f–\u202f37:45, frames\u202f2250‑2275)**  \n\nThe footage shows UFC referee **John\u202fMcCarthy** (black “UFC” shirt, white gloves) positioned between **Ken\u202fShamrock** (black trunks) and **Royce\u202fGracie** (white gi) throughout the sequence. Across the 26 frames, McCarthy is constantly moving—walking around the octagon, gesturing, and keeping the fighters apart—but **never brings his hands together** in a clapping motion.  \n\nThe fighters remain actively engaged: Shamrock attacks with punches and takedown attempts while Gracie works from his guard, exchanging strikes and grappling. Spectators and officials occupy the background, observing the bout with a tense, focused atmosphere; no one is shown applauding or reacting as if a celebration were occurring.  \n\nBecause the visual evidence contains **no clapping** and the surrounding context is purely competitive, the premise that the referee is “clapping at\u202f37:39” is unsupported. Consequently, the answer **“2 – Applauding cheerfully”** is **incorrect**.', 'failed_images': []}
Followup prompt: 
Critically assess whether the VLM verification supports the given answer by evaluating each criterion.

VLM Verification Results:
{'batched_responses': [{'batch_start': 0, 'batch_end': 26, 'image_paths': ['/mnt/ssd/data/lvbench/videos_processed/cXDT44zT8JY/frames/frame_2250.jpg', '/mnt/ssd/data/lvbench/videos_processed/cXDT44zT8JY/frames/frame_2251.jpg', '/mnt/ssd/data/lvbench/videos_processed/cXDT44zT8JY/frames/frame_2252.jpg', '/mnt/ssd/data/lvbench/videos_processed/cXDT44zT8JY/frames/frame_2253.jpg', '/mnt/ssd/data/lvbench/videos_processed/cXDT44zT8JY/frames/frame_2254.jpg', '/mnt/ssd/data/lvbench/videos_processed/cXDT44zT8JY/frames/frame_2255.jpg', '/mnt/ssd/data/lvbench/videos_processed/cXDT44zT8JY/frames/frame_2256.jpg', '/mnt/ssd/data/lvbench/videos_processed/cXDT44zT8JY/frames/frame_2257.jpg', '/mnt/ssd/data/lvbench/videos_processed/cXDT44zT8JY/frames/frame_2258.jpg', '/mnt/ssd/data/lvbench/videos_processed/cXDT44zT8JY/frames/frame_2259.jpg', '/mnt/ssd/data/lvbench/videos_processed/cXDT44zT8JY/frames/frame_2260.jpg', '/mnt/ssd/data/lvbench/videos_processed/cXDT44zT8JY/frames/frame_2261.jpg', '/mnt/ssd/data/lvbench/videos_processed/cXDT44zT8JY/frames/frame_2262.jpg', '/mnt/ssd/data/lvbench/videos_processed/cXDT44zT8JY/frames/frame_2263.jpg', '/mnt/ssd/data/lvbench/videos_processed/cXDT44zT8JY/frames/frame_2264.jpg', '/mnt/ssd/data/lvbench/videos_processed/cXDT44zT8JY/frames/frame_2265.jpg', '/mnt/ssd/data/lvbench/videos_processed/cXDT44zT8JY/frames/frame_2266.jpg', '/mnt/ssd/data/lvbench/videos_processed/cXDT44zT8JY/frames/frame_2267.jpg', '/mnt/ssd/data/lvbench/videos_processed/cXDT44zT8JY/frames/frame_2268.jpg', '/mnt/ssd/data/lvbench/videos_processed/cXDT44zT8JY/frames/frame_2269.jpg', '/mnt/ssd/data/lvbench/videos_processed/cXDT44zT8JY/frames/frame_2270.jpg', '/mnt/ssd/data/lvbench/videos_processed/cXDT44zT8JY/frames/frame_2271.jpg', '/mnt/ssd/data/lvbench/videos_processed/cXDT44zT8JY/frames/frame_2272.jpg', '/mnt/ssd/data/lvbench/videos_processed/cXDT44zT8JY/frames/frame_2273.jpg', '/mnt/ssd/data/lvbench/videos_processed/cXDT44zT8JY/frames/frame_2274.jpg', '/mnt/ssd/data/lvbench/videos_processed/cXDT44zT8JY/frames/frame_2275.jpg'], 'response': "Based on the provided frames and the question criteria, the answer **'2' (Applauding cheerfully)** is **incorrect** for the question: *Why is the referee clapping at 37:39 in the video?*\n\nHere’s the verification against each criterion:\n\n---\n\n**1. Referee is visible in the frame**  \n✅ Yes — The referee (John McCarthy) is clearly visible in frames 9 through 26, wearing a black shirt with “UFC” on it and white gloves.\n\n---\n\n**2. Referee is clapping hands together**  \n❌ **No** — In **none** of the 26 frames provided is the referee seen clapping his hands together. His hands are either at his sides, in a ready position, or gesturing — but **not clapping**. There is no visual evidence of a clapping motion at any point in these frames.\n\n---\n\n**3. Context of the clapping action (what is happening around the referee)**  \nSince there is **no clapping action visible**, this criterion cannot be met. The context shows the referee actively officiating the fight between Ken Shamrock and Royce Gracie — walking, observing, and positioning himself between the fighters — not applauding.\n\n---\n\n**4. Fighters' positions and actions relative to the referee**  \n✅ The fighters are actively engaged — Shamrock in black trunks, Gracie in white gi — moving, posturing, and exchanging strikes. The referee is positioned between them or nearby, maintaining control of the fight — consistent with standard officiating behavior, not celebratory clapping.\n\n---\n\n**5. Other people in the scene and their reactions**  \n✅ Spectators and officials are visible in the background, but none are shown clapping or reacting in a way that would suggest the referee is applauding. The atmosphere is tense and focused, not celebratory.\n\n---\n\n**6. General setting/scene where the clapping occurs**  \n✅ The setting is the UFC V octagon during active combat. The referee’s role is to enforce rules and ensure safety — not to applaud. Clapping would be out of character for this context.\n\n---\n\n**Temporal Sequence & Timestamp Note**  \nThe timestamp **37:39** is **not represented** in the provided frames (which appear to correspond to ~37:30–37:45 based on frame numbering, but without exact timestamp mapping). However, even assuming the frames are close to that time, **there is no clapping motion visible at all**.\n\n---\n\n**Conclusion:**  \nThe referee is **not clapping** in any of the provided frames. Therefore, the premise of the question — that he is clapping — is **not supported by visual evidence**. The answer “Applauding cheerfully” is **incorrect** because it assumes an action that does not occur in the visual data.\n\n✅ **Final Answer: No, '2' is not correct.**"}], 'formatted_responses': ["\n=== Batch 0-26 (26 frames) ===\nFrames: /mnt/ssd/data/lvbench/videos_processed/cXDT44zT8JY/frames/frame_2250.jpg, /mnt/ssd/data/lvbench/videos_processed/cXDT44zT8JY/frames/frame_2251.jpg, /mnt/ssd/data/lvbench/videos_processed/cXDT44zT8JY/frames/frame_2252.jpg, /mnt/ssd/data/lvbench/videos_processed/cXDT44zT8JY/frames/frame_2253.jpg, /mnt/ssd/data/lvbench/videos_processed/cXDT44zT8JY/frames/frame_2254.jpg, /mnt/ssd/data/lvbench/videos_processed/cXDT44zT8JY/frames/frame_2255.jpg, /mnt/ssd/data/lvbench/videos_processed/cXDT44zT8JY/frames/frame_2256.jpg, /mnt/ssd/data/lvbench/videos_processed/cXDT44zT8JY/frames/frame_2257.jpg, /mnt/ssd/data/lvbench/videos_processed/cXDT44zT8JY/frames/frame_2258.jpg, /mnt/ssd/data/lvbench/videos_processed/cXDT44zT8JY/frames/frame_2259.jpg, /mnt/ssd/data/lvbench/videos_processed/cXDT44zT8JY/frames/frame_2260.jpg, /mnt/ssd/data/lvbench/videos_processed/cXDT44zT8JY/frames/frame_2261.jpg, /mnt/ssd/data/lvbench/videos_processed/cXDT44zT8JY/frames/frame_2262.jpg, /mnt/ssd/data/lvbench/videos_processed/cXDT44zT8JY/frames/frame_2263.jpg, /mnt/ssd/data/lvbench/videos_processed/cXDT44zT8JY/frames/frame_2264.jpg, /mnt/ssd/data/lvbench/videos_processed/cXDT44zT8JY/frames/frame_2265.jpg, /mnt/ssd/data/lvbench/videos_processed/cXDT44zT8JY/frames/frame_2266.jpg, /mnt/ssd/data/lvbench/videos_processed/cXDT44zT8JY/frames/frame_2267.jpg, /mnt/ssd/data/lvbench/videos_processed/cXDT44zT8JY/frames/frame_2268.jpg, /mnt/ssd/data/lvbench/videos_processed/cXDT44zT8JY/frames/frame_2269.jpg, /mnt/ssd/data/lvbench/videos_processed/cXDT44zT8JY/frames/frame_2270.jpg, /mnt/ssd/data/lvbench/videos_processed/cXDT44zT8JY/frames/frame_2271.jpg, /mnt/ssd/data/lvbench/videos_processed/cXDT44zT8JY/frames/frame_2272.jpg, /mnt/ssd/data/lvbench/videos_processed/cXDT44zT8JY/frames/frame_2273.jpg, /mnt/ssd/data/lvbench/videos_processed/cXDT44zT8JY/frames/frame_2274.jpg, /mnt/ssd/data/lvbench/videos_processed/cXDT44zT8JY/frames/frame_2275.jpg\nVLM Response: Based on the provided frames and the question criteria, the answer **'2' (Applauding cheerfully)** is **incorrect** for the question: *Why is the referee clapping at 37:39 in the video?*\n\nHere’s the verification against each criterion:\n\n---\n\n**1. Referee is visible in the frame**  \n✅ Yes — The referee (John McCarthy) is clearly visible in frames 9 through 26, wearing a black shirt with “UFC” on it and white gloves.\n\n---\n\n**2. Referee is clapping hands together**  \n❌ **No** — In **none** of the 26 frames provided is the referee seen clapping his hands together. His hands are either at his sides, in a ready position, or gesturing — but **not clapping**. There is no visual evidence of a clapping motion at any point in these frames.\n\n---\n\n**3. Context of the clapping action (what is happening around the referee)**  \nSince there is **no clapping action visible**, this criterion cannot be met. The context shows the referee actively officiating the fight between Ken Shamrock and Royce Gracie — walking, observing, and positioning himself between the fighters — not applauding.\n\n---\n\n**4. Fighters' positions and actions relative to the referee**  \n✅ The fighters are actively engaged — Shamrock in black trunks, Gracie in white gi — moving, posturing, and exchanging strikes. The referee is positioned between them or nearby, maintaining control of the fight — consistent with standard officiating behavior, not celebratory clapping.\n\n---\n\n**5. Other people in the scene and their reactions**  \n✅ Spectators and officials are visible in the background, but none are shown clapping or reacting in a way that would suggest the referee is applauding. The atmosphere is tense and focused, not celebratory.\n\n---\n\n**6. General setting/scene where the clapping occurs**  \n✅ The setting is the UFC V octagon during active combat. The referee’s role is to enforce rules and ensure safety — not to applaud. Clapping would be out of character for this context.\n\n---\n\n**Temporal Sequence & Timestamp Note**  \nThe timestamp **37:39** is **not represented** in the provided frames (which appear to correspond to ~37:30–37:45 based on frame numbering, but without exact timestamp mapping). However, even assuming the frames are close to that time, **there is no clapping motion visible at all**.\n\n---\n\n**Conclusion:**  \nThe referee is **not clapping** in any of the provided frames. Therefore, the premise of the question — that he is clapping — is **not supported by visual evidence**. The answer “Applauding cheerfully” is **incorrect** because it assumes an action that does not occur in the visual data.\n\n✅ **Final Answer: No, '2' is not correct.**\n"], 'condensed_response': '**Scene Summary (≈\u202f37:30\u202f–\u202f37:45, frames\u202f2250‑2275)**  \n\nThe footage shows UFC referee **John\u202fMcCarthy** (black “UFC” shirt, white gloves) positioned between **Ken\u202fShamrock** (black trunks) and **Royce\u202fGracie** (white gi) throughout the sequence. Across the 26 frames, McCarthy is constantly moving—walking around the octagon, gesturing, and keeping the fighters apart—but **never brings his hands together** in a clapping motion.  \n\nThe fighters remain actively engaged: Shamrock attacks with punches and takedown attempts while Gracie works from his guard, exchanging strikes and grappling. Spectators and officials occupy the background, observing the bout with a tense, focused atmosphere; no one is shown applauding or reacting as if a celebration were occurring.  \n\nBecause the visual evidence contains **no clapping** and the surrounding context is purely competitive, the premise that the referee is “clapping at\u202f37:39” is unsupported. Consequently, the answer **“2 – Applauding cheerfully”** is **incorrect**.', 'failed_images': []}

Question Being Answered: Why is the referee clapping at 37:39 in the video?

Answer Choices:
A. Signaling the start of the match
B. Applauding cheerfully
C. For nothing
D. Encouraging the players

Given Answer: 2
Evidence Frames Used: ['frames/frame_2255.jpg', 'frames/frame_2256.jpg', 'frames/frame_2257.jpg', 'frames/frame_2258.jpg', 'frames/frame_2259.jpg', 'frames/frame_2260.jpg', 'frames/frame_2261.jpg', 'frames/frame_2262.jpg', 'frames/frame_2263.jpg', 'frames/frame_2264.jpg', 'frames/frame_2265.jpg', 'frames/frame_2266.jpg', 'frames/frame_2267.jpg', 'frames/frame_2268.jpg', 'frames/frame_2269.jpg', 'frames/frame_2270.jpg']

Character/Event/Scene logs: ================================================================================
CHARACTER, EVENT, AND SCENE LOGS
================================================================================

CHARACTERS:
Ken Shamrock: A man with short dark hair wearing a black robe with a white towel around his neck.
Royce Gracie: A shirtless man with short brown hair wearing a white Gi with a brown belt.

SCENES:
Title Card: A promotional graphic for "THE SUPERFIGHT" between Ken Shamrock and Royce Gracie at an Ultimate Fighting V event. [1-22]
Entrance Hallway: A dimly lit hallway with bright lights, metal truss structure, and several national flags. [23-42]
Fighting Ring: An octagonal UFC fighting ring with a chain-link fence and a gray mat. [43-2728]
Gym: A gym with various exercise equipment. [68-81]
Interview: A dark red curtain background with a man speaking directly to the camera. [82-96]
Martial Arts Studio: A large martial arts studio with a green floor and a white ceiling with square lights. [161-165]
Gracie Jiu Jitsu Logo: A logo featuring a black triangle with a person inside, surrounded by the text "GRACIE JIU JITSU" and "EST. 1925". [168]
Bedroom: A bed with a patterned pink blanket. [1365]

EVENTS:
Fighters' Entrance: Ken Shamrock and Royce Gracie walking down a stage ramp, escorted by police officers and security guards. [23-42]
Pre-Fight Interview: Ken Shamrock and Royce Gracie speaking directly to the camera. [82-96]
Pre-Fight Face-Off: Ken Shamrock and Royce Gracie facing each other in the UFC octagon. [272-277]
Fight Commences: The mixed martial arts fight between Ken Shamrock and Royce Gracie starts. [278-2728]
Post-Fight Congratulation: Royce Gracie being congratulated by his cornermen and supporters. [2700-2725]
Post-Fight Interview: Royce Gracie being interviewed by a reporter. [2732]

================================================================================
Generated at: 2026-01-11 21:48:03
================================================================================



QUESTION-BASED CRITERIA:
  Q1. Referee is visible in the frame
  Q2. Referee is clapping hands together
  Q3. Context of the clapping action (what is happening around the referee)
  Q4. Fighters' positions and actions relative to the referee
  Q5. Other people in the scene and their reactions
  Q6. General setting/scene where the clapping occurs


CRITICAL ASSESSMENT TASK:
For EACH criterion listed above, determine whether it PASSES or FAILS based ONLY on what the VLM actually reports seeing in the frames.

- PASS: The VLM results clearly confirm this criterion is satisfied in the frames
- FAIL: The VLM results indicate this criterion is NOT satisfied, or there is insufficient evidence

CONFIDENCE CALCULATION RULES:
1. Count how many criteria pass (criteria_percentage = criteria_passed / 6)
2. Calculate base_confidence = criteria_percentage * 100
3. ⚠️ If ANY answer-specific criterion (A1, A2, etc.) FAILS, set confidence = min(50, base_confidence)

⚠️ CRITICAL: There is ALWAYS a correct answer among the choices provided. If all answers seem slightly off or imperfect, you MUST choose the BEST possible answer that most closely matches the evidence.

CRITIC ANSWER CHOICE DECISION:
4. After evaluating criteria, if criteria_percentage > 0.5 (>50% of criteria pass):
   - Review ALL answer choices (A, B, C, D, etc.)
   - Based ONLY on the VLM visual evidence, determine which answer choice is MOST correct
   - Output your critic_answer_choice as a NUMBER (0=A, 1=B, 2=C, 3=D)
5. If criteria_percentage ≤ 0.5 (≤50% of criteria pass):
   - STILL do your best to pick out a correct answer, but also set suggestion to "These may not be the right frames/scene. Continue searching for better evidence."
   - output your best guess of the answer as a number (0=A, 1=B, 2=C, 3=D, 4=E)

Return ONLY this JSON:
{
    "criteria_results": [
        {"criterion": "criterion text", "criterion_type": "QUESTION or ANSWER", "status": "PASS or FAIL", "reasoning": "brief explanation"},
        ...
    ],
    "question_criteria_passed": <number of question criteria that passed>,
    "answer_criteria_passed": <number of answer criteria that passed>,
    "answer_criteria_total": 0,
    "criteria_passed": <number of question criteria that passed>,
    "criteria_total": 6,
    "criteria_percentage": <criteria_passed / 6>,
    "base_confidence": <(criteria_passed / 6) * 100>,
    "confidence": <base_confidence OR 50 if any answer criterion failed>,
    "critic_answer_choice": <NUMBER: 0=A, 1=B, 2=C, 3=D, 4=E>,
    "critic_reasoning": "<Brief explanation of why you chose this answer based on VLM evidence>",
    "possible_errors": [
        <List specific criteria that failed or issues found>
    ],
    "suggestion": <"These may not be the right frames" if ≤50%, otherwise null or specific improvement>
}

IMPORTANT RULES:
- Evaluate EACH criterion independently based on VLM results
- Mark criterion as PASS only if VLM clearly confirms it
- Mark criterion as FAIL if not confirmed or contradicted
- If ANY answer-specific criterion fails, confidence MUST be ≤50%
- Base evaluation ONLY on VLM verification results, not speculation
- Only list errors for criteria that actually failed
- Return ONLY valid JSON

Critical assessment response: ```json
{
    "criteria_results": [
        {
            "criterion": "Referee is visible in the frame",
            "criterion_type": "QUESTION",
            "status": "PASS",
            "reasoning": "VLM confirms referee is clearly visible in frames 9-26 wearing black UFC shirt and white gloves"
        },
        {
            "criterion": "Referee is clapping hands together",
            "criterion_type": "QUESTION",
            "status": "FAIL",
            "reasoning": "VLM explicitly states 'In none of the 26 frames provided is the referee seen clapping his hands together'"
        },
        {
            "criterion": "Context of the clapping action (what is happening around the referee)",
            "criterion_type": "QUESTION",
            "status": "FAIL",
            "reasoning": "VLM states this criterion cannot be met since no clapping action is visible, and context shows active officiating"
        },
        {
            "criterion": "Fighters' positions and actions relative to the referee",
            "criterion_type": "QUESTION",
            "status": "PASS",
            "reasoning": "VLM confirms fighters are actively engaged and referee is positioned between them maintaining control"
        },
        {
            "criterion": "Other people in the scene and their reactions",
            "criterion_type": "QUESTION",
            "status": "PASS",
            "reasoning": "VLM confirms spectators and officials are visible but none are clapping or reacting in celebratory way"
        },
        {
            "criterion": "General setting/scene where the clapping occurs",
            "criterion_type": "QUESTION",
            "status": "PASS",
            "reasoning": "VLM confirms setting is UFC octagon during active combat where clapping would be out of character"
        }
    ],
    "question_criteria_passed": 4,
    "answer_criteria_passed": 0,
    "answer_criteria_total": 0,
    "criteria_passed": 4,
    "criteria_total": 6,
    "criteria_percentage": 0.6667,
    "base_confidence": 66.67,
    "confidence": 50,
    "critic_answer_choice": 3,
    "critic_reasoning": "The VLM evidence shows no clapping occurs at all in the provided frames. Given that the referee is actively officiating a fight and clapping would be inappropriate in this context, the most plausible answer is that there is no valid reason for clapping ('For nothing'). The 'Applauding cheerfully' answer is contradicted by the visual evidence.",
    "possible_errors": [
        "No clapping action observed in any frame",
        "Context shows active officiating, not celebratory behavior",
        "Timestamp 37:39 may not be accurately represented in provided frames"
    ],
    "suggestion": null
}
```
Critical assessment data: {'criteria_results': [{'criterion': 'Referee is visible in the frame', 'criterion_type': 'QUESTION', 'status': 'PASS', 'reasoning': 'VLM confirms referee is clearly visible in frames 9-26 wearing black UFC shirt and white gloves'}, {'criterion': 'Referee is clapping hands together', 'criterion_type': 'QUESTION', 'status': 'FAIL', 'reasoning': "VLM explicitly states 'In none of the 26 frames provided is the referee seen clapping his hands together'"}, {'criterion': 'Context of the clapping action (what is happening around the referee)', 'criterion_type': 'QUESTION', 'status': 'FAIL', 'reasoning': 'VLM states this criterion cannot be met since no clapping action is visible, and context shows active officiating'}, {'criterion': "Fighters' positions and actions relative to the referee", 'criterion_type': 'QUESTION', 'status': 'PASS', 'reasoning': 'VLM confirms fighters are actively engaged and referee is positioned between them maintaining control'}, {'criterion': 'Other people in the scene and their reactions', 'criterion_type': 'QUESTION', 'status': 'PASS', 'reasoning': 'VLM confirms spectators and officials are visible but none are clapping or reacting in celebratory way'}, {'criterion': 'General setting/scene where the clapping occurs', 'criterion_type': 'QUESTION', 'status': 'PASS', 'reasoning': 'VLM confirms setting is UFC octagon during active combat where clapping would be out of character'}], 'question_criteria_passed': 4, 'answer_criteria_passed': 0, 'answer_criteria_total': 0, 'criteria_passed': 4, 'criteria_total': 6, 'criteria_percentage': 0.6667, 'base_confidence': 66.67, 'confidence': 50, 'critic_answer_choice': 3, 'critic_reasoning': "The VLM evidence shows no clapping occurs at all in the provided frames. Given that the referee is actively officiating a fight and clapping would be inappropriate in this context, the most plausible answer is that there is no valid reason for clapping ('For nothing'). The 'Applauding cheerfully' answer is contradicted by the visual evidence.", 'possible_errors': ['No clapping action observed in any frame', 'Context shows active officiating, not celebratory behavior', 'Timestamp 37:39 may not be accurately represented in provided frames'], 'suggestion': None}
