Critic initial response: {
    "tool": "VLM_QUERY",
    "frames": [
        "frames/frame_0635.jpg",
        "frames/frame_0636.jpg",
        "frames/frame_0637.jpg",
        "frames/frame_0638.jpg",
        "frames/frame_0639.jpg",
        "frames/frame_0640.jpg",
        "frames/frame_0641.jpg",
        "frames/frame_0642.jpg",
        "frames/frame_0643.jpg",
        "frames/frame_0644.jpg",
        "frames/frame_0645.jpg",
        "frames/frame_0646.jpg",
        "frames/frame_0647.jpg",
        "frames/frame_0648.jpg",
        "frames/frame_0649.jpg",
        "frames/frame_0650.jpg"
    ],
    "prompt": "Based on these frames (including context before/after), verify if the answer '2' is correct for the question: How many dancers are there when Britney Spears first stands on the ground? Check the question criteria: ['Britney Spears is standing on the ground (not on a platform or elevated surface)', 'Britney Spears is in a standing position with feet on the ground', 'Dancers are visible in the same frame as Britney Spears', 'Dancers are positioned around Britney Spears', 'This is the first occurrence of Britney standing on the ground with dancers present', 'The scene shows a performance setting with stage/performance elements']. Pay attention to timestamps and temporal sequences."
}
Frames to verify: ['frames/frame_0635.jpg', 'frames/frame_0636.jpg', 'frames/frame_0637.jpg', 'frames/frame_0638.jpg', 'frames/frame_0639.jpg', 'frames/frame_0640.jpg', 'frames/frame_0641.jpg', 'frames/frame_0642.jpg', 'frames/frame_0643.jpg', 'frames/frame_0644.jpg', 'frames/frame_0645.jpg', 'frames/frame_0646.jpg', 'frames/frame_0647.jpg', 'frames/frame_0648.jpg', 'frames/frame_0649.jpg', 'frames/frame_0650.jpg']
VLM Prompt: Video context: Based on the provided frame-by-frame captions data, here is a global summary of the video:

**Main Characters:**

* Britney Spears: The main performer and star of the video, appearing in various outfits and settings throughout the concert.
* Backup dancers and musicians: A group of dancers and musicians who accompany Britney Spears during her performance.
* Other individuals: Various people appear in the video, including a man in a black suit, a young girl, and other stagehands and crew members.

**Setting:**

* The video is primarily set in a concert venue, with various stage settings and backdrops, including a cityscape, a garden, and a futuristic environment.
* Some scenes are also set in a dimly lit room or a cluttered workshop.

**Plot Line:**

* The video appears to be a concert film or a music video featuring Britney Spears' live performance.
* The plot line is not narrative-driven, but rather a collection of performances, dance routines, and musical numbers.
* The video features a mix of solo and group performances, with Britney Spears singing and dancing to various songs.

**Vibes:**

* The overall vibe of the video is energetic, dynamic, and captivating, with a focus on showcasing Britney Spears' performance skills and charisma.
* The use of bright lights, smoke, and pyrotechnics creates a lively and immersive atmosphere.
* The video also features some more subdued and introspective moments, such as when Britney Spears is singing solo or interacting with the young girl.

**General Details:**

* The video features a mix of fast-paced and slow-motion footage, with a range of camera angles and close-ups.
* The color palette is diverse, with a focus on bold and bright colors, including pink, purple, green, and blue.
* The video includes various special effects, such as fireworks, flames, and water effects, which add to the overall spectacle of the performance.
* The credits sequence at the end of the video lists the production team, including the executive producers, producers, and crew members.

Overall, the video is a high-energy concert film or music video that showcases Britney Spears' performance skills and features a range of dynamic and captivating visuals.

Based on these frames (including context before/after), verify if the answer '2' is correct for the question: How many dancers are there when Britney Spears first stands on the ground? Check the question criteria: ['Britney Spears is standing on the ground (not on a platform or elevated surface)', 'Britney Spears is in a standing position with feet on the ground', 'Dancers are visible in the same frame as Britney Spears', 'Dancers are positioned around Britney Spears', 'This is the first occurrence of Britney standing on the ground with dancers present', 'The scene shows a performance setting with stage/performance elements']. Pay attention to timestamps and temporal sequences.
VLM response: {'batched_responses': [{'batch_start': 0, 'batch_end': 16, 'image_paths': ['/mnt/ssd/data/lvbench/videos_processed/rk24OUu_kJQ/frames/frame_0635.jpg', '/mnt/ssd/data/lvbench/videos_processed/rk24OUu_kJQ/frames/frame_0636.jpg', '/mnt/ssd/data/lvbench/videos_processed/rk24OUu_kJQ/frames/frame_0637.jpg', '/mnt/ssd/data/lvbench/videos_processed/rk24OUu_kJQ/frames/frame_0638.jpg', '/mnt/ssd/data/lvbench/videos_processed/rk24OUu_kJQ/frames/frame_0639.jpg', '/mnt/ssd/data/lvbench/videos_processed/rk24OUu_kJQ/frames/frame_0640.jpg', '/mnt/ssd/data/lvbench/videos_processed/rk24OUu_kJQ/frames/frame_0641.jpg', '/mnt/ssd/data/lvbench/videos_processed/rk24OUu_kJQ/frames/frame_0642.jpg', '/mnt/ssd/data/lvbench/videos_processed/rk24OUu_kJQ/frames/frame_0643.jpg', '/mnt/ssd/data/lvbench/videos_processed/rk24OUu_kJQ/frames/frame_0644.jpg', '/mnt/ssd/data/lvbench/videos_processed/rk24OUu_kJQ/frames/frame_0645.jpg', '/mnt/ssd/data/lvbench/videos_processed/rk24OUu_kJQ/frames/frame_0646.jpg', '/mnt/ssd/data/lvbench/videos_processed/rk24OUu_kJQ/frames/frame_0647.jpg', '/mnt/ssd/data/lvbench/videos_processed/rk24OUu_kJQ/frames/frame_0648.jpg', '/mnt/ssd/data/lvbench/videos_processed/rk24OUu_kJQ/frames/frame_0649.jpg', '/mnt/ssd/data/lvbench/videos_processed/rk24OUu_kJQ/frames/frame_0650.jpg'], 'response': "To verify if the answer **'2'** is correct for the question **“How many dancers are there when Britney Spears first stands on the ground?”**, we must strictly adhere to the **question criteria**:\n\n---\n\n### ✅ **Criteria Breakdown & Frame-by-Frame Analysis**\n\nWe are looking for the **first occurrence** where **all** of the following are true:\n\n1. **Britney Spears is standing on the ground** (not on a platform or elevated surface)\n2. **Britney Spears is in a standing position with feet on the ground**\n3. **Dancers are visible in the same frame as Britney Spears**\n4. **Dancers are positioned around Britney Spears**\n5. **This is the first occurrence** of Britney standing on the ground with dancers present\n6. **The scene shows a performance setting with stage/performance elements**\n\n---\n\n### 🕵️\u200d♀️ Frame Analysis:\n\n#### **Frames 1–5**:\n- Britney is on a **circular elevated platform** (Frame 1–4), not on the ground.\n- Frame 5 is a close-up of her face — no dancers visible, and no clear indication of ground-level positioning.\n→ **Does not meet criteria 1, 3, 4, 5, or 6 fully.**\n\n#### **Frame 6**:\n- Britney is **on the ground** (flat stage surface, not elevated).\n- She is **standing**.\n- **Two dancers** are visible: one to her left (in zebra costume with shield), one to her right (also in zebra costume, holding a prop).\n- They are **positioned around her**.\n- The setting is clearly a **performance stage** with lighting and props.\n→ **Meets all 6 criteria.**\n\nThis is the **first occurrence** of Britney standing on the ground with dancers visible and positioned around her.\n\n#### **Frames 7–16**:\n- Subsequent frames show more dancers, sometimes 3 or more, but since **Frame 6 is the first**, we only care about **Frame 6** for the “first occurrence” criterion.\n\n---\n\n### ✅ **Conclusion**\n\nIn **Frame 6**, there are **exactly 2 dancers** visible around Britney Spears, who is standing on the ground in a performance setting.\n\n> **Therefore, the answer '2' is CORRECT.**\n\n---\n\n✅ **Final Answer: YES — '2' is correct.**"}], 'formatted_responses': ["\n=== Batch 0-16 (16 frames) ===\nFrames: /mnt/ssd/data/lvbench/videos_processed/rk24OUu_kJQ/frames/frame_0635.jpg, /mnt/ssd/data/lvbench/videos_processed/rk24OUu_kJQ/frames/frame_0636.jpg, /mnt/ssd/data/lvbench/videos_processed/rk24OUu_kJQ/frames/frame_0637.jpg, /mnt/ssd/data/lvbench/videos_processed/rk24OUu_kJQ/frames/frame_0638.jpg, /mnt/ssd/data/lvbench/videos_processed/rk24OUu_kJQ/frames/frame_0639.jpg, /mnt/ssd/data/lvbench/videos_processed/rk24OUu_kJQ/frames/frame_0640.jpg, /mnt/ssd/data/lvbench/videos_processed/rk24OUu_kJQ/frames/frame_0641.jpg, /mnt/ssd/data/lvbench/videos_processed/rk24OUu_kJQ/frames/frame_0642.jpg, /mnt/ssd/data/lvbench/videos_processed/rk24OUu_kJQ/frames/frame_0643.jpg, /mnt/ssd/data/lvbench/videos_processed/rk24OUu_kJQ/frames/frame_0644.jpg, /mnt/ssd/data/lvbench/videos_processed/rk24OUu_kJQ/frames/frame_0645.jpg, /mnt/ssd/data/lvbench/videos_processed/rk24OUu_kJQ/frames/frame_0646.jpg, /mnt/ssd/data/lvbench/videos_processed/rk24OUu_kJQ/frames/frame_0647.jpg, /mnt/ssd/data/lvbench/videos_processed/rk24OUu_kJQ/frames/frame_0648.jpg, /mnt/ssd/data/lvbench/videos_processed/rk24OUu_kJQ/frames/frame_0649.jpg, /mnt/ssd/data/lvbench/videos_processed/rk24OUu_kJQ/frames/frame_0650.jpg\nVLM Response: To verify if the answer **'2'** is correct for the question **“How many dancers are there when Britney Spears first stands on the ground?”**, we must strictly adhere to the **question criteria**:\n\n---\n\n### ✅ **Criteria Breakdown & Frame-by-Frame Analysis**\n\nWe are looking for the **first occurrence** where **all** of the following are true:\n\n1. **Britney Spears is standing on the ground** (not on a platform or elevated surface)\n2. **Britney Spears is in a standing position with feet on the ground**\n3. **Dancers are visible in the same frame as Britney Spears**\n4. **Dancers are positioned around Britney Spears**\n5. **This is the first occurrence** of Britney standing on the ground with dancers present\n6. **The scene shows a performance setting with stage/performance elements**\n\n---\n\n### 🕵️\u200d♀️ Frame Analysis:\n\n#### **Frames 1–5**:\n- Britney is on a **circular elevated platform** (Frame 1–4), not on the ground.\n- Frame 5 is a close-up of her face — no dancers visible, and no clear indication of ground-level positioning.\n→ **Does not meet criteria 1, 3, 4, 5, or 6 fully.**\n\n#### **Frame 6**:\n- Britney is **on the ground** (flat stage surface, not elevated).\n- She is **standing**.\n- **Two dancers** are visible: one to her left (in zebra costume with shield), one to her right (also in zebra costume, holding a prop).\n- They are **positioned around her**.\n- The setting is clearly a **performance stage** with lighting and props.\n→ **Meets all 6 criteria.**\n\nThis is the **first occurrence** of Britney standing on the ground with dancers visible and positioned around her.\n\n#### **Frames 7–16**:\n- Subsequent frames show more dancers, sometimes 3 or more, but since **Frame 6 is the first**, we only care about **Frame 6** for the “first occurrence” criterion.\n\n---\n\n### ✅ **Conclusion**\n\nIn **Frame 6**, there are **exactly 2 dancers** visible around Britney Spears, who is standing on the ground in a performance setting.\n\n> **Therefore, the answer '2' is CORRECT.**\n\n---\n\n✅ **Final Answer: YES — '2' is correct.**\n"], 'condensed_response': '**Scene Summary (Frames\u202f0635‑0650)**  \n\n| Frame | Key Visuals & Characters |\n|-------|---------------------------|\n| **0635‑0639** | Britney is on a circular elevated platform (0635‑0638) or shown in a close‑up (0639). No ground‑level view and no dancers around her. |\n| **0640** *(the 6th frame in the batch)* | **First ground‑level appearance** of Britney – she stands flat on the stage. Two dancers flank her: one on the left in a zebra‑styled costume with a shield, the other on the right in a matching zebra costume holding a prop. The lighting and stage backdrop make it clear this is a performance setting. |\n| **0641‑0650** | Britney remains on the ground; additional dancers appear (3\u202f+), but these are later moments and do not affect the “first occurrence” criterion. |\n\n**Character Tracking (Frame\u202f0640)**  \n- **Britney Spears:** Center, standing, feet on the ground.  \n- **Dancer\u202f1:** Left of Britney, zebra costume, shield.  \n- **Dancer\u202f2:** Right of Britney, zebra costume, prop.  \n\n**Conclusion**  \nThe first frame that satisfies all question conditions (Britney standing on the ground with dancers positioned around her in a performance setting) is **frame\u202f0640**, which shows **exactly\u202f2 dancers**. Therefore, the answer **“2”** is correct.', 'failed_images': []}
Followup prompt: 
Critically assess whether the VLM verification supports the given answer by evaluating each criterion.

VLM Verification Results:
{'batched_responses': [{'batch_start': 0, 'batch_end': 16, 'image_paths': ['/mnt/ssd/data/lvbench/videos_processed/rk24OUu_kJQ/frames/frame_0635.jpg', '/mnt/ssd/data/lvbench/videos_processed/rk24OUu_kJQ/frames/frame_0636.jpg', '/mnt/ssd/data/lvbench/videos_processed/rk24OUu_kJQ/frames/frame_0637.jpg', '/mnt/ssd/data/lvbench/videos_processed/rk24OUu_kJQ/frames/frame_0638.jpg', '/mnt/ssd/data/lvbench/videos_processed/rk24OUu_kJQ/frames/frame_0639.jpg', '/mnt/ssd/data/lvbench/videos_processed/rk24OUu_kJQ/frames/frame_0640.jpg', '/mnt/ssd/data/lvbench/videos_processed/rk24OUu_kJQ/frames/frame_0641.jpg', '/mnt/ssd/data/lvbench/videos_processed/rk24OUu_kJQ/frames/frame_0642.jpg', '/mnt/ssd/data/lvbench/videos_processed/rk24OUu_kJQ/frames/frame_0643.jpg', '/mnt/ssd/data/lvbench/videos_processed/rk24OUu_kJQ/frames/frame_0644.jpg', '/mnt/ssd/data/lvbench/videos_processed/rk24OUu_kJQ/frames/frame_0645.jpg', '/mnt/ssd/data/lvbench/videos_processed/rk24OUu_kJQ/frames/frame_0646.jpg', '/mnt/ssd/data/lvbench/videos_processed/rk24OUu_kJQ/frames/frame_0647.jpg', '/mnt/ssd/data/lvbench/videos_processed/rk24OUu_kJQ/frames/frame_0648.jpg', '/mnt/ssd/data/lvbench/videos_processed/rk24OUu_kJQ/frames/frame_0649.jpg', '/mnt/ssd/data/lvbench/videos_processed/rk24OUu_kJQ/frames/frame_0650.jpg'], 'response': "To verify if the answer **'2'** is correct for the question **“How many dancers are there when Britney Spears first stands on the ground?”**, we must strictly adhere to the **question criteria**:\n\n---\n\n### ✅ **Criteria Breakdown & Frame-by-Frame Analysis**\n\nWe are looking for the **first occurrence** where **all** of the following are true:\n\n1. **Britney Spears is standing on the ground** (not on a platform or elevated surface)\n2. **Britney Spears is in a standing position with feet on the ground**\n3. **Dancers are visible in the same frame as Britney Spears**\n4. **Dancers are positioned around Britney Spears**\n5. **This is the first occurrence** of Britney standing on the ground with dancers present\n6. **The scene shows a performance setting with stage/performance elements**\n\n---\n\n### 🕵️\u200d♀️ Frame Analysis:\n\n#### **Frames 1–5**:\n- Britney is on a **circular elevated platform** (Frame 1–4), not on the ground.\n- Frame 5 is a close-up of her face — no dancers visible, and no clear indication of ground-level positioning.\n→ **Does not meet criteria 1, 3, 4, 5, or 6 fully.**\n\n#### **Frame 6**:\n- Britney is **on the ground** (flat stage surface, not elevated).\n- She is **standing**.\n- **Two dancers** are visible: one to her left (in zebra costume with shield), one to her right (also in zebra costume, holding a prop).\n- They are **positioned around her**.\n- The setting is clearly a **performance stage** with lighting and props.\n→ **Meets all 6 criteria.**\n\nThis is the **first occurrence** of Britney standing on the ground with dancers visible and positioned around her.\n\n#### **Frames 7–16**:\n- Subsequent frames show more dancers, sometimes 3 or more, but since **Frame 6 is the first**, we only care about **Frame 6** for the “first occurrence” criterion.\n\n---\n\n### ✅ **Conclusion**\n\nIn **Frame 6**, there are **exactly 2 dancers** visible around Britney Spears, who is standing on the ground in a performance setting.\n\n> **Therefore, the answer '2' is CORRECT.**\n\n---\n\n✅ **Final Answer: YES — '2' is correct.**"}], 'formatted_responses': ["\n=== Batch 0-16 (16 frames) ===\nFrames: /mnt/ssd/data/lvbench/videos_processed/rk24OUu_kJQ/frames/frame_0635.jpg, /mnt/ssd/data/lvbench/videos_processed/rk24OUu_kJQ/frames/frame_0636.jpg, /mnt/ssd/data/lvbench/videos_processed/rk24OUu_kJQ/frames/frame_0637.jpg, /mnt/ssd/data/lvbench/videos_processed/rk24OUu_kJQ/frames/frame_0638.jpg, /mnt/ssd/data/lvbench/videos_processed/rk24OUu_kJQ/frames/frame_0639.jpg, /mnt/ssd/data/lvbench/videos_processed/rk24OUu_kJQ/frames/frame_0640.jpg, /mnt/ssd/data/lvbench/videos_processed/rk24OUu_kJQ/frames/frame_0641.jpg, /mnt/ssd/data/lvbench/videos_processed/rk24OUu_kJQ/frames/frame_0642.jpg, /mnt/ssd/data/lvbench/videos_processed/rk24OUu_kJQ/frames/frame_0643.jpg, /mnt/ssd/data/lvbench/videos_processed/rk24OUu_kJQ/frames/frame_0644.jpg, /mnt/ssd/data/lvbench/videos_processed/rk24OUu_kJQ/frames/frame_0645.jpg, /mnt/ssd/data/lvbench/videos_processed/rk24OUu_kJQ/frames/frame_0646.jpg, /mnt/ssd/data/lvbench/videos_processed/rk24OUu_kJQ/frames/frame_0647.jpg, /mnt/ssd/data/lvbench/videos_processed/rk24OUu_kJQ/frames/frame_0648.jpg, /mnt/ssd/data/lvbench/videos_processed/rk24OUu_kJQ/frames/frame_0649.jpg, /mnt/ssd/data/lvbench/videos_processed/rk24OUu_kJQ/frames/frame_0650.jpg\nVLM Response: To verify if the answer **'2'** is correct for the question **“How many dancers are there when Britney Spears first stands on the ground?”**, we must strictly adhere to the **question criteria**:\n\n---\n\n### ✅ **Criteria Breakdown & Frame-by-Frame Analysis**\n\nWe are looking for the **first occurrence** where **all** of the following are true:\n\n1. **Britney Spears is standing on the ground** (not on a platform or elevated surface)\n2. **Britney Spears is in a standing position with feet on the ground**\n3. **Dancers are visible in the same frame as Britney Spears**\n4. **Dancers are positioned around Britney Spears**\n5. **This is the first occurrence** of Britney standing on the ground with dancers present\n6. **The scene shows a performance setting with stage/performance elements**\n\n---\n\n### 🕵️\u200d♀️ Frame Analysis:\n\n#### **Frames 1–5**:\n- Britney is on a **circular elevated platform** (Frame 1–4), not on the ground.\n- Frame 5 is a close-up of her face — no dancers visible, and no clear indication of ground-level positioning.\n→ **Does not meet criteria 1, 3, 4, 5, or 6 fully.**\n\n#### **Frame 6**:\n- Britney is **on the ground** (flat stage surface, not elevated).\n- She is **standing**.\n- **Two dancers** are visible: one to her left (in zebra costume with shield), one to her right (also in zebra costume, holding a prop).\n- They are **positioned around her**.\n- The setting is clearly a **performance stage** with lighting and props.\n→ **Meets all 6 criteria.**\n\nThis is the **first occurrence** of Britney standing on the ground with dancers visible and positioned around her.\n\n#### **Frames 7–16**:\n- Subsequent frames show more dancers, sometimes 3 or more, but since **Frame 6 is the first**, we only care about **Frame 6** for the “first occurrence” criterion.\n\n---\n\n### ✅ **Conclusion**\n\nIn **Frame 6**, there are **exactly 2 dancers** visible around Britney Spears, who is standing on the ground in a performance setting.\n\n> **Therefore, the answer '2' is CORRECT.**\n\n---\n\n✅ **Final Answer: YES — '2' is correct.**\n"], 'condensed_response': '**Scene Summary (Frames\u202f0635‑0650)**  \n\n| Frame | Key Visuals & Characters |\n|-------|---------------------------|\n| **0635‑0639** | Britney is on a circular elevated platform (0635‑0638) or shown in a close‑up (0639). No ground‑level view and no dancers around her. |\n| **0640** *(the 6th frame in the batch)* | **First ground‑level appearance** of Britney – she stands flat on the stage. Two dancers flank her: one on the left in a zebra‑styled costume with a shield, the other on the right in a matching zebra costume holding a prop. The lighting and stage backdrop make it clear this is a performance setting. |\n| **0641‑0650** | Britney remains on the ground; additional dancers appear (3\u202f+), but these are later moments and do not affect the “first occurrence” criterion. |\n\n**Character Tracking (Frame\u202f0640)**  \n- **Britney Spears:** Center, standing, feet on the ground.  \n- **Dancer\u202f1:** Left of Britney, zebra costume, shield.  \n- **Dancer\u202f2:** Right of Britney, zebra costume, prop.  \n\n**Conclusion**  \nThe first frame that satisfies all question conditions (Britney standing on the ground with dancers positioned around her in a performance setting) is **frame\u202f0640**, which shows **exactly\u202f2 dancers**. Therefore, the answer **“2”** is correct.', 'failed_images': []}

Question Being Answered: How many dancers are there when Britney Spears first stands on the ground?

Answer Choices:
A. 6
B. 2
C. 4
D. 3

Given Answer: 2
Evidence Frames Used: ['frames/frame_0640.jpg', 'frames/frame_0641.jpg', 'frames/frame_0642.jpg', 'frames/frame_0643.jpg', 'frames/frame_0644.jpg', 'frames/frame_0645.jpg']

Character/Event/Scene logs: ================================================================================
CHARACTER, EVENT, AND SCENE LOGS
================================================================================

CHARACTERS:
Britney Spears: Description: Blonde woman, various outfits and hairstyles, performing on stage, singing, and dancing.
Middle-aged Man: Description: Short gray hair, gray sweater, speaking into a microphone, likely a TV show host or interviewer.
Young Girl: Description: Long blonde or brown hair, pink pajamas, sitting or standing on a stage, interacting with the Middle-aged Man.
WWE Referee: Description: Black and white striped shirt, black pants, standing or kneeling in a wrestling ring.
Various Dancers: Description: Men and women, various outfits and hairstyles, dancing and performing on stage.
Lady Gaga: Description: Blonde woman, various outfits, performing on stage, singing, and dancing.
Beyonce: Description: Blonde or brown-haired woman, various outfits, performing on stage, singing, and dancing.
Shakira: Description: Red-haired woman, various outfits, performing on stage, singing, and dancing.
Other Performers: Description: Various individuals, men and women, performing on stage, singing, dancing, or playing instruments.

SCENES:
Concert Venue: Description: Large crowd, stage with bright lights, band performing. [Frames 1-5391]
Las Vegas Cityscape: Description: Cityscape with tall buildings, roads, and a prominent pyramid-shaped structure, likely the Luxor Hotel. [Frames 6-10]
Futuristic Courtyard: Description: Serene and futuristic garden with a pathway, solar panels, and a tree. [Frames 182-209]
Dark Room or Stage: Description: Dimly lit room or stage with blue or purple lights, fog, and various objects or performers. [Frames 15-181, 211-5389]
Playground or Amusement Park: Description: Colorful playground or amusement park with slides, fences, and other attractions. [Frames 1544-1558]
Garden or Yard: Description: Lush greenery, flowers, and a serene atmosphere. [Frames 2700-2713]
Wrestling Arena: Description: Wrestling ring, crowd, and bright stage lights. [Frames 300-305, 1732-1735]
Fashion Show or Runway: Description: Catwalk, models or performers walking or dancing, bright lights. [Frames 2108-2125]
Subway or Train Car: Description: Beige seats, a woman wearing a red beret. [Frames 4185-4187]

EVENTS:
Concert or Performance: Description: Various performers, including Britney Spears, Lady Gaga, Beyonce, and Shakira, singing, dancing, and performing on stage. [Frames 1-5391]
TV Show or Interview: Description: Middle-aged Man speaking into a microphone, interacting with a Young Girl. [Frames 1115-1186]
Wrestling Match: Description: WWE Referee, wrestlers, and a crowd in a wrestling arena. [Frames 300-305, 1732-1735]
Fashion Show: Description: Models or performers walking or dancing on a catwalk or stage. [Frames 2108-2125]
Playground or Amusement Park Scene: Description: Children playing on slides and other attractions. [Frames 1544-1558]
Garden or Yard Scene: Description: Women standing or sitting in a serene garden or yard. [Frames 2700-2713]

================================================================================
Generated at: 2026-01-11 21:46:03
================================================================================



QUESTION-BASED CRITERIA:
  Q1. Britney Spears is standing on the ground (not on a platform or elevated surface)
  Q2. Britney Spears is in a standing position with feet on the ground
  Q3. Dancers are visible in the same frame as Britney Spears
  Q4. Dancers are positioned around Britney Spears
  Q5. This is the first occurrence of Britney standing on the ground with dancers present
  Q6. The scene shows a performance setting with stage/performance elements


CRITICAL ASSESSMENT TASK:
For EACH criterion listed above, determine whether it PASSES or FAILS based ONLY on what the VLM actually reports seeing in the frames.

- PASS: The VLM results clearly confirm this criterion is satisfied in the frames
- FAIL: The VLM results indicate this criterion is NOT satisfied, or there is insufficient evidence

CONFIDENCE CALCULATION RULES:
1. Count how many criteria pass (criteria_percentage = criteria_passed / 6)
2. Calculate base_confidence = criteria_percentage * 100
3. ⚠️ If ANY answer-specific criterion (A1, A2, etc.) FAILS, set confidence = min(50, base_confidence)

⚠️ CRITICAL: There is ALWAYS a correct answer among the choices provided. If all answers seem slightly off or imperfect, you MUST choose the BEST possible answer that most closely matches the evidence.

CRITIC ANSWER CHOICE DECISION:
4. After evaluating criteria, if criteria_percentage > 0.5 (>50% of criteria pass):
   - Review ALL answer choices (A, B, C, D, etc.)
   - Based ONLY on the VLM visual evidence, determine which answer choice is MOST correct
   - Output your critic_answer_choice as a NUMBER (0=A, 1=B, 2=C, 3=D)
5. If criteria_percentage ≤ 0.5 (≤50% of criteria pass):
   - STILL do your best to pick out a correct answer, but also set suggestion to "These may not be the right frames/scene. Continue searching for better evidence."
   - output your best guess of the answer as a number (0=A, 1=B, 2=C, 3=D, 4=E)

Return ONLY this JSON:
{
    "criteria_results": [
        {"criterion": "criterion text", "criterion_type": "QUESTION or ANSWER", "status": "PASS or FAIL", "reasoning": "brief explanation"},
        ...
    ],
    "question_criteria_passed": <number of question criteria that passed>,
    "answer_criteria_passed": <number of answer criteria that passed>,
    "answer_criteria_total": 0,
    "criteria_passed": <number of question criteria that passed>,
    "criteria_total": 6,
    "criteria_percentage": <criteria_passed / 6>,
    "base_confidence": <(criteria_passed / 6) * 100>,
    "confidence": <base_confidence OR 50 if any answer criterion failed>,
    "critic_answer_choice": <NUMBER: 0=A, 1=B, 2=C, 3=D, 4=E>,
    "critic_reasoning": "<Brief explanation of why you chose this answer based on VLM evidence>",
    "possible_errors": [
        <List specific criteria that failed or issues found>
    ],
    "suggestion": <"These may not be the right frames" if ≤50%, otherwise null or specific improvement>
}

IMPORTANT RULES:
- Evaluate EACH criterion independently based on VLM results
- Mark criterion as PASS only if VLM clearly confirms it
- Mark criterion as FAIL if not confirmed or contradicted
- If ANY answer-specific criterion fails, confidence MUST be ≤50%
- Base evaluation ONLY on VLM verification results, not speculation
- Only list errors for criteria that actually failed
- Return ONLY valid JSON

Critical assessment response: ```json
{
    "criteria_results": [
        {
            "criterion": "Britney Spears is standing on the ground (not on a platform or elevated surface)",
            "criterion_type": "QUESTION",
            "status": "PASS",
            "reasoning": "VLM confirms Britney is on flat stage surface, not elevated, in frame 0640"
        },
        {
            "criterion": "Britney Spears is in a standing position with feet on the ground",
            "criterion_type": "QUESTION",
            "status": "PASS",
            "reasoning": "VLM explicitly states she is standing with feet on the ground in frame 0640"
        },
        {
            "criterion": "Dancers are visible in the same frame as Britney Spears",
            "criterion_type": "QUESTION",
            "status": "PASS",
            "reasoning": "VLM identifies two dancers visible in frame 0640 with Britney"
        },
        {
            "criterion": "Dancers are positioned around Britney Spears",
            "criterion_type": "QUESTION",
            "status": "PASS",
            "reasoning": "VLM describes dancers flanking her - one on left, one on right"
        },
        {
            "criterion": "This is the first occurrence of Britney standing on the ground with dancers present",
            "criterion_type": "QUESTION",
            "status": "PASS",
            "reasoning": "VLM confirms frame 0640 is the first occurrence after analyzing previous frames"
        },
        {
            "criterion": "The scene shows a performance setting with stage/performance elements",
            "criterion_type": "QUESTION",
            "status": "PASS",
            "reasoning": "VLM notes performance stage with lighting and props in frame 0640"
        }
    ],
    "question_criteria_passed": 6,
    "answer_criteria_passed": 0,
    "answer_criteria_total": 0,
    "criteria_passed": 6,
    "criteria_total": 6,
    "criteria_percentage": 1.0,
    "base_confidence": 100,
    "confidence": 100,
    "critic_answer_choice": 1,
    "critic_reasoning": "VLM analysis confirms exactly 2 dancers are visible in frame 0640 when Britney first stands on the ground, with one dancer on her left and one on her right, both in zebra costumes",
    "possible_errors": [],
    "suggestion": null
}
```
Critical assessment data: {'criteria_results': [{'criterion': 'Britney Spears is standing on the ground (not on a platform or elevated surface)', 'criterion_type': 'QUESTION', 'status': 'PASS', 'reasoning': 'VLM confirms Britney is on flat stage surface, not elevated, in frame 0640'}, {'criterion': 'Britney Spears is in a standing position with feet on the ground', 'criterion_type': 'QUESTION', 'status': 'PASS', 'reasoning': 'VLM explicitly states she is standing with feet on the ground in frame 0640'}, {'criterion': 'Dancers are visible in the same frame as Britney Spears', 'criterion_type': 'QUESTION', 'status': 'PASS', 'reasoning': 'VLM identifies two dancers visible in frame 0640 with Britney'}, {'criterion': 'Dancers are positioned around Britney Spears', 'criterion_type': 'QUESTION', 'status': 'PASS', 'reasoning': 'VLM describes dancers flanking her - one on left, one on right'}, {'criterion': 'This is the first occurrence of Britney standing on the ground with dancers present', 'criterion_type': 'QUESTION', 'status': 'PASS', 'reasoning': 'VLM confirms frame 0640 is the first occurrence after analyzing previous frames'}, {'criterion': 'The scene shows a performance setting with stage/performance elements', 'criterion_type': 'QUESTION', 'status': 'PASS', 'reasoning': 'VLM notes performance stage with lighting and props in frame 0640'}], 'question_criteria_passed': 6, 'answer_criteria_passed': 0, 'answer_criteria_total': 0, 'criteria_passed': 6, 'criteria_total': 6, 'criteria_percentage': 1.0, 'base_confidence': 100, 'confidence': 100, 'critic_answer_choice': 1, 'critic_reasoning': 'VLM analysis confirms exactly 2 dancers are visible in frame 0640 when Britney first stands on the ground, with one dancer on her left and one on her right, both in zebra costumes', 'possible_errors': [], 'suggestion': None}
