Critic initial response: {
    "tool": "VLM_QUERY",
    "frames": ["frames/frame_0205.jpg", "frames/frame_0206.jpg", "frames/frame_0207.jpg", "frames/frame_0208.jpg", "frames/frame_0209.jpg", "frames/frame_0210.jpg", "frames/frame_0211.jpg", "frames/frame_0212.jpg", "frames/frame_0213.jpg", "frames/frame_0214.jpg", "frames/frame_0215.jpg", "frames/frame_0216.jpg", "frames/frame_0217.jpg", "frames/frame_0218.jpg", "frames/frame_0219.jpg", "frames/frame_0220.jpg", "frames/frame_0221.jpg", "frames/frame_0222.jpg", "frames/frame_0223.jpg", "frames/frame_0224.jpg"],
    "prompt": "Based on these frames (including context before/after), verify if the answer '2' is correct for the question: In the video, a white airplane is taxiing on the runway at the airport, with a backdrop of golden hills and an orange sky. What happens first on screen after the caption 'water on runway' appears?. Check the question criteria: ['White airplane is visible on screen', 'Airplane is taxiing (moving on ground)', 'Airport runway is visible', 'Backdrop shows golden hills', 'Sky appears orange in color', \"Caption text 'water on runway' is displayed on screen\"]. Pay attention to timestamps and temporal sequences. Specifically, identify what happens immediately after the 'water on runway' caption appears on screen and verify if answer choice 2 (man leaning out from airplane to talk to camera) is the first thing that occurs."
}
Frames to verify: ['frames/frame_0205.jpg', 'frames/frame_0206.jpg', 'frames/frame_0207.jpg', 'frames/frame_0208.jpg', 'frames/frame_0209.jpg', 'frames/frame_0210.jpg', 'frames/frame_0211.jpg', 'frames/frame_0212.jpg', 'frames/frame_0213.jpg', 'frames/frame_0214.jpg', 'frames/frame_0215.jpg', 'frames/frame_0216.jpg', 'frames/frame_0217.jpg', 'frames/frame_0218.jpg', 'frames/frame_0219.jpg', 'frames/frame_0220.jpg', 'frames/frame_0221.jpg', 'frames/frame_0222.jpg', 'frames/frame_0223.jpg', 'frames/frame_0224.jpg']
VLM Prompt: Video context: Based on the provided frame-by-frame captions data, here is a global summary of the video:

**Main Characters:**

1. The narrator, a man with a beard and wearing a black t-shirt with a white logo, appears throughout the video, often speaking directly to the camera.
2. Various Airbus employees and workers are shown in different settings, such as factories, offices, and hangars.

**Setting:**

1. The video takes place in multiple locations, including:
	* Airbus factories and manufacturing facilities in Europe.
	* Offices and design centers where engineers and designers work on the A350 aircraft.
	* Airports and runways where the A350 is tested and delivered.
	* Various other industrial and commercial settings.

**Plot Line:**

The video is a documentary-style narrative that explores the design, manufacturing, and testing of the Airbus A350 aircraft. The narrator takes the viewer on a journey to various Airbus facilities, showcasing the complexity and scale of the aircraft's production. The video highlights the expertise and dedication of the people involved in building the A350, from engineers and designers to factory workers and test pilots.

**Vibes:**

1. The overall tone of the video is informative, enthusiastic, and celebratory, conveying a sense of pride and admiration for the A350 and the people who built it.
2. The narrator's humor and personality add a lighthearted and engaging touch to the video.
3. The video also conveys a sense of awe and wonder at the scale and complexity of the aircraft's production.

**General Details:**

1. The video is produced by Minute Physics, as indicated by the logo and text overlay in the initial frames.
2. The A350 is portrayed as a remarkable feat of engineering, manufacturing, and technology.
3. The video highlights the extensive testing and quality control measures that Airbus undertakes to ensure the safety and performance of the aircraft.
4. The narrator's journey takes him to various Airbus facilities, showcasing the global nature of the company's operations.

Overall, the video is an engaging and informative documentary that showcases the Airbus A350 and the people who built it, while also conveying a sense of pride and admiration for the aircraft and its production process.

Based on these frames (including context before/after), verify if the answer '2' is correct for the question: In the video, a white airplane is taxiing on the runway at the airport, with a backdrop of golden hills and an orange sky. What happens first on screen after the caption 'water on runway' appears?. Check the question criteria: ['White airplane is visible on screen', 'Airplane is taxiing (moving on ground)', 'Airport runway is visible', 'Backdrop shows golden hills', 'Sky appears orange in color', "Caption text 'water on runway' is displayed on screen"]. Pay attention to timestamps and temporal sequences. Specifically, identify what happens immediately after the 'water on runway' caption appears on screen and verify if answer choice 2 (man leaning out from airplane to talk to camera) is the first thing that occurs.

Subtitles visible in these frames:
  frames/frame_0205.jpg: "are covered with sensores and tested extensively to the range of their limits:"
  frames/frame_0206.jpg: "are covered with sensores and tested extensively to the range of their limits:"
  frames/frame_0207.jpg: "are covered with sensores and tested extensively to the range of their limits: Cold weather,"
  frames/frame_0208.jpg: "Cold weather, hot weather,"
  frames/frame_0209.jpg: "hot weather, high altitude,"
  frames/frame_0210.jpg: "high altitude, water on the runway,"
  frames/frame_0211.jpg: "water on the runway,"
  frames/frame_0212.jpg: "water on the runway, tail scraping on low speed take off,"
  frames/frame_0213.jpg: "tail scraping on low speed take off,"
  frames/frame_0214.jpg: "tail scraping on low speed take off, wing bending strenght,"
  frames/frame_0215.jpg: "wing bending strenght, etc."
  frames/frame_0216.jpg: "etc. And in addition to this extensive prototype testing, every single plane that comes off the assembly line"
  frames/frame_0217.jpg: "And in addition to this extensive prototype testing, every single plane that comes off the assembly line"
  frames/frame_0218.jpg: "And in addition to this extensive prototype testing, every single plane that comes off the assembly line"
  frames/frame_0219.jpg: "And in addition to this extensive prototype testing, every single plane that comes off the assembly line"
  frames/frame_0220.jpg: "And in addition to this extensive prototype testing, every single plane that comes off the assembly line"
  frames/frame_0221.jpg: "And in addition to this extensive prototype testing, every single plane that comes off the assembly line is taken on its own testflights."
  frames/frame_0222.jpg: "is taken on its own testflights."
  frames/frame_0223.jpg: "is taken on its own testflights. Once the test pilots and test flight enineers are happy"
  frames/frame_0224.jpg: "Once the test pilots and test flight enineers are happy"

VLM response: {'batched_responses': [{'batch_start': 0, 'batch_end': 20, 'image_paths': ['/mnt/ssd/data/longvideobench/videos_processed_1/7rMgpExA4kM/frames/frame_0205.jpg', '/mnt/ssd/data/longvideobench/videos_processed_1/7rMgpExA4kM/frames/frame_0206.jpg', '/mnt/ssd/data/longvideobench/videos_processed_1/7rMgpExA4kM/frames/frame_0207.jpg', '/mnt/ssd/data/longvideobench/videos_processed_1/7rMgpExA4kM/frames/frame_0208.jpg', '/mnt/ssd/data/longvideobench/videos_processed_1/7rMgpExA4kM/frames/frame_0209.jpg', '/mnt/ssd/data/longvideobench/videos_processed_1/7rMgpExA4kM/frames/frame_0210.jpg', '/mnt/ssd/data/longvideobench/videos_processed_1/7rMgpExA4kM/frames/frame_0211.jpg', '/mnt/ssd/data/longvideobench/videos_processed_1/7rMgpExA4kM/frames/frame_0212.jpg', '/mnt/ssd/data/longvideobench/videos_processed_1/7rMgpExA4kM/frames/frame_0213.jpg', '/mnt/ssd/data/longvideobench/videos_processed_1/7rMgpExA4kM/frames/frame_0214.jpg', '/mnt/ssd/data/longvideobench/videos_processed_1/7rMgpExA4kM/frames/frame_0215.jpg', '/mnt/ssd/data/longvideobench/videos_processed_1/7rMgpExA4kM/frames/frame_0216.jpg', '/mnt/ssd/data/longvideobench/videos_processed_1/7rMgpExA4kM/frames/frame_0217.jpg', '/mnt/ssd/data/longvideobench/videos_processed_1/7rMgpExA4kM/frames/frame_0218.jpg', '/mnt/ssd/data/longvideobench/videos_processed_1/7rMgpExA4kM/frames/frame_0219.jpg', '/mnt/ssd/data/longvideobench/videos_processed_1/7rMgpExA4kM/frames/frame_0220.jpg', '/mnt/ssd/data/longvideobench/videos_processed_1/7rMgpExA4kM/frames/frame_0221.jpg', '/mnt/ssd/data/longvideobench/videos_processed_1/7rMgpExA4kM/frames/frame_0222.jpg', '/mnt/ssd/data/longvideobench/videos_processed_1/7rMgpExA4kM/frames/frame_0223.jpg', '/mnt/ssd/data/longvideobench/videos_processed_1/7rMgpExA4kM/frames/frame_0224.jpg'], 'response': 'Based on the provided frames and subtitles, the answer **‘2’ (man leaning out from airplane to talk to camera)** is **incorrect**.\n\n---\n\n### Step-by-step Verification:\n\n#### 1. **When does the caption “water on runway” appear?**\n- The subtitle “water on the runway,” appears in **frame 0210** and continues in **frame 0211**.\n- Therefore, the caption is displayed starting at **frame 0210**.\n\n#### 2. **What happens immediately after frame 0210?**\n- **Frame 0211**: Shows an airplane (A350) landing or taxiing with mountains in the background — **no man leaning out**.\n- **Frame 0212**: Top-down view of an A350 taxiing on a wet runway — **no man leaning out**.\n- **Frame 0213**: Side view of A350 during low-speed takeoff (tail scraping test) — **no man leaning out**.\n- **Frame 0214–0215**: Continue showing aircraft testing — **no man leaning out**.\n- **Frame 0216–0220**: Factory interior and then aircraft taxiing/taking off — **no man leaning out**.\n- **Frame 0221–0223**: Aircraft taking off — **no man leaning out**.\n- **Frame 0224**: **First time we see a man leaning out** — but this is **inside the cockpit**, with the narrator (labeled “Noob”) and “Chief Test Pilot” — **not leaning out of the airplane to talk to the camera**. He is seated, inside the aircraft, looking up.\n\n> **Crucially, there is no frame in the provided sequence where a man is leaning *out* of the airplane to talk to the camera.**\n\n---\n\n#### 3. **Does the question’s visual criteria match any frame?**\nThe question asks to verify a scene with:\n- White airplane visible ✅ (multiple frames, e.g., 0210, 0212, 0217)\n- Airplane taxiing ✅ (e.g., 0210, 0212, 0217)\n- Airport runway visible ✅ (e.g., 0210, 0212, 0217)\n- Backdrop shows golden hills ✅ (frame 0210 has desert/hills)\n- Sky appears orange ✅ (frame 0210 has warm, orange-tinged sky)\n- Caption “water on runway” displayed ✅ (frames 0210–0211)\n\n→ So the **scene described in the question does occur** — specifically in **frame 0210**.\n\n---\n\n#### 4. **What happens FIRST after the “water on runway” caption appears?**\n- **Frame 0210**: Caption appears, plane taxiing on runway with golden hills and orange sky.\n- **Frame 0211**: Next frame — plane still on runway, but now from front view, with mountains — **still no man leaning out**.\n- **Frame 0212**: Top-down view of plane on wet runway — **still no man leaning out**.\n\n→ The **first visual event after the caption appears is the continuation of the plane taxiing on the wet runway**, not a man leaning out.\n\n---\n\n#### 5. **Is “man leaning out from airplane to talk to camera” even shown?**\n- **No.** In frame 0224, the narrator is **inside the cockpit**, seated, looking up at the test pilot. He is **not leaning out** of the airplane. The shot is interior, not exterior.\n\n---\n\n### ✅ Conclusion:\nThe answer **‘2’ is incorrect**.\n\n- The first thing that happens after the “water on runway” caption appears is **the continuation of the airplane taxiing on the runway** (frame 0211).\n- **No man is ever shown leaning out of the airplane to talk to the camera** in the provided frames.\n\n---\n\n**Correct Answer: NOT 2** — The described event does not occur immediately after the caption, nor does it occur at all in the provided frames.'}], 'formatted_responses': ['\n=== Batch 0-20 (20 frames) ===\nFrames: /mnt/ssd/data/longvideobench/videos_processed_1/7rMgpExA4kM/frames/frame_0205.jpg, /mnt/ssd/data/longvideobench/videos_processed_1/7rMgpExA4kM/frames/frame_0206.jpg, /mnt/ssd/data/longvideobench/videos_processed_1/7rMgpExA4kM/frames/frame_0207.jpg, /mnt/ssd/data/longvideobench/videos_processed_1/7rMgpExA4kM/frames/frame_0208.jpg, /mnt/ssd/data/longvideobench/videos_processed_1/7rMgpExA4kM/frames/frame_0209.jpg, /mnt/ssd/data/longvideobench/videos_processed_1/7rMgpExA4kM/frames/frame_0210.jpg, /mnt/ssd/data/longvideobench/videos_processed_1/7rMgpExA4kM/frames/frame_0211.jpg, /mnt/ssd/data/longvideobench/videos_processed_1/7rMgpExA4kM/frames/frame_0212.jpg, /mnt/ssd/data/longvideobench/videos_processed_1/7rMgpExA4kM/frames/frame_0213.jpg, /mnt/ssd/data/longvideobench/videos_processed_1/7rMgpExA4kM/frames/frame_0214.jpg, /mnt/ssd/data/longvideobench/videos_processed_1/7rMgpExA4kM/frames/frame_0215.jpg, /mnt/ssd/data/longvideobench/videos_processed_1/7rMgpExA4kM/frames/frame_0216.jpg, /mnt/ssd/data/longvideobench/videos_processed_1/7rMgpExA4kM/frames/frame_0217.jpg, /mnt/ssd/data/longvideobench/videos_processed_1/7rMgpExA4kM/frames/frame_0218.jpg, /mnt/ssd/data/longvideobench/videos_processed_1/7rMgpExA4kM/frames/frame_0219.jpg, /mnt/ssd/data/longvideobench/videos_processed_1/7rMgpExA4kM/frames/frame_0220.jpg, /mnt/ssd/data/longvideobench/videos_processed_1/7rMgpExA4kM/frames/frame_0221.jpg, /mnt/ssd/data/longvideobench/videos_processed_1/7rMgpExA4kM/frames/frame_0222.jpg, /mnt/ssd/data/longvideobench/videos_processed_1/7rMgpExA4kM/frames/frame_0223.jpg, /mnt/ssd/data/longvideobench/videos_processed_1/7rMgpExA4kM/frames/frame_0224.jpg\nVLM Response: Based on the provided frames and subtitles, the answer **‘2’ (man leaning out from airplane to talk to camera)** is **incorrect**.\n\n---\n\n### Step-by-step Verification:\n\n#### 1. **When does the caption “water on runway” appear?**\n- The subtitle “water on the runway,” appears in **frame 0210** and continues in **frame 0211**.\n- Therefore, the caption is displayed starting at **frame 0210**.\n\n#### 2. **What happens immediately after frame 0210?**\n- **Frame 0211**: Shows an airplane (A350) landing or taxiing with mountains in the background — **no man leaning out**.\n- **Frame 0212**: Top-down view of an A350 taxiing on a wet runway — **no man leaning out**.\n- **Frame 0213**: Side view of A350 during low-speed takeoff (tail scraping test) — **no man leaning out**.\n- **Frame 0214–0215**: Continue showing aircraft testing — **no man leaning out**.\n- **Frame 0216–0220**: Factory interior and then aircraft taxiing/taking off — **no man leaning out**.\n- **Frame 0221–0223**: Aircraft taking off — **no man leaning out**.\n- **Frame 0224**: **First time we see a man leaning out** — but this is **inside the cockpit**, with the narrator (labeled “Noob”) and “Chief Test Pilot” — **not leaning out of the airplane to talk to the camera**. He is seated, inside the aircraft, looking up.\n\n> **Crucially, there is no frame in the provided sequence where a man is leaning *out* of the airplane to talk to the camera.**\n\n---\n\n#### 3. **Does the question’s visual criteria match any frame?**\nThe question asks to verify a scene with:\n- White airplane visible ✅ (multiple frames, e.g., 0210, 0212, 0217)\n- Airplane taxiing ✅ (e.g., 0210, 0212, 0217)\n- Airport runway visible ✅ (e.g., 0210, 0212, 0217)\n- Backdrop shows golden hills ✅ (frame 0210 has desert/hills)\n- Sky appears orange ✅ (frame 0210 has warm, orange-tinged sky)\n- Caption “water on runway” displayed ✅ (frames 0210–0211)\n\n→ So the **scene described in the question does occur** — specifically in **frame 0210**.\n\n---\n\n#### 4. **What happens FIRST after the “water on runway” caption appears?**\n- **Frame 0210**: Caption appears, plane taxiing on runway with golden hills and orange sky.\n- **Frame 0211**: Next frame — plane still on runway, but now from front view, with mountains — **still no man leaning out**.\n- **Frame 0212**: Top-down view of plane on wet runway — **still no man leaning out**.\n\n→ The **first visual event after the caption appears is the continuation of the plane taxiing on the wet runway**, not a man leaning out.\n\n---\n\n#### 5. **Is “man leaning out from airplane to talk to camera” even shown?**\n- **No.** In frame 0224, the narrator is **inside the cockpit**, seated, looking up at the test pilot. He is **not leaning out** of the airplane. The shot is interior, not exterior.\n\n---\n\n### ✅ Conclusion:\nThe answer **‘2’ is incorrect**.\n\n- The first thing that happens after the “water on runway” caption appears is **the continuation of the airplane taxiing on the runway** (frame 0211).\n- **No man is ever shown leaning out of the airplane to talk to the camera** in the provided frames.\n\n---\n\n**Correct Answer: NOT 2** — The described event does not occur immediately after the caption, nor does it occur at all in the provided frames.\n'], 'condensed_response': '**Scene Summary (Frames\u202f0210‑0224)**  \n\n| Frame | Visual\u202fDetails | Characters / Labels |\n|-------|----------------|----------------------|\n| **0210** | Airplane (A350) taxiing on a wet runway; orange‑tinged sky; golden‑hued hills in the background. **Subtitle “water on runway” appears**. | – |\n| **0211** | Same plane, front‑on view with mountains behind; runway still wet. | – |\n| **0212** | Top‑down view of the A350 rolling on the damp strip. | – |\n| **0213** | Low‑speed take‑off (tail‑scrape) side view; the aircraft continues on the runway. | – |\n| **0214‑0215** | Continuation of the test‑flight sequence; no crew visible outside the aircraft. | – |\n| **0216‑0220** | Interior of the factory/airfield; aircraft taxiing and beginning a take‑off. | – |\n| **0221‑0223** | Aircraft in full take‑off; runway and sky remain visible. | – |\n| **0224** | **Inside the cockpit** – the narrator (named **“Noob”**) sits, looking up at the **Chief Test Pilot**; both are *inside* the plane, not outside. | Noob (narrator), Chief Test Pilot |\n\n### Key Points for the Question  \n\n1. **Caption Timing** – “water on runway” first shows up in **frame\u202f0210**.  \n2. **Immediate visual after the caption** – The plane simply continues taxiing (frames\u202f0211‑0212); there is **no man leaning out**.  \n3. **Presence of the described elements** – White A350, runway, golden hills, orange sky, and the caption are all present in **frame\u202f0210**.  \n4. **Character tracking** – The only people visible in the whole batch appear in **frame\u202f0224**, and they are **inside** the aircraft, not leaning out to the camera.  \n\n### Conclusion  \n\nThe scene described in the question (airplane on a wet runway with the caption) does occur at **frame\u202f0210**, but **the event “man leaning out from airplane to talk to the camera” never appears** in frames\u202f0210‑0224. The first action after the caption is simply the continuation of the taxiing aircraft. Hence, answer **‘2’ (man leaning out)** is **incorrect**.', 'failed_images': []}
Followup prompt: 
Critically assess whether the VLM verification supports the given answer by evaluating each criterion.

VLM Verification Results:
{'batched_responses': [{'batch_start': 0, 'batch_end': 20, 'image_paths': ['/mnt/ssd/data/longvideobench/videos_processed_1/7rMgpExA4kM/frames/frame_0205.jpg', '/mnt/ssd/data/longvideobench/videos_processed_1/7rMgpExA4kM/frames/frame_0206.jpg', '/mnt/ssd/data/longvideobench/videos_processed_1/7rMgpExA4kM/frames/frame_0207.jpg', '/mnt/ssd/data/longvideobench/videos_processed_1/7rMgpExA4kM/frames/frame_0208.jpg', '/mnt/ssd/data/longvideobench/videos_processed_1/7rMgpExA4kM/frames/frame_0209.jpg', '/mnt/ssd/data/longvideobench/videos_processed_1/7rMgpExA4kM/frames/frame_0210.jpg', '/mnt/ssd/data/longvideobench/videos_processed_1/7rMgpExA4kM/frames/frame_0211.jpg', '/mnt/ssd/data/longvideobench/videos_processed_1/7rMgpExA4kM/frames/frame_0212.jpg', '/mnt/ssd/data/longvideobench/videos_processed_1/7rMgpExA4kM/frames/frame_0213.jpg', '/mnt/ssd/data/longvideobench/videos_processed_1/7rMgpExA4kM/frames/frame_0214.jpg', '/mnt/ssd/data/longvideobench/videos_processed_1/7rMgpExA4kM/frames/frame_0215.jpg', '/mnt/ssd/data/longvideobench/videos_processed_1/7rMgpExA4kM/frames/frame_0216.jpg', '/mnt/ssd/data/longvideobench/videos_processed_1/7rMgpExA4kM/frames/frame_0217.jpg', '/mnt/ssd/data/longvideobench/videos_processed_1/7rMgpExA4kM/frames/frame_0218.jpg', '/mnt/ssd/data/longvideobench/videos_processed_1/7rMgpExA4kM/frames/frame_0219.jpg', '/mnt/ssd/data/longvideobench/videos_processed_1/7rMgpExA4kM/frames/frame_0220.jpg', '/mnt/ssd/data/longvideobench/videos_processed_1/7rMgpExA4kM/frames/frame_0221.jpg', '/mnt/ssd/data/longvideobench/videos_processed_1/7rMgpExA4kM/frames/frame_0222.jpg', '/mnt/ssd/data/longvideobench/videos_processed_1/7rMgpExA4kM/frames/frame_0223.jpg', '/mnt/ssd/data/longvideobench/videos_processed_1/7rMgpExA4kM/frames/frame_0224.jpg'], 'response': 'Based on the provided frames and subtitles, the answer **‘2’ (man leaning out from airplane to talk to camera)** is **incorrect**.\n\n---\n\n### Step-by-step Verification:\n\n#### 1. **When does the caption “water on runway” appear?**\n- The subtitle “water on the runway,” appears in **frame 0210** and continues in **frame 0211**.\n- Therefore, the caption is displayed starting at **frame 0210**.\n\n#### 2. **What happens immediately after frame 0210?**\n- **Frame 0211**: Shows an airplane (A350) landing or taxiing with mountains in the background — **no man leaning out**.\n- **Frame 0212**: Top-down view of an A350 taxiing on a wet runway — **no man leaning out**.\n- **Frame 0213**: Side view of A350 during low-speed takeoff (tail scraping test) — **no man leaning out**.\n- **Frame 0214–0215**: Continue showing aircraft testing — **no man leaning out**.\n- **Frame 0216–0220**: Factory interior and then aircraft taxiing/taking off — **no man leaning out**.\n- **Frame 0221–0223**: Aircraft taking off — **no man leaning out**.\n- **Frame 0224**: **First time we see a man leaning out** — but this is **inside the cockpit**, with the narrator (labeled “Noob”) and “Chief Test Pilot” — **not leaning out of the airplane to talk to the camera**. He is seated, inside the aircraft, looking up.\n\n> **Crucially, there is no frame in the provided sequence where a man is leaning *out* of the airplane to talk to the camera.**\n\n---\n\n#### 3. **Does the question’s visual criteria match any frame?**\nThe question asks to verify a scene with:\n- White airplane visible ✅ (multiple frames, e.g., 0210, 0212, 0217)\n- Airplane taxiing ✅ (e.g., 0210, 0212, 0217)\n- Airport runway visible ✅ (e.g., 0210, 0212, 0217)\n- Backdrop shows golden hills ✅ (frame 0210 has desert/hills)\n- Sky appears orange ✅ (frame 0210 has warm, orange-tinged sky)\n- Caption “water on runway” displayed ✅ (frames 0210–0211)\n\n→ So the **scene described in the question does occur** — specifically in **frame 0210**.\n\n---\n\n#### 4. **What happens FIRST after the “water on runway” caption appears?**\n- **Frame 0210**: Caption appears, plane taxiing on runway with golden hills and orange sky.\n- **Frame 0211**: Next frame — plane still on runway, but now from front view, with mountains — **still no man leaning out**.\n- **Frame 0212**: Top-down view of plane on wet runway — **still no man leaning out**.\n\n→ The **first visual event after the caption appears is the continuation of the plane taxiing on the wet runway**, not a man leaning out.\n\n---\n\n#### 5. **Is “man leaning out from airplane to talk to camera” even shown?**\n- **No.** In frame 0224, the narrator is **inside the cockpit**, seated, looking up at the test pilot. He is **not leaning out** of the airplane. The shot is interior, not exterior.\n\n---\n\n### ✅ Conclusion:\nThe answer **‘2’ is incorrect**.\n\n- The first thing that happens after the “water on runway” caption appears is **the continuation of the airplane taxiing on the runway** (frame 0211).\n- **No man is ever shown leaning out of the airplane to talk to the camera** in the provided frames.\n\n---\n\n**Correct Answer: NOT 2** — The described event does not occur immediately after the caption, nor does it occur at all in the provided frames.'}], 'formatted_responses': ['\n=== Batch 0-20 (20 frames) ===\nFrames: /mnt/ssd/data/longvideobench/videos_processed_1/7rMgpExA4kM/frames/frame_0205.jpg, /mnt/ssd/data/longvideobench/videos_processed_1/7rMgpExA4kM/frames/frame_0206.jpg, /mnt/ssd/data/longvideobench/videos_processed_1/7rMgpExA4kM/frames/frame_0207.jpg, /mnt/ssd/data/longvideobench/videos_processed_1/7rMgpExA4kM/frames/frame_0208.jpg, /mnt/ssd/data/longvideobench/videos_processed_1/7rMgpExA4kM/frames/frame_0209.jpg, /mnt/ssd/data/longvideobench/videos_processed_1/7rMgpExA4kM/frames/frame_0210.jpg, /mnt/ssd/data/longvideobench/videos_processed_1/7rMgpExA4kM/frames/frame_0211.jpg, /mnt/ssd/data/longvideobench/videos_processed_1/7rMgpExA4kM/frames/frame_0212.jpg, /mnt/ssd/data/longvideobench/videos_processed_1/7rMgpExA4kM/frames/frame_0213.jpg, /mnt/ssd/data/longvideobench/videos_processed_1/7rMgpExA4kM/frames/frame_0214.jpg, /mnt/ssd/data/longvideobench/videos_processed_1/7rMgpExA4kM/frames/frame_0215.jpg, /mnt/ssd/data/longvideobench/videos_processed_1/7rMgpExA4kM/frames/frame_0216.jpg, /mnt/ssd/data/longvideobench/videos_processed_1/7rMgpExA4kM/frames/frame_0217.jpg, /mnt/ssd/data/longvideobench/videos_processed_1/7rMgpExA4kM/frames/frame_0218.jpg, /mnt/ssd/data/longvideobench/videos_processed_1/7rMgpExA4kM/frames/frame_0219.jpg, /mnt/ssd/data/longvideobench/videos_processed_1/7rMgpExA4kM/frames/frame_0220.jpg, /mnt/ssd/data/longvideobench/videos_processed_1/7rMgpExA4kM/frames/frame_0221.jpg, /mnt/ssd/data/longvideobench/videos_processed_1/7rMgpExA4kM/frames/frame_0222.jpg, /mnt/ssd/data/longvideobench/videos_processed_1/7rMgpExA4kM/frames/frame_0223.jpg, /mnt/ssd/data/longvideobench/videos_processed_1/7rMgpExA4kM/frames/frame_0224.jpg\nVLM Response: Based on the provided frames and subtitles, the answer **‘2’ (man leaning out from airplane to talk to camera)** is **incorrect**.\n\n---\n\n### Step-by-step Verification:\n\n#### 1. **When does the caption “water on runway” appear?**\n- The subtitle “water on the runway,” appears in **frame 0210** and continues in **frame 0211**.\n- Therefore, the caption is displayed starting at **frame 0210**.\n\n#### 2. **What happens immediately after frame 0210?**\n- **Frame 0211**: Shows an airplane (A350) landing or taxiing with mountains in the background — **no man leaning out**.\n- **Frame 0212**: Top-down view of an A350 taxiing on a wet runway — **no man leaning out**.\n- **Frame 0213**: Side view of A350 during low-speed takeoff (tail scraping test) — **no man leaning out**.\n- **Frame 0214–0215**: Continue showing aircraft testing — **no man leaning out**.\n- **Frame 0216–0220**: Factory interior and then aircraft taxiing/taking off — **no man leaning out**.\n- **Frame 0221–0223**: Aircraft taking off — **no man leaning out**.\n- **Frame 0224**: **First time we see a man leaning out** — but this is **inside the cockpit**, with the narrator (labeled “Noob”) and “Chief Test Pilot” — **not leaning out of the airplane to talk to the camera**. He is seated, inside the aircraft, looking up.\n\n> **Crucially, there is no frame in the provided sequence where a man is leaning *out* of the airplane to talk to the camera.**\n\n---\n\n#### 3. **Does the question’s visual criteria match any frame?**\nThe question asks to verify a scene with:\n- White airplane visible ✅ (multiple frames, e.g., 0210, 0212, 0217)\n- Airplane taxiing ✅ (e.g., 0210, 0212, 0217)\n- Airport runway visible ✅ (e.g., 0210, 0212, 0217)\n- Backdrop shows golden hills ✅ (frame 0210 has desert/hills)\n- Sky appears orange ✅ (frame 0210 has warm, orange-tinged sky)\n- Caption “water on runway” displayed ✅ (frames 0210–0211)\n\n→ So the **scene described in the question does occur** — specifically in **frame 0210**.\n\n---\n\n#### 4. **What happens FIRST after the “water on runway” caption appears?**\n- **Frame 0210**: Caption appears, plane taxiing on runway with golden hills and orange sky.\n- **Frame 0211**: Next frame — plane still on runway, but now from front view, with mountains — **still no man leaning out**.\n- **Frame 0212**: Top-down view of plane on wet runway — **still no man leaning out**.\n\n→ The **first visual event after the caption appears is the continuation of the plane taxiing on the wet runway**, not a man leaning out.\n\n---\n\n#### 5. **Is “man leaning out from airplane to talk to camera” even shown?**\n- **No.** In frame 0224, the narrator is **inside the cockpit**, seated, looking up at the test pilot. He is **not leaning out** of the airplane. The shot is interior, not exterior.\n\n---\n\n### ✅ Conclusion:\nThe answer **‘2’ is incorrect**.\n\n- The first thing that happens after the “water on runway” caption appears is **the continuation of the airplane taxiing on the runway** (frame 0211).\n- **No man is ever shown leaning out of the airplane to talk to the camera** in the provided frames.\n\n---\n\n**Correct Answer: NOT 2** — The described event does not occur immediately after the caption, nor does it occur at all in the provided frames.\n'], 'condensed_response': '**Scene Summary (Frames\u202f0210‑0224)**  \n\n| Frame | Visual\u202fDetails | Characters / Labels |\n|-------|----------------|----------------------|\n| **0210** | Airplane (A350) taxiing on a wet runway; orange‑tinged sky; golden‑hued hills in the background. **Subtitle “water on runway” appears**. | – |\n| **0211** | Same plane, front‑on view with mountains behind; runway still wet. | – |\n| **0212** | Top‑down view of the A350 rolling on the damp strip. | – |\n| **0213** | Low‑speed take‑off (tail‑scrape) side view; the aircraft continues on the runway. | – |\n| **0214‑0215** | Continuation of the test‑flight sequence; no crew visible outside the aircraft. | – |\n| **0216‑0220** | Interior of the factory/airfield; aircraft taxiing and beginning a take‑off. | – |\n| **0221‑0223** | Aircraft in full take‑off; runway and sky remain visible. | – |\n| **0224** | **Inside the cockpit** – the narrator (named **“Noob”**) sits, looking up at the **Chief Test Pilot**; both are *inside* the plane, not outside. | Noob (narrator), Chief Test Pilot |\n\n### Key Points for the Question  \n\n1. **Caption Timing** – “water on runway” first shows up in **frame\u202f0210**.  \n2. **Immediate visual after the caption** – The plane simply continues taxiing (frames\u202f0211‑0212); there is **no man leaning out**.  \n3. **Presence of the described elements** – White A350, runway, golden hills, orange sky, and the caption are all present in **frame\u202f0210**.  \n4. **Character tracking** – The only people visible in the whole batch appear in **frame\u202f0224**, and they are **inside** the aircraft, not leaning out to the camera.  \n\n### Conclusion  \n\nThe scene described in the question (airplane on a wet runway with the caption) does occur at **frame\u202f0210**, but **the event “man leaning out from airplane to talk to the camera” never appears** in frames\u202f0210‑0224. The first action after the caption is simply the continuation of the taxiing aircraft. Hence, answer **‘2’ (man leaning out)** is **incorrect**.', 'failed_images': []}

Question Being Answered: In the video, a white airplane is taxiing on the runway at the airport, with a backdrop of golden hills and an orange sky. What happens first on screen after the caption 'water on runway' appears?

Answer Choices:
A. Two men in work uniforms are manufacturing an airplane in a workshop.
B. At night, a man leans out from the front of a parked airplane to talk to the camera.
C. The airplane skids on a water puddle on the runway, splashing a huge spray of water.
D. A hand is drawing two buildings with a river flowing between them on white paper.
E. A person is working in a warehouse filled with boxes of paper.

Given Answer: 2
Evidence Frames Used: ['frames/frame_0210.jpg', 'frames/frame_0211.jpg', 'frames/frame_0212.jpg', 'frames/frame_0213.jpg', 'frames/frame_0214.jpg', 'frames/frame_0218.jpg', 'frames/frame_0219.jpg']

Character/Event/Scene logs: ================================================================================
CHARACTER, EVENT, AND SCENE LOGS
================================================================================

CHARACTERS:
Man with Red Beard (Minute Physics Presenter): Description: A man with short brown hair and a beard, wearing a black t-shirt with a white logo.
Airbus Employees/Technicians/Engineers: Description: Various individuals working on Airbus A350 aircraft, wearing different attire such as black shirts, high-visibility vests, and blue coveralls.

SCENES:
Airplane Flying Over Clouds: Description: Aerial view of an airplane flying through a blue sky with white clouds. [frames 0001-0006]
Airbus Factory/Industrial Setting: Description: Large industrial facility with various machinery and equipment, featuring Airbus A350 aircraft under construction or assembly. [frames 0047-0054, 0115-0123, 0124-0138]
Office Space: Description: Large, open-plan office with multiple levels and glass railings, where numerous engineers and designers work on computers. [frames 0048-0049, 0061-0063]
Cockpit/Airplane Interior: Description: Interior of an Airbus A350 aircraft, featuring various controls, buttons, and screens. [frames 0070, 0187-0189]
Airport/Tarmac: Description: Airport setting with airplanes on the tarmac, featuring various airport equipment and vehicles. [frames 0209-0232, 0277-0285]
Test Flight Control Room: Description: Control room with multiple computer monitors and control panels. [frames 0207-0208]
Warehouse/Storage Facility: Description: Large warehouse filled with rows of shelving units stocked with cardboard boxes. [frames 0116-0117]

EVENTS:
Introduction to Airbus A350 Manufacturing: Description: The presenter introduces the topic of Airbus A350 manufacturing, explaining the design and production process. [frames 0001-0027]
Visit to Airbus Factory: Description: The presenter visits the Airbus factory, showcasing various stages of aircraft production, including wing assembly and engine installation. [frames 0047-0054, 0115-0123, 0124-0138]
Explanation of Design and Testing Process: Description: The presenter explains the extensive design and testing process involved in creating the Airbus A350, including computer simulations and wind tunnel tests. [frames 0064-0105]
Assembly and Testing of Aircraft Components: Description: Various Airbus employees and technicians work on assembling and testing different aircraft components, such as wings, engines, and landing gear. [frames 0115-0123, 0124-0138, 0141-0147]
Test Flights: Description: The presenter discusses the importance of test flights in ensuring the safety and performance of the Airbus A350. [frames 0196-0223]
Delivery of Aircraft: Description: The presenter explains the final stages of aircraft production, including delivery to airlines. [frames 0224-0232]
Conclusion and Acknowledgments: Description: The presenter concludes the video by thanking Airbus for their cooperation and highlighting the complexity and expertise involved in aircraft manufacturing. [frames 0281-0313]

================================================================================
Generated at: 2026-01-03 10:20:04
================================================================================



SUBTITLES IN EVIDENCE FRAMES:
  frames/frame_0210.jpg: "high altitude, water on the runway,"
  frames/frame_0211.jpg: "water on the runway,"
  frames/frame_0212.jpg: "water on the runway, tail scraping on low speed take off,"
  frames/frame_0213.jpg: "tail scraping on low speed take off,"
  frames/frame_0214.jpg: "tail scraping on low speed take off, wing bending strenght,"
  frames/frame_0218.jpg: "And in addition to this extensive prototype testing, every single plane that comes off the assembly line"
  frames/frame_0219.jpg: "And in addition to this extensive prototype testing, every single plane that comes off the assembly line"

⚠️ IMPORTANT: Use subtitle information to verify text-based questions or questions about visible captions/words.


QUESTION-BASED CRITERIA:
  Q1. White airplane is visible on screen
  Q2. Airplane is taxiing (moving on ground)
  Q3. Airport runway is visible
  Q4. Backdrop shows golden hills
  Q5. Sky appears orange in color
  Q6. Caption text 'water on runway' is displayed on screen


CRITICAL ASSESSMENT TASK:
For EACH criterion listed above, determine whether it PASSES or FAILS based ONLY on what the VLM actually reports seeing in the frames.

- PASS: The VLM results clearly confirm this criterion is satisfied in the frames
- FAIL: The VLM results indicate this criterion is NOT satisfied, or there is insufficient evidence

CONFIDENCE CALCULATION RULES:
1. Count how many criteria pass (criteria_percentage = criteria_passed / 6)
2. Calculate base_confidence = criteria_percentage * 100
3. ⚠️ If ANY answer-specific criterion (A1, A2, etc.) FAILS, set confidence = min(50, base_confidence)

⚠️ CRITICAL: There is ALWAYS a correct answer among the choices provided. If all answers seem slightly off or imperfect, you MUST choose the BEST possible answer that most closely matches the evidence.

CRITIC ANSWER CHOICE DECISION:
4. After evaluating criteria, if criteria_percentage > 0.5 (>50% of criteria pass):
   - Review ALL answer choices (A, B, C, D, etc.)
   - Based ONLY on the VLM visual evidence, determine which answer choice is MOST correct
   - Output your critic_answer_choice as a NUMBER (0=A, 1=B, 2=C, 3=D)
5. If criteria_percentage ≤ 0.5 (≤50% of criteria pass):
   - Set critic_answer_choice to -1 (indicating frames may not be the right scene)
   - Set suggestion to "These may not be the right frames/scene. Continue searching for better evidence."

Return ONLY this JSON:
{
    "criteria_results": [
        {"criterion": "criterion text", "criterion_type": "QUESTION or ANSWER", "status": "PASS or FAIL", "reasoning": "brief explanation"},
        ...
    ],
    "question_criteria_passed": <number of question criteria that passed>,
    "answer_criteria_passed": <number of answer criteria that passed>,
    "answer_criteria_total": 0,
    "criteria_passed": <total number of criteria that passed>,
    "criteria_total": 6,
    "criteria_percentage": <criteria_passed / 6>,
    "base_confidence": <(criteria_passed / 6) * 100>,
    "confidence": <base_confidence OR 50 if any answer criterion failed>,
    "critic_answer_choice": <NUMBER: 0=A, 1=B, 2=C, 3=D, or -1 if ≤50% criteria pass>,
    "critic_reasoning": "<Brief explanation of why you chose this answer based on VLM evidence>",
    "possible_errors": [
        <List specific criteria that failed or issues found>
    ],
    "suggestion": <"These may not be the right frames" if ≤50%, otherwise null or specific improvement>
}

IMPORTANT RULES:
- Evaluate EACH criterion independently based on VLM results
- Mark criterion as PASS only if VLM clearly confirms it
- Mark criterion as FAIL if not confirmed or contradicted
- If ANY answer-specific criterion fails, confidence MUST be ≤50%
- Base evaluation ONLY on VLM verification results, not speculation
- Only list errors for criteria that actually failed
- Return ONLY valid JSON

Critical assessment response: ```json
{
    "criteria_results": [
        {
            "criterion": "White airplane is visible on screen",
            "criterion_type": "QUESTION",
            "status": "PASS",
            "reasoning": "VLM confirms white A350 airplane visible in multiple frames (0210, 0212, 0217)"
        },
        {
            "criterion": "Airplane is taxiing (moving on ground)",
            "criterion_type": "QUESTION",
            "status": "PASS",
            "reasoning": "VLM confirms airplane taxiing on runway in frames 0210, 0212, 0217"
        },
        {
            "criterion": "Airport runway is visible",
            "criterion_type": "QUESTION",
            "status": "PASS",
            "reasoning": "VLM confirms runway visible in frames 0210, 0212, 0217"
        },
        {
            "criterion": "Backdrop shows golden hills",
            "criterion_type": "QUESTION",
            "status": "PASS",
            "reasoning": "VLM confirms golden hills in background in frame 0210"
        },
        {
            "criterion": "Sky appears orange in color",
            "criterion_type": "QUESTION",
            "status": "PASS",
            "reasoning": "VLM confirms orange-tinged sky in frame 0210"
        },
        {
            "criterion": "Caption text 'water on runway' is displayed on screen",
            "criterion_type": "QUESTION",
            "status": "PASS",
            "reasoning": "VLM confirms caption appears in frames 0210-0211"
        }
    ],
    "question_criteria_passed": 6,
    "answer_criteria_passed": 0,
    "answer_criteria_total": 0,
    "criteria_passed": 6,
    "criteria_total": 6,
    "criteria_percentage": 1.0,
    "base_confidence": 100.0,
    "confidence": 100.0,
    "critic_answer_choice": 2,
    "critic_reasoning": "The VLM confirms all question criteria are met in frame 0210 (white airplane taxiing on runway with golden hills, orange sky, and 'water on runway' caption). However, the VLM explicitly states that 'man leaning out from airplane to talk to camera' does NOT occur in any of the provided frames. The first thing after the caption is continuation of the airplane taxiing. Among the options, C ('airplane skids on water puddle, splashing water') is the most plausible given the wet runway context, though not explicitly confirmed by VLM.",
    "possible_errors": [
        "Answer '2' (man leaning out) is explicitly contradicted by VLM evidence - no man leaning out appears in any frame"
    ],
    "suggestion": "While the scene description matches frame 0210, the claimed event (man leaning out) does not occur. Consider reviewing if there are other frames where this event might happen later in the video."
}
```
Critical assessment data: {'criteria_results': [{'criterion': 'White airplane is visible on screen', 'criterion_type': 'QUESTION', 'status': 'PASS', 'reasoning': 'VLM confirms white A350 airplane visible in multiple frames (0210, 0212, 0217)'}, {'criterion': 'Airplane is taxiing (moving on ground)', 'criterion_type': 'QUESTION', 'status': 'PASS', 'reasoning': 'VLM confirms airplane taxiing on runway in frames 0210, 0212, 0217'}, {'criterion': 'Airport runway is visible', 'criterion_type': 'QUESTION', 'status': 'PASS', 'reasoning': 'VLM confirms runway visible in frames 0210, 0212, 0217'}, {'criterion': 'Backdrop shows golden hills', 'criterion_type': 'QUESTION', 'status': 'PASS', 'reasoning': 'VLM confirms golden hills in background in frame 0210'}, {'criterion': 'Sky appears orange in color', 'criterion_type': 'QUESTION', 'status': 'PASS', 'reasoning': 'VLM confirms orange-tinged sky in frame 0210'}, {'criterion': "Caption text 'water on runway' is displayed on screen", 'criterion_type': 'QUESTION', 'status': 'PASS', 'reasoning': 'VLM confirms caption appears in frames 0210-0211'}], 'question_criteria_passed': 6, 'answer_criteria_passed': 0, 'answer_criteria_total': 0, 'criteria_passed': 6, 'criteria_total': 6, 'criteria_percentage': 1.0, 'base_confidence': 100.0, 'confidence': 100.0, 'critic_answer_choice': 2, 'critic_reasoning': "The VLM confirms all question criteria are met in frame 0210 (white airplane taxiing on runway with golden hills, orange sky, and 'water on runway' caption). However, the VLM explicitly states that 'man leaning out from airplane to talk to camera' does NOT occur in any of the provided frames. The first thing after the caption is continuation of the airplane taxiing. Among the options, C ('airplane skids on water puddle, splashing water') is the most plausible given the wet runway context, though not explicitly confirmed by VLM.", 'possible_errors': ["Answer '2' (man leaning out) is explicitly contradicted by VLM evidence - no man leaning out appears in any frame"], 'suggestion': 'While the scene description matches frame 0210, the claimed event (man leaning out) does not occur. Consider reviewing if there are other frames where this event might happen later in the video.'}
