[{'role': 'system', 'content': "You are an expert at reasoning and tool-using, with the goal of answering this question about a long video. You should be able to extract detailed frame-information from videos, do caption searches, and use your findings to answer the question. You should be SUPER PICKY about your findings, NOT make assumptions, and always bias towards gathering more evidence before executing a final answer. Use EXACT evidence only. ALSO, when dealing with TEMPORAL questions, you cannot find VISUAL TIMES. If a question asks for a 'duration' of an event, you want to do many caption searches on consecutive ranges, and find scene-changes at the beginning and end of the event. You MUST CHOOSE AN ANSWER. NONE OF THE ABOVE IS NOT ACCEPTABLE."}, {'role': 'user', 'content': "\n Here is a global summary of the video for general context: After analyzing the provided SET of frame-by-frame captions data, here's a global summary that captures the main characters, setting, plot line, vibes, and general details:\n\n**Main Characters:** The primary character is a young woman with long brown/blonde hair, wearing a black t-shirt and blue jeans. She appears to be the protagonist and narrator of the video.\n\n**Setting:** The setting is primarily a parking lot or a roadside with trees and buildings in the background. The car is parked in a designated parking space, and the surrounding environment is serene and sunny.\n\n**Plot Line:** The video appears to be a vlog or a personal documentary-style video where the young woman is excited to share her experience with a new car, which is a Tesla. The video starts with shots of the car, followed by the woman sitting in the driver's seat, gesturing, and speaking directly to the camera. She seems to be sharing her thoughts and feelings about getting a new car.\n\n**Vibes:** The overall vibe of the video is positive, enthusiastic, and excited. The woman's body language and facial expressions convey her eagerness to share her experience with the new car. The sunny outdoor setting and the serene atmosphere add to the pleasant and upbeat tone of the video.\n\n**General Details:** The car is a white, four-door Tesla sedan with tinted windows. The woman is seen interacting with the car's features, such as pressing the start button on the steering wheel. The video may be a review or a personal reflection on the new car, with the woman sharing her thoughts and feelings about the experience.\n\nOverall, the video appears to be a lighthearted and engaging vlog that showcases the woman's excitement and enthusiasm for her new Tesla car.\n\n Here is also an INCOMPLETE character/event/scene log across the video. These will all be encountered, and there MAY BE MORE ================================================================================\nCHARACTER, EVENT, AND SCENE LOGS\n================================================================================\n\nCHARACTERS:\nPerson 1 (Young Woman): Description: A young woman with long brown hair, sometimes tied in a ponytail or bun with blonde highlights, wearing a black t-shirt and blue jeans.\n\nSCENES:\nScene 1 (Parking Lot/Outdoor Setting): Description: A parking lot or outdoor setting with trees, bushes, and buildings in the background, on a sunny day. [Frame 1-12]\nScene 2 (Inside Car): Description: The interior of a car, specifically a Tesla with a black steering wheel and a silver Tesla logo. [Frame 12-25]\n\nEVENTS:\nEvent 1 (Woman Sitting in Car): Description: The young woman sits in the driver's seat of the car, gesturing and speaking as if to the camera. [Frame 12-18]\nEvent 2 (Woman Interacting with Car Controls): Description: The woman presses the start button on the steering wheel and interacts with other controls. [Frame 19-24]\nEvent 3 (Woman Holding Steering Wheel and Smiling): Description: The woman holds the steering wheel with both hands and smiles. [Frame 25]\n\n================================================================================\nGenerated at: 2026-01-03 10:19:06\n================================================================================\n\nYour question is this: Sitting in the driver's seat of the car, a woman wearing blue jeans and a high ponytail mentioned in the subtitles 'really in depth car videos like those'. What color top was she wearing?"}]
You are a reasoning model whose goal is to answer questions about a video. You cannot see the video, but you can use tools to retrieve information about the video.

You will be given a question and answer choices.

Question: Sitting in the driver's seat of the car, a woman wearing blue jeans and a high ponytail mentioned in the subtitles 'really in depth car videos like those'. What color top was she wearing?

Answer Choices:
A. purple
B. white
C. blue
D. black
E. green


⚠️ SUBTITLE INFORMATION AVAILABLE:
Subtitles are available for this video. You MUST use SUBTITLE_SEARCH when:
- The question quotes specific subtitle text (e.g., "when the subtitle says 'temples scattered throughout'")
- The question asks about dialogue, narration, or spoken words
- The question references what is being said at a specific moment

Example: "When the subtitle says 'temples scattered throughout the', what color is the woman's clothing?"
→ Use SUBTITLE_SEARCH with query: "temples scattered throughout the"

⚠️ SUBTITLE QUESTION DETECTION:
FIRST, check if the question references subtitles or spoken content:
- Does it say "when the subtitle says...", "when the text shows...", "when the narration mentions..."?
- Does it quote specific words/phrases that appear in subtitles?
- If YES → You MUST use SUBTITLE_SEARCH as your first tool (not caption search!)

TEMPORAL ATTENTION:
NEXT, check if the question contains time keywords (after, before, during, when, then, while, first, next, later, etc.):
- If present, IDENTIFY and MARK DOWN all temporal relationships and timeframes mentioned
- Note which events should occur before/after/during other events
- This temporal information is CRITICAL for finding the right frames

STEP 1: EXTRACT VERIFICATION CRITERIA
First, carefully analyze the question and extract 4-6 specific, testable criteria that can be verified visually in the video frames. These criteria should be concrete conditions that must be satisfied to answer the question correctly. These criteria should be derived FROM THE QUESTION, NOT THE ANSWER CHOICES. 

For example, if the question asks about "a person in a black shirt holding a metal bucket in a scene with scattered debris", the criteria might be:
- Person is wearing a black shirt
- Person is wearing black pants
- Person is holding a large round metal bucket
- Scene contains scattered debris on the ground
- Scene shows items scattered on the ground

Extract ONLY verifiable visual criteria from the question. DO NOT include criteria about the answer choices.

STEP 2: GENERATE SEARCH QUERIES
Now generate 2-4 search queries to find the relevant frames. Each query should be:
- STRUCTURED like a natural caption (subject-verb-object format)
- FOCUS on VISIBLE, CONCRETE details from the question
- DESCRIBE what would APPEAR in the frame (not abstract concepts)
- Use complete, grammatical phrases (e.g., "woman in yellow dress holds paper")

Guidelines for creating queries:
1. Prioritize VISIBLE traits: clothing colors, physical objects, actions, settings
2. Use natural language structure: "person wearing [clothing] doing [action] in [location]"
3. Each query should target a DIFFERENT aspect or detail from the question
4. Avoid jumbled keywords - write how a caption would describe the scene

Example question: "A woman in a yellow dress is holding papers in an office. What is she reading?"
GOOD queries:
- "woman wearing yellow dress holding papers"
- "person in office setting with documents"
- "woman reading document in indoor workspace"

BAD queries (jumbled/unclear):
- "yellow dress papers office woman"
- "holding reading yellow"

Return your answer in the following json format:
```json{
    "tool": "CAPTION_SEARCH",
    "criteria": [
        "criterion 1 - a specific visual condition to verify",
        "criterion 2 - another specific visual condition",
        "criterion 3 - another specific visual condition",
        "criterion 4 - another specific visual condition",
        "criterion 5 - (optional) another specific visual condition",
        "criterion 6 - (optional) another specific visual condition"
    ],
    "search_queries": [
        "first natural search query focusing on main subject/action",
        "second query focusing on setting/objects",
        "third query focusing on alternative details (optional)",
        "fourth query for additional context (optional)"
    ]
}```

IMPORTANT: Generate 2-4 search queries. Each should be a natural, structured phrase describing visible elements.

{
    "tool": "SUBTITLE_SEARCH",
    "criteria": [
        "Woman sitting in driver's seat of car",
        "Woman wearing blue jeans",
        "Woman with high ponytail hairstyle",
        "Subtitles contain the exact phrase 'really in depth car videos like those'",
        "Woman is speaking (mouth open/gesturing) during subtitle appearance"
    ],
    "search_queries": [
        "woman in driver's seat with high ponytail speaking",
        "person wearing blue jeans in car saying 'really in depth car videos'",
        "woman with ponytail in Tesla interior talking to camera"
    ]
}
SUBTITLE_SEARCH: Found 10 matches for ''
{
    "tool": "SUBTITLE_SEARCH",
    "query": "really in depth car videos like those",
    "topk": 10
}
SUBTITLE_SEARCH: Found 10 matches for 'really in depth car videos like those'
{
    "tool": "VLM_QUERY",
    "frames": [
        "frames/frame_0320.jpg",
        "frames/frame_0321.jpg",
        "frames/frame_0322.jpg",
        "frames/frame_0323.jpg",
        "frames/frame_0324.jpg",
        "frames/frame_0325.jpg",
        "frames/frame_0326.jpg",
        "frames/frame_0327.jpg",
        "frames/frame_0328.jpg",
        "frames/frame_0329.jpg",
        "frames/frame_0330.jpg"
    ],
    "prompt": "Describe the woman in the driver's seat. What is her hairstyle? What color top is she wearing? What color are her pants? Is she speaking to the camera?"
}
VLM_QUERY: {'tool': 'VLM_QUERY', 'frames': ['frames/frame_0320.jpg', 'frames/frame_0321.jpg', 'frames/frame_0322.jpg', 'frames/frame_0323.jpg', 'frames/frame_0324.jpg', 'frames/frame_0325.jpg', 'frames/frame_0326.jpg', 'frames/frame_0327.jpg', 'frames/frame_0328.jpg', 'frames/frame_0329.jpg', 'frames/frame_0330.jpg'], 'prompt': "Describe the woman in the driver's seat. What is her hairstyle? What color top is she wearing? What color are her pants? Is she speaking to the camera?"}
{
    "tool": "VLM_QUERY",
    "frames": [
        "frames/frame_0320.jpg",
        "frames/frame_0321.jpg",
        "frames/frame_0322.jpg",
        "frames/frame_0323.jpg",
        "frames/frame_0324.jpg",
        "frames/frame_0325.jpg",
        "frames/frame_0326.jpg",
        "frames/frame_0327.jpg",
        "frames/frame_0328.jpg",
        "frames/frame_0329.jpg",
        "frames/frame_0330.jpg"
    ],
    "prompt": "Describe the woman in the driver's seat. What is her hairstyle? What color top is she wearing? What color are her pants? Is she speaking to the camera?"
}
VLM_QUERY: {'tool': 'VLM_QUERY', 'frames': ['frames/frame_0320.jpg', 'frames/frame_0321.jpg', 'frames/frame_0322.jpg', 'frames/frame_0323.jpg', 'frames/frame_0324.jpg', 'frames/frame_0325.jpg', 'frames/frame_0326.jpg', 'frames/frame_0327.jpg', 'frames/frame_0328.jpg', 'frames/frame_0329.jpg', 'frames/frame_0330.jpg'], 'prompt': "Describe the woman in the driver's seat. What is her hairstyle? What color top is she wearing? What color are her pants? Is she speaking to the camera?"}
{
    "tool": "VLM_QUERY",
    "frames": [
        "frames/frame_0320.jpg",
        "frames/frame_0321.jpg",
        "frames/frame_0322.jpg",
        "frames/frame_0323.jpg",
        "frames/frame_0324.jpg",
        "frames/frame_0325.jpg",
        "frames/frame_0326.jpg",
        "frames/frame_0327.jpg",
        "frames/frame_0328.jpg",
        "frames/frame_0329.jpg",
        "frames/frame_0330.jpg"
    ],
    "prompt": "Describe the woman in the driver's seat. What is her hairstyle? What color top is she wearing? What color are her pants? Is she speaking to the camera?"
}
VLM_QUERY: {'tool': 'VLM_QUERY', 'frames': ['frames/frame_0320.jpg', 'frames/frame_0321.jpg', 'frames/frame_0322.jpg', 'frames/frame_0323.jpg', 'frames/frame_0324.jpg', 'frames/frame_0325.jpg', 'frames/frame_0326.jpg', 'frames/frame_0327.jpg', 'frames/frame_0328.jpg', 'frames/frame_0329.jpg', 'frames/frame_0330.jpg'], 'prompt': "Describe the woman in the driver's seat. What is her hairstyle? What color top is she wearing? What color are her pants? Is she speaking to the camera?"}
{
    "tool": "SUBTITLE_SEARCH",
    "query": "really in depth car videos like those",
    "topk": 15
}
SUBTITLE_SEARCH: Found 15 matches for 'really in depth car videos like those'
{
    "tool": "VLM_QUERY",
    "frames": [
        "frames/frame_0320.jpg",
        "frames/frame_0321.jpg",
        "frames/frame_0322.jpg",
        "frames/frame_0323.jpg",
        "frames/frame_0324.jpg",
        "frames/frame_0325.jpg"
    ],
    "prompt": "Describe the woman in the driver's seat. What is her hairstyle? What color top is she wearing? What color are her pants? Is she speaking to the camera?"
}
VLM_QUERY: {'tool': 'VLM_QUERY', 'frames': ['frames/frame_0320.jpg', 'frames/frame_0321.jpg', 'frames/frame_0322.jpg', 'frames/frame_0323.jpg', 'frames/frame_0324.jpg', 'frames/frame_0325.jpg'], 'prompt': "Describe the woman in the driver's seat. What is her hairstyle? What color top is she wearing? What color are her pants? Is she speaking to the camera?"}
{
    "tool": "SUBTITLE_SEARCH",
    "query": "really in depth car videos like those",
    "topk": 20
}
SUBTITLE_SEARCH: Found 20 matches for 'really in depth car videos like those'
{
    "tool": "VLM_QUERY",
    "frames": [
        "frames/frame_0320.jpg",
        "frames/frame_0321.jpg",
        "frames/frame_0322.jpg",
        "frames/frame_0323.jpg",
        "frames/frame_0324.jpg",
        "frames/frame_0325.jpg",
        "frames/frame_0326.jpg",
        "frames/frame_0327.jpg",
        "frames/frame_0328.jpg",
        "frames/frame_0329.jpg",
        "frames/frame_0330.jpg"
    ],
    "prompt": "Describe the woman in the driver's seat. What is her hairstyle? What color top is she wearing? What color are her pants? Is she speaking to the camera? Be specific about clothing colors and hairstyle details."
}
VLM_QUERY: {'tool': 'VLM_QUERY', 'frames': ['frames/frame_0320.jpg', 'frames/frame_0321.jpg', 'frames/frame_0322.jpg', 'frames/frame_0323.jpg', 'frames/frame_0324.jpg', 'frames/frame_0325.jpg', 'frames/frame_0326.jpg', 'frames/frame_0327.jpg', 'frames/frame_0328.jpg', 'frames/frame_0329.jpg', 'frames/frame_0330.jpg'], 'prompt': "Describe the woman in the driver's seat. What is her hairstyle? What color top is she wearing? What color are her pants? Is she speaking to the camera? Be specific about clothing colors and hairstyle details."}
{
    "tool": "SUBTITLE_SEARCH",
    "query": "really in depth car videos like those",
    "topk": 15
}
SUBTITLE_SEARCH: Found 15 matches for 'really in depth car videos like those'
{
    "tool": "SUBTITLE_SEARCH",
    "query": "really in depth car videos like those",
    "topk": 15
}
SUBTITLE_SEARCH: Found 15 matches for 'really in depth car videos like those'
{
    "tool": "VLM_QUERY",
    "frames": [
        "frames/frame_0320.jpg",
        "frames/frame_0321.jpg",
        "frames/frame_0322.jpg",
        "frames/frame_0323.jpg",
        "frames/frame_0324.jpg",
        "frames/frame_0325.jpg"
    ],
    "prompt": "Describe the woman in the driver's seat. What is her hairstyle? What color top is she wearing? What color are her pants? Is she speaking to the camera? Be specific about clothing colors and hairstyle details."
}
VLM_QUERY: {'tool': 'VLM_QUERY', 'frames': ['frames/frame_0320.jpg', 'frames/frame_0321.jpg', 'frames/frame_0322.jpg', 'frames/frame_0323.jpg', 'frames/frame_0324.jpg', 'frames/frame_0325.jpg'], 'prompt': "Describe the woman in the driver's seat. What is her hairstyle? What color top is she wearing? What color are her pants? Is she speaking to the camera? Be specific about clothing colors and hairstyle details."}
{
    "tool": "SUBTITLE_SEARCH",
    "query": "really in depth car videos like those",
    "topk": 20
}
SUBTITLE_SEARCH: Found 20 matches for 'really in depth car videos like those'
{
    "tool": "VLM_QUERY",
    "frames": [
        "frames/frame_0320.jpg",
        "frames/frame_0321.jpg",
        "frames/frame_0322.jpg",
        "frames/frame_0323.jpg",
        "frames/frame_0324.jpg",
        "frames/frame_0325.jpg",
        "frames/frame_0326.jpg",
        "frames/frame_0327.jpg",
        "frames/frame_0328.jpg",
        "frames/frame_0329.jpg",
        "frames/frame_0330.jpg"
    ],
    "prompt": "Describe the woman in the driver's seat. What is her hairstyle? What color top is she wearing? What color are her pants? Is she speaking to the camera? Be specific about clothing colors and hairstyle details."
}
VLM_QUERY: {'tool': 'VLM_QUERY', 'frames': ['frames/frame_0320.jpg', 'frames/frame_0321.jpg', 'frames/frame_0322.jpg', 'frames/frame_0323.jpg', 'frames/frame_0324.jpg', 'frames/frame_0325.jpg', 'frames/frame_0326.jpg', 'frames/frame_0327.jpg', 'frames/frame_0328.jpg', 'frames/frame_0329.jpg', 'frames/frame_0330.jpg'], 'prompt': "Describe the woman in the driver's seat. What is her hairstyle? What color top is she wearing? What color are her pants? Is she speaking to the camera? Be specific about clothing colors and hairstyle details."}
{
    "tool": "VLM_QUERY",
    "frames": [
        "frames/frame_0320.jpg",
        "frames/frame_0321.jpg", 
        "frames/frame_0322.jpg",
        "frames/frame_0323.jpg",
        "frames/frame_0324.jpg",
        "frames/frame_0325.jpg",
        "frames/frame_0326.jpg",
        "frames/frame_0327.jpg",
        "frames/frame_0328.jpg",
        "frames/frame_0329.jpg",
        "frames/frame_0330.jpg"
    ],
    "prompt": "Describe the woman in the driver's seat. What is her hairstyle? What color top is she wearing? What color are her pants? Is she speaking to the camera? Be specific about clothing colors and hairstyle details."
}
VLM_QUERY: {'tool': 'VLM_QUERY', 'frames': ['frames/frame_0320.jpg', 'frames/frame_0321.jpg', 'frames/frame_0322.jpg', 'frames/frame_0323.jpg', 'frames/frame_0324.jpg', 'frames/frame_0325.jpg', 'frames/frame_0326.jpg', 'frames/frame_0327.jpg', 'frames/frame_0328.jpg', 'frames/frame_0329.jpg', 'frames/frame_0330.jpg'], 'prompt': "Describe the woman in the driver's seat. What is her hairstyle? What color top is she wearing? What color are her pants? Is she speaking to the camera? Be specific about clothing colors and hairstyle details."}
