Critic initial response: {
    "tool": "VLM_QUERY",
    "frames": ["frames/frame_0492.jpg", "frames/frame_0493.jpg", "frames/frame_0494.jpg", "frames/frame_0495.jpg", "frames/frame_0496.jpg", "frames/frame_0497.jpg", "frames/frame_0498.jpg", "frames/frame_0499.jpg", "frames/frame_0500.jpg", "frames/frame_0501.jpg", "frames/frame_0502.jpg", "frames/frame_0503.jpg", "frames/frame_0504.jpg", "frames/frame_0505.jpg", "frames/frame_0506.jpg"],
    "prompt": "Examine these frames to verify if answer '4' (Cleansing milk) is correct for 'What's inside the red box?'. Check: 1) Is there a visible red box? 2) Is it open with contents visible? 3) Are there items inside? 4) Do they appear to be personal care/cosmetic products? 5) Is there a clear close-up view of the interior? Focus on the specific frames around 0497-0501 and the temporal sequence to identify what's inside the red box."
}
Frames to verify: ['frames/frame_0492.jpg', 'frames/frame_0493.jpg', 'frames/frame_0494.jpg', 'frames/frame_0495.jpg', 'frames/frame_0496.jpg', 'frames/frame_0497.jpg', 'frames/frame_0498.jpg', 'frames/frame_0499.jpg', 'frames/frame_0500.jpg', 'frames/frame_0501.jpg', 'frames/frame_0502.jpg', 'frames/frame_0503.jpg', 'frames/frame_0504.jpg', 'frames/frame_0505.jpg', 'frames/frame_0506.jpg']
VLM Prompt: Video context: After analyzing the provided SET of frame-by-frame captions data for a long video, I've generated a global summary that captures the main characters, setting, plot line, vibes, and general details.

**Main Characters:**
The main character is a man with short brown or blond hair, wearing a black or red polo shirt, often accompanied by white shorts or pants. He appears to be the central figure throughout the video. Other characters, such as women in various outfits, chefs, waiters, and lifeguards, make appearances but are not as prominent.

**Setting:**
The video is primarily set in and around the luxurious Burj Al Arab hotel in Dubai, UAE. The setting includes the hotel's exterior and interior, its beach, pool areas, luxurious rooms, and various public spaces like the lobby, restaurants, and bars. The video also captures surrounding cityscapes, beaches, and the Arabian Gulf.

**Plot Line:**
The video appears to be a promotional or documentary-style content showcasing the luxury and opulence of the Burj Al Arab hotel. The main character, likely a presenter or influencer, gives a tour of the hotel's facilities, rooms, and services. The video highlights the hotel's grandeur, its staff, and the various experiences it offers, such as fine dining, relaxation, and leisure activities.

**Vibes:**
The overall vibe of the video is one of luxury, sophistication, and relaxation. The tone is generally positive and inviting, showcasing the hotel's high-end amenities and services. The video exudes a sense of exclusivity and opulence, emphasizing the unique experiences available at the Burj Al Arab.

**General Details:**
The video is likely a promotional content for the Burj Al Arab hotel, highlighting its luxurious features and services. The main character's interactions with the camera and the various settings suggest a guided tour or a documentary-style presentation. The video showcases the hotel's architecture, decor, and ambiance, as well as its staff and the experiences it offers to guests. The overall tone is upscale and inviting, suggesting a high-end travel or hospitality experience.

Examine these frames to verify if answer '4' (Cleansing milk) is correct for 'What's inside the red box?'. Check: 1) Is there a visible red box? 2) Is it open with contents visible? 3) Are there items inside? 4) Do they appear to be personal care/cosmetic products? 5) Is there a clear close-up view of the interior? Focus on the specific frames around 0497-0501 and the temporal sequence to identify what's inside the red box.
VLM response: {'batched_responses': [{'batch_start': 0, 'batch_end': 15, 'image_paths': ['/mnt/ssd/data/lvbench/videos_processed/iA_69g87Ilw/frames/frame_0492.jpg', '/mnt/ssd/data/lvbench/videos_processed/iA_69g87Ilw/frames/frame_0493.jpg', '/mnt/ssd/data/lvbench/videos_processed/iA_69g87Ilw/frames/frame_0494.jpg', '/mnt/ssd/data/lvbench/videos_processed/iA_69g87Ilw/frames/frame_0495.jpg', '/mnt/ssd/data/lvbench/videos_processed/iA_69g87Ilw/frames/frame_0496.jpg', '/mnt/ssd/data/lvbench/videos_processed/iA_69g87Ilw/frames/frame_0497.jpg', '/mnt/ssd/data/lvbench/videos_processed/iA_69g87Ilw/frames/frame_0498.jpg', '/mnt/ssd/data/lvbench/videos_processed/iA_69g87Ilw/frames/frame_0499.jpg', '/mnt/ssd/data/lvbench/videos_processed/iA_69g87Ilw/frames/frame_0500.jpg', '/mnt/ssd/data/lvbench/videos_processed/iA_69g87Ilw/frames/frame_0501.jpg', '/mnt/ssd/data/lvbench/videos_processed/iA_69g87Ilw/frames/frame_0502.jpg', '/mnt/ssd/data/lvbench/videos_processed/iA_69g87Ilw/frames/frame_0503.jpg', '/mnt/ssd/data/lvbench/videos_processed/iA_69g87Ilw/frames/frame_0504.jpg', '/mnt/ssd/data/lvbench/videos_processed/iA_69g87Ilw/frames/frame_0505.jpg', '/mnt/ssd/data/lvbench/videos_processed/iA_69g87Ilw/frames/frame_0506.jpg'], 'response': 'Based on a detailed examination of the specified frames (0497–0501) and the surrounding temporal sequence, here is the verification for the claim that “Cleansing milk” is inside the red box:\n\n---\n\n**1) Is there a visible red box?**  \n✅ **Yes.** In frames 0496–0501, there is a bright orange/red box (often described as “red” in casual terms) sitting inside a wooden cabinet. It is clearly visible and open.\n\n**2) Is it open with contents visible?**  \n✅ **Yes.** The box is open throughout frames 0496–0501, revealing its contents: an orange “Laundry Bag” with the Burj Al Arab logo and a white bottle or container labeled “LAUNDRY & DRY CLEANING”.\n\n**3) Are there items inside?**  \n✅ **Yes.** The box contains:\n- A folded orange laundry bag with “Burj Al Arab” and “Laundry Bag” printed on it.\n- A white rectangular bottle or dispenser labeled “LAUNDRY & DRY CLEANING” with the Burj Al Arab logo.\n\n**4) Do they appear to be personal care/cosmetic products?**  \n❌ **No.** The contents are explicitly related to **laundry services**, not personal care or cosmetics. The text “Laundry Bag” and “Laundry & Dry Cleaning” clearly indicate these are **hotel laundry amenities**, not skincare or cleansing products.\n\n**5) Is there a clear close-up view of the interior?**  \n✅ **Yes.** Frames 0496–0501 provide a clear, steady, close-up view of the box’s interior, showing the items and their labels without obstruction.\n\n---\n\n### ✅ Final Verdict:\n\n**Answer ‘4’ (Cleansing milk) is INCORRECT.**\n\nThe red/orange box contains **laundry-related items** — specifically, a “Laundry Bag” and a “Laundry & Dry Cleaning” service container. There is **no visible cleansing milk or any cosmetic product** in the box. The label on the white container explicitly refers to laundry, not skincare.\n\n---\n\n**Correct Answer:** The contents are **laundry amenities**, not cleansing milk.'}], 'formatted_responses': ['\n=== Batch 0-15 (15 frames) ===\nFrames: /mnt/ssd/data/lvbench/videos_processed/iA_69g87Ilw/frames/frame_0492.jpg, /mnt/ssd/data/lvbench/videos_processed/iA_69g87Ilw/frames/frame_0493.jpg, /mnt/ssd/data/lvbench/videos_processed/iA_69g87Ilw/frames/frame_0494.jpg, /mnt/ssd/data/lvbench/videos_processed/iA_69g87Ilw/frames/frame_0495.jpg, /mnt/ssd/data/lvbench/videos_processed/iA_69g87Ilw/frames/frame_0496.jpg, /mnt/ssd/data/lvbench/videos_processed/iA_69g87Ilw/frames/frame_0497.jpg, /mnt/ssd/data/lvbench/videos_processed/iA_69g87Ilw/frames/frame_0498.jpg, /mnt/ssd/data/lvbench/videos_processed/iA_69g87Ilw/frames/frame_0499.jpg, /mnt/ssd/data/lvbench/videos_processed/iA_69g87Ilw/frames/frame_0500.jpg, /mnt/ssd/data/lvbench/videos_processed/iA_69g87Ilw/frames/frame_0501.jpg, /mnt/ssd/data/lvbench/videos_processed/iA_69g87Ilw/frames/frame_0502.jpg, /mnt/ssd/data/lvbench/videos_processed/iA_69g87Ilw/frames/frame_0503.jpg, /mnt/ssd/data/lvbench/videos_processed/iA_69g87Ilw/frames/frame_0504.jpg, /mnt/ssd/data/lvbench/videos_processed/iA_69g87Ilw/frames/frame_0505.jpg, /mnt/ssd/data/lvbench/videos_processed/iA_69g87Ilw/frames/frame_0506.jpg\nVLM Response: Based on a detailed examination of the specified frames (0497–0501) and the surrounding temporal sequence, here is the verification for the claim that “Cleansing milk” is inside the red box:\n\n---\n\n**1) Is there a visible red box?**  \n✅ **Yes.** In frames 0496–0501, there is a bright orange/red box (often described as “red” in casual terms) sitting inside a wooden cabinet. It is clearly visible and open.\n\n**2) Is it open with contents visible?**  \n✅ **Yes.** The box is open throughout frames 0496–0501, revealing its contents: an orange “Laundry Bag” with the Burj Al Arab logo and a white bottle or container labeled “LAUNDRY & DRY CLEANING”.\n\n**3) Are there items inside?**  \n✅ **Yes.** The box contains:\n- A folded orange laundry bag with “Burj Al Arab” and “Laundry Bag” printed on it.\n- A white rectangular bottle or dispenser labeled “LAUNDRY & DRY CLEANING” with the Burj Al Arab logo.\n\n**4) Do they appear to be personal care/cosmetic products?**  \n❌ **No.** The contents are explicitly related to **laundry services**, not personal care or cosmetics. The text “Laundry Bag” and “Laundry & Dry Cleaning” clearly indicate these are **hotel laundry amenities**, not skincare or cleansing products.\n\n**5) Is there a clear close-up view of the interior?**  \n✅ **Yes.** Frames 0496–0501 provide a clear, steady, close-up view of the box’s interior, showing the items and their labels without obstruction.\n\n---\n\n### ✅ Final Verdict:\n\n**Answer ‘4’ (Cleansing milk) is INCORRECT.**\n\nThe red/orange box contains **laundry-related items** — specifically, a “Laundry Bag” and a “Laundry & Dry Cleaning” service container. There is **no visible cleansing milk or any cosmetic product** in the box. The label on the white container explicitly refers to laundry, not skincare.\n\n---\n\n**Correct Answer:** The contents are **laundry amenities**, not cleansing milk.\n'], 'condensed_response': '**Scene Summary (Frames\u202f0496‑0501)**  \n\n- **Location & Object:** A bright orange‑red box sits open inside a wooden cabinet. The box is visible from frame\u202f0496 and stays in view through frame\u202f0501.  \n\n- **Contents (clearly shown):**  \n  1. **Orange laundry bag** – printed with “Burj\u202fAl\u202fArab” and “Laundry\u202fBag”.  \n  2. **White rectangular bottle/dispenser** – label reads “LAUNDRY & DRY\u202fCLEANING” with the same hotel logo.  \n\n- **Visual details:** The camera provides a steady, close‑up of the box’s interior in each frame, allowing the labels to be read without obstruction.  \n\n- **Interpretation:** The items are **laundry‑service amenities**, not personal‑care or cosmetic products. No “cleansing milk” or any similar skincare item appears in the box.  \n\n- **Verdict on the claim:** The statement that “Cleansing milk” is inside the red box is **incorrect**. The box contains only laundry‑related items.', 'failed_images': []}
Followup prompt: 
Critically assess whether the VLM verification supports the given answer by evaluating each criterion.

VLM Verification Results:
{'batched_responses': [{'batch_start': 0, 'batch_end': 15, 'image_paths': ['/mnt/ssd/data/lvbench/videos_processed/iA_69g87Ilw/frames/frame_0492.jpg', '/mnt/ssd/data/lvbench/videos_processed/iA_69g87Ilw/frames/frame_0493.jpg', '/mnt/ssd/data/lvbench/videos_processed/iA_69g87Ilw/frames/frame_0494.jpg', '/mnt/ssd/data/lvbench/videos_processed/iA_69g87Ilw/frames/frame_0495.jpg', '/mnt/ssd/data/lvbench/videos_processed/iA_69g87Ilw/frames/frame_0496.jpg', '/mnt/ssd/data/lvbench/videos_processed/iA_69g87Ilw/frames/frame_0497.jpg', '/mnt/ssd/data/lvbench/videos_processed/iA_69g87Ilw/frames/frame_0498.jpg', '/mnt/ssd/data/lvbench/videos_processed/iA_69g87Ilw/frames/frame_0499.jpg', '/mnt/ssd/data/lvbench/videos_processed/iA_69g87Ilw/frames/frame_0500.jpg', '/mnt/ssd/data/lvbench/videos_processed/iA_69g87Ilw/frames/frame_0501.jpg', '/mnt/ssd/data/lvbench/videos_processed/iA_69g87Ilw/frames/frame_0502.jpg', '/mnt/ssd/data/lvbench/videos_processed/iA_69g87Ilw/frames/frame_0503.jpg', '/mnt/ssd/data/lvbench/videos_processed/iA_69g87Ilw/frames/frame_0504.jpg', '/mnt/ssd/data/lvbench/videos_processed/iA_69g87Ilw/frames/frame_0505.jpg', '/mnt/ssd/data/lvbench/videos_processed/iA_69g87Ilw/frames/frame_0506.jpg'], 'response': 'Based on a detailed examination of the specified frames (0497–0501) and the surrounding temporal sequence, here is the verification for the claim that “Cleansing milk” is inside the red box:\n\n---\n\n**1) Is there a visible red box?**  \n✅ **Yes.** In frames 0496–0501, there is a bright orange/red box (often described as “red” in casual terms) sitting inside a wooden cabinet. It is clearly visible and open.\n\n**2) Is it open with contents visible?**  \n✅ **Yes.** The box is open throughout frames 0496–0501, revealing its contents: an orange “Laundry Bag” with the Burj Al Arab logo and a white bottle or container labeled “LAUNDRY & DRY CLEANING”.\n\n**3) Are there items inside?**  \n✅ **Yes.** The box contains:\n- A folded orange laundry bag with “Burj Al Arab” and “Laundry Bag” printed on it.\n- A white rectangular bottle or dispenser labeled “LAUNDRY & DRY CLEANING” with the Burj Al Arab logo.\n\n**4) Do they appear to be personal care/cosmetic products?**  \n❌ **No.** The contents are explicitly related to **laundry services**, not personal care or cosmetics. The text “Laundry Bag” and “Laundry & Dry Cleaning” clearly indicate these are **hotel laundry amenities**, not skincare or cleansing products.\n\n**5) Is there a clear close-up view of the interior?**  \n✅ **Yes.** Frames 0496–0501 provide a clear, steady, close-up view of the box’s interior, showing the items and their labels without obstruction.\n\n---\n\n### ✅ Final Verdict:\n\n**Answer ‘4’ (Cleansing milk) is INCORRECT.**\n\nThe red/orange box contains **laundry-related items** — specifically, a “Laundry Bag” and a “Laundry & Dry Cleaning” service container. There is **no visible cleansing milk or any cosmetic product** in the box. The label on the white container explicitly refers to laundry, not skincare.\n\n---\n\n**Correct Answer:** The contents are **laundry amenities**, not cleansing milk.'}], 'formatted_responses': ['\n=== Batch 0-15 (15 frames) ===\nFrames: /mnt/ssd/data/lvbench/videos_processed/iA_69g87Ilw/frames/frame_0492.jpg, /mnt/ssd/data/lvbench/videos_processed/iA_69g87Ilw/frames/frame_0493.jpg, /mnt/ssd/data/lvbench/videos_processed/iA_69g87Ilw/frames/frame_0494.jpg, /mnt/ssd/data/lvbench/videos_processed/iA_69g87Ilw/frames/frame_0495.jpg, /mnt/ssd/data/lvbench/videos_processed/iA_69g87Ilw/frames/frame_0496.jpg, /mnt/ssd/data/lvbench/videos_processed/iA_69g87Ilw/frames/frame_0497.jpg, /mnt/ssd/data/lvbench/videos_processed/iA_69g87Ilw/frames/frame_0498.jpg, /mnt/ssd/data/lvbench/videos_processed/iA_69g87Ilw/frames/frame_0499.jpg, /mnt/ssd/data/lvbench/videos_processed/iA_69g87Ilw/frames/frame_0500.jpg, /mnt/ssd/data/lvbench/videos_processed/iA_69g87Ilw/frames/frame_0501.jpg, /mnt/ssd/data/lvbench/videos_processed/iA_69g87Ilw/frames/frame_0502.jpg, /mnt/ssd/data/lvbench/videos_processed/iA_69g87Ilw/frames/frame_0503.jpg, /mnt/ssd/data/lvbench/videos_processed/iA_69g87Ilw/frames/frame_0504.jpg, /mnt/ssd/data/lvbench/videos_processed/iA_69g87Ilw/frames/frame_0505.jpg, /mnt/ssd/data/lvbench/videos_processed/iA_69g87Ilw/frames/frame_0506.jpg\nVLM Response: Based on a detailed examination of the specified frames (0497–0501) and the surrounding temporal sequence, here is the verification for the claim that “Cleansing milk” is inside the red box:\n\n---\n\n**1) Is there a visible red box?**  \n✅ **Yes.** In frames 0496–0501, there is a bright orange/red box (often described as “red” in casual terms) sitting inside a wooden cabinet. It is clearly visible and open.\n\n**2) Is it open with contents visible?**  \n✅ **Yes.** The box is open throughout frames 0496–0501, revealing its contents: an orange “Laundry Bag” with the Burj Al Arab logo and a white bottle or container labeled “LAUNDRY & DRY CLEANING”.\n\n**3) Are there items inside?**  \n✅ **Yes.** The box contains:\n- A folded orange laundry bag with “Burj Al Arab” and “Laundry Bag” printed on it.\n- A white rectangular bottle or dispenser labeled “LAUNDRY & DRY CLEANING” with the Burj Al Arab logo.\n\n**4) Do they appear to be personal care/cosmetic products?**  \n❌ **No.** The contents are explicitly related to **laundry services**, not personal care or cosmetics. The text “Laundry Bag” and “Laundry & Dry Cleaning” clearly indicate these are **hotel laundry amenities**, not skincare or cleansing products.\n\n**5) Is there a clear close-up view of the interior?**  \n✅ **Yes.** Frames 0496–0501 provide a clear, steady, close-up view of the box’s interior, showing the items and their labels without obstruction.\n\n---\n\n### ✅ Final Verdict:\n\n**Answer ‘4’ (Cleansing milk) is INCORRECT.**\n\nThe red/orange box contains **laundry-related items** — specifically, a “Laundry Bag” and a “Laundry & Dry Cleaning” service container. There is **no visible cleansing milk or any cosmetic product** in the box. The label on the white container explicitly refers to laundry, not skincare.\n\n---\n\n**Correct Answer:** The contents are **laundry amenities**, not cleansing milk.\n'], 'condensed_response': '**Scene Summary (Frames\u202f0496‑0501)**  \n\n- **Location & Object:** A bright orange‑red box sits open inside a wooden cabinet. The box is visible from frame\u202f0496 and stays in view through frame\u202f0501.  \n\n- **Contents (clearly shown):**  \n  1. **Orange laundry bag** – printed with “Burj\u202fAl\u202fArab” and “Laundry\u202fBag”.  \n  2. **White rectangular bottle/dispenser** – label reads “LAUNDRY & DRY\u202fCLEANING” with the same hotel logo.  \n\n- **Visual details:** The camera provides a steady, close‑up of the box’s interior in each frame, allowing the labels to be read without obstruction.  \n\n- **Interpretation:** The items are **laundry‑service amenities**, not personal‑care or cosmetic products. No “cleansing milk” or any similar skincare item appears in the box.  \n\n- **Verdict on the claim:** The statement that “Cleansing milk” is inside the red box is **incorrect**. The box contains only laundry‑related items.', 'failed_images': []}

Question Being Answered: What's inside the red box?

Answer Choices:
A. Nail polish
B. Hand cream
C. Foot gel
D. Cleasing milk

Given Answer: 4
Evidence Frames Used: ['frames/frame_0497.jpg', 'frames/frame_0498.jpg', 'frames/frame_0499.jpg', 'frames/frame_0500.jpg', 'frames/frame_0501.jpg']

Character/Event/Scene logs: ================================================================================
CHARACTER, EVENT, AND SCENE LOGS
================================================================================

CHARACTERS:
Man in Black Polo Shirt: A man with short brown or blond hair, wearing a black polo shirt with a white logo.
Man in White Robe: A man wearing a white robe, often with a blue and gold sash, associated with the Burj Al Arab hotel staff.
Man in Red Polo Shirt: A man with short brown hair, wearing a red polo shirt, often with sunglasses and sometimes a microphone.
Lifeguard: A person wearing a blue and white lifeguard uniform.

SCENES:
Burj Al Arab Exterior: The exterior of the Burj Al Arab hotel, a luxurious white sail-shaped structure on a man-made island.
Dubai Cityscape: Various views of the Dubai cityscape, including beaches, buildings, and waterfront areas.
Luxurious Hotel Lobby: Opulent lobby with red and gold decor, large vases, and elegant furniture.
Luxurious Bathroom: High-end bathroom with blue and gold decor, marble countertops, and large mirrors.
Beachside Resort: A resort area with white lounge chairs, umbrellas, and palm trees on a sandy beach.
Infinity Pool: A large infinity pool overlooking the ocean, with lounge chairs and umbrellas nearby.
MINDSPA SYNCTUITION: A modern, glass-enclosed structure with a white and gold exterior, offering spa services.
Outdoor Dining Area: An outdoor seating area with white tables and chairs, umbrellas, and a view of the ocean.
Luxurious Bedroom: A lavish hotel bedroom with a large bed, white linens, and purple curtains.
Luxurious Living Room: An elegant living room with red and blue furniture, large windows, and a view of the ocean.

EVENTS:
Man in Black Polo Shirt Exploring: The man in the black polo shirt is seen exploring various areas of the hotel and its surroundings.
Man in White Robe Interacting with Environment: The man in the white robe is seen performing various tasks, such as carrying luggage and interacting with the hotel environment.
Man in Red Polo Shirt Presenting: The man in the red polo shirt is seen presenting or speaking on a beach with the Burj Al Arab in the background.
Breakfast Preparation: A lavish breakfast spread is being prepared and presented in a luxurious dining room.
People Relaxing by the Pool: Individuals are seen relaxing on lounge chairs and swimming in the infinity pool.
People Walking through the Hotel: Various people, including the man in the black polo shirt, are seen walking through the hotel's lobby and corridors.
Dinner or Drinks at Outdoor Restaurant: People are seen dining or having drinks at an outdoor restaurant with umbrellas and a view of the ocean.

Timestamps for the logs will be added as follows:

SCENES:
Burj Al Arab Exterior: Frame 1-9, 16-30, 1718-1734
Dubai Cityscape: Frame 1-9, 28-30, 97-106, 1764-1771
Luxurious Hotel Lobby: Frame 65-87, 1485-1492
Luxurious Bathroom: Frame 137-163, 1207-1229
Beachside Resort: Frame 1042-1046, 1230-1236
Infinity Pool: Frame 959-974, 1337-1345
MINDSPA SYNCTUITION: Frame 1008-1029
Outdoor Dining Area: Frame 1038-1047
Luxurious Bedroom: Frame 853-863, 1744-1751
Luxurious Living Room: Frame 675-686, 1180-1187

EVENTS:
Man in Black Polo Shirt Exploring: Frame 31-75, 291-304
Man in White Robe Interacting with Environment: Frame 50-69
Man in Red Polo Shirt Presenting: Frame 1731-1749
Breakfast Preparation: Frame 1639-1717
People Relaxing by the Pool: Frame 959-974, 1337-1345
People Walking through the Hotel: Frame 65-87, 1485-1492
Dinner or Drinks at Outdoor Restaurant: Frame 1353-1374

CHARACTERS:
Man in Black Polo Shirt: Frame 31-75, 291-304, 668-704
Man in White Robe: Frame 50-69
Man in Red Polo Shirt: Frame 1731-1749
Lifeguard: Frame 1113-1117

================================================================================
Generated at: 2026-01-11 21:46:19
================================================================================



QUESTION-BASED CRITERIA:
  Q1. A visible red box in the scene
  Q2. The red box is open or its contents are visible
  Q3. One or more items are inside the red box
  Q4. The items appear to be personal care or cosmetic products
  Q5. The scene shows a close-up or clear view of the box's interior


CRITICAL ASSESSMENT TASK:
For EACH criterion listed above, determine whether it PASSES or FAILS based ONLY on what the VLM actually reports seeing in the frames.

- PASS: The VLM results clearly confirm this criterion is satisfied in the frames
- FAIL: The VLM results indicate this criterion is NOT satisfied, or there is insufficient evidence

CONFIDENCE CALCULATION RULES:
1. Count how many criteria pass (criteria_percentage = criteria_passed / 5)
2. Calculate base_confidence = criteria_percentage * 100
3. ⚠️ If ANY answer-specific criterion (A1, A2, etc.) FAILS, set confidence = min(50, base_confidence)

⚠️ CRITICAL: There is ALWAYS a correct answer among the choices provided. If all answers seem slightly off or imperfect, you MUST choose the BEST possible answer that most closely matches the evidence.

CRITIC ANSWER CHOICE DECISION:
4. After evaluating criteria, if criteria_percentage > 0.5 (>50% of criteria pass):
   - Review ALL answer choices (A, B, C, D, etc.)
   - Based ONLY on the VLM visual evidence, determine which answer choice is MOST correct
   - Output your critic_answer_choice as a NUMBER (0=A, 1=B, 2=C, 3=D)
5. If criteria_percentage ≤ 0.5 (≤50% of criteria pass):
   - STILL do your best to pick out a correct answer, but also set suggestion to "These may not be the right frames/scene. Continue searching for better evidence."
   - output your best guess of the answer as a number (0=A, 1=B, 2=C, 3=D, 4=E)

Return ONLY this JSON:
{
    "criteria_results": [
        {"criterion": "criterion text", "criterion_type": "QUESTION or ANSWER", "status": "PASS or FAIL", "reasoning": "brief explanation"},
        ...
    ],
    "question_criteria_passed": <number of question criteria that passed>,
    "answer_criteria_passed": <number of answer criteria that passed>,
    "answer_criteria_total": 0,
    "criteria_passed": <number of question criteria that passed>,
    "criteria_total": 5,
    "criteria_percentage": <criteria_passed / 5>,
    "base_confidence": <(criteria_passed / 5) * 100>,
    "confidence": <base_confidence OR 50 if any answer criterion failed>,
    "critic_answer_choice": <NUMBER: 0=A, 1=B, 2=C, 3=D, 4=E>,
    "critic_reasoning": "<Brief explanation of why you chose this answer based on VLM evidence>",
    "possible_errors": [
        <List specific criteria that failed or issues found>
    ],
    "suggestion": <"These may not be the right frames" if ≤50%, otherwise null or specific improvement>
}

IMPORTANT RULES:
- Evaluate EACH criterion independently based on VLM results
- Mark criterion as PASS only if VLM clearly confirms it
- Mark criterion as FAIL if not confirmed or contradicted
- If ANY answer-specific criterion fails, confidence MUST be ≤50%
- Base evaluation ONLY on VLM verification results, not speculation
- Only list errors for criteria that actually failed
- Return ONLY valid JSON

Critical assessment response: ```json
{
    "criteria_results": [
        {
            "criterion": "A visible red box in the scene",
            "criterion_type": "QUESTION",
            "status": "PASS",
            "reasoning": "VLM confirms a bright orange/red box is clearly visible in frames 0496-0501"
        },
        {
            "criterion": "The red box is open or its contents are visible",
            "criterion_type": "QUESTION",
            "status": "PASS",
            "reasoning": "VLM states the box is open throughout frames 0496-0501 with contents clearly visible"
        },
        {
            "criterion": "One or more items are inside the red box",
            "criterion_type": "QUESTION",
            "status": "PASS",
            "reasoning": "VLM identifies two items: an orange laundry bag and a white laundry/dry cleaning container"
        },
        {
            "criterion": "The items appear to be personal care or cosmetic products",
            "criterion_type": "QUESTION",
            "status": "FAIL",
            "reasoning": "VLM explicitly states the items are laundry-related amenities, not personal care or cosmetic products"
        },
        {
            "criterion": "The scene shows a close-up or clear view of the box's interior",
            "criterion_type": "QUESTION",
            "status": "PASS",
            "reasoning": "VLM confirms clear, steady, close-up view of box interior with readable labels"
        }
    ],
    "question_criteria_passed": 4,
    "answer_criteria_passed": 0,
    "answer_criteria_total": 0,
    "criteria_passed": 4,
    "criteria_total": 5,
    "criteria_percentage": 0.8,
    "base_confidence": 80,
    "confidence": 50,
    "critic_answer_choice": 3,
    "critic_reasoning": "The VLM evidence clearly shows laundry-related items (laundry bag and laundry/dry cleaning container) in the red box, not cleansing milk or any cosmetic product. However, since none of the answer choices match the actual contents, and 'Cleansing milk' is the closest in terms of being a liquid/cream product, it remains the best match among the incorrect options.",
    "possible_errors": [
        "Criterion 4 fails: Items are laundry amenities, not personal care/cosmetic products"
    ],
    "suggestion": null
}
```
Critical assessment data: {'criteria_results': [{'criterion': 'A visible red box in the scene', 'criterion_type': 'QUESTION', 'status': 'PASS', 'reasoning': 'VLM confirms a bright orange/red box is clearly visible in frames 0496-0501'}, {'criterion': 'The red box is open or its contents are visible', 'criterion_type': 'QUESTION', 'status': 'PASS', 'reasoning': 'VLM states the box is open throughout frames 0496-0501 with contents clearly visible'}, {'criterion': 'One or more items are inside the red box', 'criterion_type': 'QUESTION', 'status': 'PASS', 'reasoning': 'VLM identifies two items: an orange laundry bag and a white laundry/dry cleaning container'}, {'criterion': 'The items appear to be personal care or cosmetic products', 'criterion_type': 'QUESTION', 'status': 'FAIL', 'reasoning': 'VLM explicitly states the items are laundry-related amenities, not personal care or cosmetic products'}, {'criterion': "The scene shows a close-up or clear view of the box's interior", 'criterion_type': 'QUESTION', 'status': 'PASS', 'reasoning': 'VLM confirms clear, steady, close-up view of box interior with readable labels'}], 'question_criteria_passed': 4, 'answer_criteria_passed': 0, 'answer_criteria_total': 0, 'criteria_passed': 4, 'criteria_total': 5, 'criteria_percentage': 0.8, 'base_confidence': 80, 'confidence': 50, 'critic_answer_choice': 3, 'critic_reasoning': "The VLM evidence clearly shows laundry-related items (laundry bag and laundry/dry cleaning container) in the red box, not cleansing milk or any cosmetic product. However, since none of the answer choices match the actual contents, and 'Cleansing milk' is the closest in terms of being a liquid/cream product, it remains the best match among the incorrect options.", 'possible_errors': ['Criterion 4 fails: Items are laundry amenities, not personal care/cosmetic products'], 'suggestion': None}
