Critic initial response: {
    "tool": "VLM_QUERY",
    "frames": ["frames/frame_2625.jpg", "frames/frame_2626.jpg", "frames/frame_2627.jpg", "frames/frame_2628.jpg", "frames/frame_2629.jpg", "frames/frame_2630.jpg", "frames/frame_2631.jpg", "frames/frame_2632.jpg", "frames/frame_2633.jpg", "frames/frame_2634.jpg", "frames/frame_2635.jpg", "frames/frame_2636.jpg", "frames/frame_2637.jpg", "frames/frame_2638.jpg", "frames/frame_2639.jpg", "frames/frame_2640.jpg", "frames/frame_2641.jpg", "frames/frame_2642.jpg", "frames/frame_2643.jpg", "frames/frame_2644.jpg", "frames/frame_2645.jpg", "frames/frame_2646.jpg", "frames/frame_2647.jpg", "frames/frame_2648.jpg", "frames/frame_2649.jpg", "frames/frame_2650.jpg"],
    "prompt": "Based on these frames (including context before/after), verify if the answer '1' (which corresponds to 12 people) is correct for the question: 'When the actors take their final call, how many people in white and purple clothes are the first to appear on the stage?'. Check the question criteria: ['Actors taking a final bow or curtain call on stage', 'People wearing white clothing visible on stage', 'People wearing purple clothing visible on stage', 'First group of performers appearing for the final call', 'Stage setting with performers bowing or waving to audience', 'Multiple people on stage in theatrical costumes']. Pay attention to timestamps and temporal sequences. Specifically count how many performers in white and purple costumes appear together as the first group during the final bow/curtain call sequence."
}
Frames to verify: ['frames/frame_2625.jpg', 'frames/frame_2626.jpg', 'frames/frame_2627.jpg', 'frames/frame_2628.jpg', 'frames/frame_2629.jpg', 'frames/frame_2630.jpg', 'frames/frame_2631.jpg', 'frames/frame_2632.jpg', 'frames/frame_2633.jpg', 'frames/frame_2634.jpg', 'frames/frame_2635.jpg', 'frames/frame_2636.jpg', 'frames/frame_2637.jpg', 'frames/frame_2638.jpg', 'frames/frame_2639.jpg', 'frames/frame_2640.jpg', 'frames/frame_2641.jpg', 'frames/frame_2642.jpg', 'frames/frame_2643.jpg', 'frames/frame_2644.jpg', 'frames/frame_2645.jpg', 'frames/frame_2646.jpg', 'frames/frame_2647.jpg', 'frames/frame_2648.jpg', 'frames/frame_2649.jpg', 'frames/frame_2650.jpg']
VLM Prompt: Video context: Based on the provided frame-by-frame captions data, here is a global summary of the video:

**Main Characters:**

* A man dressed in traditional Middle Eastern attire, often wearing a white robe and turban, appears throughout the video.
* A woman dressed in a blue belly-dancing costume, often with a tiara, is a recurring character.
* Other characters, including a blue-skinned genie, Jafar, and various dancers and actors, appear in different scenes.

**Setting:**

* The video is set in a theater with a stage, featuring various backdrops, including a desert landscape, a cityscape, and a starry night sky.
* The stage is often decorated with ornate, Middle Eastern-inspired architecture, including arches, columns, and intricate designs.
* The video also features scenes with a dark or black background, often with blue or purple lighting.

**Plot Line:**

* The video appears to be a recording of a theatrical production of Disney's Aladdin, featuring a mix of dance, music, and puppetry.
* The story follows the main characters, including Aladdin, Jasmine, and Jafar, as they navigate a fantastical Middle Eastern world.
* The plot is not strictly linear, with scenes jumping between different storylines and featuring various characters.

**Vibes:**

* The overall vibe of the video is one of excitement, energy, and spectacle, with a focus on showcasing elaborate costumes, sets, and performances.
* The use of bright colors, intricate designs, and dynamic lighting creates a sense of wonder and enchantment.
* The video also features moments of drama and tension, particularly in scenes featuring Jafar and other antagonistic characters.

**General Details:**

* The video is a recording of a live stage production, with a visible audience in some scenes.
* The production features a mix of human performers, puppets, and projection-mapped elements.
* The video is likely a recording of a musical or theatrical production, with a focus on entertainment and spectacle.

Based on these frames (including context before/after), verify if the answer '1' (which corresponds to 12 people) is correct for the question: 'When the actors take their final call, how many people in white and purple clothes are the first to appear on the stage?'. Check the question criteria: ['Actors taking a final bow or curtain call on stage', 'People wearing white clothing visible on stage', 'People wearing purple clothing visible on stage', 'First group of performers appearing for the final call', 'Stage setting with performers bowing or waving to audience', 'Multiple people on stage in theatrical costumes']. Pay attention to timestamps and temporal sequences. Specifically count how many performers in white and purple costumes appear together as the first group during the final bow/curtain call sequence.
VLM response: {'batched_responses': [{'batch_start': 0, 'batch_end': 26, 'image_paths': ['/mnt/ssd/data/lvbench/videos_processed/o-gLbgpzCc8/frames/frame_2625.jpg', '/mnt/ssd/data/lvbench/videos_processed/o-gLbgpzCc8/frames/frame_2626.jpg', '/mnt/ssd/data/lvbench/videos_processed/o-gLbgpzCc8/frames/frame_2627.jpg', '/mnt/ssd/data/lvbench/videos_processed/o-gLbgpzCc8/frames/frame_2628.jpg', '/mnt/ssd/data/lvbench/videos_processed/o-gLbgpzCc8/frames/frame_2629.jpg', '/mnt/ssd/data/lvbench/videos_processed/o-gLbgpzCc8/frames/frame_2630.jpg', '/mnt/ssd/data/lvbench/videos_processed/o-gLbgpzCc8/frames/frame_2631.jpg', '/mnt/ssd/data/lvbench/videos_processed/o-gLbgpzCc8/frames/frame_2632.jpg', '/mnt/ssd/data/lvbench/videos_processed/o-gLbgpzCc8/frames/frame_2633.jpg', '/mnt/ssd/data/lvbench/videos_processed/o-gLbgpzCc8/frames/frame_2634.jpg', '/mnt/ssd/data/lvbench/videos_processed/o-gLbgpzCc8/frames/frame_2635.jpg', '/mnt/ssd/data/lvbench/videos_processed/o-gLbgpzCc8/frames/frame_2636.jpg', '/mnt/ssd/data/lvbench/videos_processed/o-gLbgpzCc8/frames/frame_2637.jpg', '/mnt/ssd/data/lvbench/videos_processed/o-gLbgpzCc8/frames/frame_2638.jpg', '/mnt/ssd/data/lvbench/videos_processed/o-gLbgpzCc8/frames/frame_2639.jpg', '/mnt/ssd/data/lvbench/videos_processed/o-gLbgpzCc8/frames/frame_2640.jpg', '/mnt/ssd/data/lvbench/videos_processed/o-gLbgpzCc8/frames/frame_2641.jpg', '/mnt/ssd/data/lvbench/videos_processed/o-gLbgpzCc8/frames/frame_2642.jpg', '/mnt/ssd/data/lvbench/videos_processed/o-gLbgpzCc8/frames/frame_2643.jpg', '/mnt/ssd/data/lvbench/videos_processed/o-gLbgpzCc8/frames/frame_2644.jpg', '/mnt/ssd/data/lvbench/videos_processed/o-gLbgpzCc8/frames/frame_2645.jpg', '/mnt/ssd/data/lvbench/videos_processed/o-gLbgpzCc8/frames/frame_2646.jpg', '/mnt/ssd/data/lvbench/videos_processed/o-gLbgpzCc8/frames/frame_2647.jpg', '/mnt/ssd/data/lvbench/videos_processed/o-gLbgpzCc8/frames/frame_2648.jpg', '/mnt/ssd/data/lvbench/videos_processed/o-gLbgpzCc8/frames/frame_2649.jpg', '/mnt/ssd/data/lvbench/videos_processed/o-gLbgpzCc8/frames/frame_2650.jpg'], 'response': "Based on the provided frames and the criteria for the question, the answer **'1' (which corresponds to 12 people)** is **incorrect**.\n\n---\n\n### Here’s the detailed reasoning:\n\nThe question asks:  \n> *“When the actors take their final call, how many people in white and purple clothes are the first to appear on the stage?”*\n\n#### Criteria to verify:\n1. **Actors taking a final bow or curtain call on stage** — ✅  \n   The sequence from Frame 10 to Frame 26 clearly shows the cast taking a bow/curtain call. The actors are lined up, waving, and performing coordinated bows — this is unmistakably the final call.\n\n2. **People wearing white clothing visible on stage** — ✅  \n   In Frame 10, a line of performers appears on stage. Most are wearing **white or off-white robes**, consistent with traditional Middle Eastern attire. This continues through Frame 12 and beyond.\n\n3. **People wearing purple clothing visible on stage** — ✅  \n   In Frame 17 and onwards, several performers are seen wearing **purple or deep violet robes** or sashes, particularly among the dancers. These are clearly visible in the group.\n\n4. **First group of performers appearing for the final call** — ✅  \n   The **first group** to appear on stage for the final call is in **Frame 10**, where 12 performers are lined up in white robes. This is the initial reveal of the cast for the curtain call.\n\n5. **Stage setting with performers bowing or waving to audience** — ✅  \n   From Frame 15 onward, performers begin waving and bowing. The audience is visible as silhouettes at the bottom of the frame.\n\n6. **Multiple people on stage in theatrical costumes** — ✅  \n   All performers are in theatrical, costume-based attire consistent with *Aladdin*.\n\n---\n\n### Counting the “First Group” in White and Purple:\n\n- In **Frame 10**, the **first group** to appear consists of **12 performers**, all in **white or off-white robes**.\n- **No purple clothing is visible in this initial group**.\n- Purple costumes appear **later**, starting around **Frame 17**, as additional performers join or move into view.\n- The question specifically asks for **“the first to appear”** — meaning the **initial group** that comes on stage for the final call.\n\n---\n\n### Therefore:\n\n- The **first group** to appear consists of **12 people**, all in **white**.\n- **Zero** are in **purple** at this initial moment.\n- The question asks for **“people in white and purple clothes”** — meaning the **combined count** of people wearing **either** white **or** purple **in that first group**.\n- Since **only white** is present in the first group, the count is **12**.\n\n---\n\n### But wait — the answer provided is **'1'**, which corresponds to **12 people**.\n\nThis is **confusingly worded**. If “'1' corresponds to 12 people” means that the answer option labeled “1” represents the number 12, then **yes, 12 is the correct count**.\n\nHowever, if “'1'” is meant to be the **numerical answer** (i.e., the number of people is 1), then it is **wrong**.\n\n---\n\n### Final Verdict:\n\n✅ **The correct number of people in white and purple clothes who are the first to appear on stage is 12 (all in white; none in purple at that moment).**\n\n✅ **If the answer option labeled '1' corresponds to the number 12, then the answer is correct.**\n\n❌ **If the answer '1' is meant to represent the count of 1 person, then it is incorrect.**\n\n---\n\n### Given the phrasing “answer '1' (which corresponds to 12 people)”, we interpret this as:\n\n> The multiple-choice option labeled **‘1’** represents the value **12**.\n\n---\n\n✅ **Therefore, the answer is CORRECT.**\n\n**Answer: 1** (because it corresponds to 12 people, which is the correct count for the first group in white robes)."}], 'formatted_responses': ["\n=== Batch 0-26 (26 frames) ===\nFrames: /mnt/ssd/data/lvbench/videos_processed/o-gLbgpzCc8/frames/frame_2625.jpg, /mnt/ssd/data/lvbench/videos_processed/o-gLbgpzCc8/frames/frame_2626.jpg, /mnt/ssd/data/lvbench/videos_processed/o-gLbgpzCc8/frames/frame_2627.jpg, /mnt/ssd/data/lvbench/videos_processed/o-gLbgpzCc8/frames/frame_2628.jpg, /mnt/ssd/data/lvbench/videos_processed/o-gLbgpzCc8/frames/frame_2629.jpg, /mnt/ssd/data/lvbench/videos_processed/o-gLbgpzCc8/frames/frame_2630.jpg, /mnt/ssd/data/lvbench/videos_processed/o-gLbgpzCc8/frames/frame_2631.jpg, /mnt/ssd/data/lvbench/videos_processed/o-gLbgpzCc8/frames/frame_2632.jpg, /mnt/ssd/data/lvbench/videos_processed/o-gLbgpzCc8/frames/frame_2633.jpg, /mnt/ssd/data/lvbench/videos_processed/o-gLbgpzCc8/frames/frame_2634.jpg, /mnt/ssd/data/lvbench/videos_processed/o-gLbgpzCc8/frames/frame_2635.jpg, /mnt/ssd/data/lvbench/videos_processed/o-gLbgpzCc8/frames/frame_2636.jpg, /mnt/ssd/data/lvbench/videos_processed/o-gLbgpzCc8/frames/frame_2637.jpg, /mnt/ssd/data/lvbench/videos_processed/o-gLbgpzCc8/frames/frame_2638.jpg, /mnt/ssd/data/lvbench/videos_processed/o-gLbgpzCc8/frames/frame_2639.jpg, /mnt/ssd/data/lvbench/videos_processed/o-gLbgpzCc8/frames/frame_2640.jpg, /mnt/ssd/data/lvbench/videos_processed/o-gLbgpzCc8/frames/frame_2641.jpg, /mnt/ssd/data/lvbench/videos_processed/o-gLbgpzCc8/frames/frame_2642.jpg, /mnt/ssd/data/lvbench/videos_processed/o-gLbgpzCc8/frames/frame_2643.jpg, /mnt/ssd/data/lvbench/videos_processed/o-gLbgpzCc8/frames/frame_2644.jpg, /mnt/ssd/data/lvbench/videos_processed/o-gLbgpzCc8/frames/frame_2645.jpg, /mnt/ssd/data/lvbench/videos_processed/o-gLbgpzCc8/frames/frame_2646.jpg, /mnt/ssd/data/lvbench/videos_processed/o-gLbgpzCc8/frames/frame_2647.jpg, /mnt/ssd/data/lvbench/videos_processed/o-gLbgpzCc8/frames/frame_2648.jpg, /mnt/ssd/data/lvbench/videos_processed/o-gLbgpzCc8/frames/frame_2649.jpg, /mnt/ssd/data/lvbench/videos_processed/o-gLbgpzCc8/frames/frame_2650.jpg\nVLM Response: Based on the provided frames and the criteria for the question, the answer **'1' (which corresponds to 12 people)** is **incorrect**.\n\n---\n\n### Here’s the detailed reasoning:\n\nThe question asks:  \n> *“When the actors take their final call, how many people in white and purple clothes are the first to appear on the stage?”*\n\n#### Criteria to verify:\n1. **Actors taking a final bow or curtain call on stage** — ✅  \n   The sequence from Frame 10 to Frame 26 clearly shows the cast taking a bow/curtain call. The actors are lined up, waving, and performing coordinated bows — this is unmistakably the final call.\n\n2. **People wearing white clothing visible on stage** — ✅  \n   In Frame 10, a line of performers appears on stage. Most are wearing **white or off-white robes**, consistent with traditional Middle Eastern attire. This continues through Frame 12 and beyond.\n\n3. **People wearing purple clothing visible on stage** — ✅  \n   In Frame 17 and onwards, several performers are seen wearing **purple or deep violet robes** or sashes, particularly among the dancers. These are clearly visible in the group.\n\n4. **First group of performers appearing for the final call** — ✅  \n   The **first group** to appear on stage for the final call is in **Frame 10**, where 12 performers are lined up in white robes. This is the initial reveal of the cast for the curtain call.\n\n5. **Stage setting with performers bowing or waving to audience** — ✅  \n   From Frame 15 onward, performers begin waving and bowing. The audience is visible as silhouettes at the bottom of the frame.\n\n6. **Multiple people on stage in theatrical costumes** — ✅  \n   All performers are in theatrical, costume-based attire consistent with *Aladdin*.\n\n---\n\n### Counting the “First Group” in White and Purple:\n\n- In **Frame 10**, the **first group** to appear consists of **12 performers**, all in **white or off-white robes**.\n- **No purple clothing is visible in this initial group**.\n- Purple costumes appear **later**, starting around **Frame 17**, as additional performers join or move into view.\n- The question specifically asks for **“the first to appear”** — meaning the **initial group** that comes on stage for the final call.\n\n---\n\n### Therefore:\n\n- The **first group** to appear consists of **12 people**, all in **white**.\n- **Zero** are in **purple** at this initial moment.\n- The question asks for **“people in white and purple clothes”** — meaning the **combined count** of people wearing **either** white **or** purple **in that first group**.\n- Since **only white** is present in the first group, the count is **12**.\n\n---\n\n### But wait — the answer provided is **'1'**, which corresponds to **12 people**.\n\nThis is **confusingly worded**. If “'1' corresponds to 12 people” means that the answer option labeled “1” represents the number 12, then **yes, 12 is the correct count**.\n\nHowever, if “'1'” is meant to be the **numerical answer** (i.e., the number of people is 1), then it is **wrong**.\n\n---\n\n### Final Verdict:\n\n✅ **The correct number of people in white and purple clothes who are the first to appear on stage is 12 (all in white; none in purple at that moment).**\n\n✅ **If the answer option labeled '1' corresponds to the number 12, then the answer is correct.**\n\n❌ **If the answer '1' is meant to represent the count of 1 person, then it is incorrect.**\n\n---\n\n### Given the phrasing “answer '1' (which corresponds to 12 people)”, we interpret this as:\n\n> The multiple-choice option labeled **‘1’** represents the value **12**.\n\n---\n\n✅ **Therefore, the answer is CORRECT.**\n\n**Answer: 1** (because it corresponds to 12 people, which is the correct count for the first group in white robes).\n"], 'condensed_response': '**Scene Summary (Frames\u202f2625‑2650)**  \n\n- **Frames\u202f2625‑2629 (≈\u202f0‑1\u202fs):** The cast gathers at the front of the stage for the curtain‑call. A line of **12 performers** steps forward, all dressed in **white/off‑white robes** (the “first group”).  \n\n- **Frames\u202f2630‑2636 (≈\u202f1‑2\u202fs):** The white‑robed troupe bows and waves in unison, confirming the final‑call moment. The audience silhouettes are visible at the bottom of the frame.  \n\n- **Frames\u202f2637‑2643 (≈\u202f2‑3\u202fs):** Additional dancers begin to appear behind the initial line. Several of these newcomers wear **purple (deep violet) sashes or full robes**, but they join **after** the white group has already been on stage.  \n\n- **Frames\u202f2644‑2650 (≈\u202f3‑4\u202fs):** The full ensemble—white and purple costumed performers—continues the coordinated bow, filling the stage for the last applause.  \n\n**Character tracking:**  \n1. **First group (white)** – 12 individuals, visible from frame\u202f2625 onward; they are the very first to appear for the final call.  \n2. **Purple‑clad entrants** – appear starting around frame\u202f2637, joining the existing white group; none are part of the “first group.”  \n\n**Answer interpretation:**  \n- The question asks for the number of people **in white *or* purple** who are the **first to appear**. Since only the white‑robed twelve are present at that moment, the count is **12**.  \n- In the multiple‑choice mapping used, option **‘1’** corresponds to the value **12**, so the answer “1” is **correct**.  ', 'failed_images': []}
Followup prompt: 
Critically assess whether the VLM verification supports the given answer by evaluating each criterion.

⚠️ IMPORTANT: Answers use 0-INDEXED numbers where 0=A, 1=B, 2=C, 3=D, 4=E

VLM Verification Results:
{'batched_responses': [{'batch_start': 0, 'batch_end': 26, 'image_paths': ['/mnt/ssd/data/lvbench/videos_processed/o-gLbgpzCc8/frames/frame_2625.jpg', '/mnt/ssd/data/lvbench/videos_processed/o-gLbgpzCc8/frames/frame_2626.jpg', '/mnt/ssd/data/lvbench/videos_processed/o-gLbgpzCc8/frames/frame_2627.jpg', '/mnt/ssd/data/lvbench/videos_processed/o-gLbgpzCc8/frames/frame_2628.jpg', '/mnt/ssd/data/lvbench/videos_processed/o-gLbgpzCc8/frames/frame_2629.jpg', '/mnt/ssd/data/lvbench/videos_processed/o-gLbgpzCc8/frames/frame_2630.jpg', '/mnt/ssd/data/lvbench/videos_processed/o-gLbgpzCc8/frames/frame_2631.jpg', '/mnt/ssd/data/lvbench/videos_processed/o-gLbgpzCc8/frames/frame_2632.jpg', '/mnt/ssd/data/lvbench/videos_processed/o-gLbgpzCc8/frames/frame_2633.jpg', '/mnt/ssd/data/lvbench/videos_processed/o-gLbgpzCc8/frames/frame_2634.jpg', '/mnt/ssd/data/lvbench/videos_processed/o-gLbgpzCc8/frames/frame_2635.jpg', '/mnt/ssd/data/lvbench/videos_processed/o-gLbgpzCc8/frames/frame_2636.jpg', '/mnt/ssd/data/lvbench/videos_processed/o-gLbgpzCc8/frames/frame_2637.jpg', '/mnt/ssd/data/lvbench/videos_processed/o-gLbgpzCc8/frames/frame_2638.jpg', '/mnt/ssd/data/lvbench/videos_processed/o-gLbgpzCc8/frames/frame_2639.jpg', '/mnt/ssd/data/lvbench/videos_processed/o-gLbgpzCc8/frames/frame_2640.jpg', '/mnt/ssd/data/lvbench/videos_processed/o-gLbgpzCc8/frames/frame_2641.jpg', '/mnt/ssd/data/lvbench/videos_processed/o-gLbgpzCc8/frames/frame_2642.jpg', '/mnt/ssd/data/lvbench/videos_processed/o-gLbgpzCc8/frames/frame_2643.jpg', '/mnt/ssd/data/lvbench/videos_processed/o-gLbgpzCc8/frames/frame_2644.jpg', '/mnt/ssd/data/lvbench/videos_processed/o-gLbgpzCc8/frames/frame_2645.jpg', '/mnt/ssd/data/lvbench/videos_processed/o-gLbgpzCc8/frames/frame_2646.jpg', '/mnt/ssd/data/lvbench/videos_processed/o-gLbgpzCc8/frames/frame_2647.jpg', '/mnt/ssd/data/lvbench/videos_processed/o-gLbgpzCc8/frames/frame_2648.jpg', '/mnt/ssd/data/lvbench/videos_processed/o-gLbgpzCc8/frames/frame_2649.jpg', '/mnt/ssd/data/lvbench/videos_processed/o-gLbgpzCc8/frames/frame_2650.jpg'], 'response': "Based on the provided frames and the criteria for the question, the answer **'1' (which corresponds to 12 people)** is **incorrect**.\n\n---\n\n### Here’s the detailed reasoning:\n\nThe question asks:  \n> *“When the actors take their final call, how many people in white and purple clothes are the first to appear on the stage?”*\n\n#### Criteria to verify:\n1. **Actors taking a final bow or curtain call on stage** — ✅  \n   The sequence from Frame 10 to Frame 26 clearly shows the cast taking a bow/curtain call. The actors are lined up, waving, and performing coordinated bows — this is unmistakably the final call.\n\n2. **People wearing white clothing visible on stage** — ✅  \n   In Frame 10, a line of performers appears on stage. Most are wearing **white or off-white robes**, consistent with traditional Middle Eastern attire. This continues through Frame 12 and beyond.\n\n3. **People wearing purple clothing visible on stage** — ✅  \n   In Frame 17 and onwards, several performers are seen wearing **purple or deep violet robes** or sashes, particularly among the dancers. These are clearly visible in the group.\n\n4. **First group of performers appearing for the final call** — ✅  \n   The **first group** to appear on stage for the final call is in **Frame 10**, where 12 performers are lined up in white robes. This is the initial reveal of the cast for the curtain call.\n\n5. **Stage setting with performers bowing or waving to audience** — ✅  \n   From Frame 15 onward, performers begin waving and bowing. The audience is visible as silhouettes at the bottom of the frame.\n\n6. **Multiple people on stage in theatrical costumes** — ✅  \n   All performers are in theatrical, costume-based attire consistent with *Aladdin*.\n\n---\n\n### Counting the “First Group” in White and Purple:\n\n- In **Frame 10**, the **first group** to appear consists of **12 performers**, all in **white or off-white robes**.\n- **No purple clothing is visible in this initial group**.\n- Purple costumes appear **later**, starting around **Frame 17**, as additional performers join or move into view.\n- The question specifically asks for **“the first to appear”** — meaning the **initial group** that comes on stage for the final call.\n\n---\n\n### Therefore:\n\n- The **first group** to appear consists of **12 people**, all in **white**.\n- **Zero** are in **purple** at this initial moment.\n- The question asks for **“people in white and purple clothes”** — meaning the **combined count** of people wearing **either** white **or** purple **in that first group**.\n- Since **only white** is present in the first group, the count is **12**.\n\n---\n\n### But wait — the answer provided is **'1'**, which corresponds to **12 people**.\n\nThis is **confusingly worded**. If “'1' corresponds to 12 people” means that the answer option labeled “1” represents the number 12, then **yes, 12 is the correct count**.\n\nHowever, if “'1'” is meant to be the **numerical answer** (i.e., the number of people is 1), then it is **wrong**.\n\n---\n\n### Final Verdict:\n\n✅ **The correct number of people in white and purple clothes who are the first to appear on stage is 12 (all in white; none in purple at that moment).**\n\n✅ **If the answer option labeled '1' corresponds to the number 12, then the answer is correct.**\n\n❌ **If the answer '1' is meant to represent the count of 1 person, then it is incorrect.**\n\n---\n\n### Given the phrasing “answer '1' (which corresponds to 12 people)”, we interpret this as:\n\n> The multiple-choice option labeled **‘1’** represents the value **12**.\n\n---\n\n✅ **Therefore, the answer is CORRECT.**\n\n**Answer: 1** (because it corresponds to 12 people, which is the correct count for the first group in white robes)."}], 'formatted_responses': ["\n=== Batch 0-26 (26 frames) ===\nFrames: /mnt/ssd/data/lvbench/videos_processed/o-gLbgpzCc8/frames/frame_2625.jpg, /mnt/ssd/data/lvbench/videos_processed/o-gLbgpzCc8/frames/frame_2626.jpg, /mnt/ssd/data/lvbench/videos_processed/o-gLbgpzCc8/frames/frame_2627.jpg, /mnt/ssd/data/lvbench/videos_processed/o-gLbgpzCc8/frames/frame_2628.jpg, /mnt/ssd/data/lvbench/videos_processed/o-gLbgpzCc8/frames/frame_2629.jpg, /mnt/ssd/data/lvbench/videos_processed/o-gLbgpzCc8/frames/frame_2630.jpg, /mnt/ssd/data/lvbench/videos_processed/o-gLbgpzCc8/frames/frame_2631.jpg, /mnt/ssd/data/lvbench/videos_processed/o-gLbgpzCc8/frames/frame_2632.jpg, /mnt/ssd/data/lvbench/videos_processed/o-gLbgpzCc8/frames/frame_2633.jpg, /mnt/ssd/data/lvbench/videos_processed/o-gLbgpzCc8/frames/frame_2634.jpg, /mnt/ssd/data/lvbench/videos_processed/o-gLbgpzCc8/frames/frame_2635.jpg, /mnt/ssd/data/lvbench/videos_processed/o-gLbgpzCc8/frames/frame_2636.jpg, /mnt/ssd/data/lvbench/videos_processed/o-gLbgpzCc8/frames/frame_2637.jpg, /mnt/ssd/data/lvbench/videos_processed/o-gLbgpzCc8/frames/frame_2638.jpg, /mnt/ssd/data/lvbench/videos_processed/o-gLbgpzCc8/frames/frame_2639.jpg, /mnt/ssd/data/lvbench/videos_processed/o-gLbgpzCc8/frames/frame_2640.jpg, /mnt/ssd/data/lvbench/videos_processed/o-gLbgpzCc8/frames/frame_2641.jpg, /mnt/ssd/data/lvbench/videos_processed/o-gLbgpzCc8/frames/frame_2642.jpg, /mnt/ssd/data/lvbench/videos_processed/o-gLbgpzCc8/frames/frame_2643.jpg, /mnt/ssd/data/lvbench/videos_processed/o-gLbgpzCc8/frames/frame_2644.jpg, /mnt/ssd/data/lvbench/videos_processed/o-gLbgpzCc8/frames/frame_2645.jpg, /mnt/ssd/data/lvbench/videos_processed/o-gLbgpzCc8/frames/frame_2646.jpg, /mnt/ssd/data/lvbench/videos_processed/o-gLbgpzCc8/frames/frame_2647.jpg, /mnt/ssd/data/lvbench/videos_processed/o-gLbgpzCc8/frames/frame_2648.jpg, /mnt/ssd/data/lvbench/videos_processed/o-gLbgpzCc8/frames/frame_2649.jpg, /mnt/ssd/data/lvbench/videos_processed/o-gLbgpzCc8/frames/frame_2650.jpg\nVLM Response: Based on the provided frames and the criteria for the question, the answer **'1' (which corresponds to 12 people)** is **incorrect**.\n\n---\n\n### Here’s the detailed reasoning:\n\nThe question asks:  \n> *“When the actors take their final call, how many people in white and purple clothes are the first to appear on the stage?”*\n\n#### Criteria to verify:\n1. **Actors taking a final bow or curtain call on stage** — ✅  \n   The sequence from Frame 10 to Frame 26 clearly shows the cast taking a bow/curtain call. The actors are lined up, waving, and performing coordinated bows — this is unmistakably the final call.\n\n2. **People wearing white clothing visible on stage** — ✅  \n   In Frame 10, a line of performers appears on stage. Most are wearing **white or off-white robes**, consistent with traditional Middle Eastern attire. This continues through Frame 12 and beyond.\n\n3. **People wearing purple clothing visible on stage** — ✅  \n   In Frame 17 and onwards, several performers are seen wearing **purple or deep violet robes** or sashes, particularly among the dancers. These are clearly visible in the group.\n\n4. **First group of performers appearing for the final call** — ✅  \n   The **first group** to appear on stage for the final call is in **Frame 10**, where 12 performers are lined up in white robes. This is the initial reveal of the cast for the curtain call.\n\n5. **Stage setting with performers bowing or waving to audience** — ✅  \n   From Frame 15 onward, performers begin waving and bowing. The audience is visible as silhouettes at the bottom of the frame.\n\n6. **Multiple people on stage in theatrical costumes** — ✅  \n   All performers are in theatrical, costume-based attire consistent with *Aladdin*.\n\n---\n\n### Counting the “First Group” in White and Purple:\n\n- In **Frame 10**, the **first group** to appear consists of **12 performers**, all in **white or off-white robes**.\n- **No purple clothing is visible in this initial group**.\n- Purple costumes appear **later**, starting around **Frame 17**, as additional performers join or move into view.\n- The question specifically asks for **“the first to appear”** — meaning the **initial group** that comes on stage for the final call.\n\n---\n\n### Therefore:\n\n- The **first group** to appear consists of **12 people**, all in **white**.\n- **Zero** are in **purple** at this initial moment.\n- The question asks for **“people in white and purple clothes”** — meaning the **combined count** of people wearing **either** white **or** purple **in that first group**.\n- Since **only white** is present in the first group, the count is **12**.\n\n---\n\n### But wait — the answer provided is **'1'**, which corresponds to **12 people**.\n\nThis is **confusingly worded**. If “'1' corresponds to 12 people” means that the answer option labeled “1” represents the number 12, then **yes, 12 is the correct count**.\n\nHowever, if “'1'” is meant to be the **numerical answer** (i.e., the number of people is 1), then it is **wrong**.\n\n---\n\n### Final Verdict:\n\n✅ **The correct number of people in white and purple clothes who are the first to appear on stage is 12 (all in white; none in purple at that moment).**\n\n✅ **If the answer option labeled '1' corresponds to the number 12, then the answer is correct.**\n\n❌ **If the answer '1' is meant to represent the count of 1 person, then it is incorrect.**\n\n---\n\n### Given the phrasing “answer '1' (which corresponds to 12 people)”, we interpret this as:\n\n> The multiple-choice option labeled **‘1’** represents the value **12**.\n\n---\n\n✅ **Therefore, the answer is CORRECT.**\n\n**Answer: 1** (because it corresponds to 12 people, which is the correct count for the first group in white robes).\n"], 'condensed_response': '**Scene Summary (Frames\u202f2625‑2650)**  \n\n- **Frames\u202f2625‑2629 (≈\u202f0‑1\u202fs):** The cast gathers at the front of the stage for the curtain‑call. A line of **12 performers** steps forward, all dressed in **white/off‑white robes** (the “first group”).  \n\n- **Frames\u202f2630‑2636 (≈\u202f1‑2\u202fs):** The white‑robed troupe bows and waves in unison, confirming the final‑call moment. The audience silhouettes are visible at the bottom of the frame.  \n\n- **Frames\u202f2637‑2643 (≈\u202f2‑3\u202fs):** Additional dancers begin to appear behind the initial line. Several of these newcomers wear **purple (deep violet) sashes or full robes**, but they join **after** the white group has already been on stage.  \n\n- **Frames\u202f2644‑2650 (≈\u202f3‑4\u202fs):** The full ensemble—white and purple costumed performers—continues the coordinated bow, filling the stage for the last applause.  \n\n**Character tracking:**  \n1. **First group (white)** – 12 individuals, visible from frame\u202f2625 onward; they are the very first to appear for the final call.  \n2. **Purple‑clad entrants** – appear starting around frame\u202f2637, joining the existing white group; none are part of the “first group.”  \n\n**Answer interpretation:**  \n- The question asks for the number of people **in white *or* purple** who are the **first to appear**. Since only the white‑robed twelve are present at that moment, the count is **12**.  \n- In the multiple‑choice mapping used, option **‘1’** corresponds to the value **12**, so the answer “1” is **correct**.  ', 'failed_images': []}

Question Being Answered: When the actors take their final call, how many people in white and purple clothes are the first to appear on the stage?

Answer Choices (0-indexed: 0=A, 1=B, 2=C, 3=D, 4=E):
  0 (=A): 14
  1 (=B): 12
  2 (=C): 11
  3 (=D): 13

Given Answer: 1
Evidence Frames Used: ['frames/frame_2630.jpg', 'frames/frame_2635.jpg', 'frames/frame_2636.jpg', 'frames/frame_2637.jpg', 'frames/frame_2638.jpg', 'frames/frame_2639.jpg', 'frames/frame_2640.jpg', 'frames/frame_2645.jpg']

Character/Event/Scene logs: ================================================================================
CHARACTER, EVENT, AND SCENE LOGS
================================================================================

CHARACTERS:
Man in White Robe and Turban: Description: A bearded man wearing a white turban and a long white robe, often standing on a stage with a desert landscape backdrop.
Puppeteers: Description: Men dressed in traditional attire manipulating puppets on a dark stage.
Dancer in Red Vest: Description: A person wearing a red vest, white shirt, and a white skirt with black embroidery, performing dynamic dance moves.
Man in Black Robe and Hat: Description: A man dressed in a long black coat, a black hat with a red feather, holding a staff.
Pirate: Description: A man dressed in a pirate costume, including a long black cloak and a black hat adorned with a red feather.
Jafar: Description: A man dressed as Jafar from Disney's Aladdin, wearing a long black robe and a black hat with a red feather.
Genie: Description: A man dressed as the Genie from Aladdin, wearing a red vest and white pants or a white costume with a red sash.
Jasmine: Description: A woman dressed as Princess Jasmine, wearing a blue or teal belly-dancing costume and a tiara.
Woman in Blue Dress: Description: A woman wearing a long blue dress, often standing or dancing on a stage with various backdrops.
Belly Dancers: Description: Women dressed in colorful belly-dancing costumes, performing on a stage.

SCENES:
Theater with Curtain: Description: A dimly lit theater with a large, ornate blue and gold stage curtain. [Frames 1-28]
Dark Room: Description: A completely dark room or environment with occasional small light sources. [Frames 30-44]
Puppet Show Stage: Description: A dark stage with puppeteers and puppets, featuring a desert landscape backdrop. [Frames 45-71]
Desert Landscape Stage: Description: A stage with a desert landscape backdrop, featuring actors in traditional attire. [Frames 72-106]
Fantastical Desert Stage: Description: A stage with a desert landscape and a large, ominous creature or sculpture in the background. [Frames 107-138]
Pirate/Theatrical Stage: Description: A stage with a blue-lit backdrop, featuring actors dressed as pirates or in elaborate costumes. [Frames 139-173]
Traditional Dance Stage: Description: A stage with a red and white striped curtain backdrop, featuring performers in traditional attire. [Frames 194-232]
Aladdin Stage Production: Description: A stage production of Aladdin, featuring performers in elaborate costumes and a Middle Eastern-inspired set. [Frames 233-268]
Egyptian-Themed Stage: Description: A stage with Egyptian-inspired decorations, featuring performers in traditional attire. [Frames 269-298]
Theater with Audience: Description: A theater with a stage and an audience watching a performance. [Frames 1279-1335]

EVENTS:
Curtain Rise: Description: The large, ornate blue and gold stage curtain is slowly rising in a dimly lit theater. [Frames 1-6]
Puppet Show: Description: Puppeteers are performing a puppet show on a dark stage with a desert landscape backdrop. [Frames 45-58]
Theatrical Performance: Description: Actors are performing a theatrical scene on a stage with various backdrops and costumes. [Frames 72-268]
Traditional Dance: Description: Performers are dancing in traditional attire on a stage with various backdrops. [Frames 194-232, 269-298]
Aladdin Stage Production: Description: A stage production of Aladdin is being performed, featuring elaborate costumes and a Middle Eastern-inspired set. [Frames 233-268, 1279-1335]
Final Bow: Description: Performers are taking a final bow on a stage, waving to the audience. [Frames 2687-2715]

================================================================================
Generated at: 2026-01-11 21:46:17
================================================================================



QUESTION-BASED CRITERIA:
  Q1. Actors taking a final bow or curtain call on stage
  Q2. People wearing white clothing visible on stage
  Q3. People wearing purple clothing visible on stage
  Q4. First group of performers appearing for the final call
  Q5. Stage setting with performers bowing or waving to audience
  Q6. Multiple people on stage in theatrical costumes


CRITICAL ASSESSMENT TASK:
For EACH criterion listed above, determine whether it PASSES or FAILS based ONLY on what the VLM actually reports seeing in the frames.

- PASS: The VLM results clearly confirm this criterion is satisfied in the frames
- FAIL: The VLM results indicate this criterion is NOT satisfied, or there is insufficient evidence

CONFIDENCE CALCULATION RULES:
1. Count how many criteria pass (criteria_percentage = criteria_passed / 6)
2. Calculate base_confidence = criteria_percentage * 100
3. ⚠️ If ANY answer-specific criterion (A1, A2, etc.) FAILS, set confidence = min(50, base_confidence)

⚠️ CRITICAL: There is ALWAYS a correct answer among the choices provided. If all answers seem slightly off or imperfect, you MUST choose the BEST possible answer that most closely matches the evidence.

CRITIC ANSWER CHOICE DECISION:
4. After evaluating criteria, ALWAYS pick the best answer choice:
   - Review ALL answer choices (A, B, C, D, E, etc.)
   - Based ONLY on the VLM visual evidence, determine which answer choice is MOST correct
   - Output your critic_answer_choice as a NUMBER (0=A, 1=B, 2=C, 3=D, 4=E)

5. If criteria_percentage > 0.5 (>50% of criteria pass):
   - Your chosen answer is well-supported by evidence
   - Set suggestion to null or provide minor improvements

6. If criteria_percentage ≤ 0.5 (≤50% of criteria pass):
   - Still MUST choose the BEST answer from the available choices (never -1)
   - But set suggestion to "These may not be the right frames/scene. Consider searching for better evidence. The answer chosen is the BEST match given current evidence."
   - This signals low confidence but still provides a choice

Return ONLY this JSON:
{
    "criteria_results": [
        {"criterion": "criterion text", "criterion_type": "QUESTION or ANSWER", "status": "PASS or FAIL", "reasoning": "brief explanation"},
        ...
    ],
    "question_criteria_passed": <number of question criteria that passed>,
    "answer_criteria_passed": <number of answer criteria that passed>,
    "answer_criteria_total": 0,
    "criteria_passed": <total number of criteria that passed>,
    "criteria_total": 6,
    "criteria_percentage": <criteria_passed / 6>,
    "base_confidence": <(criteria_passed / 6) * 100>,
    "confidence": <base_confidence OR 50 if any answer criterion failed>,
    "critic_answer_choice": <NUMBER: 0=A, 1=B, 2=C, 3=D, 4=E - MUST be a valid number 0-4, never -1>,
    "critic_reasoning": "<Brief explanation of why you chose this answer based on VLM evidence>",
    "possible_errors": [
        <List specific criteria that failed or issues found>
    ],
    "suggestion": <"These may not be the right frames" if ≤50%, otherwise null or specific improvement>
}

IMPORTANT RULES:
- Evaluate EACH criterion independently based on VLM results
- Mark criterion as PASS only if VLM clearly confirms it
- Mark criterion as FAIL if not confirmed or contradicted
- If ANY answer-specific criterion fails, confidence MUST be ≤50%
- Base evaluation ONLY on VLM verification results, not speculation
- Only list errors for criteria that actually failed
- Return ONLY valid JSON

Critical assessment response: ```json
{
    "criteria_results": [
        {
            "criterion": "Actors taking a final bow or curtain call on stage",
            "criterion_type": "QUESTION",
            "status": "PASS",
            "reasoning": "VLM confirms performers are taking a bow/curtain call from Frame 10 onward, with actors lined up, waving, and performing coordinated bows"
        },
        {
            "criterion": "People wearing white clothing visible on stage",
            "criterion_type": "QUESTION",
            "status": "PASS",
            "reasoning": "VLM confirms most performers are wearing white or off-white robes in Frame 10 and continuing through Frame 12 and beyond"
        },
        {
            "criterion": "People wearing purple clothing visible on stage",
            "criterion_type": "QUESTION",
            "status": "PASS",
            "reasoning": "VLM confirms several performers wearing purple or deep violet robes or sashes starting from Frame 17 onward"
        },
        {
            "criterion": "First group of performers appearing for the final call",
            "criterion_type": "QUESTION",
            "status": "PASS",
            "reasoning": "VLM identifies Frame 10 as showing the first group of 12 performers in white robes appearing for the curtain call"
        },
        {
            "criterion": "Stage setting with performers bowing or waving to audience",
            "criterion_type": "QUESTION",
            "status": "PASS",
            "reasoning": "VLM confirms performers begin waving and bowing from Frame 15 onward, with audience visible as silhouettes"
        },
        {
            "criterion": "Multiple people on stage in theatrical costumes",
            "criterion_type": "QUESTION",
            "status": "PASS",
            "reasoning": "VLM confirms all performers are in theatrical, costume-based attire consistent with Aladdin"
        }
    ],
    "question_criteria_passed": 6,
    "answer_criteria_passed": 0,
    "answer_criteria_total": 0,
    "criteria_passed": 6,
    "criteria_total": 6,
    "criteria_percentage": 1.0,
    "base_confidence": 100,
    "confidence": 100,
    "critic_answer_choice": 1,
    "critic_reasoning": "VLM confirms the first group consists of 12 performers in white robes (no purple in initial group), and option '1' corresponds to 12 people, making it the correct choice",
    "possible_errors": [],
    "suggestion": null
}
```
Critical assessment data: {'criteria_results': [{'criterion': 'Actors taking a final bow or curtain call on stage', 'criterion_type': 'QUESTION', 'status': 'PASS', 'reasoning': 'VLM confirms performers are taking a bow/curtain call from Frame 10 onward, with actors lined up, waving, and performing coordinated bows'}, {'criterion': 'People wearing white clothing visible on stage', 'criterion_type': 'QUESTION', 'status': 'PASS', 'reasoning': 'VLM confirms most performers are wearing white or off-white robes in Frame 10 and continuing through Frame 12 and beyond'}, {'criterion': 'People wearing purple clothing visible on stage', 'criterion_type': 'QUESTION', 'status': 'PASS', 'reasoning': 'VLM confirms several performers wearing purple or deep violet robes or sashes starting from Frame 17 onward'}, {'criterion': 'First group of performers appearing for the final call', 'criterion_type': 'QUESTION', 'status': 'PASS', 'reasoning': 'VLM identifies Frame 10 as showing the first group of 12 performers in white robes appearing for the curtain call'}, {'criterion': 'Stage setting with performers bowing or waving to audience', 'criterion_type': 'QUESTION', 'status': 'PASS', 'reasoning': 'VLM confirms performers begin waving and bowing from Frame 15 onward, with audience visible as silhouettes'}, {'criterion': 'Multiple people on stage in theatrical costumes', 'criterion_type': 'QUESTION', 'status': 'PASS', 'reasoning': 'VLM confirms all performers are in theatrical, costume-based attire consistent with Aladdin'}], 'question_criteria_passed': 6, 'answer_criteria_passed': 0, 'answer_criteria_total': 0, 'criteria_passed': 6, 'criteria_total': 6, 'criteria_percentage': 1.0, 'base_confidence': 100, 'confidence': 100, 'critic_answer_choice': 1, 'critic_reasoning': "VLM confirms the first group consists of 12 performers in white robes (no purple in initial group), and option '1' corresponds to 12 people, making it the correct choice", 'possible_errors': [], 'suggestion': None}
