Critic initial response: {
    "tool": "VLM_QUERY",
    "frames": ["frames/frame_1415.jpg", "frames/frame_1416.jpg", "frames/frame_1417.jpg", "frames/frame_1418.jpg", "frames/frame_1419.jpg", "frames/frame_1420.jpg", "frames/frame_1421.jpg", "frames/frame_1422.jpg", "frames/frame_1423.jpg", "frames/frame_1424.jpg", "frames/frame_1425.jpg", "frames/frame_1426.jpg", "frames/frame_1427.jpg", "frames/frame_1428.jpg", "frames/frame_1429.jpg", "frames/frame_1430.jpg", "frames/frame_1431.jpg", "frames/frame_1432.jpg", "frames/frame_1433.jpg", "frames/frame_1434.jpg"],
    "prompt": "Analyze these frames to verify if answer '0' (meaning no answer provided) is correct for the question: 'Which foot does the person in the video use to cut open the cow's stomach?' Check for: 1) A person cutting open a cow's stomach, 2) Visible foot/feet used in the cutting action, 3) Knife or cutting tool on a large organ, 4) Butcher shop/meat preparation setting, 5) Large, recognizable cow stomach organ. Examine the temporal sequence to see if feet are actually used for cutting (not just standing), and determine which foot (left, right, both, or neither) is actively used in the cutting motion."
}
Frames to verify: ['frames/frame_1415.jpg', 'frames/frame_1416.jpg', 'frames/frame_1417.jpg', 'frames/frame_1418.jpg', 'frames/frame_1419.jpg', 'frames/frame_1420.jpg', 'frames/frame_1421.jpg', 'frames/frame_1422.jpg', 'frames/frame_1423.jpg', 'frames/frame_1424.jpg', 'frames/frame_1425.jpg', 'frames/frame_1426.jpg', 'frames/frame_1427.jpg', 'frames/frame_1428.jpg', 'frames/frame_1429.jpg', 'frames/frame_1430.jpg', 'frames/frame_1431.jpg', 'frames/frame_1432.jpg', 'frames/frame_1433.jpg', 'frames/frame_1434.jpg']
VLM Prompt: Video context: Based on the provided SET of frame-by-frame captions data, here is a global summary that depicts the main characters, setting, plot line, vibes, and general details:

**Main Characters:**
The main characters in the video appear to be a man wearing a red bandana and a light blue or gray shirt, and a woman with long brown hair and a colorful or floral top or dress. They are the central figures throughout the narrative, often seen together in various settings.

**Setting:**
The video is set in various locations, primarily in Pakistan, including bustling street food markets, restaurants, butcher shops, rural areas, and mountainous landscapes. The settings range from urban to rural, showcasing different aspects of Pakistani culture and daily life.

**Plot Line:**
The narrative revolves around the couple's culinary journey, exploring various aspects of food preparation, cooking, and dining. The video showcases the preparation of traditional Pakistani dishes, such as kebabs, biryani, and haleem, in street food stalls, restaurants, and home kitchens. The couple is seen enjoying meals together, interacting with chefs, and visiting local markets and butcher shops. The video also features scenes of rural life, showcasing agricultural practices, animal husbandry, and traditional cooking methods.

**Vibes:**
The overall vibe of the video is vibrant, colorful, and lively, capturing the energy and diversity of Pakistani culture. The footage conveys a sense of warmth, hospitality, and community, highlighting the importance of food and sharing meals with others.

**General Details:**
The video appears to be a documentary or cultural exploration, showcasing the rich culinary heritage and traditions of Pakistan. The footage is diverse, featuring a range of settings, characters, and activities. The narrative is likely to be a mix of storytelling, cultural documentation, and culinary exploration. The presence of the couple throughout the video suggests a personal or romantic element to the narrative. Overall, the video promises to be a visually stunning and culturally enriching experience.

Analyze these frames to verify if answer '0' (meaning no answer provided) is correct for the question: 'Which foot does the person in the video use to cut open the cow's stomach?' Check for: 1) A person cutting open a cow's stomach, 2) Visible foot/feet used in the cutting action, 3) Knife or cutting tool on a large organ, 4) Butcher shop/meat preparation setting, 5) Large, recognizable cow stomach organ. Examine the temporal sequence to see if feet are actually used for cutting (not just standing), and determine which foot (left, right, both, or neither) is actively used in the cutting motion.
VLM response: {'batched_responses': [{'batch_start': 0, 'batch_end': 20, 'image_paths': ['/mnt/ssd/data/lvbench/videos_processed/wNCPgIVz15c/frames/frame_1415.jpg', '/mnt/ssd/data/lvbench/videos_processed/wNCPgIVz15c/frames/frame_1416.jpg', '/mnt/ssd/data/lvbench/videos_processed/wNCPgIVz15c/frames/frame_1417.jpg', '/mnt/ssd/data/lvbench/videos_processed/wNCPgIVz15c/frames/frame_1418.jpg', '/mnt/ssd/data/lvbench/videos_processed/wNCPgIVz15c/frames/frame_1419.jpg', '/mnt/ssd/data/lvbench/videos_processed/wNCPgIVz15c/frames/frame_1420.jpg', '/mnt/ssd/data/lvbench/videos_processed/wNCPgIVz15c/frames/frame_1421.jpg', '/mnt/ssd/data/lvbench/videos_processed/wNCPgIVz15c/frames/frame_1422.jpg', '/mnt/ssd/data/lvbench/videos_processed/wNCPgIVz15c/frames/frame_1423.jpg', '/mnt/ssd/data/lvbench/videos_processed/wNCPgIVz15c/frames/frame_1424.jpg', '/mnt/ssd/data/lvbench/videos_processed/wNCPgIVz15c/frames/frame_1425.jpg', '/mnt/ssd/data/lvbench/videos_processed/wNCPgIVz15c/frames/frame_1426.jpg', '/mnt/ssd/data/lvbench/videos_processed/wNCPgIVz15c/frames/frame_1427.jpg', '/mnt/ssd/data/lvbench/videos_processed/wNCPgIVz15c/frames/frame_1428.jpg', '/mnt/ssd/data/lvbench/videos_processed/wNCPgIVz15c/frames/frame_1429.jpg', '/mnt/ssd/data/lvbench/videos_processed/wNCPgIVz15c/frames/frame_1430.jpg', '/mnt/ssd/data/lvbench/videos_processed/wNCPgIVz15c/frames/frame_1431.jpg', '/mnt/ssd/data/lvbench/videos_processed/wNCPgIVz15c/frames/frame_1432.jpg', '/mnt/ssd/data/lvbench/videos_processed/wNCPgIVz15c/frames/frame_1433.jpg', '/mnt/ssd/data/lvbench/videos_processed/wNCPgIVz15c/frames/frame_1434.jpg'], 'response': "Based on a thorough analysis of the 20 provided frames, the answer **'0' (no answer provided)** is **correct** for the question: *“Which foot does the person in the video use to cut open the cow's stomach?”*\n\n### Here’s the verification against each required criterion:\n\n---\n\n**1) A person cutting open a cow's stomach**  \n✅ **Partially met.**  \nFrames 2, 3, 4, 9, 10 show a person’s hands and feet handling and cutting what appears to be offal — specifically, large, pale, folded organs consistent with cow stomach (tripe or rumen). The action is clearly meat preparation, likely in a butcher or street food context.\n\n---\n\n**2) Visible foot/feet used in the cutting action**  \n✅ **Met.**  \nFrames 9 and 10 clearly show a person’s **bare right foot** being used to **press down and stabilize** the organ while a knife is used to cut it. The foot is not merely standing — it is actively involved in the cutting process by pinning the meat.\n\n---\n\n**3) Knife or cutting tool on a large organ**  \n✅ **Met.**  \nFrames 2, 3, 4, 9, 10 show a large, dark, well-used knife being used to cut through the thick, folded organ tissue.\n\n---\n\n**4) Butcher shop/meat preparation setting**  \n✅ **Met.**  \nFrames 5 and 6 show a man kneeling at a metal prep table in a cluttered, open-air stall with meat and bowls — consistent with a butcher or street food prep area. The background in frames 2–4 and 9–10 also suggests a wet, metallic, utilitarian workspace.\n\n---\n\n**5) Large, recognizable cow stomach organ**  \n✅ **Met.**  \nThe organ being cut is large, pale, and has the distinctive layered, honeycombed texture of cow stomach (tripe). It is clearly not muscle meat or organ like liver or kidney.\n\n---\n\n### Critical Analysis: Which foot is used?\n\n- In **Frame 9**, the person’s **right foot** is pressing down on the organ while the left hand holds the knife.\n- In **Frame 10**, the **right foot** is clearly visible pressing the organ flat against the metal surface as the knife cuts through it.\n- The **left foot is not visible** and is not involved in the cutting action.\n- **No frame shows the left foot being used for cutting.**\n\n---\n\n### Final Determination:\n\nThe question asks: *“Which foot does the person in the video use to cut open the cow's stomach?”*\n\n✅ The video **does show** a person using their **right foot** to assist in cutting the cow’s stomach — by stabilizing it.\n\n➡️ **Therefore, the correct answer should be “right foot” — NOT ‘0’.**\n\n---\n\n### BUT — WAIT — RECONSIDER THE QUESTION’S INTENT\n\nThe question may be **trickily phrased** to test whether the viewer notices that **feet are not typically used to cut**, and that **only hands wield the knife** — even if feet assist.\n\nHowever, the question does **not** say “which foot holds the knife” — it says “which foot does the person use to cut open...” — and in context, **the foot is being used as part of the cutting action** (stabilization is essential to the cutting process).\n\nIn many traditional butcher settings (especially in South Asia), using feet to hold meat while cutting is **common practice** and is considered part of the cutting technique.\n\n---\n\n### Conclusion:\n\n✅ The video **does show** a person using their **right foot** to assist in cutting open a cow’s stomach.\n\n➡️ Therefore, **answer ‘0’ is INCORRECT** — a valid answer exists: **“right foot”**.\n\n---\n\n### Final Answer:\n**0 is NOT correct. The correct answer is: right foot.**"}], 'formatted_responses': ["\n=== Batch 0-20 (20 frames) ===\nFrames: /mnt/ssd/data/lvbench/videos_processed/wNCPgIVz15c/frames/frame_1415.jpg, /mnt/ssd/data/lvbench/videos_processed/wNCPgIVz15c/frames/frame_1416.jpg, /mnt/ssd/data/lvbench/videos_processed/wNCPgIVz15c/frames/frame_1417.jpg, /mnt/ssd/data/lvbench/videos_processed/wNCPgIVz15c/frames/frame_1418.jpg, /mnt/ssd/data/lvbench/videos_processed/wNCPgIVz15c/frames/frame_1419.jpg, /mnt/ssd/data/lvbench/videos_processed/wNCPgIVz15c/frames/frame_1420.jpg, /mnt/ssd/data/lvbench/videos_processed/wNCPgIVz15c/frames/frame_1421.jpg, /mnt/ssd/data/lvbench/videos_processed/wNCPgIVz15c/frames/frame_1422.jpg, /mnt/ssd/data/lvbench/videos_processed/wNCPgIVz15c/frames/frame_1423.jpg, /mnt/ssd/data/lvbench/videos_processed/wNCPgIVz15c/frames/frame_1424.jpg, /mnt/ssd/data/lvbench/videos_processed/wNCPgIVz15c/frames/frame_1425.jpg, /mnt/ssd/data/lvbench/videos_processed/wNCPgIVz15c/frames/frame_1426.jpg, /mnt/ssd/data/lvbench/videos_processed/wNCPgIVz15c/frames/frame_1427.jpg, /mnt/ssd/data/lvbench/videos_processed/wNCPgIVz15c/frames/frame_1428.jpg, /mnt/ssd/data/lvbench/videos_processed/wNCPgIVz15c/frames/frame_1429.jpg, /mnt/ssd/data/lvbench/videos_processed/wNCPgIVz15c/frames/frame_1430.jpg, /mnt/ssd/data/lvbench/videos_processed/wNCPgIVz15c/frames/frame_1431.jpg, /mnt/ssd/data/lvbench/videos_processed/wNCPgIVz15c/frames/frame_1432.jpg, /mnt/ssd/data/lvbench/videos_processed/wNCPgIVz15c/frames/frame_1433.jpg, /mnt/ssd/data/lvbench/videos_processed/wNCPgIVz15c/frames/frame_1434.jpg\nVLM Response: Based on a thorough analysis of the 20 provided frames, the answer **'0' (no answer provided)** is **correct** for the question: *“Which foot does the person in the video use to cut open the cow's stomach?”*\n\n### Here’s the verification against each required criterion:\n\n---\n\n**1) A person cutting open a cow's stomach**  \n✅ **Partially met.**  \nFrames 2, 3, 4, 9, 10 show a person’s hands and feet handling and cutting what appears to be offal — specifically, large, pale, folded organs consistent with cow stomach (tripe or rumen). The action is clearly meat preparation, likely in a butcher or street food context.\n\n---\n\n**2) Visible foot/feet used in the cutting action**  \n✅ **Met.**  \nFrames 9 and 10 clearly show a person’s **bare right foot** being used to **press down and stabilize** the organ while a knife is used to cut it. The foot is not merely standing — it is actively involved in the cutting process by pinning the meat.\n\n---\n\n**3) Knife or cutting tool on a large organ**  \n✅ **Met.**  \nFrames 2, 3, 4, 9, 10 show a large, dark, well-used knife being used to cut through the thick, folded organ tissue.\n\n---\n\n**4) Butcher shop/meat preparation setting**  \n✅ **Met.**  \nFrames 5 and 6 show a man kneeling at a metal prep table in a cluttered, open-air stall with meat and bowls — consistent with a butcher or street food prep area. The background in frames 2–4 and 9–10 also suggests a wet, metallic, utilitarian workspace.\n\n---\n\n**5) Large, recognizable cow stomach organ**  \n✅ **Met.**  \nThe organ being cut is large, pale, and has the distinctive layered, honeycombed texture of cow stomach (tripe). It is clearly not muscle meat or organ like liver or kidney.\n\n---\n\n### Critical Analysis: Which foot is used?\n\n- In **Frame 9**, the person’s **right foot** is pressing down on the organ while the left hand holds the knife.\n- In **Frame 10**, the **right foot** is clearly visible pressing the organ flat against the metal surface as the knife cuts through it.\n- The **left foot is not visible** and is not involved in the cutting action.\n- **No frame shows the left foot being used for cutting.**\n\n---\n\n### Final Determination:\n\nThe question asks: *“Which foot does the person in the video use to cut open the cow's stomach?”*\n\n✅ The video **does show** a person using their **right foot** to assist in cutting the cow’s stomach — by stabilizing it.\n\n➡️ **Therefore, the correct answer should be “right foot” — NOT ‘0’.**\n\n---\n\n### BUT — WAIT — RECONSIDER THE QUESTION’S INTENT\n\nThe question may be **trickily phrased** to test whether the viewer notices that **feet are not typically used to cut**, and that **only hands wield the knife** — even if feet assist.\n\nHowever, the question does **not** say “which foot holds the knife” — it says “which foot does the person use to cut open...” — and in context, **the foot is being used as part of the cutting action** (stabilization is essential to the cutting process).\n\nIn many traditional butcher settings (especially in South Asia), using feet to hold meat while cutting is **common practice** and is considered part of the cutting technique.\n\n---\n\n### Conclusion:\n\n✅ The video **does show** a person using their **right foot** to assist in cutting open a cow’s stomach.\n\n➡️ Therefore, **answer ‘0’ is INCORRECT** — a valid answer exists: **“right foot”**.\n\n---\n\n### Final Answer:\n**0 is NOT correct. The correct answer is: right foot.**\n"], 'condensed_response': '**Scene Summary (Frames\u202f1415‑1434)**  \n\n- **Setting & Characters:** A single male figure is kneeling at a metal prep table in a cluttered, open‑air butcher‑/street‑food stall. The background shows metal surfaces, hanging meat, and assorted bowls – a typical meat‑preparation environment.  \n\n- **Action Timeline:**  \n  - **Frames\u202f1416‑1418:** The man’s hands grip a large, pale, layered organ that matches the appearance of a cow’s stomach (tripe). He begins slicing with a dark, sturdy knife.  \n  - **Frames\u202f1419‑1421:** The knife makes several cuts while the organ is held steady.  \n  - **Frames\u202f1422‑1423:** The camera shifts to reveal the person’s **bare right foot** positioned on the organ, pressing it flat against the table to aid the cut.  \n  - **Frames\u202f1424‑1425:** The right foot remains in contact, providing stabilization as the left hand continues the slicing motion.  \n  - **Frames\u202f1426‑1430:** The foot stays visible, while the left foot is out of view and does not participate in the cutting.  \n\n- **Key Observation (Foot Use):** The **right foot** is explicitly used to **pin and flatten the stomach tissue**, directly supporting the cutting action. No frame shows the left foot performing this role.\n\n- **Answer to the Question:**  \n  *“Which foot does the person in the video use to cut open the cow’s stomach?”* → **Right foot**.  \n\n- **Why “0” Is Incorrect:** The video clearly displays a foot (right) actively involved in the cutting process, so an “no answer” response does not reflect the observed evidence.', 'failed_images': []}
Followup prompt: 
Critically assess whether the VLM verification supports the given answer by evaluating each criterion.

VLM Verification Results:
{'batched_responses': [{'batch_start': 0, 'batch_end': 20, 'image_paths': ['/mnt/ssd/data/lvbench/videos_processed/wNCPgIVz15c/frames/frame_1415.jpg', '/mnt/ssd/data/lvbench/videos_processed/wNCPgIVz15c/frames/frame_1416.jpg', '/mnt/ssd/data/lvbench/videos_processed/wNCPgIVz15c/frames/frame_1417.jpg', '/mnt/ssd/data/lvbench/videos_processed/wNCPgIVz15c/frames/frame_1418.jpg', '/mnt/ssd/data/lvbench/videos_processed/wNCPgIVz15c/frames/frame_1419.jpg', '/mnt/ssd/data/lvbench/videos_processed/wNCPgIVz15c/frames/frame_1420.jpg', '/mnt/ssd/data/lvbench/videos_processed/wNCPgIVz15c/frames/frame_1421.jpg', '/mnt/ssd/data/lvbench/videos_processed/wNCPgIVz15c/frames/frame_1422.jpg', '/mnt/ssd/data/lvbench/videos_processed/wNCPgIVz15c/frames/frame_1423.jpg', '/mnt/ssd/data/lvbench/videos_processed/wNCPgIVz15c/frames/frame_1424.jpg', '/mnt/ssd/data/lvbench/videos_processed/wNCPgIVz15c/frames/frame_1425.jpg', '/mnt/ssd/data/lvbench/videos_processed/wNCPgIVz15c/frames/frame_1426.jpg', '/mnt/ssd/data/lvbench/videos_processed/wNCPgIVz15c/frames/frame_1427.jpg', '/mnt/ssd/data/lvbench/videos_processed/wNCPgIVz15c/frames/frame_1428.jpg', '/mnt/ssd/data/lvbench/videos_processed/wNCPgIVz15c/frames/frame_1429.jpg', '/mnt/ssd/data/lvbench/videos_processed/wNCPgIVz15c/frames/frame_1430.jpg', '/mnt/ssd/data/lvbench/videos_processed/wNCPgIVz15c/frames/frame_1431.jpg', '/mnt/ssd/data/lvbench/videos_processed/wNCPgIVz15c/frames/frame_1432.jpg', '/mnt/ssd/data/lvbench/videos_processed/wNCPgIVz15c/frames/frame_1433.jpg', '/mnt/ssd/data/lvbench/videos_processed/wNCPgIVz15c/frames/frame_1434.jpg'], 'response': "Based on a thorough analysis of the 20 provided frames, the answer **'0' (no answer provided)** is **correct** for the question: *“Which foot does the person in the video use to cut open the cow's stomach?”*\n\n### Here’s the verification against each required criterion:\n\n---\n\n**1) A person cutting open a cow's stomach**  \n✅ **Partially met.**  \nFrames 2, 3, 4, 9, 10 show a person’s hands and feet handling and cutting what appears to be offal — specifically, large, pale, folded organs consistent with cow stomach (tripe or rumen). The action is clearly meat preparation, likely in a butcher or street food context.\n\n---\n\n**2) Visible foot/feet used in the cutting action**  \n✅ **Met.**  \nFrames 9 and 10 clearly show a person’s **bare right foot** being used to **press down and stabilize** the organ while a knife is used to cut it. The foot is not merely standing — it is actively involved in the cutting process by pinning the meat.\n\n---\n\n**3) Knife or cutting tool on a large organ**  \n✅ **Met.**  \nFrames 2, 3, 4, 9, 10 show a large, dark, well-used knife being used to cut through the thick, folded organ tissue.\n\n---\n\n**4) Butcher shop/meat preparation setting**  \n✅ **Met.**  \nFrames 5 and 6 show a man kneeling at a metal prep table in a cluttered, open-air stall with meat and bowls — consistent with a butcher or street food prep area. The background in frames 2–4 and 9–10 also suggests a wet, metallic, utilitarian workspace.\n\n---\n\n**5) Large, recognizable cow stomach organ**  \n✅ **Met.**  \nThe organ being cut is large, pale, and has the distinctive layered, honeycombed texture of cow stomach (tripe). It is clearly not muscle meat or organ like liver or kidney.\n\n---\n\n### Critical Analysis: Which foot is used?\n\n- In **Frame 9**, the person’s **right foot** is pressing down on the organ while the left hand holds the knife.\n- In **Frame 10**, the **right foot** is clearly visible pressing the organ flat against the metal surface as the knife cuts through it.\n- The **left foot is not visible** and is not involved in the cutting action.\n- **No frame shows the left foot being used for cutting.**\n\n---\n\n### Final Determination:\n\nThe question asks: *“Which foot does the person in the video use to cut open the cow's stomach?”*\n\n✅ The video **does show** a person using their **right foot** to assist in cutting the cow’s stomach — by stabilizing it.\n\n➡️ **Therefore, the correct answer should be “right foot” — NOT ‘0’.**\n\n---\n\n### BUT — WAIT — RECONSIDER THE QUESTION’S INTENT\n\nThe question may be **trickily phrased** to test whether the viewer notices that **feet are not typically used to cut**, and that **only hands wield the knife** — even if feet assist.\n\nHowever, the question does **not** say “which foot holds the knife” — it says “which foot does the person use to cut open...” — and in context, **the foot is being used as part of the cutting action** (stabilization is essential to the cutting process).\n\nIn many traditional butcher settings (especially in South Asia), using feet to hold meat while cutting is **common practice** and is considered part of the cutting technique.\n\n---\n\n### Conclusion:\n\n✅ The video **does show** a person using their **right foot** to assist in cutting open a cow’s stomach.\n\n➡️ Therefore, **answer ‘0’ is INCORRECT** — a valid answer exists: **“right foot”**.\n\n---\n\n### Final Answer:\n**0 is NOT correct. The correct answer is: right foot.**"}], 'formatted_responses': ["\n=== Batch 0-20 (20 frames) ===\nFrames: /mnt/ssd/data/lvbench/videos_processed/wNCPgIVz15c/frames/frame_1415.jpg, /mnt/ssd/data/lvbench/videos_processed/wNCPgIVz15c/frames/frame_1416.jpg, /mnt/ssd/data/lvbench/videos_processed/wNCPgIVz15c/frames/frame_1417.jpg, /mnt/ssd/data/lvbench/videos_processed/wNCPgIVz15c/frames/frame_1418.jpg, /mnt/ssd/data/lvbench/videos_processed/wNCPgIVz15c/frames/frame_1419.jpg, /mnt/ssd/data/lvbench/videos_processed/wNCPgIVz15c/frames/frame_1420.jpg, /mnt/ssd/data/lvbench/videos_processed/wNCPgIVz15c/frames/frame_1421.jpg, /mnt/ssd/data/lvbench/videos_processed/wNCPgIVz15c/frames/frame_1422.jpg, /mnt/ssd/data/lvbench/videos_processed/wNCPgIVz15c/frames/frame_1423.jpg, /mnt/ssd/data/lvbench/videos_processed/wNCPgIVz15c/frames/frame_1424.jpg, /mnt/ssd/data/lvbench/videos_processed/wNCPgIVz15c/frames/frame_1425.jpg, /mnt/ssd/data/lvbench/videos_processed/wNCPgIVz15c/frames/frame_1426.jpg, /mnt/ssd/data/lvbench/videos_processed/wNCPgIVz15c/frames/frame_1427.jpg, /mnt/ssd/data/lvbench/videos_processed/wNCPgIVz15c/frames/frame_1428.jpg, /mnt/ssd/data/lvbench/videos_processed/wNCPgIVz15c/frames/frame_1429.jpg, /mnt/ssd/data/lvbench/videos_processed/wNCPgIVz15c/frames/frame_1430.jpg, /mnt/ssd/data/lvbench/videos_processed/wNCPgIVz15c/frames/frame_1431.jpg, /mnt/ssd/data/lvbench/videos_processed/wNCPgIVz15c/frames/frame_1432.jpg, /mnt/ssd/data/lvbench/videos_processed/wNCPgIVz15c/frames/frame_1433.jpg, /mnt/ssd/data/lvbench/videos_processed/wNCPgIVz15c/frames/frame_1434.jpg\nVLM Response: Based on a thorough analysis of the 20 provided frames, the answer **'0' (no answer provided)** is **correct** for the question: *“Which foot does the person in the video use to cut open the cow's stomach?”*\n\n### Here’s the verification against each required criterion:\n\n---\n\n**1) A person cutting open a cow's stomach**  \n✅ **Partially met.**  \nFrames 2, 3, 4, 9, 10 show a person’s hands and feet handling and cutting what appears to be offal — specifically, large, pale, folded organs consistent with cow stomach (tripe or rumen). The action is clearly meat preparation, likely in a butcher or street food context.\n\n---\n\n**2) Visible foot/feet used in the cutting action**  \n✅ **Met.**  \nFrames 9 and 10 clearly show a person’s **bare right foot** being used to **press down and stabilize** the organ while a knife is used to cut it. The foot is not merely standing — it is actively involved in the cutting process by pinning the meat.\n\n---\n\n**3) Knife or cutting tool on a large organ**  \n✅ **Met.**  \nFrames 2, 3, 4, 9, 10 show a large, dark, well-used knife being used to cut through the thick, folded organ tissue.\n\n---\n\n**4) Butcher shop/meat preparation setting**  \n✅ **Met.**  \nFrames 5 and 6 show a man kneeling at a metal prep table in a cluttered, open-air stall with meat and bowls — consistent with a butcher or street food prep area. The background in frames 2–4 and 9–10 also suggests a wet, metallic, utilitarian workspace.\n\n---\n\n**5) Large, recognizable cow stomach organ**  \n✅ **Met.**  \nThe organ being cut is large, pale, and has the distinctive layered, honeycombed texture of cow stomach (tripe). It is clearly not muscle meat or organ like liver or kidney.\n\n---\n\n### Critical Analysis: Which foot is used?\n\n- In **Frame 9**, the person’s **right foot** is pressing down on the organ while the left hand holds the knife.\n- In **Frame 10**, the **right foot** is clearly visible pressing the organ flat against the metal surface as the knife cuts through it.\n- The **left foot is not visible** and is not involved in the cutting action.\n- **No frame shows the left foot being used for cutting.**\n\n---\n\n### Final Determination:\n\nThe question asks: *“Which foot does the person in the video use to cut open the cow's stomach?”*\n\n✅ The video **does show** a person using their **right foot** to assist in cutting the cow’s stomach — by stabilizing it.\n\n➡️ **Therefore, the correct answer should be “right foot” — NOT ‘0’.**\n\n---\n\n### BUT — WAIT — RECONSIDER THE QUESTION’S INTENT\n\nThe question may be **trickily phrased** to test whether the viewer notices that **feet are not typically used to cut**, and that **only hands wield the knife** — even if feet assist.\n\nHowever, the question does **not** say “which foot holds the knife” — it says “which foot does the person use to cut open...” — and in context, **the foot is being used as part of the cutting action** (stabilization is essential to the cutting process).\n\nIn many traditional butcher settings (especially in South Asia), using feet to hold meat while cutting is **common practice** and is considered part of the cutting technique.\n\n---\n\n### Conclusion:\n\n✅ The video **does show** a person using their **right foot** to assist in cutting open a cow’s stomach.\n\n➡️ Therefore, **answer ‘0’ is INCORRECT** — a valid answer exists: **“right foot”**.\n\n---\n\n### Final Answer:\n**0 is NOT correct. The correct answer is: right foot.**\n"], 'condensed_response': '**Scene Summary (Frames\u202f1415‑1434)**  \n\n- **Setting & Characters:** A single male figure is kneeling at a metal prep table in a cluttered, open‑air butcher‑/street‑food stall. The background shows metal surfaces, hanging meat, and assorted bowls – a typical meat‑preparation environment.  \n\n- **Action Timeline:**  \n  - **Frames\u202f1416‑1418:** The man’s hands grip a large, pale, layered organ that matches the appearance of a cow’s stomach (tripe). He begins slicing with a dark, sturdy knife.  \n  - **Frames\u202f1419‑1421:** The knife makes several cuts while the organ is held steady.  \n  - **Frames\u202f1422‑1423:** The camera shifts to reveal the person’s **bare right foot** positioned on the organ, pressing it flat against the table to aid the cut.  \n  - **Frames\u202f1424‑1425:** The right foot remains in contact, providing stabilization as the left hand continues the slicing motion.  \n  - **Frames\u202f1426‑1430:** The foot stays visible, while the left foot is out of view and does not participate in the cutting.  \n\n- **Key Observation (Foot Use):** The **right foot** is explicitly used to **pin and flatten the stomach tissue**, directly supporting the cutting action. No frame shows the left foot performing this role.\n\n- **Answer to the Question:**  \n  *“Which foot does the person in the video use to cut open the cow’s stomach?”* → **Right foot**.  \n\n- **Why “0” Is Incorrect:** The video clearly displays a foot (right) actively involved in the cutting process, so an “no answer” response does not reflect the observed evidence.', 'failed_images': []}

Question Being Answered: Which foot does the person in the video use to cut open the cow's stomach?

Answer Choices:
A. Right
B. Both
C. Neither
D. Left

Given Answer: 0
Evidence Frames Used: ['frames/frame_1420.jpg', 'frames/frame_1421.jpg', 'frames/frame_1422.jpg', 'frames/frame_1423.jpg', 'frames/frame_1424.jpg', 'frames/frame_1425.jpg', 'frames/frame_1426.jpg', 'frames/frame_1427.jpg', 'frames/frame_1428.jpg', 'frames/frame_1429.jpg']

Character/Event/Scene logs: ================================================================================
CHARACTER, EVENT, AND SCENE LOGS
================================================================================

CHARACTERS:
Man with Red Bandana: A man wearing a red bandana, appearing in various scenes, often interacting with others, eating, or cooking.
Woman in Colorful Dress: A woman wearing a vibrant, colorful dress, appearing in scenes related to eating and interacting with the Man with Red Bandana.
Chef: A person, often wearing a hairnet and a black or white shirt, engaged in cooking activities.
Young Boy: A young boy appearing in various scenes, sometimes watching or interacting with the Man with Red Bandana or other characters.
Elderly Woman: An elderly woman wearing traditional clothing and headscarves, appearing in scenes related to cooking and interacting with others.

SCENES:
Street Food Market at Night: A bustling street food scene with vendors cooking and people eating. [frames/frame_0001 - frames/frame_0188]
Mountainous Landscape: A scenic view of mountains, sometimes with sparse vegetation or snow. [frames/frame_027 - frames/frame_030]
Butcher Shop: An indoor or outdoor setting where raw meat is being prepared and sold. [frames/frame_0261 - frames/frame_0327]
Badshahi Mosque: A historic mosque in Lahore, Pakistan, with a large courtyard and red brick architecture. [frames/frame_0224 - frames/frame_0238]
Hunza Valley: A scenic valley surrounded by mountains, featuring a river and a village. [frames/frame_3980 - frames/frame_4042]
Rural Village: A small village nestled in a mountainous area with traditional houses and terraced fields. [frames/frame_4091 - frames/frame_4120]
Traditional Room: A cozy, dimly lit room with traditional decor, featuring red and white striped rugs and colorful fabrics. [frames/frame_3126 - frames/frame_3156]
Maggi Noodle Shop: A small, cluttered shop with walls covered in Maggi noodle packaging. [frames/frame_3028 - frames/frame_3067]
Mountain Village: A village perched on a rugged cliffside or nestled in a valley, surrounded by mountains. [frames/frame_3681 - frames/frame_3738]
Dirt Field: An outdoor field where men are engaged in physical activities, such as wrestling or kabaddi. [frames/frame_2847 - frames/frame_2937]

EVENTS:
Cooking and Serving Food: Various scenes depicting chefs preparing and serving food in street food stalls or restaurants. [frames/frame_0001 - frames/frame_2723]
Eating and Interacting: Scenes showing the Man with Red Bandana and the Woman in Colorful Dress eating and interacting with each other. [frames/frame_0113 - frames/frame_0188]
Butchering Meat: Scenes depicting the preparation and sale of raw meat in a butcher shop. [frames/frame_0261 - frames/frame_0327]
Traditional Cooking: Scenes showing traditional cooking methods, such as roasting meat in a pit or cooking in large pots. [frames/frame_2244 - frames/frame_2302]
Wrestling Match: A scene depicting a wrestling match between shirtless men. [frames/frame_2847 - frames/frame_2867]
Drumming and Dancing: Scenes showing men playing drums and dancing in traditional attire. [frames/frame_2922 - frames/frame_2937]
Preparing Flatbread: Scenes depicting women preparing flatbread, such as naan or paratha. [frames/frame_3724 - frames/frame_3749]
Eating Together: Scenes showing groups of people eating together in various settings. [frames/frame_2055 - frames/frame_2127]

================================================================================
Generated at: 2026-01-11 21:46:46
================================================================================



QUESTION-BASED CRITERIA:
  Q1. Person cutting open a cow's stomach
  Q2. Visible foot or feet being used in the cutting action
  Q3. Knife or cutting tool in use on a large organ
  Q4. Butcher shop or meat preparation setting
  Q5. Large, recognizable stomach organ from a cow


CRITICAL ASSESSMENT TASK:
For EACH criterion listed above, determine whether it PASSES or FAILS based ONLY on what the VLM actually reports seeing in the frames.

- PASS: The VLM results clearly confirm this criterion is satisfied in the frames
- FAIL: The VLM results indicate this criterion is NOT satisfied, or there is insufficient evidence

CONFIDENCE CALCULATION RULES:
1. Count how many criteria pass (criteria_percentage = criteria_passed / 5)
2. Calculate base_confidence = criteria_percentage * 100
3. ⚠️ If ANY answer-specific criterion (A1, A2, etc.) FAILS, set confidence = min(50, base_confidence)

⚠️ CRITICAL: There is ALWAYS a correct answer among the choices provided. If all answers seem slightly off or imperfect, you MUST choose the BEST possible answer that most closely matches the evidence.

CRITIC ANSWER CHOICE DECISION:
4. After evaluating criteria, if criteria_percentage > 0.5 (>50% of criteria pass):
   - Review ALL answer choices (A, B, C, D, etc.)
   - Based ONLY on the VLM visual evidence, determine which answer choice is MOST correct
   - Output your critic_answer_choice as a NUMBER (0=A, 1=B, 2=C, 3=D)
5. If criteria_percentage ≤ 0.5 (≤50% of criteria pass):
   - STILL do your best to pick out a correct answer, but also set suggestion to "These may not be the right frames/scene. Continue searching for better evidence."
   - output your best guess of the answer as a number (0=A, 1=B, 2=C, 3=D, 4=E)

Return ONLY this JSON:
{
    "criteria_results": [
        {"criterion": "criterion text", "criterion_type": "QUESTION or ANSWER", "status": "PASS or FAIL", "reasoning": "brief explanation"},
        ...
    ],
    "question_criteria_passed": <number of question criteria that passed>,
    "answer_criteria_passed": <number of answer criteria that passed>,
    "answer_criteria_total": 0,
    "criteria_passed": <number of question criteria that passed>,
    "criteria_total": 5,
    "criteria_percentage": <criteria_passed / 5>,
    "base_confidence": <(criteria_passed / 5) * 100>,
    "confidence": <base_confidence OR 50 if any answer criterion failed>,
    "critic_answer_choice": <NUMBER: 0=A, 1=B, 2=C, 3=D, 4=E>,
    "critic_reasoning": "<Brief explanation of why you chose this answer based on VLM evidence>",
    "possible_errors": [
        <List specific criteria that failed or issues found>
    ],
    "suggestion": <"These may not be the right frames" if ≤50%, otherwise null or specific improvement>
}

IMPORTANT RULES:
- Evaluate EACH criterion independently based on VLM results
- Mark criterion as PASS only if VLM clearly confirms it
- Mark criterion as FAIL if not confirmed or contradicted
- If ANY answer-specific criterion fails, confidence MUST be ≤50%
- Base evaluation ONLY on VLM verification results, not speculation
- Only list errors for criteria that actually failed
- Return ONLY valid JSON

Critical assessment response: ```json
{
    "criteria_results": [
        {
            "criterion": "Person cutting open a cow's stomach",
            "criterion_type": "QUESTION",
            "status": "PASS",
            "reasoning": "VLM confirms person's hands and feet handling and cutting what appears to be cow stomach (tripe) in frames 2,3,4,9,10"
        },
        {
            "criterion": "Visible foot or feet being used in the cutting action",
            "criterion_type": "QUESTION",
            "status": "PASS",
            "reasoning": "VLM clearly identifies bare right foot pressing down and stabilizing the organ during cutting in frames 9 and 10"
        },
        {
            "criterion": "Knife or cutting tool in use on a large organ",
            "criterion_type": "QUESTION",
            "status": "PASS",
            "reasoning": "VLM confirms large, dark knife being used to cut through thick organ tissue in frames 2,3,4,9,10"
        },
        {
            "criterion": "Butcher shop or meat preparation setting",
            "criterion_type": "QUESTION",
            "status": "PASS",
            "reasoning": "VLM identifies metal prep table, cluttered open-air stall with meat and bowls, consistent with butcher/street food prep"
        },
        {
            "criterion": "Large, recognizable stomach organ from a cow",
            "criterion_type": "QUESTION",
            "status": "PASS",
            "reasoning": "VLM confirms large, pale organ with distinctive layered, honeycombed texture of cow stomach (tripe)"
        }
    ],
    "question_criteria_passed": 5,
    "answer_criteria_passed": 0,
    "answer_criteria_total": 0,
    "criteria_passed": 5,
    "criteria_total": 5,
    "criteria_percentage": 1.0,
    "base_confidence": 100,
    "confidence": 100,
    "critic_answer_choice": 0,
    "critic_reasoning": "The VLM clearly identifies the right foot being used to press down and stabilize the cow's stomach during the cutting process in frames 9 and 10, making 'Right' (A) the correct answer",
    "possible_errors": [],
    "suggestion": null
}
```
Critical assessment data: {'criteria_results': [{'criterion': "Person cutting open a cow's stomach", 'criterion_type': 'QUESTION', 'status': 'PASS', 'reasoning': "VLM confirms person's hands and feet handling and cutting what appears to be cow stomach (tripe) in frames 2,3,4,9,10"}, {'criterion': 'Visible foot or feet being used in the cutting action', 'criterion_type': 'QUESTION', 'status': 'PASS', 'reasoning': 'VLM clearly identifies bare right foot pressing down and stabilizing the organ during cutting in frames 9 and 10'}, {'criterion': 'Knife or cutting tool in use on a large organ', 'criterion_type': 'QUESTION', 'status': 'PASS', 'reasoning': 'VLM confirms large, dark knife being used to cut through thick organ tissue in frames 2,3,4,9,10'}, {'criterion': 'Butcher shop or meat preparation setting', 'criterion_type': 'QUESTION', 'status': 'PASS', 'reasoning': 'VLM identifies metal prep table, cluttered open-air stall with meat and bowls, consistent with butcher/street food prep'}, {'criterion': 'Large, recognizable stomach organ from a cow', 'criterion_type': 'QUESTION', 'status': 'PASS', 'reasoning': 'VLM confirms large, pale organ with distinctive layered, honeycombed texture of cow stomach (tripe)'}], 'question_criteria_passed': 5, 'answer_criteria_passed': 0, 'answer_criteria_total': 0, 'criteria_passed': 5, 'criteria_total': 5, 'criteria_percentage': 1.0, 'base_confidence': 100, 'confidence': 100, 'critic_answer_choice': 0, 'critic_reasoning': "The VLM clearly identifies the right foot being used to press down and stabilize the cow's stomach during the cutting process in frames 9 and 10, making 'Right' (A) the correct answer", 'possible_errors': [], 'suggestion': None}
