[{'role': 'system', 'content': "You are an expert at reasoning and tool-using, with the goal of answering this question about a long video. You should be able to extract detailed frame-information from videos, do caption searches, and use your findings to answer the question. You should be SUPER PICKY about your findings, NOT make assumptions, and always bias towards gathering more evidence before executing a final answer. Use EXACT evidence only. ALSO, when dealing with TEMPORAL questions, you cannot find VISUAL TIMES. If a question asks for a 'duration' of an event, you want to do many caption searches on consecutive ranges, and find scene-changes at the beginning and end of the event. You MUST CHOOSE AN ANSWER. NONE OF THE ABOVE IS NOT ACCEPTABLE."}, {'role': 'user', 'content': "\n Here is a global summary of the video for general context: Based on the provided SET of frame-by-frame captions data, here is a global summary that depicts the main characters, setting, plot line, vibes, and general details:\n\n**Main Characters:**\nThe main characters in the video appear to be a man wearing a red bandana and a light blue or gray shirt, and a woman with long brown hair and a colorful or floral top or dress. They are the central figures throughout the narrative, often seen together in various settings.\n\n**Setting:**\nThe video is set in various locations, primarily in Pakistan, including bustling street food markets, restaurants, butcher shops, rural areas, and mountainous landscapes. The settings range from urban to rural, showcasing different aspects of Pakistani culture and daily life.\n\n**Plot Line:**\nThe narrative revolves around the couple's culinary journey, exploring various aspects of food preparation, cooking, and dining. The video showcases the preparation of traditional Pakistani dishes, such as kebabs, biryani, and haleem, in street food stalls, restaurants, and home kitchens. The couple is seen enjoying meals together, interacting with chefs, and visiting local markets and butcher shops. The video also features scenes of rural life, showcasing agricultural practices, animal husbandry, and traditional cooking methods.\n\n**Vibes:**\nThe overall vibe of the video is vibrant, colorful, and lively, capturing the energy and diversity of Pakistani culture. The footage conveys a sense of warmth, hospitality, and community, highlighting the importance of food and sharing meals with others.\n\n**General Details:**\nThe video appears to be a documentary or cultural exploration, showcasing the rich culinary heritage and traditions of Pakistan. The footage is diverse, featuring a range of settings, characters, and activities. The narrative is likely to be a mix of storytelling, cultural documentation, and culinary exploration. The presence of the couple throughout the video suggests a personal or romantic element to the narrative. Overall, the video promises to be a visually stunning and culturally enriching experience.\n\n Here is also an INCOMPLETE character/event/scene log across the video. These will all be encountered, and there MAY BE MORE ================================================================================\nCHARACTER, EVENT, AND SCENE LOGS\n================================================================================\n\nCHARACTERS:\nMan with Red Bandana: A man wearing a red bandana, appearing in various scenes, often interacting with others, eating, or cooking.\nWoman in Colorful Dress: A woman wearing a vibrant, colorful dress, appearing in scenes related to eating and interacting with the Man with Red Bandana.\nChef: A person, often wearing a hairnet and a black or white shirt, engaged in cooking activities.\nYoung Boy: A young boy appearing in various scenes, sometimes watching or interacting with the Man with Red Bandana or other characters.\nElderly Woman: An elderly woman wearing traditional clothing and headscarves, appearing in scenes related to cooking and interacting with others.\n\nSCENES:\nStreet Food Market at Night: A bustling street food scene with vendors cooking and people eating. [frames/frame_0001 - frames/frame_0188]\nMountainous Landscape: A scenic view of mountains, sometimes with sparse vegetation or snow. [frames/frame_027 - frames/frame_030]\nButcher Shop: An indoor or outdoor setting where raw meat is being prepared and sold. [frames/frame_0261 - frames/frame_0327]\nBadshahi Mosque: A historic mosque in Lahore, Pakistan, with a large courtyard and red brick architecture. [frames/frame_0224 - frames/frame_0238]\nHunza Valley: A scenic valley surrounded by mountains, featuring a river and a village. [frames/frame_3980 - frames/frame_4042]\nRural Village: A small village nestled in a mountainous area with traditional houses and terraced fields. [frames/frame_4091 - frames/frame_4120]\nTraditional Room: A cozy, dimly lit room with traditional decor, featuring red and white striped rugs and colorful fabrics. [frames/frame_3126 - frames/frame_3156]\nMaggi Noodle Shop: A small, cluttered shop with walls covered in Maggi noodle packaging. [frames/frame_3028 - frames/frame_3067]\nMountain Village: A village perched on a rugged cliffside or nestled in a valley, surrounded by mountains. [frames/frame_3681 - frames/frame_3738]\nDirt Field: An outdoor field where men are engaged in physical activities, such as wrestling or kabaddi. [frames/frame_2847 - frames/frame_2937]\n\nEVENTS:\nCooking and Serving Food: Various scenes depicting chefs preparing and serving food in street food stalls or restaurants. [frames/frame_0001 - frames/frame_2723]\nEating and Interacting: Scenes showing the Man with Red Bandana and the Woman in Colorful Dress eating and interacting with each other. [frames/frame_0113 - frames/frame_0188]\nButchering Meat: Scenes depicting the preparation and sale of raw meat in a butcher shop. [frames/frame_0261 - frames/frame_0327]\nTraditional Cooking: Scenes showing traditional cooking methods, such as roasting meat in a pit or cooking in large pots. [frames/frame_2244 - frames/frame_2302]\nWrestling Match: A scene depicting a wrestling match between shirtless men. [frames/frame_2847 - frames/frame_2867]\nDrumming and Dancing: Scenes showing men playing drums and dancing in traditional attire. [frames/frame_2922 - frames/frame_2937]\nPreparing Flatbread: Scenes depicting women preparing flatbread, such as naan or paratha. [frames/frame_3724 - frames/frame_3749]\nEating Together: Scenes showing groups of people eating together in various settings. [frames/frame_2055 - frames/frame_2127]\n\n================================================================================\nGenerated at: 2026-01-11 21:46:46\n================================================================================\n\nYour question is this: In this video, what is the primary method of eating?"}]
You are a reasoning model whose goal is to answer questions about a video. You cannot see the video, but you can use tools to retrieve information about the video.

You will be given a question and answer choices.

Question: In this video, what is the primary method of eating?

Answer Choices:
A. Forks
B. Spoons
C. Chopsticks
D. Hands


⚠️ SUBTITLE QUESTION DETECTION:
FIRST, check if the question references subtitles or spoken content:
- Does it say "when the subtitle says...", "when the text shows...", "when the narration mentions..."?
- Does it quote specific words/phrases that appear in subtitles?
- If YES → You MUST use SUBTITLE_SEARCH as your first tool (not caption search!)

TEMPORAL ATTENTION:
NEXT, check if the question contains time keywords (after, before, during, when, then, while, first, next, later, etc.):
- If present, IDENTIFY and MARK DOWN all temporal relationships and timeframes mentioned
- Note which events should occur before/after/during other events
- This temporal information is CRITICAL for finding the right frames

⚠️ QUICK ACTION DETECTION:
CHECK if the question asks about FAST/QUICK/SUDDEN actions:
- Hand movements (grabbing, pointing, gesturing, catching, throwing)
- Objects moving quickly (falling, dropping, flipping, being placed)
- Facial expressions (sudden smiles, surprise, eye movements)
- Brief moments (exact timing, precise actions, quick reactions)
- Keywords: quick, fast, sudden, immediately, instant, rapid, brief, moment
→ If YES, you will need to use EXTRACT_FINE_FRAMES tool later (after finding the scene) to get higher FPS frames!
→ Default 1 FPS frames will NOT capture these quick actions - you MUST extract 5-10 FPS for accurate observation

STEP 1: EXTRACT VERIFICATION CRITERIA
First, carefully analyze the question and extract 4-6 specific, testable criteria that can be verified visually in the video frames. These criteria should be concrete conditions that must be satisfied to answer the question correctly. These criteria should be derived FROM THE QUESTION, NOT THE ANSWER CHOICES. 

For example, if the question asks about "a person in a black shirt holding a metal bucket in a scene with scattered debris", the criteria might be:
- Person is wearing a black shirt
- Person is wearing black pants
- Person is holding a large round metal bucket
- Scene contains scattered debris on the ground
- Scene shows items scattered on the ground

Extract ONLY verifiable visual criteria from the question. DO NOT include criteria about the answer choices.

STEP 2: GENERATE SEARCH QUERIES
Now generate 2-4 search queries to find the relevant frames. Each query should be:
- STRUCTURED like a natural caption (subject-verb-object format)
- FOCUS on VISIBLE, CONCRETE details from the question
- DESCRIBE what would APPEAR in the frame (not abstract concepts)
- Use complete, grammatical phrases (e.g., "woman in yellow dress holds paper")

Guidelines for creating queries:
1. Prioritize VISIBLE traits: clothing colors, physical objects, actions, settings
2. Use natural language structure: "person wearing [clothing] doing [action] in [location]"
3. Each query should target a DIFFERENT aspect or detail from the question
4. Avoid jumbled keywords - write how a caption would describe the scene

Example question: "A woman in a yellow dress is holding papers in an office. What is she reading?"
GOOD queries:
- "woman wearing yellow dress holding papers"
- "person in office setting with documents"
- "woman reading document in indoor workspace"

BAD queries (jumbled/unclear):
- "yellow dress papers office woman"
- "holding reading yellow"

If subtitles are available, you should use the SUBTITLE_SEARCH tool instead of the CAPTION_SEARCH tool.
Return the following format:
```json{
    "tool": "SUBTITLE_SEARCH",
    "query": "the exact subtitle text or phrase mentioned in the question",
    "topk": 10  // optional, defaults to 10
}```

Return your answer in the following json format:
```json{
    "tool": "CAPTION_SEARCH",
    "criteria": [
        "criterion 1 - a specific visual condition to verify",
        "criterion 2 - another specific visual condition",
        "criterion 3 - another specific visual condition",
        "criterion 4 - another specific visual condition",
        "criterion 5 - (optional) another specific visual condition",
        "criterion 6 - (optional) another specific visual condition"
    ],
    "search_queries": [
        "first natural search query focusing on main subject/action",
        "second query focusing on setting/objects",
        "third query focusing on alternative details (optional)",
        "fourth query for additional context (optional)"
    ]
}```

IMPORTANT: Generate 2-4 search queries. Each should be a natural, structured phrase describing visible elements.

{
    "tool": "CAPTION_SEARCH",
    "criteria": [
        "Person is eating food",
        "Person's hand is holding food",
        "Person is using an eating utensil",
        "Person is bringing food to mouth",
        "Close-up view of person eating",
        "Food item is visible during consumption"
    ],
    "search_queries": [
        "person eating food with hands",
        "person using spoon to eat",
        "person using fork to eat",
        "person eating with chopsticks"
    ]
}
Criteria: ['Person is eating food', "Person's hand is holding food", 'Person is using an eating utensil', 'Person is bringing food to mouth', 'Close-up view of person eating', 'Food item is visible during consumption']
Search queries (4): ['person eating food with hands', 'person using spoon to eat', 'person using fork to eat', 'person eating with chopsticks']
Caption search results: [{'frames/frame_0150': 'frames/frame_0150', 'text': "A person's hand is picking up food from a plate.", 'similarity score': 0.8578554391860962}, {'frames/frame_1331': 'frames/frame_1331', 'text': "A person's hands are preparing food on a metal surface.", 'similarity score': 0.8332288265228271}, {'frames/frame_2654': 'frames/frame_2654', 'text': 'A person is holding a partially eaten piece of food, likely a sandwich or wrap, with their left hand in the foreground.', 'similarity score': 0.821746289730072}, {'frames/frame_2166': 'frames/frame_2166', 'text': 'A hand is holding a piece of food with butter on it.', 'similarity score': 0.8208388090133667}, {'frames/frame_3275': 'frames/frame_3275', 'text': 'A person is holding a partially eaten, rolled-up, light-brown food item, possibly a burrito or wrap, in their hand.', 'similarity score': 0.8145753145217896}, {'frames/frame_1171': 'frames/frame_1171', 'text': 'A person is eating a bun filled with meat and sauce in their hands.', 'similarity score': 0.8041183948516846}, {'frames/frame_5053': 'frames/frame_5053', 'text': 'A person is holding a portion of rice and meat in their hands.', 'similarity score': 0.7991257309913635}, {'frames/frame_2652': 'frames/frame_2652', 'text': 'A person is holding a partially eaten piece of food, likely a sandwich or wrap, with their left hand, displaying the messy and saucy interior.', 'similarity score': 0.7979034185409546}, {'frames/frame_2529': 'frames/frame_2529', 'text': 'A person is holding a piece of yellow food, possibly a root vegetable, in their hands, with more of the same food visible in the background on a green surface.', 'similarity score': 0.7976719737052917}, {'frames/frame_1606': 'frames/frame_1606', 'text': 'A hand is holding a piece of meat.', 'similarity score': 0.7946822643280029}, {'frames/frame_1147': 'frames/frame_1147', 'text': 'A hand is holding a piece of meat.', 'similarity score': 0.7946821451187134}, {'frames/frame_0856': 'frames/frame_0856', 'text': 'A person is holding a fried food item, likely a chicken wing, with a generous amount of melted cheese or sauce on it, in their hand.', 'similarity score': 0.7865956425666809}, {'frames/frame_4960': 'frames/frame_4960', 'text': 'A hand is holding a piece of food over a silver plate.', 'similarity score': 0.7864995002746582}, {'frames/frame_0514': 'frames/frame_0514', 'text': "A person's hand is holding a piece of food, likely a mushroom, between their thumb and index finger in front of a blurred background.", 'similarity score': 0.7811832427978516}, {'frames/frame_0906': 'frames/frame_0906', 'text': 'A person is holding a piece of seasoned white meat, likely chicken, between their thumb and index finger in their left hand, with their right hand grasping the meat.', 'similarity score': 0.779694676399231}, {'frames/frame_2653': 'frames/frame_2653', 'text': 'A hand is holding a partially eaten piece of flatbread with various toppings.', 'similarity score': 0.7787286043167114}, {'frames/frame_2128': 'frames/frame_2128', 'text': 'A person wearing a gray sweater and khaki pants is sitting and holding a piece of food in their hands.', 'similarity score': 0.7783253788948059}, {'frames/frame_4386': 'frames/frame_4386', 'text': 'A person is holding a partially eaten breakfast burrito or taco in their hand.', 'similarity score': 0.7780417203903198}, {'frames/frame_0172': 'frames/frame_0172', 'text': 'A person is holding a piece of grilled food, likely chicken, topped with green peppers, in their hand.', 'similarity score': 0.7760101556777954}, {'frames/frame_1913': 'frames/frame_1913', 'text': 'A person is holding a piece of pita bread filled with a savory mixture of meat and vegetables in their hands.', 'similarity score': 0.7722840905189514}, {'frames/frame_0467': 'frames/frame_0467', 'text': 'A person is holding a piece of fried chicken between their thumb and index finger.', 'similarity score': 0.7721380591392517}, {'frames/frame_2788': 'frames/frame_2788', 'text': 'A person is holding a piece of fried chicken between their thumb and index finger.', 'similarity score': 0.7721379399299622}, {'frames/frame_2531': 'frames/frame_2531', 'text': 'A person is shaping a yellow, sticky, and crumbly object, possibly a type of food, with their hands in an outdoor setting with a green surface and other similar objects in the background.', 'similarity score': 0.7715917825698853}, {'frames/frame_2162': 'frames/frame_2162', 'text': 'A person is spreading a creamy white substance onto a piece of food with a metal spoon in their hands.', 'similarity score': 0.7711687088012695}, {'frames/frame_2076': 'frames/frame_2076', 'text': 'A person is holding a red fruit with their fingers.', 'similarity score': 0.7699146270751953}, {'frames/frame_5056': 'frames/frame_5056', 'text': 'A hand holds a small portion of rice and meat.', 'similarity score': 0.7696702480316162}, {'frames/frame_4959': 'frames/frame_4959', 'text': 'A hand is holding a piece of food, likely meat, over a silver plate.', 'similarity score': 0.7695358991622925}, {'frames/frame_1915': 'frames/frame_1915', 'text': 'A person is holding a partially eaten piece of pita bread filled with a savory mixture of meat and vegetables in their hands.', 'similarity score': 0.7689318656921387}, {'frames/frame_0446': 'frames/frame_0446', 'text': 'A person is holding a piece of roasted meat between their thumb and index finger against a white background.', 'similarity score': 0.7679526805877686}, {'frames/frame_0460': 'frames/frame_0460', 'text': "A person's hands are stirring a savory dish of meat and vegetables in a wok.", 'similarity score': 0.766711413860321}]
Caption search results: [{'frames/frame_3595': 'frames/frame_3595', 'text': 'A person wearing a dark gray sweater is eating from a small, brown, wooden bowl filled with a creamy, green-tinged food using a silver spoon.', 'similarity score': 0.8336220979690552}, {'frames/frame_2162': 'frames/frame_2162', 'text': 'A person is spreading a creamy white substance onto a piece of food with a metal spoon in their hands.', 'similarity score': 0.8184926509857178}, {'frames/frame_3585': 'frames/frame_3585', 'text': 'A person is eating a creamy white dish with herbs and vegetables from a brown wooden bowl with a spoon.', 'similarity score': 0.8063121438026428}, {'frames/frame_0150': 'frames/frame_0150', 'text': "A person's hand is picking up food from a plate.", 'similarity score': 0.8048608899116516}, {'frames/frame_4957': 'frames/frame_4957', 'text': 'A person is holding a small metal plate containing a meat dish with a spoon, likely in an outdoor setting.', 'similarity score': 0.7945053577423096}, {'frames/frame_3594': 'frames/frame_3594', 'text': 'A person wearing a gray jacket is eating food with a spoon from a wooden bowl, sitting at a table with a patterned tablecloth.', 'similarity score': 0.7843270301818848}, {'frames/frame_2654': 'frames/frame_2654', 'text': 'A person is holding a partially eaten piece of food, likely a sandwich or wrap, with their left hand in the foreground.', 'similarity score': 0.7813053727149963}, {'frames/frame_3275': 'frames/frame_3275', 'text': 'A person is holding a partially eaten, rolled-up, light-brown food item, possibly a burrito or wrap, in their hand.', 'similarity score': 0.7779079675674438}, {'frames/frame_2166': 'frames/frame_2166', 'text': 'A hand is holding a piece of food with butter on it.', 'similarity score': 0.7772440910339355}, {'frames/frame_3892': 'frames/frame_3892', 'text': 'A person is stirring a mixture of cooked meat and spices in a silver bowl with a silver spoon.', 'similarity score': 0.7769591212272644}, {'frames/frame_3618': 'frames/frame_3618', 'text': 'A hand is holding a silver spoon with a creamy, cheesy, and herb-infused dish.', 'similarity score': 0.7763965129852295}, {'frames/frame_1331': 'frames/frame_1331', 'text': "A person's hands are preparing food on a metal surface.", 'similarity score': 0.7700462341308594}, {'frames/frame_4370': 'frames/frame_4370', 'text': 'A person is stirring a yellow liquid, possibly an egg mixture, in a blue cup with a spoon.', 'similarity score': 0.7664692997932434}, {'frames/frame_5053': 'frames/frame_5053', 'text': 'A person is holding a portion of rice and meat in their hands.', 'similarity score': 0.7635290622711182}, {'frames/frame_2128': 'frames/frame_2128', 'text': 'A person wearing a gray sweater and khaki pants is sitting and holding a piece of food in their hands.', 'similarity score': 0.7632221579551697}, {'frames/frame_1171': 'frames/frame_1171', 'text': 'A person is eating a bun filled with meat and sauce in their hands.', 'similarity score': 0.7625705003738403}, {'frames/frame_0856': 'frames/frame_0856', 'text': 'A person is holding a fried food item, likely a chicken wing, with a generous amount of melted cheese or sauce on it, in their hand.', 'similarity score': 0.7602118253707886}, {'frames/frame_4386': 'frames/frame_4386', 'text': 'A person is holding a partially eaten breakfast burrito or taco in their hand.', 'similarity score': 0.7600958347320557}, {'frames/frame_3610': 'frames/frame_3610', 'text': 'A person is holding a wooden bowl containing a creamy, chunky mixture with herbs and oil, and is using a metal spoon to scoop up some of the mixture.', 'similarity score': 0.7597653865814209}, {'frames/frame_4960': 'frames/frame_4960', 'text': 'A hand is holding a piece of food over a silver plate.', 'similarity score': 0.7589813470840454}, {'frames/frame_1033': 'frames/frame_1033', 'text': 'A person is holding a white bowl containing a mixture of ground meat and spices.', 'similarity score': 0.7516473531723022}, {'frames/frame_2652': 'frames/frame_2652', 'text': 'A person is holding a partially eaten piece of food, likely a sandwich or wrap, with their left hand, displaying the messy and saucy interior.', 'similarity score': 0.7494962811470032}, {'frames/frame_4999': 'frames/frame_4999', 'text': 'A person is holding a partially eaten savory pastry, likely a curry puff, in their left hand.', 'similarity score': 0.7493957281112671}, {'frames/frame_1004': 'frames/frame_1004', 'text': 'A person is holding a white bowl containing a partially eaten meal of cooked fish.', 'similarity score': 0.7493833303451538}, {'frames/frame_0467': 'frames/frame_0467', 'text': 'A person is holding a piece of fried chicken between their thumb and index finger.', 'similarity score': 0.7493004202842712}, {'frames/frame_2788': 'frames/frame_2788', 'text': 'A person is holding a piece of fried chicken between their thumb and index finger.', 'similarity score': 0.7493004202842712}, {'frames/frame_0446': 'frames/frame_0446', 'text': 'A person is holding a piece of roasted meat between their thumb and index finger against a white background.', 'similarity score': 0.7490098476409912}, {'frames/frame_3913': 'frames/frame_3913', 'text': 'A white spoon holds a portion of noodles and sauce.', 'similarity score': 0.7490062713623047}, {'frames/frame_3876': 'frames/frame_3876', 'text': 'A person wearing a gray zip-up hoodie and dark blue jeans is sitting while holding a partially eaten piece of food, likely a savory pastry or dumpling, in their left hand.', 'similarity score': 0.7470104694366455}, {'frames/frame_2519': 'frames/frame_2519', 'text': 'A person is holding a small, irregularly shaped lump of yellowish, crumbly substance, likely a food item, between their thumb and fingers in front of a blurred background that appears to be a table or surface with various items on it.', 'similarity score': 0.7466363906860352}]
Caption search results: [{'frames/frame_0150': 'frames/frame_0150', 'text': "A person's hand is picking up food from a plate.", 'similarity score': 0.8302596807479858}, {'frames/frame_4957': 'frames/frame_4957', 'text': 'A person is holding a small metal plate containing a meat dish with a spoon, likely in an outdoor setting.', 'similarity score': 0.7958033680915833}, {'frames/frame_2654': 'frames/frame_2654', 'text': 'A person is holding a partially eaten piece of food, likely a sandwich or wrap, with their left hand in the foreground.', 'similarity score': 0.778265118598938}, {'frames/frame_4960': 'frames/frame_4960', 'text': 'A hand is holding a piece of food over a silver plate.', 'similarity score': 0.7749218940734863}, {'frames/frame_1331': 'frames/frame_1331', 'text': "A person's hands are preparing food on a metal surface.", 'similarity score': 0.7677368521690369}, {'frames/frame_1142': 'frames/frame_1142', 'text': 'A person is holding a piece of meat in their left hand and pulling it apart with a fork in their right hand against a black background.', 'similarity score': 0.7649986147880554}, {'frames/frame_1636': 'frames/frame_1636', 'text': "A person's hand is pressing a fork into a piece of dough on a flour-covered surface.", 'similarity score': 0.7635080814361572}, {'frames/frame_0856': 'frames/frame_0856', 'text': 'A person is holding a fried food item, likely a chicken wing, with a generous amount of melted cheese or sauce on it, in their hand.', 'similarity score': 0.7617617845535278}, {'frames/frame_3275': 'frames/frame_3275', 'text': 'A person is holding a partially eaten, rolled-up, light-brown food item, possibly a burrito or wrap, in their hand.', 'similarity score': 0.7605476379394531}, {'frames/frame_4959': 'frames/frame_4959', 'text': 'A hand is holding a piece of food, likely meat, over a silver plate.', 'similarity score': 0.7604737877845764}, {'frames/frame_2166': 'frames/frame_2166', 'text': 'A hand is holding a piece of food with butter on it.', 'similarity score': 0.758097231388092}, {'frames/frame_4386': 'frames/frame_4386', 'text': 'A person is holding a partially eaten breakfast burrito or taco in their hand.', 'similarity score': 0.7574843764305115}, {'frames/frame_5053': 'frames/frame_5053', 'text': 'A person is holding a portion of rice and meat in their hands.', 'similarity score': 0.7573401927947998}, {'frames/frame_4385': 'frames/frame_4385', 'text': 'A person is holding a partially eaten omelet sandwich in their hands.', 'similarity score': 0.7548689842224121}, {'frames/frame_2162': 'frames/frame_2162', 'text': 'A person is spreading a creamy white substance onto a piece of food with a metal spoon in their hands.', 'similarity score': 0.7514048218727112}, {'frames/frame_1878': 'frames/frame_1878', 'text': 'A hand is pulling a piece of meat from a plate of food.', 'similarity score': 0.7440849542617798}, {'frames/frame_3585': 'frames/frame_3585', 'text': 'A person is eating a creamy white dish with herbs and vegetables from a brown wooden bowl with a spoon.', 'similarity score': 0.7437711954116821}, {'frames/frame_2529': 'frames/frame_2529', 'text': 'A person is holding a piece of yellow food, possibly a root vegetable, in their hands, with more of the same food visible in the background on a green surface.', 'similarity score': 0.7426815032958984}, {'frames/frame_1606': 'frames/frame_1606', 'text': 'A hand is holding a piece of meat.', 'similarity score': 0.7426697015762329}, {'frames/frame_1147': 'frames/frame_1147', 'text': 'A hand is holding a piece of meat.', 'similarity score': 0.7426696419715881}, {'frames/frame_0467': 'frames/frame_0467', 'text': 'A person is holding a piece of fried chicken between their thumb and index finger.', 'similarity score': 0.7401036024093628}, {'frames/frame_2788': 'frames/frame_2788', 'text': 'A person is holding a piece of fried chicken between their thumb and index finger.', 'similarity score': 0.7401034832000732}, {'frames/frame_2704': 'frames/frame_2704', 'text': 'Several dishes of food are served on a table.', 'similarity score': 0.7396106719970703}, {'frames/frame_1171': 'frames/frame_1171', 'text': 'A person is eating a bun filled with meat and sauce in their hands.', 'similarity score': 0.739280104637146}, {'frames/frame_3595': 'frames/frame_3595', 'text': 'A person wearing a dark gray sweater is eating from a small, brown, wooden bowl filled with a creamy, green-tinged food using a silver spoon.', 'similarity score': 0.7384952306747437}, {'frames/frame_1141': 'frames/frame_1141', 'text': 'A person is tearing apart a piece of meat with a white plastic fork and their fingers in front of a black background.', 'similarity score': 0.7379041910171509}, {'frames/frame_0172': 'frames/frame_0172', 'text': 'A person is holding a piece of grilled food, likely chicken, topped with green peppers, in their hand.', 'similarity score': 0.737488865852356}, {'frames/frame_2652': 'frames/frame_2652', 'text': 'A person is holding a partially eaten piece of food, likely a sandwich or wrap, with their left hand, displaying the messy and saucy interior.', 'similarity score': 0.7368005514144897}, {'frames/frame_1920': 'frames/frame_1920', 'text': 'A finger is pulling a piece of meat from a plate of savory food.', 'similarity score': 0.7361490726470947}, {'frames/frame_1607': 'frames/frame_1607', 'text': 'A person is holding a piece of fried chicken in their hands.', 'similarity score': 0.7361328601837158}]
Caption search results: [{'frames/frame_4976': 'frames/frame_4976', 'text': 'A person is holding chopsticks above a plate of meat skewers on a blue and tan woven mat.', 'similarity score': 0.7903686165809631}, {'frames/frame_5053': 'frames/frame_5053', 'text': 'A person is holding a portion of rice and meat in their hands.', 'similarity score': 0.739769458770752}, {'frames/frame_0150': 'frames/frame_0150', 'text': "A person's hand is picking up food from a plate.", 'similarity score': 0.738229513168335}, {'frames/frame_3585': 'frames/frame_3585', 'text': 'A person is eating a creamy white dish with herbs and vegetables from a brown wooden bowl with a spoon.', 'similarity score': 0.7147664427757263}, {'frames/frame_0957': 'frames/frame_0957', 'text': 'A person is serving a steaming hot dish, likely a curry or stew, from a large metal pot into a white bowl using a metal ladle, with a pair of chopsticks holding a piece of meat above the bowl.', 'similarity score': 0.7129902839660645}, {'frames/frame_3275': 'frames/frame_3275', 'text': 'A person is holding a partially eaten, rolled-up, light-brown food item, possibly a burrito or wrap, in their hand.', 'similarity score': 0.7083003520965576}, {'frames/frame_1171': 'frames/frame_1171', 'text': 'A person is eating a bun filled with meat and sauce in their hands.', 'similarity score': 0.7071794271469116}, {'frames/frame_0856': 'frames/frame_0856', 'text': 'A person is holding a fried food item, likely a chicken wing, with a generous amount of melted cheese or sauce on it, in their hand.', 'similarity score': 0.7047253251075745}, {'frames/frame_1331': 'frames/frame_1331', 'text': "A person's hands are preparing food on a metal surface.", 'similarity score': 0.7025280594825745}, {'frames/frame_4957': 'frames/frame_4957', 'text': 'A person is holding a small metal plate containing a meat dish with a spoon, likely in an outdoor setting.', 'similarity score': 0.7021518349647522}, {'frames/frame_3594': 'frames/frame_3594', 'text': 'A person wearing a gray jacket is eating food with a spoon from a wooden bowl, sitting at a table with a patterned tablecloth.', 'similarity score': 0.7018322944641113}, {'frames/frame_0460': 'frames/frame_0460', 'text': "A person's hands are stirring a savory dish of meat and vegetables in a wok.", 'similarity score': 0.7007627487182617}, {'frames/frame_0172': 'frames/frame_0172', 'text': 'A person is holding a piece of grilled food, likely chicken, topped with green peppers, in their hand.', 'similarity score': 0.6992515921592712}, {'frames/frame_2094': 'frames/frame_2094', 'text': 'A person is holding a shiny, green, oily, and slightly brownish stuffed pepper between their thumb and index finger of both hands.', 'similarity score': 0.6989655494689941}, {'frames/frame_3595': 'frames/frame_3595', 'text': 'A person wearing a dark gray sweater is eating from a small, brown, wooden bowl filled with a creamy, green-tinged food using a silver spoon.', 'similarity score': 0.6983035802841187}, {'frames/frame_2529': 'frames/frame_2529', 'text': 'A person is holding a piece of yellow food, possibly a root vegetable, in their hands, with more of the same food visible in the background on a green surface.', 'similarity score': 0.6978046894073486}, {'frames/frame_0467': 'frames/frame_0467', 'text': 'A person is holding a piece of fried chicken between their thumb and index finger.', 'similarity score': 0.6959589719772339}, {'frames/frame_2788': 'frames/frame_2788', 'text': 'A person is holding a piece of fried chicken between their thumb and index finger.', 'similarity score': 0.6959589719772339}, {'frames/frame_1607': 'frames/frame_1607', 'text': 'A person is holding a piece of fried chicken in their hands.', 'similarity score': 0.6920362710952759}, {'frames/frame_3860': 'frames/frame_3860', 'text': 'A person is holding a golden-brown, crispy, and shiny fried dumpling between their thumb and index finger.', 'similarity score': 0.6900050640106201}, {'frames/frame_2162': 'frames/frame_2162', 'text': 'A person is spreading a creamy white substance onto a piece of food with a metal spoon in their hands.', 'similarity score': 0.689576268196106}, {'frames/frame_2654': 'frames/frame_2654', 'text': 'A person is holding a partially eaten piece of food, likely a sandwich or wrap, with their left hand in the foreground.', 'similarity score': 0.6883394718170166}, {'frames/frame_5057': 'frames/frame_5057', 'text': 'A person is holding a handful of rice and meat in their dirty hands.', 'similarity score': 0.6881899833679199}, {'frames/frame_5056': 'frames/frame_5056', 'text': 'A hand holds a small portion of rice and meat.', 'similarity score': 0.6873753070831299}, {'frames/frame_0699': 'frames/frame_0699', 'text': 'A person is holding a partially eaten, golden-brown, crispy fried food item with sesame seeds and onions inside, tearing it apart with their fingers against a blue background.', 'similarity score': 0.686987042427063}, {'frames/frame_5001': 'frames/frame_5001', 'text': 'A person is holding a partially eaten roti filled with curried meat and potatoes in their left hand.', 'similarity score': 0.6863691210746765}, {'frames/frame_5000': 'frames/frame_5000', 'text': 'A person is holding a partially eaten roti filled with curried meat and potatoes in their left hand.', 'similarity score': 0.6863691210746765}, {'frames/frame_0156': 'frames/frame_0156', 'text': 'A person is holding a piece of chicken with green peppers and spices in their hand.', 'similarity score': 0.6836892366409302}, {'frames/frame_1004': 'frames/frame_1004', 'text': 'A person is holding a white bowl containing a partially eaten meal of cooked fish.', 'similarity score': 0.6819585561752319}, {'frames/frame_2128': 'frames/frame_2128', 'text': 'A person wearing a gray sweater and khaki pants is sitting and holding a piece of food in their hands.', 'similarity score': 0.6783735752105713}]
Caption search completed: 4 queries executed
Looking at the search results, I can see many instances of people eating with their hands throughout the video. Let me analyze the key evidence:

1. **Hand eating is dominant**: Multiple frames show people holding food directly with their hands:
   - frame_0150: "A person's hand is picking up food from a plate"
   - frame_1171: "A person is eating a bun filled with meat and sauce in their hands"
   - frame_2654: "A person is holding a partially eaten piece of food... with their left hand"
   - frame_3275: "A person is holding a partially eaten, rolled-up food item... in their hand"
   - frame_5053: "A person is holding a portion of rice and meat in their hands"

2. **Spoon usage is limited**: Only a few frames show spoon usage, and some are for food preparation rather than eating:
   - frame_3595: "A person... eating... using a silver spoon" (one clear instance)
   - frame_2162: "A person is spreading... with a metal spoon" (preparation, not eating)

3. **Fork usage is minimal**: Only one frame shows fork usage:
   - frame_1142: "A person is holding a piece of meat... pulling it apart with a fork"

4. **Chopsticks are rare**: Only one frame shows chopsticks:
   - frame_4976: "A person is holding chopsticks above a plate of meat skewers"

The evidence clearly shows that eating with hands is the most common method throughout the video, appearing in multiple scenes and time periods.

```json
{
    "tool": "FINAL_ANSWER",
    "frames": [
        "frames/frame_0150.jpg",
        "frames/frame_1171.jpg", 
        "frames/frame_2654.jpg",
        "frames/frame_3275.jpg",
        "frames/frame_5053.jpg",
        "frames/frame_3595.jpg",
        "frames/frame_1142.jpg",
        "frames/frame_4976.jpg"
    ],
    "answer": "3",
    "reasoning": "The video shows multiple instances of people eating with their hands throughout various scenes, including picking up food from plates, eating buns with hands, holding partially eaten food items, and handling rice and meat directly. While there are isolated instances of spoon, fork, and chopstick usage, hand eating appears as the primary and most frequently depicted method across the entire video.",
    "answer_criteria": [
        "Multiple frames show people directly handling and consuming food with their bare hands",
        "Hand eating appears in various contexts and time periods throughout the video, indicating it's the dominant method",
        "Utensil usage (spoons, forks, chopsticks) appears only in isolated instances and is less frequent"
    ]
}
```
FINAL_ANSWER: {'tool': 'FINAL_ANSWER', 'frames': ['frames/frame_0150.jpg', 'frames/frame_1171.jpg', 'frames/frame_2654.jpg', 'frames/frame_3275.jpg', 'frames/frame_5053.jpg', 'frames/frame_3595.jpg', 'frames/frame_1142.jpg', 'frames/frame_4976.jpg'], 'answer': '3', 'reasoning': 'The video shows multiple instances of people eating with their hands throughout various scenes, including picking up food from plates, eating buns with hands, holding partially eaten food items, and handling rice and meat directly. While there are isolated instances of spoon, fork, and chopstick usage, hand eating appears as the primary and most frequently depicted method across the entire video.', 'answer_criteria': ['Multiple frames show people directly handling and consuming food with their bare hands', "Hand eating appears in various contexts and time periods throughout the video, indicating it's the dominant method", 'Utensil usage (spoons, forks, chopsticks) appears only in isolated instances and is less frequent']}
