Critic initial response: {
    "tool": "VLM_QUERY",
    "frames": ["frames/frame_1713.jpg", "frames/frame_1714.jpg", "frames/frame_1715.jpg", "frames/frame_1716.jpg", "frames/frame_1717.jpg", "frames/frame_1718.jpg", "frames/frame_1719.jpg", "frames/frame_1720.jpg", "frames/frame_1721.jpg", "frames/frame_1722.jpg", "frames/frame_1723.jpg", "frames/frame_1724.jpg", "frames/frame_1725.jpg", "frames/frame_1726.jpg", "frames/frame_1727.jpg", "frames/frame_1728.jpg", "frames/frame_1729.jpg", "frames/frame_1730.jpg", "frames/frame_1731.jpg", "frames/frame_1732.jpg", "frames/frame_1733.jpg", "frames/frame_1734.jpg"],
    "prompt": "Based on these frames (including context before/after), verify if the answer '2' (which corresponds to choice B: 'She made the performer strike a match, and she herself blew it out') is correct for the question: What actions are performed by the judge in this scene from 28:38-28:50? Check the question criteria: ['A judge is present in the scene', 'A match is being struck', 'A match is being blown out', 'The judge is performing an action with the match', 'Another person (performer or other judge) may be involved with the match']. Pay attention to timestamps and temporal sequences. Specifically examine: 1) Which judge is present and their actions, 2) Who strikes the match, 3) Who blows out the match, 4) Whether the judge instructs/requests the performer to strike the match, 5) Whether the judge blows out the match themselves."
}
Frames to verify: ['frames/frame_1713.jpg', 'frames/frame_1714.jpg', 'frames/frame_1715.jpg', 'frames/frame_1716.jpg', 'frames/frame_1717.jpg', 'frames/frame_1718.jpg', 'frames/frame_1719.jpg', 'frames/frame_1720.jpg', 'frames/frame_1721.jpg', 'frames/frame_1722.jpg', 'frames/frame_1723.jpg', 'frames/frame_1724.jpg', 'frames/frame_1725.jpg', 'frames/frame_1726.jpg', 'frames/frame_1727.jpg', 'frames/frame_1728.jpg', 'frames/frame_1729.jpg', 'frames/frame_1730.jpg', 'frames/frame_1731.jpg', 'frames/frame_1732.jpg', 'frames/frame_1733.jpg', 'frames/frame_1734.jpg']
VLM Prompt: Video context: The given SET of frame-by-frame captions data appears to be from a TV show, specifically "America's Got Talent" (AGT). Here's a global summary based on the provided captions:

**Main Characters:**
1. The magician, Kevin Li (or referred to as "the man" or "the Asian man" in various captions), is a central character. He performs magic tricks throughout the video.
2. The judges, including Simon Cowell, Heidi Klum, Sofia Vergara, and Howie Mandel, are also main characters. They are frequently shown sitting at a long white table, reacting to performances, and interacting with contestants.
3. Other notable characters include Terry Crews, who is sometimes shown standing on stage, and various contestants, such as Brynn Cummings, a young girl who performs a ventriloquism act with a puppet.

**Setting:**
The primary setting is a television studio or a large auditorium, likely the Dolby Theatre, where AGT is typically filmed. The stage features a large screen displaying various backgrounds, including cityscapes, geometric patterns, and abstract designs. The audience is often visible, cheering, clapping, and reacting to performances.

**Plot Line:**
The video appears to follow the format of AGT, where contestants perform various acts, and the judges react and provide feedback. The magician, Kevin Li, performs a series of magic tricks, including card tricks, producing Polaroid photos, and other illusions. The judges watch and comment on his performances. Other contestants, like Brynn Cummings, also perform their acts, which are met with applause and reactions from the audience and judges.

**Vibes:**
The overall vibe is one of excitement, entertainment, and suspense. The audience is often shown cheering and clapping, creating a lively atmosphere. The judges' reactions range from surprise to amazement, adding to the tension and drama. The performances are varied, with a mix of magic, ventriloquism, and other acts, keeping the mood engaging and dynamic.

**General Details:**
- The video is likely a compilation of highlights from a specific season or episode of AGT.
- The captions frequently mention "SONIC" cups, which are blue cups with red straws and the "SONIC" logo, often seen on the judges' table.
- The show features a diverse range of contestants, including magicians, ventriloquists, and other performers.
- The judges' table is a central element, with the judges frequently shown reacting to performances and interacting with contestants.
- The large screen behind the stage displays various backgrounds, adding to the visual spectacle of the performances.

Overall, the video is a fast-paced, entertaining compilation of performances and reactions from the judges and audience on "America's Got Talent."

Based on these frames (including context before/after), verify if the answer '2' (which corresponds to choice B: 'She made the performer strike a match, and she herself blew it out') is correct for the question: What actions are performed by the judge in this scene from 28:38-28:50? Check the question criteria: ['A judge is present in the scene', 'A match is being struck', 'A match is being blown out', 'The judge is performing an action with the match', 'Another person (performer or other judge) may be involved with the match']. Pay attention to timestamps and temporal sequences. Specifically examine: 1) Which judge is present and their actions, 2) Who strikes the match, 3) Who blows out the match, 4) Whether the judge instructs/requests the performer to strike the match, 5) Whether the judge blows out the match themselves.
VLM response: {'batched_responses': [{'batch_start': 0, 'batch_end': 22, 'image_paths': ['/mnt/ssd/data/lvbench/videos_processed/9tBsMSDoDqk/frames/frame_1713.jpg', '/mnt/ssd/data/lvbench/videos_processed/9tBsMSDoDqk/frames/frame_1714.jpg', '/mnt/ssd/data/lvbench/videos_processed/9tBsMSDoDqk/frames/frame_1715.jpg', '/mnt/ssd/data/lvbench/videos_processed/9tBsMSDoDqk/frames/frame_1716.jpg', '/mnt/ssd/data/lvbench/videos_processed/9tBsMSDoDqk/frames/frame_1717.jpg', '/mnt/ssd/data/lvbench/videos_processed/9tBsMSDoDqk/frames/frame_1718.jpg', '/mnt/ssd/data/lvbench/videos_processed/9tBsMSDoDqk/frames/frame_1719.jpg', '/mnt/ssd/data/lvbench/videos_processed/9tBsMSDoDqk/frames/frame_1720.jpg', '/mnt/ssd/data/lvbench/videos_processed/9tBsMSDoDqk/frames/frame_1721.jpg', '/mnt/ssd/data/lvbench/videos_processed/9tBsMSDoDqk/frames/frame_1722.jpg', '/mnt/ssd/data/lvbench/videos_processed/9tBsMSDoDqk/frames/frame_1723.jpg', '/mnt/ssd/data/lvbench/videos_processed/9tBsMSDoDqk/frames/frame_1724.jpg', '/mnt/ssd/data/lvbench/videos_processed/9tBsMSDoDqk/frames/frame_1725.jpg', '/mnt/ssd/data/lvbench/videos_processed/9tBsMSDoDqk/frames/frame_1726.jpg', '/mnt/ssd/data/lvbench/videos_processed/9tBsMSDoDqk/frames/frame_1727.jpg', '/mnt/ssd/data/lvbench/videos_processed/9tBsMSDoDqk/frames/frame_1728.jpg', '/mnt/ssd/data/lvbench/videos_processed/9tBsMSDoDqk/frames/frame_1729.jpg', '/mnt/ssd/data/lvbench/videos_processed/9tBsMSDoDqk/frames/frame_1730.jpg', '/mnt/ssd/data/lvbench/videos_processed/9tBsMSDoDqk/frames/frame_1731.jpg', '/mnt/ssd/data/lvbench/videos_processed/9tBsMSDoDqk/frames/frame_1732.jpg', '/mnt/ssd/data/lvbench/videos_processed/9tBsMSDoDqk/frames/frame_1733.jpg', '/mnt/ssd/data/lvbench/videos_processed/9tBsMSDoDqk/frames/frame_1734.jpg'], 'response': "Based on the provided frames and the question criteria, the answer **'2' (Choice B: 'She made the performer strike a match, and she herself blew it out') is NOT correct**.\n\nHere's the detailed verification against each criterion:\n\n---\n\n**1. A judge is present in the scene**  \n✅ **True.** Sofia Vergara (in the red dress) is clearly visible as a judge in multiple frames (e.g., frames 6, 7, 8, 9, 10, 13, 14, 17, 18, 19).\n\n---\n\n**2. A match is being struck**  \n✅ **True.** In frame 7, Sofia Vergara is seen holding a matchbox and striking a match. The match ignites in frame 8.\n\n---\n\n**3. A match is being blown out**  \n✅ **True.** In frame 10, Sofia Vergara is seen blowing out the match. Frame 18 also shows her blowing on the match (possibly re-lit or another one), confirming she performs this action.\n\n---\n\n**4. The judge is performing an action with the match**  \n✅ **True.** Sofia Vergara strikes the match (frame 7), holds it while lit (frame 8), and blows it out (frame 10). She is directly manipulating the match.\n\n---\n\n**5. Another person (performer or other judge) may be involved with the match**  \n✅ **True.** The performer (Kevin Li, in the yellow jacket) is present and interacting with Sofia. In frame 13, he gestures toward her while she holds the match. In frame 21, he appears to be receiving or handling something from her (possibly the matchbox or match). However, **he does not strike the match** — she does.\n\n---\n\n**Critical Error in Choice B:**\n\n> **“She made the performer strike a match...”**\n\nThis is **false**. The frames show **Sofia Vergara striking the match herself** (frame 7). There is **no visual evidence** that she instructed or caused the performer to strike the match. In fact, the performer is shown reacting to her actions (e.g., frame 13), not initiating the match-striking.\n\n---\n\n**Conclusion:**\n\nWhile Sofia Vergara **does blow out the match herself**, she **does not** make the performer strike it — she strikes it herself. Therefore, **Choice B is factually incorrect**.\n\n✅ The correct answer should reflect that **the judge (Sofia) strikes and blows out the match herself**, without the performer striking it.\n\nThus, **the answer '2' is NOT correct** for this scene."}], 'formatted_responses': ["\n=== Batch 0-22 (22 frames) ===\nFrames: /mnt/ssd/data/lvbench/videos_processed/9tBsMSDoDqk/frames/frame_1713.jpg, /mnt/ssd/data/lvbench/videos_processed/9tBsMSDoDqk/frames/frame_1714.jpg, /mnt/ssd/data/lvbench/videos_processed/9tBsMSDoDqk/frames/frame_1715.jpg, /mnt/ssd/data/lvbench/videos_processed/9tBsMSDoDqk/frames/frame_1716.jpg, /mnt/ssd/data/lvbench/videos_processed/9tBsMSDoDqk/frames/frame_1717.jpg, /mnt/ssd/data/lvbench/videos_processed/9tBsMSDoDqk/frames/frame_1718.jpg, /mnt/ssd/data/lvbench/videos_processed/9tBsMSDoDqk/frames/frame_1719.jpg, /mnt/ssd/data/lvbench/videos_processed/9tBsMSDoDqk/frames/frame_1720.jpg, /mnt/ssd/data/lvbench/videos_processed/9tBsMSDoDqk/frames/frame_1721.jpg, /mnt/ssd/data/lvbench/videos_processed/9tBsMSDoDqk/frames/frame_1722.jpg, /mnt/ssd/data/lvbench/videos_processed/9tBsMSDoDqk/frames/frame_1723.jpg, /mnt/ssd/data/lvbench/videos_processed/9tBsMSDoDqk/frames/frame_1724.jpg, /mnt/ssd/data/lvbench/videos_processed/9tBsMSDoDqk/frames/frame_1725.jpg, /mnt/ssd/data/lvbench/videos_processed/9tBsMSDoDqk/frames/frame_1726.jpg, /mnt/ssd/data/lvbench/videos_processed/9tBsMSDoDqk/frames/frame_1727.jpg, /mnt/ssd/data/lvbench/videos_processed/9tBsMSDoDqk/frames/frame_1728.jpg, /mnt/ssd/data/lvbench/videos_processed/9tBsMSDoDqk/frames/frame_1729.jpg, /mnt/ssd/data/lvbench/videos_processed/9tBsMSDoDqk/frames/frame_1730.jpg, /mnt/ssd/data/lvbench/videos_processed/9tBsMSDoDqk/frames/frame_1731.jpg, /mnt/ssd/data/lvbench/videos_processed/9tBsMSDoDqk/frames/frame_1732.jpg, /mnt/ssd/data/lvbench/videos_processed/9tBsMSDoDqk/frames/frame_1733.jpg, /mnt/ssd/data/lvbench/videos_processed/9tBsMSDoDqk/frames/frame_1734.jpg\nVLM Response: Based on the provided frames and the question criteria, the answer **'2' (Choice B: 'She made the performer strike a match, and she herself blew it out') is NOT correct**.\n\nHere's the detailed verification against each criterion:\n\n---\n\n**1. A judge is present in the scene**  \n✅ **True.** Sofia Vergara (in the red dress) is clearly visible as a judge in multiple frames (e.g., frames 6, 7, 8, 9, 10, 13, 14, 17, 18, 19).\n\n---\n\n**2. A match is being struck**  \n✅ **True.** In frame 7, Sofia Vergara is seen holding a matchbox and striking a match. The match ignites in frame 8.\n\n---\n\n**3. A match is being blown out**  \n✅ **True.** In frame 10, Sofia Vergara is seen blowing out the match. Frame 18 also shows her blowing on the match (possibly re-lit or another one), confirming she performs this action.\n\n---\n\n**4. The judge is performing an action with the match**  \n✅ **True.** Sofia Vergara strikes the match (frame 7), holds it while lit (frame 8), and blows it out (frame 10). She is directly manipulating the match.\n\n---\n\n**5. Another person (performer or other judge) may be involved with the match**  \n✅ **True.** The performer (Kevin Li, in the yellow jacket) is present and interacting with Sofia. In frame 13, he gestures toward her while she holds the match. In frame 21, he appears to be receiving or handling something from her (possibly the matchbox or match). However, **he does not strike the match** — she does.\n\n---\n\n**Critical Error in Choice B:**\n\n> **“She made the performer strike a match...”**\n\nThis is **false**. The frames show **Sofia Vergara striking the match herself** (frame 7). There is **no visual evidence** that she instructed or caused the performer to strike the match. In fact, the performer is shown reacting to her actions (e.g., frame 13), not initiating the match-striking.\n\n---\n\n**Conclusion:**\n\nWhile Sofia Vergara **does blow out the match herself**, she **does not** make the performer strike it — she strikes it herself. Therefore, **Choice B is factually incorrect**.\n\n✅ The correct answer should reflect that **the judge (Sofia) strikes and blows out the match herself**, without the performer striking it.\n\nThus, **the answer '2' is NOT correct** for this scene.\n"], 'condensed_response': '**Scene Summary (Frames\u202f1713‑1734)**  \n\n| Frame | Characters & Action |\n|-------|----------------------|\n| **1716‑1719** (frames\u202f6‑9) | **Sofia\u202fVergara** in a red dress is seated as a judge. |\n| **1717** (frame\u202f7) | Sofia pulls a matchbox and **strikes a match herself**. |\n| **1718** (frame\u202f8) | The match ignites while still in Sofia’s hand. |\n| **1720** (frame\u202f10) | Sofia **blows out the lit match**. |\n| **1722** (frame\u202f13) | **Kevin\u202fLi** (the performer, yellow jacket) gestures toward Sofia as she holds the match, showing he is reacting, not acting on the match. |\n| **1728** (frame\u202f18) | Sofia again **blows on a match** (either re‑igniting or extinguishing a second one). |\n| **1732** (frame\u202f21) | Kevin appears to receive something from Sofia (likely the matchbox), but never handles the match itself. |\n\n**Key Points for the Question**\n\n1. **Judge present** – Confirmed (Sofia, frames\u202f6‑9,\u202f13‑19).  \n2. **Match struck** – Sofia does it herself (frame\u202f7).  \n3. **Match blown out** – Sofia blows it out (frames\u202f10,\u202f18).  \n4. **Judge’s direct involvement** – Sofia manipulates the match throughout.  \n5. **Performer involvement** – Kevin is only a spectator/recipient; he never strikes the match.\n\n**Conclusion**\n\nChoice\u202fB (“She made the performer strike a match, and she herself blew it out”) is **incorrect**. The visual evidence shows **Sofia Vergara both striking and blowing out the match herself**, while the performer merely watches or receives the matchbox.', 'failed_images': []}
Followup prompt: 
Critically assess whether the VLM verification supports the given answer by evaluating each criterion.

VLM Verification Results:
{'batched_responses': [{'batch_start': 0, 'batch_end': 22, 'image_paths': ['/mnt/ssd/data/lvbench/videos_processed/9tBsMSDoDqk/frames/frame_1713.jpg', '/mnt/ssd/data/lvbench/videos_processed/9tBsMSDoDqk/frames/frame_1714.jpg', '/mnt/ssd/data/lvbench/videos_processed/9tBsMSDoDqk/frames/frame_1715.jpg', '/mnt/ssd/data/lvbench/videos_processed/9tBsMSDoDqk/frames/frame_1716.jpg', '/mnt/ssd/data/lvbench/videos_processed/9tBsMSDoDqk/frames/frame_1717.jpg', '/mnt/ssd/data/lvbench/videos_processed/9tBsMSDoDqk/frames/frame_1718.jpg', '/mnt/ssd/data/lvbench/videos_processed/9tBsMSDoDqk/frames/frame_1719.jpg', '/mnt/ssd/data/lvbench/videos_processed/9tBsMSDoDqk/frames/frame_1720.jpg', '/mnt/ssd/data/lvbench/videos_processed/9tBsMSDoDqk/frames/frame_1721.jpg', '/mnt/ssd/data/lvbench/videos_processed/9tBsMSDoDqk/frames/frame_1722.jpg', '/mnt/ssd/data/lvbench/videos_processed/9tBsMSDoDqk/frames/frame_1723.jpg', '/mnt/ssd/data/lvbench/videos_processed/9tBsMSDoDqk/frames/frame_1724.jpg', '/mnt/ssd/data/lvbench/videos_processed/9tBsMSDoDqk/frames/frame_1725.jpg', '/mnt/ssd/data/lvbench/videos_processed/9tBsMSDoDqk/frames/frame_1726.jpg', '/mnt/ssd/data/lvbench/videos_processed/9tBsMSDoDqk/frames/frame_1727.jpg', '/mnt/ssd/data/lvbench/videos_processed/9tBsMSDoDqk/frames/frame_1728.jpg', '/mnt/ssd/data/lvbench/videos_processed/9tBsMSDoDqk/frames/frame_1729.jpg', '/mnt/ssd/data/lvbench/videos_processed/9tBsMSDoDqk/frames/frame_1730.jpg', '/mnt/ssd/data/lvbench/videos_processed/9tBsMSDoDqk/frames/frame_1731.jpg', '/mnt/ssd/data/lvbench/videos_processed/9tBsMSDoDqk/frames/frame_1732.jpg', '/mnt/ssd/data/lvbench/videos_processed/9tBsMSDoDqk/frames/frame_1733.jpg', '/mnt/ssd/data/lvbench/videos_processed/9tBsMSDoDqk/frames/frame_1734.jpg'], 'response': "Based on the provided frames and the question criteria, the answer **'2' (Choice B: 'She made the performer strike a match, and she herself blew it out') is NOT correct**.\n\nHere's the detailed verification against each criterion:\n\n---\n\n**1. A judge is present in the scene**  \n✅ **True.** Sofia Vergara (in the red dress) is clearly visible as a judge in multiple frames (e.g., frames 6, 7, 8, 9, 10, 13, 14, 17, 18, 19).\n\n---\n\n**2. A match is being struck**  \n✅ **True.** In frame 7, Sofia Vergara is seen holding a matchbox and striking a match. The match ignites in frame 8.\n\n---\n\n**3. A match is being blown out**  \n✅ **True.** In frame 10, Sofia Vergara is seen blowing out the match. Frame 18 also shows her blowing on the match (possibly re-lit or another one), confirming she performs this action.\n\n---\n\n**4. The judge is performing an action with the match**  \n✅ **True.** Sofia Vergara strikes the match (frame 7), holds it while lit (frame 8), and blows it out (frame 10). She is directly manipulating the match.\n\n---\n\n**5. Another person (performer or other judge) may be involved with the match**  \n✅ **True.** The performer (Kevin Li, in the yellow jacket) is present and interacting with Sofia. In frame 13, he gestures toward her while she holds the match. In frame 21, he appears to be receiving or handling something from her (possibly the matchbox or match). However, **he does not strike the match** — she does.\n\n---\n\n**Critical Error in Choice B:**\n\n> **“She made the performer strike a match...”**\n\nThis is **false**. The frames show **Sofia Vergara striking the match herself** (frame 7). There is **no visual evidence** that she instructed or caused the performer to strike the match. In fact, the performer is shown reacting to her actions (e.g., frame 13), not initiating the match-striking.\n\n---\n\n**Conclusion:**\n\nWhile Sofia Vergara **does blow out the match herself**, she **does not** make the performer strike it — she strikes it herself. Therefore, **Choice B is factually incorrect**.\n\n✅ The correct answer should reflect that **the judge (Sofia) strikes and blows out the match herself**, without the performer striking it.\n\nThus, **the answer '2' is NOT correct** for this scene."}], 'formatted_responses': ["\n=== Batch 0-22 (22 frames) ===\nFrames: /mnt/ssd/data/lvbench/videos_processed/9tBsMSDoDqk/frames/frame_1713.jpg, /mnt/ssd/data/lvbench/videos_processed/9tBsMSDoDqk/frames/frame_1714.jpg, /mnt/ssd/data/lvbench/videos_processed/9tBsMSDoDqk/frames/frame_1715.jpg, /mnt/ssd/data/lvbench/videos_processed/9tBsMSDoDqk/frames/frame_1716.jpg, /mnt/ssd/data/lvbench/videos_processed/9tBsMSDoDqk/frames/frame_1717.jpg, /mnt/ssd/data/lvbench/videos_processed/9tBsMSDoDqk/frames/frame_1718.jpg, /mnt/ssd/data/lvbench/videos_processed/9tBsMSDoDqk/frames/frame_1719.jpg, /mnt/ssd/data/lvbench/videos_processed/9tBsMSDoDqk/frames/frame_1720.jpg, /mnt/ssd/data/lvbench/videos_processed/9tBsMSDoDqk/frames/frame_1721.jpg, /mnt/ssd/data/lvbench/videos_processed/9tBsMSDoDqk/frames/frame_1722.jpg, /mnt/ssd/data/lvbench/videos_processed/9tBsMSDoDqk/frames/frame_1723.jpg, /mnt/ssd/data/lvbench/videos_processed/9tBsMSDoDqk/frames/frame_1724.jpg, /mnt/ssd/data/lvbench/videos_processed/9tBsMSDoDqk/frames/frame_1725.jpg, /mnt/ssd/data/lvbench/videos_processed/9tBsMSDoDqk/frames/frame_1726.jpg, /mnt/ssd/data/lvbench/videos_processed/9tBsMSDoDqk/frames/frame_1727.jpg, /mnt/ssd/data/lvbench/videos_processed/9tBsMSDoDqk/frames/frame_1728.jpg, /mnt/ssd/data/lvbench/videos_processed/9tBsMSDoDqk/frames/frame_1729.jpg, /mnt/ssd/data/lvbench/videos_processed/9tBsMSDoDqk/frames/frame_1730.jpg, /mnt/ssd/data/lvbench/videos_processed/9tBsMSDoDqk/frames/frame_1731.jpg, /mnt/ssd/data/lvbench/videos_processed/9tBsMSDoDqk/frames/frame_1732.jpg, /mnt/ssd/data/lvbench/videos_processed/9tBsMSDoDqk/frames/frame_1733.jpg, /mnt/ssd/data/lvbench/videos_processed/9tBsMSDoDqk/frames/frame_1734.jpg\nVLM Response: Based on the provided frames and the question criteria, the answer **'2' (Choice B: 'She made the performer strike a match, and she herself blew it out') is NOT correct**.\n\nHere's the detailed verification against each criterion:\n\n---\n\n**1. A judge is present in the scene**  \n✅ **True.** Sofia Vergara (in the red dress) is clearly visible as a judge in multiple frames (e.g., frames 6, 7, 8, 9, 10, 13, 14, 17, 18, 19).\n\n---\n\n**2. A match is being struck**  \n✅ **True.** In frame 7, Sofia Vergara is seen holding a matchbox and striking a match. The match ignites in frame 8.\n\n---\n\n**3. A match is being blown out**  \n✅ **True.** In frame 10, Sofia Vergara is seen blowing out the match. Frame 18 also shows her blowing on the match (possibly re-lit or another one), confirming she performs this action.\n\n---\n\n**4. The judge is performing an action with the match**  \n✅ **True.** Sofia Vergara strikes the match (frame 7), holds it while lit (frame 8), and blows it out (frame 10). She is directly manipulating the match.\n\n---\n\n**5. Another person (performer or other judge) may be involved with the match**  \n✅ **True.** The performer (Kevin Li, in the yellow jacket) is present and interacting with Sofia. In frame 13, he gestures toward her while she holds the match. In frame 21, he appears to be receiving or handling something from her (possibly the matchbox or match). However, **he does not strike the match** — she does.\n\n---\n\n**Critical Error in Choice B:**\n\n> **“She made the performer strike a match...”**\n\nThis is **false**. The frames show **Sofia Vergara striking the match herself** (frame 7). There is **no visual evidence** that she instructed or caused the performer to strike the match. In fact, the performer is shown reacting to her actions (e.g., frame 13), not initiating the match-striking.\n\n---\n\n**Conclusion:**\n\nWhile Sofia Vergara **does blow out the match herself**, she **does not** make the performer strike it — she strikes it herself. Therefore, **Choice B is factually incorrect**.\n\n✅ The correct answer should reflect that **the judge (Sofia) strikes and blows out the match herself**, without the performer striking it.\n\nThus, **the answer '2' is NOT correct** for this scene.\n"], 'condensed_response': '**Scene Summary (Frames\u202f1713‑1734)**  \n\n| Frame | Characters & Action |\n|-------|----------------------|\n| **1716‑1719** (frames\u202f6‑9) | **Sofia\u202fVergara** in a red dress is seated as a judge. |\n| **1717** (frame\u202f7) | Sofia pulls a matchbox and **strikes a match herself**. |\n| **1718** (frame\u202f8) | The match ignites while still in Sofia’s hand. |\n| **1720** (frame\u202f10) | Sofia **blows out the lit match**. |\n| **1722** (frame\u202f13) | **Kevin\u202fLi** (the performer, yellow jacket) gestures toward Sofia as she holds the match, showing he is reacting, not acting on the match. |\n| **1728** (frame\u202f18) | Sofia again **blows on a match** (either re‑igniting or extinguishing a second one). |\n| **1732** (frame\u202f21) | Kevin appears to receive something from Sofia (likely the matchbox), but never handles the match itself. |\n\n**Key Points for the Question**\n\n1. **Judge present** – Confirmed (Sofia, frames\u202f6‑9,\u202f13‑19).  \n2. **Match struck** – Sofia does it herself (frame\u202f7).  \n3. **Match blown out** – Sofia blows it out (frames\u202f10,\u202f18).  \n4. **Judge’s direct involvement** – Sofia manipulates the match throughout.  \n5. **Performer involvement** – Kevin is only a spectator/recipient; he never strikes the match.\n\n**Conclusion**\n\nChoice\u202fB (“She made the performer strike a match, and she herself blew it out”) is **incorrect**. The visual evidence shows **Sofia Vergara both striking and blowing out the match herself**, while the performer merely watches or receives the matchbox.', 'failed_images': []}

Question Being Answered: What actions are performed by the judge in this scene from 28:38-28:50?

Answer Choices:
A. She struck a match and made the female judge beside her blow it out
B. She made the performer strike a match, and she herself blew it out
C. She struck a match and blew it out
D. She watched as the performer struck a match and blew it out

Given Answer: 2
Evidence Frames Used: ['frames/frame_1718.jpg', 'frames/frame_1719.jpg', 'frames/frame_1720.jpg', 'frames/frame_1721.jpg', 'frames/frame_1724.jpg', 'frames/frame_1725.jpg', 'frames/frame_1728.jpg', 'frames/frame_1729.jpg']

Character/Event/Scene logs: ================================================================================
CHARACTER, EVENT, AND SCENE LOGS
================================================================================

CHARACTERS:
Kevin Li (Young Asian Man): Description: Wearing a beige jacket or suit, white shirt, and sometimes a small microphone attached to his ear or cheek.
Terry Crews: Description: Bald man wearing a black suit, white shirt, and sometimes a gold pin on his lapel.
Simon Cowell: Description: Middle-aged man with short dark hair, wearing a dark blue or black shirt, sometimes holding a microphone or a blue SONIC cup.
Heidi Klum: Description: Blonde woman wearing various outfits including bright yellow or neon yellow dresses or tops, sometimes holding a microphone or a blue SONIC cup.
Sofia Vergara: Description: Woman with long, wavy brown hair, wearing a red dress or top, sometimes holding a microphone or a blue SONIC cup.
Howie Mandel: Description: Bald man with a grey or white goatee, wearing a denim jacket or black shirt, sometimes holding a microphone or a blue SONIC cup.
Brynn Cummings (Young Girl): Description: Young girl with long brown hair, wearing a green dress with white flowers or spots, performing a ventriloquism act with a pink furry puppet.
Ryland (Young Boy): Description: Young boy with short brown hair, wearing a green polo shirt, performing a magic trick.

SCENES:
Stage with a cityscape backdrop: Description: A stage with a large screen displaying a cityscape at various times of day or night. [0011-0023]
Judges' Table: Description: A long white table with microphones and blue SONIC cups, where the judges are seated. [0021-2032]
Stage with a blue and purple background: Description: A stage with a vibrant, multicolored background featuring blue and purple hues. [0004-0055]
Crowded Auditorium: Description: A large auditorium filled with a diverse audience watching a performance or presentation. [0037-0065]
Backstage Area: Description: A room with red curtains and various equipment, where contestants and hosts interact. [2007-2015]
Stage with a large screen displaying "America's Got Talent" logo: Description: A stage with a large screen displaying the show's logo and judges' names. [0433-0466]

EVENTS:
Magic Trick Performance: Description: Kevin Li performing a magic trick on stage, sometimes involving cards, objects, or assistants. [0065-0105]
Judges' Reactions: Description: The judges reacting to a performance or presentation, sometimes with surprise, shock, or applause. [0107-0129]
Ventriloquism Act: Description: Brynn Cummings performing a ventriloquism act with a pink furry puppet on stage. [0415-0466]
Magic Trick with Cards: Description: Ryland performing a magic trick involving cards and a display screen. [1226-1257]
Contestant Performances: Description: Various contestants performing on stage, sometimes with the judges reacting or interacting with them. [1264-2032]

================================================================================
Generated at: 2026-01-11 21:46:02
================================================================================



QUESTION-BASED CRITERIA:
  Q1. A judge is present in the scene
  Q2. A match is being struck
  Q3. A match is being blown out
  Q4. The judge is performing an action with the match
  Q5. Another person (performer or other judge) may be involved with the match


CRITICAL ASSESSMENT TASK:
For EACH criterion listed above, determine whether it PASSES or FAILS based ONLY on what the VLM actually reports seeing in the frames.

- PASS: The VLM results clearly confirm this criterion is satisfied in the frames
- FAIL: The VLM results indicate this criterion is NOT satisfied, or there is insufficient evidence

CONFIDENCE CALCULATION RULES:
1. Count how many criteria pass (criteria_percentage = criteria_passed / 5)
2. Calculate base_confidence = criteria_percentage * 100
3. ⚠️ If ANY answer-specific criterion (A1, A2, etc.) FAILS, set confidence = min(50, base_confidence)

⚠️ CRITICAL: There is ALWAYS a correct answer among the choices provided. If all answers seem slightly off or imperfect, you MUST choose the BEST possible answer that most closely matches the evidence.

CRITIC ANSWER CHOICE DECISION:
4. After evaluating criteria, if criteria_percentage > 0.5 (>50% of criteria pass):
   - Review ALL answer choices (A, B, C, D, etc.)
   - Based ONLY on the VLM visual evidence, determine which answer choice is MOST correct
   - Output your critic_answer_choice as a NUMBER (0=A, 1=B, 2=C, 3=D)
5. If criteria_percentage ≤ 0.5 (≤50% of criteria pass):
   - STILL do your best to pick out a correct answer, but also set suggestion to "These may not be the right frames/scene. Continue searching for better evidence."
   - output your best guess of the answer as a number (0=A, 1=B, 2=C, 3=D, 4=E)

Return ONLY this JSON:
{
    "criteria_results": [
        {"criterion": "criterion text", "criterion_type": "QUESTION or ANSWER", "status": "PASS or FAIL", "reasoning": "brief explanation"},
        ...
    ],
    "question_criteria_passed": <number of question criteria that passed>,
    "answer_criteria_passed": <number of answer criteria that passed>,
    "answer_criteria_total": 0,
    "criteria_passed": <number of question criteria that passed>,
    "criteria_total": 5,
    "criteria_percentage": <criteria_passed / 5>,
    "base_confidence": <(criteria_passed / 5) * 100>,
    "confidence": <base_confidence OR 50 if any answer criterion failed>,
    "critic_answer_choice": <NUMBER: 0=A, 1=B, 2=C, 3=D, 4=E>,
    "critic_reasoning": "<Brief explanation of why you chose this answer based on VLM evidence>",
    "possible_errors": [
        <List specific criteria that failed or issues found>
    ],
    "suggestion": <"These may not be the right frames" if ≤50%, otherwise null or specific improvement>
}

IMPORTANT RULES:
- Evaluate EACH criterion independently based on VLM results
- Mark criterion as PASS only if VLM clearly confirms it
- Mark criterion as FAIL if not confirmed or contradicted
- If ANY answer-specific criterion fails, confidence MUST be ≤50%
- Base evaluation ONLY on VLM verification results, not speculation
- Only list errors for criteria that actually failed
- Return ONLY valid JSON

Critical assessment response: 
```json
{
    "criteria_results": [
        {"criterion": "A judge is present in the scene", "criterion_type": "QUESTION", "status": "PASS", "reasoning": "VLM confirms Sofia Vergara is clearly visible as a judge in multiple frames"},
        {"criterion": "A match is being struck", "criterion_type": "QUESTION", "status": "PASS", "reasoning": "VLM confirms Sofia Vergara strikes a match herself in frame 7"},
        {"criterion": "A match is being blown out", "criterion_type": "QUESTION", "status": "PASS", "reasoning": "VLM confirms Sofia Vergara blows out the match in frame 10 and possibly again in frame 18"},
        {"criterion": "The judge is performing an action with the match", "criterion_type": "QUESTION", "status": "PASS", "reasoning": "VLM confirms Sofia Vergara directly manipulates the match throughout - striking, holding, and blowing it out"},
        {"criterion": "Another person (performer or other judge) may be involved with the match", "criterion_type": "QUESTION", "status": "PASS", "reasoning": "VLM confirms performer Kevin Li is present and interacting, but only as spectator/recipient, not striking the match"}
    ],
    "question_criteria_passed": 5,
    "answer_criteria_passed": 0,
    "answer_criteria_total": 0,
    "criteria_passed": 5,
    "criteria_total": 5,
    "criteria_percentage": 1.0,
    "base_confidence": 100,
    "confidence": 100,
    "critic_answer_choice": 2,
    "critic_reasoning": "The VLM evidence clearly shows Sofia Vergara (the judge) both striking the match and blowing it out herself. The performer (Kevin Li) is only observing/reacting, not striking the match. This matches Choice C: 'She struck a match and blew it out'",
    "possible_errors": [],
    "suggestion": null
}
```
Critical assessment data: {'criteria_results': [{'criterion': 'A judge is present in the scene', 'criterion_type': 'QUESTION', 'status': 'PASS', 'reasoning': 'VLM confirms Sofia Vergara is clearly visible as a judge in multiple frames'}, {'criterion': 'A match is being struck', 'criterion_type': 'QUESTION', 'status': 'PASS', 'reasoning': 'VLM confirms Sofia Vergara strikes a match herself in frame 7'}, {'criterion': 'A match is being blown out', 'criterion_type': 'QUESTION', 'status': 'PASS', 'reasoning': 'VLM confirms Sofia Vergara blows out the match in frame 10 and possibly again in frame 18'}, {'criterion': 'The judge is performing an action with the match', 'criterion_type': 'QUESTION', 'status': 'PASS', 'reasoning': 'VLM confirms Sofia Vergara directly manipulates the match throughout - striking, holding, and blowing it out'}, {'criterion': 'Another person (performer or other judge) may be involved with the match', 'criterion_type': 'QUESTION', 'status': 'PASS', 'reasoning': 'VLM confirms performer Kevin Li is present and interacting, but only as spectator/recipient, not striking the match'}], 'question_criteria_passed': 5, 'answer_criteria_passed': 0, 'answer_criteria_total': 0, 'criteria_passed': 5, 'criteria_total': 5, 'criteria_percentage': 1.0, 'base_confidence': 100, 'confidence': 100, 'critic_answer_choice': 2, 'critic_reasoning': "The VLM evidence clearly shows Sofia Vergara (the judge) both striking the match and blowing it out herself. The performer (Kevin Li) is only observing/reacting, not striking the match. This matches Choice C: 'She struck a match and blew it out'", 'possible_errors': [], 'suggestion': None}
