Critic initial response: {
    "tool": "VLM_QUERY",
    "frames": ["frames/frame_0400.jpg", "frames/frame_0401.jpg", "frames/frame_0402.jpg", "frames/frame_0403.jpg", "frames/frame_0404.jpg", "frames/frame_0405.jpg", "frames/frame_0406.jpg", "frames/frame_0407.jpg", "frames/frame_0408.jpg", "frames/frame_0409.jpg", "frames/frame_0410.jpg", "frames/frame_0411.jpg", "frames/frame_0412.jpg", "frames/frame_0413.jpg", "frames/frame_0414.jpg", "frames/frame_0415.jpg", "frames/frame_0416.jpg", "frames/frame_0417.jpg", "frames/frame_0418.jpg", "frames/frame_0419.jpg", "frames/frame_0420.jpg"],
    "prompt": "Based on these frames (including context before/after), verify if the answer '2' is correct for the question: In the next shot after James Corden's driving, what position does he speak in? Check the question criteria: ['James Corden driving a vehicle', 'Shot immediately following the driving scene', 'James Corden speaking/talking in the next shot', 'James Corden's physical position in the next shot (standing, sitting, etc)', 'The setting/environment where James Corden is speaking', 'Objects around James Corden (sofa, table, book, etc)']. Pay attention to timestamps and temporal sequences. Specifically look for: 1) James Corden driving a vehicle in earlier frames, 2) The shot immediately after driving ends, 3) James Corden speaking in that next shot, 4) His physical position (standing/sitting), 5) The environment/setting, and 6) Objects around him (sofa/table/book)."
}
Frames to verify: ['frames/frame_0400.jpg', 'frames/frame_0401.jpg', 'frames/frame_0402.jpg', 'frames/frame_0403.jpg', 'frames/frame_0404.jpg', 'frames/frame_0405.jpg', 'frames/frame_0406.jpg', 'frames/frame_0407.jpg', 'frames/frame_0408.jpg', 'frames/frame_0409.jpg', 'frames/frame_0410.jpg', 'frames/frame_0411.jpg', 'frames/frame_0412.jpg', 'frames/frame_0413.jpg', 'frames/frame_0414.jpg', 'frames/frame_0415.jpg', 'frames/frame_0416.jpg', 'frames/frame_0417.jpg', 'frames/frame_0418.jpg', 'frames/frame_0419.jpg', 'frames/frame_0420.jpg']
VLM Prompt: Video context: Based on the provided frame-by-frame captions data, here is a global summary of the video:

**Main Characters:**
The main character is James Corden, a British television host, actor, and singer. He is often seen wearing a dark suit, light blue shirt, and red tie. Other notable characters include President Joe Biden, Harry Styles, and various guests and audience members on the show.

**Setting:**
The video is primarily set in a television studio, specifically the set of "The Late Late Show with James Corden." The studio features a cityscape backdrop, a desk, and a stage with a band. The video also shows backstage areas, stairwells, and hallways. Additionally, there are scenes set in the White House, a concert venue, and a crowded street in New York City.

**Plot Line:**
The video appears to be a compilation of scenes from James Corden's life and work, primarily focused on his late-night talk show, "The Late Late Show with James Corden." The video begins with James Corden getting ready for the show, interacting with his team, and performing on stage. It then cuts to various scenes of him hosting the show, interviewing guests, and participating in comedic sketches. The video also includes scenes of James Corden meeting with President Joe Biden at the White House and attending other events. The tone is lighthearted and comedic, with a focus on entertainment and celebrity culture.

**Vibes:**
The overall vibe of the video is upbeat, energetic, and entertaining. The tone is often humorous, with a touch of satire and playfulness. The video also conveys a sense of excitement and enthusiasm, particularly in the scenes featuring James Corden's performances and interactions with his guests.

**General Details:**
The video is a fast-paced, edited compilation of various scenes, suggesting that it may be a promotional or summary video for "The Late Late Show with James Corden." The inclusion of President Joe Biden and other celebrities adds to the show's prestige and highlights James Corden's connections to the entertainment and political worlds. The video's use of bright colors, spotlights, and dynamic camera angles creates a lively and engaging atmosphere.

Based on these frames (including context before/after), verify if the answer '2' is correct for the question: In the next shot after James Corden's driving, what position does he speak in? Check the question criteria: ['James Corden driving a vehicle', 'Shot immediately following the driving scene', 'James Corden speaking/talking in the next shot', 'James Corden's physical position in the next shot (standing, sitting, etc)', 'The setting/environment where James Corden is speaking', 'Objects around James Corden (sofa, table, book, etc)']. Pay attention to timestamps and temporal sequences. Specifically look for: 1) James Corden driving a vehicle in earlier frames, 2) The shot immediately after driving ends, 3) James Corden speaking in that next shot, 4) His physical position (standing/sitting), 5) The environment/setting, and 6) Objects around him (sofa/table/book).
VLM response: {'batched_responses': [{'batch_start': 0, 'batch_end': 21, 'image_paths': ['/mnt/ssd/data/lvbench/videos_processed/AeEYQ62t8hA/frames/frame_0400.jpg', '/mnt/ssd/data/lvbench/videos_processed/AeEYQ62t8hA/frames/frame_0401.jpg', '/mnt/ssd/data/lvbench/videos_processed/AeEYQ62t8hA/frames/frame_0402.jpg', '/mnt/ssd/data/lvbench/videos_processed/AeEYQ62t8hA/frames/frame_0403.jpg', '/mnt/ssd/data/lvbench/videos_processed/AeEYQ62t8hA/frames/frame_0404.jpg', '/mnt/ssd/data/lvbench/videos_processed/AeEYQ62t8hA/frames/frame_0405.jpg', '/mnt/ssd/data/lvbench/videos_processed/AeEYQ62t8hA/frames/frame_0406.jpg', '/mnt/ssd/data/lvbench/videos_processed/AeEYQ62t8hA/frames/frame_0407.jpg', '/mnt/ssd/data/lvbench/videos_processed/AeEYQ62t8hA/frames/frame_0408.jpg', '/mnt/ssd/data/lvbench/videos_processed/AeEYQ62t8hA/frames/frame_0409.jpg', '/mnt/ssd/data/lvbench/videos_processed/AeEYQ62t8hA/frames/frame_0410.jpg', '/mnt/ssd/data/lvbench/videos_processed/AeEYQ62t8hA/frames/frame_0411.jpg', '/mnt/ssd/data/lvbench/videos_processed/AeEYQ62t8hA/frames/frame_0412.jpg', '/mnt/ssd/data/lvbench/videos_processed/AeEYQ62t8hA/frames/frame_0413.jpg', '/mnt/ssd/data/lvbench/videos_processed/AeEYQ62t8hA/frames/frame_0414.jpg', '/mnt/ssd/data/lvbench/videos_processed/AeEYQ62t8hA/frames/frame_0415.jpg', '/mnt/ssd/data/lvbench/videos_processed/AeEYQ62t8hA/frames/frame_0416.jpg', '/mnt/ssd/data/lvbench/videos_processed/AeEYQ62t8hA/frames/frame_0417.jpg', '/mnt/ssd/data/lvbench/videos_processed/AeEYQ62t8hA/frames/frame_0418.jpg', '/mnt/ssd/data/lvbench/videos_processed/AeEYQ62t8hA/frames/frame_0419.jpg', '/mnt/ssd/data/lvbench/videos_processed/AeEYQ62t8hA/frames/frame_0420.jpg'], 'response': "Based on the provided frames and the question criteria, let’s verify step by step whether the answer **‘2’** is correct for the question:  \n> *In the next shot after James Corden's driving, what position does he speak in?*\n\n---\n\n### Step 1: **Identify James Corden driving a vehicle**\n- **Frames 4, 5, 6, 7, 8, 9, 10** clearly show James Corden driving a red convertible at night.\n  - Frame 4: Close-up of him in the driver’s seat, adjusting something.\n  - Frame 5: Wide shot from outside the car, showing him driving with a passenger.\n  - Frame 6–10: Various angles of him driving, holding the wheel, singing/talking.\n- The driving sequence ends at **Frame 10**.\n\n---\n\n### Step 2: **Identify the shot immediately after driving ends**\n- **Frame 11** is the next shot after Frame 10.\n- Frame 11: Aerial night shot of a city with the show’s title “THE LATE LATE SHOW WITH JAMES CORDEN” overlaid.\n- This is **not** James Corden speaking — it’s a title card.\n\n---\n\n### Step 3: **Identify when James Corden speaks next**\n- The next time James Corden appears **speaking** is in **Frame 16**.\n- Between Frame 11 and Frame 16 (Frames 12–15), we see **title card variations** with different neon colors — still no James Corden speaking.\n\n---\n\n### Step 4: **Determine James Corden’s physical position in the next speaking shot (Frame 16)**\n- **Frame 16**: James Corden is **sitting** behind a desk.\n- He is gesturing with his hands and speaking (mouth open, expressive face).\n- **Position: Sitting.**\n\n---\n\n### Step 5: **Environment/Setting**\n- He is on the **studio set** of “The Late Late Show.”\n- Background: Cityscape backdrop (stylized, likely a screen or set piece).\n- Lighting: Studio lighting, spotlights visible.\n\n---\n\n### Step 6: **Objects around him**\n- He is seated at a **wooden desk**.\n- On the desk: A **mug**, a **bell**, and possibly a **notebook or tablet** (partially visible).\n- No sofa, book, or table (other than the desk) is visible.\n\n---\n\n### Final Evaluation:\n\nThe question asks:  \n> *In the next shot after James Corden's driving, what position does he speak in?*\n\n- The **next shot after driving (Frame 11)** is a title card — **he is not speaking**.\n- The **next shot where he is speaking** is **Frame 16**, where he is **sitting** at a desk.\n- Therefore, if the question is interpreted as “the next shot *in which he speaks* after driving,” the correct position is **sitting**.\n\n---\n\n### Is the answer ‘2’ correct?\n\nThe answer ‘2’ is **not defined** in your query — you have not provided what ‘2’ refers to. However, based on common multiple-choice conventions (e.g., 1 = standing, 2 = sitting, 3 = lying down, etc.), **if ‘2’ corresponds to “sitting,” then YES, it is correct.**\n\n✅ **Assuming ‘2’ means “sitting” — the answer is correct.**\n\n---\n\n### Final Answer:\n**Yes, the answer ‘2’ is correct — James Corden is sitting at his desk when he speaks in the first shot after the driving sequence ends.**"}], 'formatted_responses': ["\n=== Batch 0-21 (21 frames) ===\nFrames: /mnt/ssd/data/lvbench/videos_processed/AeEYQ62t8hA/frames/frame_0400.jpg, /mnt/ssd/data/lvbench/videos_processed/AeEYQ62t8hA/frames/frame_0401.jpg, /mnt/ssd/data/lvbench/videos_processed/AeEYQ62t8hA/frames/frame_0402.jpg, /mnt/ssd/data/lvbench/videos_processed/AeEYQ62t8hA/frames/frame_0403.jpg, /mnt/ssd/data/lvbench/videos_processed/AeEYQ62t8hA/frames/frame_0404.jpg, /mnt/ssd/data/lvbench/videos_processed/AeEYQ62t8hA/frames/frame_0405.jpg, /mnt/ssd/data/lvbench/videos_processed/AeEYQ62t8hA/frames/frame_0406.jpg, /mnt/ssd/data/lvbench/videos_processed/AeEYQ62t8hA/frames/frame_0407.jpg, /mnt/ssd/data/lvbench/videos_processed/AeEYQ62t8hA/frames/frame_0408.jpg, /mnt/ssd/data/lvbench/videos_processed/AeEYQ62t8hA/frames/frame_0409.jpg, /mnt/ssd/data/lvbench/videos_processed/AeEYQ62t8hA/frames/frame_0410.jpg, /mnt/ssd/data/lvbench/videos_processed/AeEYQ62t8hA/frames/frame_0411.jpg, /mnt/ssd/data/lvbench/videos_processed/AeEYQ62t8hA/frames/frame_0412.jpg, /mnt/ssd/data/lvbench/videos_processed/AeEYQ62t8hA/frames/frame_0413.jpg, /mnt/ssd/data/lvbench/videos_processed/AeEYQ62t8hA/frames/frame_0414.jpg, /mnt/ssd/data/lvbench/videos_processed/AeEYQ62t8hA/frames/frame_0415.jpg, /mnt/ssd/data/lvbench/videos_processed/AeEYQ62t8hA/frames/frame_0416.jpg, /mnt/ssd/data/lvbench/videos_processed/AeEYQ62t8hA/frames/frame_0417.jpg, /mnt/ssd/data/lvbench/videos_processed/AeEYQ62t8hA/frames/frame_0418.jpg, /mnt/ssd/data/lvbench/videos_processed/AeEYQ62t8hA/frames/frame_0419.jpg, /mnt/ssd/data/lvbench/videos_processed/AeEYQ62t8hA/frames/frame_0420.jpg\nVLM Response: Based on the provided frames and the question criteria, let’s verify step by step whether the answer **‘2’** is correct for the question:  \n> *In the next shot after James Corden's driving, what position does he speak in?*\n\n---\n\n### Step 1: **Identify James Corden driving a vehicle**\n- **Frames 4, 5, 6, 7, 8, 9, 10** clearly show James Corden driving a red convertible at night.\n  - Frame 4: Close-up of him in the driver’s seat, adjusting something.\n  - Frame 5: Wide shot from outside the car, showing him driving with a passenger.\n  - Frame 6–10: Various angles of him driving, holding the wheel, singing/talking.\n- The driving sequence ends at **Frame 10**.\n\n---\n\n### Step 2: **Identify the shot immediately after driving ends**\n- **Frame 11** is the next shot after Frame 10.\n- Frame 11: Aerial night shot of a city with the show’s title “THE LATE LATE SHOW WITH JAMES CORDEN” overlaid.\n- This is **not** James Corden speaking — it’s a title card.\n\n---\n\n### Step 3: **Identify when James Corden speaks next**\n- The next time James Corden appears **speaking** is in **Frame 16**.\n- Between Frame 11 and Frame 16 (Frames 12–15), we see **title card variations** with different neon colors — still no James Corden speaking.\n\n---\n\n### Step 4: **Determine James Corden’s physical position in the next speaking shot (Frame 16)**\n- **Frame 16**: James Corden is **sitting** behind a desk.\n- He is gesturing with his hands and speaking (mouth open, expressive face).\n- **Position: Sitting.**\n\n---\n\n### Step 5: **Environment/Setting**\n- He is on the **studio set** of “The Late Late Show.”\n- Background: Cityscape backdrop (stylized, likely a screen or set piece).\n- Lighting: Studio lighting, spotlights visible.\n\n---\n\n### Step 6: **Objects around him**\n- He is seated at a **wooden desk**.\n- On the desk: A **mug**, a **bell**, and possibly a **notebook or tablet** (partially visible).\n- No sofa, book, or table (other than the desk) is visible.\n\n---\n\n### Final Evaluation:\n\nThe question asks:  \n> *In the next shot after James Corden's driving, what position does he speak in?*\n\n- The **next shot after driving (Frame 11)** is a title card — **he is not speaking**.\n- The **next shot where he is speaking** is **Frame 16**, where he is **sitting** at a desk.\n- Therefore, if the question is interpreted as “the next shot *in which he speaks* after driving,” the correct position is **sitting**.\n\n---\n\n### Is the answer ‘2’ correct?\n\nThe answer ‘2’ is **not defined** in your query — you have not provided what ‘2’ refers to. However, based on common multiple-choice conventions (e.g., 1 = standing, 2 = sitting, 3 = lying down, etc.), **if ‘2’ corresponds to “sitting,” then YES, it is correct.**\n\n✅ **Assuming ‘2’ means “sitting” — the answer is correct.**\n\n---\n\n### Final Answer:\n**Yes, the answer ‘2’ is correct — James Corden is sitting at his desk when he speaks in the first shot after the driving sequence ends.**\n"], 'condensed_response': "**Scene Summary & Character Track (Frames\u202f0400‑0420)**  \n\n1. **Driving Segment (Frames\u202f04‑10)** – James\u202fCorden is seen behind the wheel of a red convertible at night. He is the focal character, alternating close‑ups and external views as he drives and talks.\n\n2. **Immediate Post‑Driving Cut (Frame\u202f11)** – The camera cuts to an aerial night‑city shot that displays the show’s title card “THE LATE LATE SHOW WITH JAMES CORDEN.” No dialogue from Corden occurs here.\n\n3. **Title‑Card Sequence (Frames\u202f12‑15)** – A series of neon‑styled title cards follows; Corden is still off‑screen and silent.\n\n4. **First Speaking Shot After Driving (Frame\u202f16)** – Corden re‑appears on the studio set, **sitting** at his desk. He gestures, mouths words, and is clearly the speaker.  \n   - **Position:** Sitting.  \n   - **Setting:** Studio set with a stylized city‑scape backdrop, spotlights on.  \n   - **Props:** Wooden desk, mug, bell, and a partially visible notebook/tablet.\n\n5. **Subsequent Shots (Frames\u202f17‑20)** – Continue the studio‑talk segment; Corden remains seated.\n\n**Answer Evaluation**  \nThe question asks: *“In the next shot after James Corden's driving, what position does he speak in?”*  \n- The very next shot (Frame\u202f11) is a title card, not a speaking shot.  \n- The next **speaking** shot (Frame\u202f16) shows Corden **sitting** at his desk.  \n\nThus, if the multiple‑choice code ‘2’ corresponds to “sitting,” the answer **‘2’ is correct**. If ‘2’ means something else, it would be incorrect.", 'failed_images': []}
Followup prompt: 
Critically assess whether the VLM verification supports the given answer by evaluating each criterion.

VLM Verification Results:
{'batched_responses': [{'batch_start': 0, 'batch_end': 21, 'image_paths': ['/mnt/ssd/data/lvbench/videos_processed/AeEYQ62t8hA/frames/frame_0400.jpg', '/mnt/ssd/data/lvbench/videos_processed/AeEYQ62t8hA/frames/frame_0401.jpg', '/mnt/ssd/data/lvbench/videos_processed/AeEYQ62t8hA/frames/frame_0402.jpg', '/mnt/ssd/data/lvbench/videos_processed/AeEYQ62t8hA/frames/frame_0403.jpg', '/mnt/ssd/data/lvbench/videos_processed/AeEYQ62t8hA/frames/frame_0404.jpg', '/mnt/ssd/data/lvbench/videos_processed/AeEYQ62t8hA/frames/frame_0405.jpg', '/mnt/ssd/data/lvbench/videos_processed/AeEYQ62t8hA/frames/frame_0406.jpg', '/mnt/ssd/data/lvbench/videos_processed/AeEYQ62t8hA/frames/frame_0407.jpg', '/mnt/ssd/data/lvbench/videos_processed/AeEYQ62t8hA/frames/frame_0408.jpg', '/mnt/ssd/data/lvbench/videos_processed/AeEYQ62t8hA/frames/frame_0409.jpg', '/mnt/ssd/data/lvbench/videos_processed/AeEYQ62t8hA/frames/frame_0410.jpg', '/mnt/ssd/data/lvbench/videos_processed/AeEYQ62t8hA/frames/frame_0411.jpg', '/mnt/ssd/data/lvbench/videos_processed/AeEYQ62t8hA/frames/frame_0412.jpg', '/mnt/ssd/data/lvbench/videos_processed/AeEYQ62t8hA/frames/frame_0413.jpg', '/mnt/ssd/data/lvbench/videos_processed/AeEYQ62t8hA/frames/frame_0414.jpg', '/mnt/ssd/data/lvbench/videos_processed/AeEYQ62t8hA/frames/frame_0415.jpg', '/mnt/ssd/data/lvbench/videos_processed/AeEYQ62t8hA/frames/frame_0416.jpg', '/mnt/ssd/data/lvbench/videos_processed/AeEYQ62t8hA/frames/frame_0417.jpg', '/mnt/ssd/data/lvbench/videos_processed/AeEYQ62t8hA/frames/frame_0418.jpg', '/mnt/ssd/data/lvbench/videos_processed/AeEYQ62t8hA/frames/frame_0419.jpg', '/mnt/ssd/data/lvbench/videos_processed/AeEYQ62t8hA/frames/frame_0420.jpg'], 'response': "Based on the provided frames and the question criteria, let’s verify step by step whether the answer **‘2’** is correct for the question:  \n> *In the next shot after James Corden's driving, what position does he speak in?*\n\n---\n\n### Step 1: **Identify James Corden driving a vehicle**\n- **Frames 4, 5, 6, 7, 8, 9, 10** clearly show James Corden driving a red convertible at night.\n  - Frame 4: Close-up of him in the driver’s seat, adjusting something.\n  - Frame 5: Wide shot from outside the car, showing him driving with a passenger.\n  - Frame 6–10: Various angles of him driving, holding the wheel, singing/talking.\n- The driving sequence ends at **Frame 10**.\n\n---\n\n### Step 2: **Identify the shot immediately after driving ends**\n- **Frame 11** is the next shot after Frame 10.\n- Frame 11: Aerial night shot of a city with the show’s title “THE LATE LATE SHOW WITH JAMES CORDEN” overlaid.\n- This is **not** James Corden speaking — it’s a title card.\n\n---\n\n### Step 3: **Identify when James Corden speaks next**\n- The next time James Corden appears **speaking** is in **Frame 16**.\n- Between Frame 11 and Frame 16 (Frames 12–15), we see **title card variations** with different neon colors — still no James Corden speaking.\n\n---\n\n### Step 4: **Determine James Corden’s physical position in the next speaking shot (Frame 16)**\n- **Frame 16**: James Corden is **sitting** behind a desk.\n- He is gesturing with his hands and speaking (mouth open, expressive face).\n- **Position: Sitting.**\n\n---\n\n### Step 5: **Environment/Setting**\n- He is on the **studio set** of “The Late Late Show.”\n- Background: Cityscape backdrop (stylized, likely a screen or set piece).\n- Lighting: Studio lighting, spotlights visible.\n\n---\n\n### Step 6: **Objects around him**\n- He is seated at a **wooden desk**.\n- On the desk: A **mug**, a **bell**, and possibly a **notebook or tablet** (partially visible).\n- No sofa, book, or table (other than the desk) is visible.\n\n---\n\n### Final Evaluation:\n\nThe question asks:  \n> *In the next shot after James Corden's driving, what position does he speak in?*\n\n- The **next shot after driving (Frame 11)** is a title card — **he is not speaking**.\n- The **next shot where he is speaking** is **Frame 16**, where he is **sitting** at a desk.\n- Therefore, if the question is interpreted as “the next shot *in which he speaks* after driving,” the correct position is **sitting**.\n\n---\n\n### Is the answer ‘2’ correct?\n\nThe answer ‘2’ is **not defined** in your query — you have not provided what ‘2’ refers to. However, based on common multiple-choice conventions (e.g., 1 = standing, 2 = sitting, 3 = lying down, etc.), **if ‘2’ corresponds to “sitting,” then YES, it is correct.**\n\n✅ **Assuming ‘2’ means “sitting” — the answer is correct.**\n\n---\n\n### Final Answer:\n**Yes, the answer ‘2’ is correct — James Corden is sitting at his desk when he speaks in the first shot after the driving sequence ends.**"}], 'formatted_responses': ["\n=== Batch 0-21 (21 frames) ===\nFrames: /mnt/ssd/data/lvbench/videos_processed/AeEYQ62t8hA/frames/frame_0400.jpg, /mnt/ssd/data/lvbench/videos_processed/AeEYQ62t8hA/frames/frame_0401.jpg, /mnt/ssd/data/lvbench/videos_processed/AeEYQ62t8hA/frames/frame_0402.jpg, /mnt/ssd/data/lvbench/videos_processed/AeEYQ62t8hA/frames/frame_0403.jpg, /mnt/ssd/data/lvbench/videos_processed/AeEYQ62t8hA/frames/frame_0404.jpg, /mnt/ssd/data/lvbench/videos_processed/AeEYQ62t8hA/frames/frame_0405.jpg, /mnt/ssd/data/lvbench/videos_processed/AeEYQ62t8hA/frames/frame_0406.jpg, /mnt/ssd/data/lvbench/videos_processed/AeEYQ62t8hA/frames/frame_0407.jpg, /mnt/ssd/data/lvbench/videos_processed/AeEYQ62t8hA/frames/frame_0408.jpg, /mnt/ssd/data/lvbench/videos_processed/AeEYQ62t8hA/frames/frame_0409.jpg, /mnt/ssd/data/lvbench/videos_processed/AeEYQ62t8hA/frames/frame_0410.jpg, /mnt/ssd/data/lvbench/videos_processed/AeEYQ62t8hA/frames/frame_0411.jpg, /mnt/ssd/data/lvbench/videos_processed/AeEYQ62t8hA/frames/frame_0412.jpg, /mnt/ssd/data/lvbench/videos_processed/AeEYQ62t8hA/frames/frame_0413.jpg, /mnt/ssd/data/lvbench/videos_processed/AeEYQ62t8hA/frames/frame_0414.jpg, /mnt/ssd/data/lvbench/videos_processed/AeEYQ62t8hA/frames/frame_0415.jpg, /mnt/ssd/data/lvbench/videos_processed/AeEYQ62t8hA/frames/frame_0416.jpg, /mnt/ssd/data/lvbench/videos_processed/AeEYQ62t8hA/frames/frame_0417.jpg, /mnt/ssd/data/lvbench/videos_processed/AeEYQ62t8hA/frames/frame_0418.jpg, /mnt/ssd/data/lvbench/videos_processed/AeEYQ62t8hA/frames/frame_0419.jpg, /mnt/ssd/data/lvbench/videos_processed/AeEYQ62t8hA/frames/frame_0420.jpg\nVLM Response: Based on the provided frames and the question criteria, let’s verify step by step whether the answer **‘2’** is correct for the question:  \n> *In the next shot after James Corden's driving, what position does he speak in?*\n\n---\n\n### Step 1: **Identify James Corden driving a vehicle**\n- **Frames 4, 5, 6, 7, 8, 9, 10** clearly show James Corden driving a red convertible at night.\n  - Frame 4: Close-up of him in the driver’s seat, adjusting something.\n  - Frame 5: Wide shot from outside the car, showing him driving with a passenger.\n  - Frame 6–10: Various angles of him driving, holding the wheel, singing/talking.\n- The driving sequence ends at **Frame 10**.\n\n---\n\n### Step 2: **Identify the shot immediately after driving ends**\n- **Frame 11** is the next shot after Frame 10.\n- Frame 11: Aerial night shot of a city with the show’s title “THE LATE LATE SHOW WITH JAMES CORDEN” overlaid.\n- This is **not** James Corden speaking — it’s a title card.\n\n---\n\n### Step 3: **Identify when James Corden speaks next**\n- The next time James Corden appears **speaking** is in **Frame 16**.\n- Between Frame 11 and Frame 16 (Frames 12–15), we see **title card variations** with different neon colors — still no James Corden speaking.\n\n---\n\n### Step 4: **Determine James Corden’s physical position in the next speaking shot (Frame 16)**\n- **Frame 16**: James Corden is **sitting** behind a desk.\n- He is gesturing with his hands and speaking (mouth open, expressive face).\n- **Position: Sitting.**\n\n---\n\n### Step 5: **Environment/Setting**\n- He is on the **studio set** of “The Late Late Show.”\n- Background: Cityscape backdrop (stylized, likely a screen or set piece).\n- Lighting: Studio lighting, spotlights visible.\n\n---\n\n### Step 6: **Objects around him**\n- He is seated at a **wooden desk**.\n- On the desk: A **mug**, a **bell**, and possibly a **notebook or tablet** (partially visible).\n- No sofa, book, or table (other than the desk) is visible.\n\n---\n\n### Final Evaluation:\n\nThe question asks:  \n> *In the next shot after James Corden's driving, what position does he speak in?*\n\n- The **next shot after driving (Frame 11)** is a title card — **he is not speaking**.\n- The **next shot where he is speaking** is **Frame 16**, where he is **sitting** at a desk.\n- Therefore, if the question is interpreted as “the next shot *in which he speaks* after driving,” the correct position is **sitting**.\n\n---\n\n### Is the answer ‘2’ correct?\n\nThe answer ‘2’ is **not defined** in your query — you have not provided what ‘2’ refers to. However, based on common multiple-choice conventions (e.g., 1 = standing, 2 = sitting, 3 = lying down, etc.), **if ‘2’ corresponds to “sitting,” then YES, it is correct.**\n\n✅ **Assuming ‘2’ means “sitting” — the answer is correct.**\n\n---\n\n### Final Answer:\n**Yes, the answer ‘2’ is correct — James Corden is sitting at his desk when he speaks in the first shot after the driving sequence ends.**\n"], 'condensed_response': "**Scene Summary & Character Track (Frames\u202f0400‑0420)**  \n\n1. **Driving Segment (Frames\u202f04‑10)** – James\u202fCorden is seen behind the wheel of a red convertible at night. He is the focal character, alternating close‑ups and external views as he drives and talks.\n\n2. **Immediate Post‑Driving Cut (Frame\u202f11)** – The camera cuts to an aerial night‑city shot that displays the show’s title card “THE LATE LATE SHOW WITH JAMES CORDEN.” No dialogue from Corden occurs here.\n\n3. **Title‑Card Sequence (Frames\u202f12‑15)** – A series of neon‑styled title cards follows; Corden is still off‑screen and silent.\n\n4. **First Speaking Shot After Driving (Frame\u202f16)** – Corden re‑appears on the studio set, **sitting** at his desk. He gestures, mouths words, and is clearly the speaker.  \n   - **Position:** Sitting.  \n   - **Setting:** Studio set with a stylized city‑scape backdrop, spotlights on.  \n   - **Props:** Wooden desk, mug, bell, and a partially visible notebook/tablet.\n\n5. **Subsequent Shots (Frames\u202f17‑20)** – Continue the studio‑talk segment; Corden remains seated.\n\n**Answer Evaluation**  \nThe question asks: *“In the next shot after James Corden's driving, what position does he speak in?”*  \n- The very next shot (Frame\u202f11) is a title card, not a speaking shot.  \n- The next **speaking** shot (Frame\u202f16) shows Corden **sitting** at his desk.  \n\nThus, if the multiple‑choice code ‘2’ corresponds to “sitting,” the answer **‘2’ is correct**. If ‘2’ means something else, it would be incorrect.", 'failed_images': []}

Question Being Answered: In the next shot after James Corden's driving, what position does he speak in?

Answer Choices:
A. The host talks standing on the stage
B. The host talks sitting on the sofa
C. The host talks sitting next to the table
D. The host reads a book sitting next to the table

Given Answer: 2
Evidence Frames Used: ['frames/frame_0405.jpg', 'frames/frame_0406.jpg', 'frames/frame_0407.jpg', 'frames/frame_0408.jpg', 'frames/frame_0409.jpg', 'frames/frame_0415.jpg']

Character/Event/Scene logs: ================================================================================
CHARACTER, EVENT, AND SCENE LOGS
================================================================================

CHARACTERS:
James Corden: Description: Middle-aged man with short brown hair, wearing a dark suit, light blue shirt, and red tie
Alex Trebek: Description: Middle-aged man with short brown hair, wearing a dark suit, light blue shirt, and red tie
President Joe Biden: Description: Older man with white hair, wearing a blue suit, white shirt, and purple tie
Harry Styles: Description: Young man with short dark hair, wearing a yellow suit
Jimmy Fallon: Description: Middle-aged man with short brown hair, wearing a dark suit
Jimmy Kimmel: Description: Middle-aged man with short brown hair, wearing a dark suit and red tie
Elton John: Description: Older man with white hair and a beard, wearing a suit
Andrew Garfield: Description: Young man with short brown hair, wearing a yellow suit
Andrew Scott: Description: Young man with short dark hair, wearing a dark suit

SCENES:
Dressing Room: Description: A room with a vanity, mirror, and light bulbs where James Corden is getting ready [1-5]
Backstage Hallway: Description: A narrow hallway with white walls and a "RESTRICTED AREA" sign [12-25]
Stairwell: Description: A stairwell with gray steps and a black railing [26-53]
Recording Studio: Description: A room with a sign that reads "ALL CELL PHONES AND PAGERS MUST BE TURNED OFF BEFORE ENTERING STAGE" [30-212]
Stage: Description: A dark stage with a grand piano and a crowd of people [289-2309]
The Late Late Show Set: Description: A television studio set with a desk, mug, and cityscape backdrop [415-2084]
White House: Description: A room with an American flag and a presidential flag where President Joe Biden is standing or sitting [630-671]
Industrial Warehouse: Description: A large, dimly lit room with various equipment and objects [1055-1056]
Concert Venue: Description: A crowded room with a stage and spotlights where a man is singing and dancing [1019-1021]
The Tonight Show Set: Description: A late-night talk show set with a couch, coffee table, and cityscape backdrop [1103-1188]
Hotel Bedroom: Description: A dimly lit room with a bed, lamp, and painting on the wall where several men are sitting or standing [750-859]
Living Room: Description: A dimly lit room with a couch, lamp, and painting on the wall where two men are sitting [768-781]

EVENTS:
James Corden getting ready: Description: James Corden is getting ready in a dressing room with a woman styling his hair [1-5]
James Corden walking through the stairwell: Description: James Corden is walking up and down a stairwell with a "RESTRICTED AREA" sign [26-53]
James Corden entering the recording studio: Description: James Corden is entering a recording studio with a sign that reads "ALL CELL PHONES AND PAGERS MUST BE TURNED OFF BEFORE ENTERING STAGE" [30-212]
Band performing on stage: Description: A band is performing on a stage with various musical instruments [297-315]
James Corden sitting at a desk: Description: James Corden is sitting at a desk with a mug and bell on it, gesturing with his hands as if speaking or presenting [415-2084]
President Joe Biden giving a speech: Description: President Joe Biden is standing in the White House, gesturing with his hands as he speaks [630-671]
Harry Styles performing on stage: Description: Harry Styles is singing into a microphone on a stage with a band behind him [1032-1035]
The Late Late Show ending: Description: The audience is applauding as the show comes to a close on the stage of "The Late Late Show with James Corden" [2362-2389]
James Corden interacting with guests: Description: James Corden is sitting on a couch or chair, engaging in conversation with various guests on a late-night talk show set [1200-1749]
Men hugging on a couch: Description: Three men are hugging each other tightly on a couch in a television studio [1653-1659]
Piano performance: Description: A man is playing a grand piano on a stage in a dimly lit concert hall [2130-2324]

================================================================================
Generated at: 2026-01-11 21:46:19
================================================================================



QUESTION-BASED CRITERIA:
  Q1. James Corden driving a vehicle
  Q2. Shot immediately following the driving scene
  Q3. James Corden speaking/talking in the next shot
  Q4. James Corden's physical position in the next shot (standing, sitting, etc)
  Q5. The setting/environment where James Corden is speaking
  Q6. Objects around James Corden (sofa, table, book, etc)


CRITICAL ASSESSMENT TASK:
For EACH criterion listed above, determine whether it PASSES or FAILS based ONLY on what the VLM actually reports seeing in the frames.

- PASS: The VLM results clearly confirm this criterion is satisfied in the frames
- FAIL: The VLM results indicate this criterion is NOT satisfied, or there is insufficient evidence

CONFIDENCE CALCULATION RULES:
1. Count how many criteria pass (criteria_percentage = criteria_passed / 6)
2. Calculate base_confidence = criteria_percentage * 100
3. ⚠️ If ANY answer-specific criterion (A1, A2, etc.) FAILS, set confidence = min(50, base_confidence)

⚠️ CRITICAL: There is ALWAYS a correct answer among the choices provided. If all answers seem slightly off or imperfect, you MUST choose the BEST possible answer that most closely matches the evidence.

CRITIC ANSWER CHOICE DECISION:
4. After evaluating criteria, if criteria_percentage > 0.5 (>50% of criteria pass):
   - Review ALL answer choices (A, B, C, D, etc.)
   - Based ONLY on the VLM visual evidence, determine which answer choice is MOST correct
   - Output your critic_answer_choice as a NUMBER (0=A, 1=B, 2=C, 3=D)
5. If criteria_percentage ≤ 0.5 (≤50% of criteria pass):
   - STILL do your best to pick out a correct answer, but also set suggestion to "These may not be the right frames/scene. Continue searching for better evidence."
   - output your best guess of the answer as a number (0=A, 1=B, 2=C, 3=D, 4=E)

Return ONLY this JSON:
{
    "criteria_results": [
        {"criterion": "criterion text", "criterion_type": "QUESTION or ANSWER", "status": "PASS or FAIL", "reasoning": "brief explanation"},
        ...
    ],
    "question_criteria_passed": <number of question criteria that passed>,
    "answer_criteria_passed": <number of answer criteria that passed>,
    "answer_criteria_total": 0,
    "criteria_passed": <number of question criteria that passed>,
    "criteria_total": 6,
    "criteria_percentage": <criteria_passed / 6>,
    "base_confidence": <(criteria_passed / 6) * 100>,
    "confidence": <base_confidence OR 50 if any answer criterion failed>,
    "critic_answer_choice": <NUMBER: 0=A, 1=B, 2=C, 3=D, 4=E>,
    "critic_reasoning": "<Brief explanation of why you chose this answer based on VLM evidence>",
    "possible_errors": [
        <List specific criteria that failed or issues found>
    ],
    "suggestion": <"These may not be the right frames" if ≤50%, otherwise null or specific improvement>
}

IMPORTANT RULES:
- Evaluate EACH criterion independently based on VLM results
- Mark criterion as PASS only if VLM clearly confirms it
- Mark criterion as FAIL if not confirmed or contradicted
- If ANY answer-specific criterion fails, confidence MUST be ≤50%
- Base evaluation ONLY on VLM verification results, not speculation
- Only list errors for criteria that actually failed
- Return ONLY valid JSON

Critical assessment response: {
    "criteria_results": [
        {"criterion": "James Corden driving a vehicle", "criterion_type": "QUESTION", "status": "PASS", "reasoning": "VLM confirms frames 4-10 show James Corden driving a red convertible"},
        {"criterion": "Shot immediately following the driving scene", "criterion_type": "QUESTION", "status": "PASS", "reasoning": "VLM identifies Frame 11 as the next shot after driving ends"},
        {"criterion": "James Corden speaking/talking in the next shot", "criterion_type": "QUESTION", "status": "FAIL", "reasoning": "VLM states Frame 11 is a title card with no speaking from Corden"},
        {"criterion": "James Corden's physical position in the next shot", "criterion_type": "ANSWER", "status": "FAIL", "reasoning": "No position described for Frame 11 (title card), only for Frame 16 where he is sitting"},
        {"criterion": "The setting/environment where James Corden is speaking", "criterion_type": "ANSWER", "status": "FAIL", "reasoning": "No speaking environment described for Frame 11, only for Frame 16 (studio set)"},
        {"criterion": "Objects around James Corden (sofa, table, book, etc)", "criterion_type": "ANSWER", "status": "FAIL", "reasoning": "No objects described for Frame 11, only for Frame 16 (desk, mug, bell)"}
    ],
    "question_criteria_passed": 2,
    "answer_criteria_passed": 0,
    "answer_criteria_total": 3,
    "criteria_passed": 2,
    "criteria_total": 6,
    "criteria_percentage": 0.333,
    "base_confidence": 33.3,
    "confidence": 33.3,
    "critic_answer_choice": 1,
    "critic_reasoning": "The VLM shows the immediate next shot (Frame 11) is a title card with no speaking. The first speaking shot is Frame 16 where Corden is sitting at a desk. Among the choices, 'B. The host talks sitting on the sofa' is closest to sitting position, though the VLM specifies a desk not a sofa",
    "possible_errors": [
        "Question asks about 'next shot' but VLM shows no speaking occurs in the immediate next shot",
        "VLM evidence for speaking position comes from Frame 16, not the immediate next shot after driving",
        "Objects described (desk, mug, bell) don't match answer choices precisely (sofa, table, book)"
    ],
    "suggestion": "These may not be the right frames/scene. Continue searching for better evidence."
}
Critical assessment data: {'criteria_results': [{'criterion': 'James Corden driving a vehicle', 'criterion_type': 'QUESTION', 'status': 'PASS', 'reasoning': 'VLM confirms frames 4-10 show James Corden driving a red convertible'}, {'criterion': 'Shot immediately following the driving scene', 'criterion_type': 'QUESTION', 'status': 'PASS', 'reasoning': 'VLM identifies Frame 11 as the next shot after driving ends'}, {'criterion': 'James Corden speaking/talking in the next shot', 'criterion_type': 'QUESTION', 'status': 'FAIL', 'reasoning': 'VLM states Frame 11 is a title card with no speaking from Corden'}, {'criterion': "James Corden's physical position in the next shot", 'criterion_type': 'ANSWER', 'status': 'FAIL', 'reasoning': 'No position described for Frame 11 (title card), only for Frame 16 where he is sitting'}, {'criterion': 'The setting/environment where James Corden is speaking', 'criterion_type': 'ANSWER', 'status': 'FAIL', 'reasoning': 'No speaking environment described for Frame 11, only for Frame 16 (studio set)'}, {'criterion': 'Objects around James Corden (sofa, table, book, etc)', 'criterion_type': 'ANSWER', 'status': 'FAIL', 'reasoning': 'No objects described for Frame 11, only for Frame 16 (desk, mug, bell)'}], 'question_criteria_passed': 2, 'answer_criteria_passed': 0, 'answer_criteria_total': 3, 'criteria_passed': 2, 'criteria_total': 6, 'criteria_percentage': 0.333, 'base_confidence': 33.3, 'confidence': 33.3, 'critic_answer_choice': 1, 'critic_reasoning': "The VLM shows the immediate next shot (Frame 11) is a title card with no speaking. The first speaking shot is Frame 16 where Corden is sitting at a desk. Among the choices, 'B. The host talks sitting on the sofa' is closest to sitting position, though the VLM specifies a desk not a sofa", 'possible_errors': ["Question asks about 'next shot' but VLM shows no speaking occurs in the immediate next shot", 'VLM evidence for speaking position comes from Frame 16, not the immediate next shot after driving', "Objects described (desk, mug, bell) don't match answer choices precisely (sofa, table, book)"], 'suggestion': 'These may not be the right frames/scene. Continue searching for better evidence.'}
