Critic initial response: {
    "tool": "VLM_QUERY",
    "frames": ["frames/frame_0372.jpg", "frames/frame_0373.jpg", "frames/frame_0374.jpg", "frames/frame_0375.jpg", "frames/frame_0376.jpg", "frames/frame_0377.jpg", "frames/frame_0378.jpg", "frames/frame_0379.jpg", "frames/frame_0380.jpg", "frames/frame_0381.jpg", "frames/frame_0382.jpg", "frames/frame_0383.jpg", "frames/frame_0384.jpg", "frames/frame_0385.jpg", "frames/frame_0386.jpg"],
    "prompt": "Based on these frames, verify if the answer '3' (She came back after touring the ship's safety problems) is correct for the question: What did the woman with the pearl earrings do when she got down the ladder? Check these specific criteria: 1) Is a woman present? 2) Is she wearing pearl earrings? 3) Is she climbing down a ladder? 4) Does she complete the descent? 5) What action does she perform immediately after descending? Look for visual evidence of ship safety inspections, hard hats, or other equipment that might indicate she was touring safety problems. Verify the temporal sequence of actions before and after ladder descent."
}
Frames to verify: ['frames/frame_0372.jpg', 'frames/frame_0373.jpg', 'frames/frame_0374.jpg', 'frames/frame_0375.jpg', 'frames/frame_0376.jpg', 'frames/frame_0377.jpg', 'frames/frame_0378.jpg', 'frames/frame_0379.jpg', 'frames/frame_0380.jpg', 'frames/frame_0381.jpg', 'frames/frame_0382.jpg', 'frames/frame_0383.jpg', 'frames/frame_0384.jpg', 'frames/frame_0385.jpg', 'frames/frame_0386.jpg']
VLM Prompt: Video context: Based on the provided SET of frame-by-frame captions data, here is a global summary of the video:

**Main Characters:**

1. A bearded captain (likely Jan-Ove Fredheim) of a ship, possibly the Bow Cecil.
2. Ole Morten Sandquist, a naval commander of the EU Warship Fridtjof Nansen.
3. Pieter Bindt, the Force Commander of EU Navfor.
4. Ali Arif, a pirate chief.
5. Various sailors, military personnel, and crew members on ships.
6. A young boy and a man (likely his father or guardian) in a desert village.
7. Several women, including Ina Hansteen, an enlisted sailor, and Nancy Helena Hellevang, a machine trainee.
8. Sergey Melnikov, an engineer on the M/V Faina.
9. Sergey Sarancha, a sailor on the M/V Faina.
10. Gitobu Imanyara, a member of the Kenyan Parliament.
11. Roger Middleton, a researcher at Chatham House.
12. Paul Agate, the Managing Director of Swinglehurst.
13. Svetlana Mgeladze, a woman who appears to be related to the M/V Faina's crew or owners.
14. Hugh Martin, a manager at Hart Security.

**Setting:**

1. Various ocean settings, including the Gulf of Aden, the Red Sea, and the Indian Ocean.
2. Desert landscapes and villages, likely in Somalia.
3. Offices and control rooms on ships and on land.
4. Industrial settings, such as oil rigs and warehouses.
5. Urban areas, including Nairobi, Kenya, and Odessa, Ukraine.
6. Parks and gardens.

**Plot Line:**

The video appears to be a documentary about piracy, specifically focusing on the experiences of sailors, military personnel, and experts in the field. The narrative is presented through a series of interviews, observations, and footage of various ships, including naval vessels and cargo ships. The story likely explores the risks and challenges associated with piracy, as well as the efforts of authorities to combat it. The video also touches on the human side of piracy, featuring interviews with individuals who have been affected by it, including sailors, fishermen, and experts.

**Vibes:**

1. Serious and somber tone, reflecting the gravity of the topic.
2. Tense and suspenseful moments, particularly when depicting pirate activities or confrontations.
3. Reflective and contemplative atmosphere, especially during interviews with experts and individuals affected by piracy.
4. A sense of danger and uncertainty, highlighting the risks faced by sailors and military personnel.
5. A mix of calm and turbulent ocean scenes, mirroring the unpredictability of the sea and the threats it poses.

**General Details:**

1. The video features a diverse range of settings, characters, and storylines, suggesting a comprehensive and multi-faceted exploration of piracy.
2. The use of interviews with experts and individuals directly affected by piracy adds depth and nuance to the narrative.
3. The inclusion of footage from various sources, including naval vessels, cargo ships, and industrial settings, provides a visually engaging and informative experience.
4. The video's tone is generally serious and somber, with moments of tension and reflection, indicating a thoughtful and balanced approach to the topic.

Based on these frames, verify if the answer '3' (She came back after touring the ship's safety problems) is correct for the question: What did the woman with the pearl earrings do when she got down the ladder? Check these specific criteria: 1) Is a woman present? 2) Is she wearing pearl earrings? 3) Is she climbing down a ladder? 4) Does she complete the descent? 5) What action does she perform immediately after descending? Look for visual evidence of ship safety inspections, hard hats, or other equipment that might indicate she was touring safety problems. Verify the temporal sequence of actions before and after ladder descent.
VLM response: {'batched_responses': [{'batch_start': 0, 'batch_end': 15, 'image_paths': ['/mnt/ssd/data/lvbench/videos_processed/vaL_vSdZKZo/frames/frame_0372.jpg', '/mnt/ssd/data/lvbench/videos_processed/vaL_vSdZKZo/frames/frame_0373.jpg', '/mnt/ssd/data/lvbench/videos_processed/vaL_vSdZKZo/frames/frame_0374.jpg', '/mnt/ssd/data/lvbench/videos_processed/vaL_vSdZKZo/frames/frame_0375.jpg', '/mnt/ssd/data/lvbench/videos_processed/vaL_vSdZKZo/frames/frame_0376.jpg', '/mnt/ssd/data/lvbench/videos_processed/vaL_vSdZKZo/frames/frame_0377.jpg', '/mnt/ssd/data/lvbench/videos_processed/vaL_vSdZKZo/frames/frame_0378.jpg', '/mnt/ssd/data/lvbench/videos_processed/vaL_vSdZKZo/frames/frame_0379.jpg', '/mnt/ssd/data/lvbench/videos_processed/vaL_vSdZKZo/frames/frame_0380.jpg', '/mnt/ssd/data/lvbench/videos_processed/vaL_vSdZKZo/frames/frame_0381.jpg', '/mnt/ssd/data/lvbench/videos_processed/vaL_vSdZKZo/frames/frame_0382.jpg', '/mnt/ssd/data/lvbench/videos_processed/vaL_vSdZKZo/frames/frame_0383.jpg', '/mnt/ssd/data/lvbench/videos_processed/vaL_vSdZKZo/frames/frame_0384.jpg', '/mnt/ssd/data/lvbench/videos_processed/vaL_vSdZKZo/frames/frame_0385.jpg', '/mnt/ssd/data/lvbench/videos_processed/vaL_vSdZKZo/frames/frame_0386.jpg'], 'response': "Based on the provided 15 frames and the specific criteria for verification, the answer **‘3’ (She came back after touring the ship's safety problems)** is **not correct**.\n\nHere’s the detailed verification against each criterion:\n\n---\n\n**1) Is a woman present?**  \n✅ **Yes.** Ina Hansteen, an enlisted sailor, is clearly visible in frames 1–10. She is the central figure in this sequence.\n\n---\n\n**2) Is she wearing pearl earrings?**  \n❌ **No.** In frames 1–4 (close-ups and medium shots), Ina Hansteen’s ears are visible, and she is **not wearing pearl earrings**. She is wearing a uniform and later puts on tactical gear — no jewelry is visible at any point.\n\n---\n\n**3) Is she climbing down a ladder?**  \n✅ **Yes.** In frames 5–7, she is clearly seen descending a vertical ladder on the exterior of the ship. Frame 5 shows her starting the descent, frame 6 shows her halfway down, and frame 7 shows her reaching the bottom.\n\n---\n\n**4) Does she complete the descent?**  \n✅ **Yes.** Frame 7 confirms she has reached the deck level after descending the ladder.\n\n---\n\n**5) What action does she perform immediately after descending?**  \n✅ **She puts on a helmet.** In frames 8–10, immediately after descending, she is seen adjusting and securing a military-style helmet on her head. This is a clear, sequential action following the ladder descent.\n\n---\n\n**Verification of “touring the ship’s safety problems”:**  \n❌ **No visual evidence supports this.**  \n- There is no visual indication (e.g., hard hats, safety checklists, inspectors, signage, or dialogue referencing safety problems) that she was touring safety issues.  \n- Her dialogue in frames 1–4 mentions feeling protected “by my mates, the environment we’re in and our training,” and in frame 6–7, she says, “We’re prepared for the worst case scenario,” which implies **combat or security readiness**, not a safety inspection.  \n- The context of putting on a helmet and later manning a machine gun (frames 12–14) strongly suggests **combat or security drill preparation**, not a safety tour.\n\n---\n\n**Temporal Sequence Summary:**\n- Before ladder descent: She is inside the ship, speaking about feeling protected (frames 1–4).\n- During descent: She climbs down the ladder (frames 5–7).\n- After descent: She puts on a helmet (frames 8–10), then is shown operating a weapon (frames 12–14).\n\nThere is **no evidence** she was touring safety problems. The sequence depicts her transitioning from an interview setting to a combat/security readiness posture.\n\n---\n\n**Conclusion:**  \nThe answer “3” is **incorrect** because:\n- She is **not wearing pearl earrings**.\n- She is **not touring safety problems** — she is preparing for a security scenario.\n- Her action after descending is **putting on a helmet**, not “coming back after touring.”\n\n✅ **Correct answer should reflect: She put on a helmet after descending the ladder, likely preparing for a security or combat scenario.**\n\n--- \n\n**Final Verdict: Answer ‘3’ is FALSE.**"}], 'formatted_responses': ["\n=== Batch 0-15 (15 frames) ===\nFrames: /mnt/ssd/data/lvbench/videos_processed/vaL_vSdZKZo/frames/frame_0372.jpg, /mnt/ssd/data/lvbench/videos_processed/vaL_vSdZKZo/frames/frame_0373.jpg, /mnt/ssd/data/lvbench/videos_processed/vaL_vSdZKZo/frames/frame_0374.jpg, /mnt/ssd/data/lvbench/videos_processed/vaL_vSdZKZo/frames/frame_0375.jpg, /mnt/ssd/data/lvbench/videos_processed/vaL_vSdZKZo/frames/frame_0376.jpg, /mnt/ssd/data/lvbench/videos_processed/vaL_vSdZKZo/frames/frame_0377.jpg, /mnt/ssd/data/lvbench/videos_processed/vaL_vSdZKZo/frames/frame_0378.jpg, /mnt/ssd/data/lvbench/videos_processed/vaL_vSdZKZo/frames/frame_0379.jpg, /mnt/ssd/data/lvbench/videos_processed/vaL_vSdZKZo/frames/frame_0380.jpg, /mnt/ssd/data/lvbench/videos_processed/vaL_vSdZKZo/frames/frame_0381.jpg, /mnt/ssd/data/lvbench/videos_processed/vaL_vSdZKZo/frames/frame_0382.jpg, /mnt/ssd/data/lvbench/videos_processed/vaL_vSdZKZo/frames/frame_0383.jpg, /mnt/ssd/data/lvbench/videos_processed/vaL_vSdZKZo/frames/frame_0384.jpg, /mnt/ssd/data/lvbench/videos_processed/vaL_vSdZKZo/frames/frame_0385.jpg, /mnt/ssd/data/lvbench/videos_processed/vaL_vSdZKZo/frames/frame_0386.jpg\nVLM Response: Based on the provided 15 frames and the specific criteria for verification, the answer **‘3’ (She came back after touring the ship's safety problems)** is **not correct**.\n\nHere’s the detailed verification against each criterion:\n\n---\n\n**1) Is a woman present?**  \n✅ **Yes.** Ina Hansteen, an enlisted sailor, is clearly visible in frames 1–10. She is the central figure in this sequence.\n\n---\n\n**2) Is she wearing pearl earrings?**  \n❌ **No.** In frames 1–4 (close-ups and medium shots), Ina Hansteen’s ears are visible, and she is **not wearing pearl earrings**. She is wearing a uniform and later puts on tactical gear — no jewelry is visible at any point.\n\n---\n\n**3) Is she climbing down a ladder?**  \n✅ **Yes.** In frames 5–7, she is clearly seen descending a vertical ladder on the exterior of the ship. Frame 5 shows her starting the descent, frame 6 shows her halfway down, and frame 7 shows her reaching the bottom.\n\n---\n\n**4) Does she complete the descent?**  \n✅ **Yes.** Frame 7 confirms she has reached the deck level after descending the ladder.\n\n---\n\n**5) What action does she perform immediately after descending?**  \n✅ **She puts on a helmet.** In frames 8–10, immediately after descending, she is seen adjusting and securing a military-style helmet on her head. This is a clear, sequential action following the ladder descent.\n\n---\n\n**Verification of “touring the ship’s safety problems”:**  \n❌ **No visual evidence supports this.**  \n- There is no visual indication (e.g., hard hats, safety checklists, inspectors, signage, or dialogue referencing safety problems) that she was touring safety issues.  \n- Her dialogue in frames 1–4 mentions feeling protected “by my mates, the environment we’re in and our training,” and in frame 6–7, she says, “We’re prepared for the worst case scenario,” which implies **combat or security readiness**, not a safety inspection.  \n- The context of putting on a helmet and later manning a machine gun (frames 12–14) strongly suggests **combat or security drill preparation**, not a safety tour.\n\n---\n\n**Temporal Sequence Summary:**\n- Before ladder descent: She is inside the ship, speaking about feeling protected (frames 1–4).\n- During descent: She climbs down the ladder (frames 5–7).\n- After descent: She puts on a helmet (frames 8–10), then is shown operating a weapon (frames 12–14).\n\nThere is **no evidence** she was touring safety problems. The sequence depicts her transitioning from an interview setting to a combat/security readiness posture.\n\n---\n\n**Conclusion:**  \nThe answer “3” is **incorrect** because:\n- She is **not wearing pearl earrings**.\n- She is **not touring safety problems** — she is preparing for a security scenario.\n- Her action after descending is **putting on a helmet**, not “coming back after touring.”\n\n✅ **Correct answer should reflect: She put on a helmet after descending the ladder, likely preparing for a security or combat scenario.**\n\n--- \n\n**Final Verdict: Answer ‘3’ is FALSE.**\n"], 'condensed_response': '**Scene Summary (Frames\u202f0372‑0386 → 15\u202fframes)**  \n\n| Frame range | Visual focus | Key actions / dialogue | Verification notes |\n|-------------|--------------|------------------------|--------------------|\n| **0372‑0375** (frames\u202f1‑4) | Ina\u202fHansteen, enlisted sailor, standing inside the ship’s interior. | Talks about feeling protected by her mates, the environment and their training. | **Woman present** ✔︎\u2003**Pearl earrings** ✘ – no jewelry visible. |\n| **0376‑0378** (frames\u202f5‑7) | Same character moves to a vertical ladder on the ship’s exterior. | –\u202fFrame\u202f5: grabs ladder rung, begins descent.<br>–\u202fFrame\u202f6: halfway down, says “We’re prepared for the worst‑case scenario.”<br>–\u202fFrame\u202f7: reaches deck level, completes the climb. | **Ladder descent** ✔︎\u2003**Descent completed** ✔︎ |\n| **0379‑0381** (frames\u202f8‑10) | Ina now on the deck, close‑up of head and shoulders. | Adjusts and secures a military‑style helmet on her head. | **Immediate post‑descent action** ✔︎ – helmet donning. |\n| **0382‑0384** (frames\u202f11‑13) | Slightly wider view; weapon rack visible. | Reaches for a machine gun, begins to ready it. | Indicates a combat/security drill rather than a safety‑inspection tour. |\n| **0385‑0386** (frames\u202f14‑15) | Full‑body shot with weapon in hand. | Stands poised, ready to fire; no signage or dialogue about safety problems. | **Tour of ship’s safety problems** ✘ – no visual or verbal cue. |\n\n### Cohesive Narrative  \nIna\u202fHansteen appears in the first four frames speaking about protection and training; she is **not wearing pearl earrings**. She then moves to a ladder and **descends it** over three frames, reaching the deck. Immediately after stepping off, she **puts on a helmet** (frames\u202f8‑10) and proceeds to **prepare a machine gun** (frames\u202f11‑15). There is **no evidence** of a safety‑inspection tour; the context is clearly a combat or security‑readiness drill.\n\n**Verdict:** The claim that “She came back after touring the ship’s safety problems” (answer\u202f3) is **false**. The correct description is that Ina\u202fHansteen descends a ladder, dons a helmet, and readies a weapon for a security scenario.', 'failed_images': []}
Followup prompt: 
Critically assess whether the VLM verification supports the given answer by evaluating each criterion.

VLM Verification Results:
{'batched_responses': [{'batch_start': 0, 'batch_end': 15, 'image_paths': ['/mnt/ssd/data/lvbench/videos_processed/vaL_vSdZKZo/frames/frame_0372.jpg', '/mnt/ssd/data/lvbench/videos_processed/vaL_vSdZKZo/frames/frame_0373.jpg', '/mnt/ssd/data/lvbench/videos_processed/vaL_vSdZKZo/frames/frame_0374.jpg', '/mnt/ssd/data/lvbench/videos_processed/vaL_vSdZKZo/frames/frame_0375.jpg', '/mnt/ssd/data/lvbench/videos_processed/vaL_vSdZKZo/frames/frame_0376.jpg', '/mnt/ssd/data/lvbench/videos_processed/vaL_vSdZKZo/frames/frame_0377.jpg', '/mnt/ssd/data/lvbench/videos_processed/vaL_vSdZKZo/frames/frame_0378.jpg', '/mnt/ssd/data/lvbench/videos_processed/vaL_vSdZKZo/frames/frame_0379.jpg', '/mnt/ssd/data/lvbench/videos_processed/vaL_vSdZKZo/frames/frame_0380.jpg', '/mnt/ssd/data/lvbench/videos_processed/vaL_vSdZKZo/frames/frame_0381.jpg', '/mnt/ssd/data/lvbench/videos_processed/vaL_vSdZKZo/frames/frame_0382.jpg', '/mnt/ssd/data/lvbench/videos_processed/vaL_vSdZKZo/frames/frame_0383.jpg', '/mnt/ssd/data/lvbench/videos_processed/vaL_vSdZKZo/frames/frame_0384.jpg', '/mnt/ssd/data/lvbench/videos_processed/vaL_vSdZKZo/frames/frame_0385.jpg', '/mnt/ssd/data/lvbench/videos_processed/vaL_vSdZKZo/frames/frame_0386.jpg'], 'response': "Based on the provided 15 frames and the specific criteria for verification, the answer **‘3’ (She came back after touring the ship's safety problems)** is **not correct**.\n\nHere’s the detailed verification against each criterion:\n\n---\n\n**1) Is a woman present?**  \n✅ **Yes.** Ina Hansteen, an enlisted sailor, is clearly visible in frames 1–10. She is the central figure in this sequence.\n\n---\n\n**2) Is she wearing pearl earrings?**  \n❌ **No.** In frames 1–4 (close-ups and medium shots), Ina Hansteen’s ears are visible, and she is **not wearing pearl earrings**. She is wearing a uniform and later puts on tactical gear — no jewelry is visible at any point.\n\n---\n\n**3) Is she climbing down a ladder?**  \n✅ **Yes.** In frames 5–7, she is clearly seen descending a vertical ladder on the exterior of the ship. Frame 5 shows her starting the descent, frame 6 shows her halfway down, and frame 7 shows her reaching the bottom.\n\n---\n\n**4) Does she complete the descent?**  \n✅ **Yes.** Frame 7 confirms she has reached the deck level after descending the ladder.\n\n---\n\n**5) What action does she perform immediately after descending?**  \n✅ **She puts on a helmet.** In frames 8–10, immediately after descending, she is seen adjusting and securing a military-style helmet on her head. This is a clear, sequential action following the ladder descent.\n\n---\n\n**Verification of “touring the ship’s safety problems”:**  \n❌ **No visual evidence supports this.**  \n- There is no visual indication (e.g., hard hats, safety checklists, inspectors, signage, or dialogue referencing safety problems) that she was touring safety issues.  \n- Her dialogue in frames 1–4 mentions feeling protected “by my mates, the environment we’re in and our training,” and in frame 6–7, she says, “We’re prepared for the worst case scenario,” which implies **combat or security readiness**, not a safety inspection.  \n- The context of putting on a helmet and later manning a machine gun (frames 12–14) strongly suggests **combat or security drill preparation**, not a safety tour.\n\n---\n\n**Temporal Sequence Summary:**\n- Before ladder descent: She is inside the ship, speaking about feeling protected (frames 1–4).\n- During descent: She climbs down the ladder (frames 5–7).\n- After descent: She puts on a helmet (frames 8–10), then is shown operating a weapon (frames 12–14).\n\nThere is **no evidence** she was touring safety problems. The sequence depicts her transitioning from an interview setting to a combat/security readiness posture.\n\n---\n\n**Conclusion:**  \nThe answer “3” is **incorrect** because:\n- She is **not wearing pearl earrings**.\n- She is **not touring safety problems** — she is preparing for a security scenario.\n- Her action after descending is **putting on a helmet**, not “coming back after touring.”\n\n✅ **Correct answer should reflect: She put on a helmet after descending the ladder, likely preparing for a security or combat scenario.**\n\n--- \n\n**Final Verdict: Answer ‘3’ is FALSE.**"}], 'formatted_responses': ["\n=== Batch 0-15 (15 frames) ===\nFrames: /mnt/ssd/data/lvbench/videos_processed/vaL_vSdZKZo/frames/frame_0372.jpg, /mnt/ssd/data/lvbench/videos_processed/vaL_vSdZKZo/frames/frame_0373.jpg, /mnt/ssd/data/lvbench/videos_processed/vaL_vSdZKZo/frames/frame_0374.jpg, /mnt/ssd/data/lvbench/videos_processed/vaL_vSdZKZo/frames/frame_0375.jpg, /mnt/ssd/data/lvbench/videos_processed/vaL_vSdZKZo/frames/frame_0376.jpg, /mnt/ssd/data/lvbench/videos_processed/vaL_vSdZKZo/frames/frame_0377.jpg, /mnt/ssd/data/lvbench/videos_processed/vaL_vSdZKZo/frames/frame_0378.jpg, /mnt/ssd/data/lvbench/videos_processed/vaL_vSdZKZo/frames/frame_0379.jpg, /mnt/ssd/data/lvbench/videos_processed/vaL_vSdZKZo/frames/frame_0380.jpg, /mnt/ssd/data/lvbench/videos_processed/vaL_vSdZKZo/frames/frame_0381.jpg, /mnt/ssd/data/lvbench/videos_processed/vaL_vSdZKZo/frames/frame_0382.jpg, /mnt/ssd/data/lvbench/videos_processed/vaL_vSdZKZo/frames/frame_0383.jpg, /mnt/ssd/data/lvbench/videos_processed/vaL_vSdZKZo/frames/frame_0384.jpg, /mnt/ssd/data/lvbench/videos_processed/vaL_vSdZKZo/frames/frame_0385.jpg, /mnt/ssd/data/lvbench/videos_processed/vaL_vSdZKZo/frames/frame_0386.jpg\nVLM Response: Based on the provided 15 frames and the specific criteria for verification, the answer **‘3’ (She came back after touring the ship's safety problems)** is **not correct**.\n\nHere’s the detailed verification against each criterion:\n\n---\n\n**1) Is a woman present?**  \n✅ **Yes.** Ina Hansteen, an enlisted sailor, is clearly visible in frames 1–10. She is the central figure in this sequence.\n\n---\n\n**2) Is she wearing pearl earrings?**  \n❌ **No.** In frames 1–4 (close-ups and medium shots), Ina Hansteen’s ears are visible, and she is **not wearing pearl earrings**. She is wearing a uniform and later puts on tactical gear — no jewelry is visible at any point.\n\n---\n\n**3) Is she climbing down a ladder?**  \n✅ **Yes.** In frames 5–7, she is clearly seen descending a vertical ladder on the exterior of the ship. Frame 5 shows her starting the descent, frame 6 shows her halfway down, and frame 7 shows her reaching the bottom.\n\n---\n\n**4) Does she complete the descent?**  \n✅ **Yes.** Frame 7 confirms she has reached the deck level after descending the ladder.\n\n---\n\n**5) What action does she perform immediately after descending?**  \n✅ **She puts on a helmet.** In frames 8–10, immediately after descending, she is seen adjusting and securing a military-style helmet on her head. This is a clear, sequential action following the ladder descent.\n\n---\n\n**Verification of “touring the ship’s safety problems”:**  \n❌ **No visual evidence supports this.**  \n- There is no visual indication (e.g., hard hats, safety checklists, inspectors, signage, or dialogue referencing safety problems) that she was touring safety issues.  \n- Her dialogue in frames 1–4 mentions feeling protected “by my mates, the environment we’re in and our training,” and in frame 6–7, she says, “We’re prepared for the worst case scenario,” which implies **combat or security readiness**, not a safety inspection.  \n- The context of putting on a helmet and later manning a machine gun (frames 12–14) strongly suggests **combat or security drill preparation**, not a safety tour.\n\n---\n\n**Temporal Sequence Summary:**\n- Before ladder descent: She is inside the ship, speaking about feeling protected (frames 1–4).\n- During descent: She climbs down the ladder (frames 5–7).\n- After descent: She puts on a helmet (frames 8–10), then is shown operating a weapon (frames 12–14).\n\nThere is **no evidence** she was touring safety problems. The sequence depicts her transitioning from an interview setting to a combat/security readiness posture.\n\n---\n\n**Conclusion:**  \nThe answer “3” is **incorrect** because:\n- She is **not wearing pearl earrings**.\n- She is **not touring safety problems** — she is preparing for a security scenario.\n- Her action after descending is **putting on a helmet**, not “coming back after touring.”\n\n✅ **Correct answer should reflect: She put on a helmet after descending the ladder, likely preparing for a security or combat scenario.**\n\n--- \n\n**Final Verdict: Answer ‘3’ is FALSE.**\n"], 'condensed_response': '**Scene Summary (Frames\u202f0372‑0386 → 15\u202fframes)**  \n\n| Frame range | Visual focus | Key actions / dialogue | Verification notes |\n|-------------|--------------|------------------------|--------------------|\n| **0372‑0375** (frames\u202f1‑4) | Ina\u202fHansteen, enlisted sailor, standing inside the ship’s interior. | Talks about feeling protected by her mates, the environment and their training. | **Woman present** ✔︎\u2003**Pearl earrings** ✘ – no jewelry visible. |\n| **0376‑0378** (frames\u202f5‑7) | Same character moves to a vertical ladder on the ship’s exterior. | –\u202fFrame\u202f5: grabs ladder rung, begins descent.<br>–\u202fFrame\u202f6: halfway down, says “We’re prepared for the worst‑case scenario.”<br>–\u202fFrame\u202f7: reaches deck level, completes the climb. | **Ladder descent** ✔︎\u2003**Descent completed** ✔︎ |\n| **0379‑0381** (frames\u202f8‑10) | Ina now on the deck, close‑up of head and shoulders. | Adjusts and secures a military‑style helmet on her head. | **Immediate post‑descent action** ✔︎ – helmet donning. |\n| **0382‑0384** (frames\u202f11‑13) | Slightly wider view; weapon rack visible. | Reaches for a machine gun, begins to ready it. | Indicates a combat/security drill rather than a safety‑inspection tour. |\n| **0385‑0386** (frames\u202f14‑15) | Full‑body shot with weapon in hand. | Stands poised, ready to fire; no signage or dialogue about safety problems. | **Tour of ship’s safety problems** ✘ – no visual or verbal cue. |\n\n### Cohesive Narrative  \nIna\u202fHansteen appears in the first four frames speaking about protection and training; she is **not wearing pearl earrings**. She then moves to a ladder and **descends it** over three frames, reaching the deck. Immediately after stepping off, she **puts on a helmet** (frames\u202f8‑10) and proceeds to **prepare a machine gun** (frames\u202f11‑15). There is **no evidence** of a safety‑inspection tour; the context is clearly a combat or security‑readiness drill.\n\n**Verdict:** The claim that “She came back after touring the ship’s safety problems” (answer\u202f3) is **false**. The correct description is that Ina\u202fHansteen descends a ladder, dons a helmet, and readies a weapon for a security scenario.', 'failed_images': []}

Question Being Answered: What did the woman with the pearl earrings do when she got down the ladder?

Answer Choices:
A. She quickly picked up a gun and shot at the sea
B. She put on sunglasses and shot at the sea with a gun
C. She came back after touring the ship's safety problems
D. She wear a hard hat and shoot into the sea with a gun

Given Answer: 3
Evidence Frames Used: ['frames/frame_0377.jpg', 'frames/frame_0378.jpg', 'frames/frame_0379.jpg', 'frames/frame_0380.jpg', 'frames/frame_0381.jpg']

Character/Event/Scene logs: ================================================================================
CHARACTER, EVENT, AND SCENE LOGS
================================================================================

CHARACTERS:
Pirate Chief (Ali Arif): A bald dark-skinned man wearing different colored shirts throughout the video.
Captain (Jan-Ove Fredheim): A bearded man with short brown hair, wearing a white shirt with epaulets on the shoulders.
Nancy Helena Hellevang: A young woman with blonde hair, wearing an orange shirt.
Ina Hansteen: A young woman with blonde hair, wearing a tan military uniform.
Sergey Melnikov: A young man with short dark hair, wearing a black and white striped shirt.
Ole Morten Sandquist: A man with short gray hair, wearing a tan military uniform with gold epaulets.
Frode Holmedal: A bearded man with short brown hair, wearing a white shirt and black vest.
Ketil Johansen: A man with short brown hair, wearing a tan military uniform with gold epaulets.

SCENES:
Beach at Dusk: A dark beach at dusk with a man standing and gazing out at the ocean. [frame_0001]
Beach with Cargo Ship: A sandy beach with a young boy standing alone, gazing out at the ocean waves as a large cargo ship sails in the distance. [frame_0003]
Military Formation: A group of approximately 30 military personnel standing in a straight line on a gray surface. [frame_0017]
Naval Warship: A large gray warship docked in a body of water. [frame_0020]
Suez Canal: A large red cargo ship sailing through the Suez Canal. [frame_0063]
Office/Control Room: Various scenes of people working or being interviewed in office or control room settings on a ship. [frame_0096]
Desert Village: A dusty desert village with small, weathered buildings. [frame_0866]
Eyl, Somalia: A desolate, rocky area with a white building and a structure made of twigs and branches. [frame_0872]
Park: A group of young men walking through a park with trees and grass. [frame_0512]
Nairobi, Kenya: A busy street scene with cars driving down the road and pedestrians walking on the sidewalk. [frame_01588]
Quarry near Bologna, Italy: A large, open-pit excavation site with a building featuring a white roof and a red logo. [frame_02839]
Hart Land Sea & Air Security Office: A modern office with a glass wall featuring the company logo. [frame_02805]

EVENTS:
Pirates Deploying Boats: A group of people deploying boats from the shore into the ocean. [frame_0012]
Military Personnel in Formation: A group of men dressed in khaki military uniforms standing in formation. [frame_0017]
Captain Discussing Piracy: The captain of the ship speaking directly to the camera about piracy. [frame_0100]
Crew Members Preparing for Piracy: Crew members on a ship preparing for a potential pirate attack. [frame_0120]
Pirates Boarding a Ship: Armed men boarding a large, rusty red ship. [frame_01563]
Rescue Operation: A person in black being rescued by a red helicopter. [frame_02848]
Pirates Being Escorted: A man wearing an orange jumpsuit being escorted by military personnel. [frame_01679]
Fight among Captives: Several shirtless men engaging in a physical altercation. [frame_01133]
Toasting: A group of people raising glasses filled with various beverages in a toast. [frame_03108]
Interview with Experts: Various experts, including political analysts and counter-terrorism experts, being interviewed. [frame_01708]
Prince Harry Handling a Rifle: A man in a black jacket and yellow safety glasses holding a large black rifle. [frame_02924]

================================================================================
Generated at: 2026-01-11 21:46:07
================================================================================



QUESTION-BASED CRITERIA:
  Q1. A woman is present in the scene
  Q2. The woman is wearing pearl earrings (visible as small white circular objects near ears)
  Q3. The woman is climbing down a ladder (visible feet/hands on ladder rungs, body in descending motion)
  Q4. The scene shows the woman completing the ladder descent (feet touching ground/floor)
  Q5. The woman performs an action immediately after descending the ladder


CRITICAL ASSESSMENT TASK:
For EACH criterion listed above, determine whether it PASSES or FAILS based ONLY on what the VLM actually reports seeing in the frames.

- PASS: The VLM results clearly confirm this criterion is satisfied in the frames
- FAIL: The VLM results indicate this criterion is NOT satisfied, or there is insufficient evidence

CONFIDENCE CALCULATION RULES:
1. Count how many criteria pass (criteria_percentage = criteria_passed / 5)
2. Calculate base_confidence = criteria_percentage * 100
3. ⚠️ If ANY answer-specific criterion (A1, A2, etc.) FAILS, set confidence = min(50, base_confidence)

⚠️ CRITICAL: There is ALWAYS a correct answer among the choices provided. If all answers seem slightly off or imperfect, you MUST choose the BEST possible answer that most closely matches the evidence.

CRITIC ANSWER CHOICE DECISION:
4. After evaluating criteria, if criteria_percentage > 0.5 (>50% of criteria pass):
   - Review ALL answer choices (A, B, C, D, etc.)
   - Based ONLY on the VLM visual evidence, determine which answer choice is MOST correct
   - Output your critic_answer_choice as a NUMBER (0=A, 1=B, 2=C, 3=D)
5. If criteria_percentage ≤ 0.5 (≤50% of criteria pass):
   - STILL do your best to pick out a correct answer, but also set suggestion to "These may not be the right frames/scene. Continue searching for better evidence."
   - output your best guess of the answer as a number (0=A, 1=B, 2=C, 3=D, 4=E)

Return ONLY this JSON:
{
    "criteria_results": [
        {"criterion": "criterion text", "criterion_type": "QUESTION or ANSWER", "status": "PASS or FAIL", "reasoning": "brief explanation"},
        ...
    ],
    "question_criteria_passed": <number of question criteria that passed>,
    "answer_criteria_passed": <number of answer criteria that passed>,
    "answer_criteria_total": 0,
    "criteria_passed": <number of question criteria that passed>,
    "criteria_total": 5,
    "criteria_percentage": <criteria_passed / 5>,
    "base_confidence": <(criteria_passed / 5) * 100>,
    "confidence": <base_confidence OR 50 if any answer criterion failed>,
    "critic_answer_choice": <NUMBER: 0=A, 1=B, 2=C, 3=D, 4=E>,
    "critic_reasoning": "<Brief explanation of why you chose this answer based on VLM evidence>",
    "possible_errors": [
        <List specific criteria that failed or issues found>
    ],
    "suggestion": <"These may not be the right frames" if ≤50%, otherwise null or specific improvement>
}

IMPORTANT RULES:
- Evaluate EACH criterion independently based on VLM results
- Mark criterion as PASS only if VLM clearly confirms it
- Mark criterion as FAIL if not confirmed or contradicted
- If ANY answer-specific criterion fails, confidence MUST be ≤50%
- Base evaluation ONLY on VLM verification results, not speculation
- Only list errors for criteria that actually failed
- Return ONLY valid JSON

Critical assessment response: ```json
{
    "criteria_results": [
        {
            "criterion": "A woman is present in the scene",
            "criterion_type": "QUESTION",
            "status": "PASS",
            "reasoning": "VLM confirms Ina Hansteen is clearly visible in frames 1-10"
        },
        {
            "criterion": "The woman is wearing pearl earrings (visible as small white circular objects near ears)",
            "criterion_type": "QUESTION",
            "status": "FAIL",
            "reasoning": "VLM explicitly states no pearl earrings visible in frames 1-4, no jewelry at any point"
        },
        {
            "criterion": "The woman is climbing down a ladder (visible feet/hands on ladder rungs, body in descending motion)",
            "criterion_type": "QUESTION",
            "status": "PASS",
            "reasoning": "VLM confirms clear ladder descent in frames 5-7 showing her starting, halfway down, and reaching bottom"
        },
        {
            "criterion": "The scene shows the woman completing the ladder descent (feet touching ground/floor)",
            "criterion_type": "QUESTION",
            "status": "PASS",
            "reasoning": "VLM states frame 7 confirms she reached deck level after descending"
        },
        {
            "criterion": "The woman performs an action immediately after descending the ladder",
            "criterion_type": "QUESTION",
            "status": "PASS",
            "reasoning": "VLM confirms she puts on a helmet in frames 8-10 immediately after descending"
        }
    ],
    "question_criteria_passed": 4,
    "answer_criteria_passed": 0,
    "answer_criteria_total": 0,
    "criteria_passed": 4,
    "criteria_total": 5,
    "criteria_percentage": 0.8,
    "base_confidence": 80,
    "confidence": 50,
    "critic_answer_choice": 3,
    "critic_reasoning": "Despite the pearl earrings criterion failing, the VLM evidence shows the woman descending a ladder and then putting on head protection (helmet). Among the answer choices, option D ('She wear a hard hat and shoot into the sea with a gun') is the closest match, as it involves head protection and weapon use, though the VLM specifies a helmet rather than hard hat and shows weapon preparation rather than shooting.",
    "possible_errors": [
        "The woman is not wearing pearl earrings as specified in the question",
        "The VLM found no evidence of touring safety problems as claimed in answer 3"
    ],
    "suggestion": "These may not be the right frames/scene. Continue searching for better evidence."
}
```
Critical assessment data: {'criteria_results': [{'criterion': 'A woman is present in the scene', 'criterion_type': 'QUESTION', 'status': 'PASS', 'reasoning': 'VLM confirms Ina Hansteen is clearly visible in frames 1-10'}, {'criterion': 'The woman is wearing pearl earrings (visible as small white circular objects near ears)', 'criterion_type': 'QUESTION', 'status': 'FAIL', 'reasoning': 'VLM explicitly states no pearl earrings visible in frames 1-4, no jewelry at any point'}, {'criterion': 'The woman is climbing down a ladder (visible feet/hands on ladder rungs, body in descending motion)', 'criterion_type': 'QUESTION', 'status': 'PASS', 'reasoning': 'VLM confirms clear ladder descent in frames 5-7 showing her starting, halfway down, and reaching bottom'}, {'criterion': 'The scene shows the woman completing the ladder descent (feet touching ground/floor)', 'criterion_type': 'QUESTION', 'status': 'PASS', 'reasoning': 'VLM states frame 7 confirms she reached deck level after descending'}, {'criterion': 'The woman performs an action immediately after descending the ladder', 'criterion_type': 'QUESTION', 'status': 'PASS', 'reasoning': 'VLM confirms she puts on a helmet in frames 8-10 immediately after descending'}], 'question_criteria_passed': 4, 'answer_criteria_passed': 0, 'answer_criteria_total': 0, 'criteria_passed': 4, 'criteria_total': 5, 'criteria_percentage': 0.8, 'base_confidence': 80, 'confidence': 50, 'critic_answer_choice': 3, 'critic_reasoning': "Despite the pearl earrings criterion failing, the VLM evidence shows the woman descending a ladder and then putting on head protection (helmet). Among the answer choices, option D ('She wear a hard hat and shoot into the sea with a gun') is the closest match, as it involves head protection and weapon use, though the VLM specifies a helmet rather than hard hat and shows weapon preparation rather than shooting.", 'possible_errors': ['The woman is not wearing pearl earrings as specified in the question', 'The VLM found no evidence of touring safety problems as claimed in answer 3'], 'suggestion': 'These may not be the right frames/scene. Continue searching for better evidence.'}
