Critic initial response: {
    "tool": "VLM_QUERY",
    "frames": ["frames/frame_0061.jpg", "frames/frame_0062.jpg", "frames/frame_0063.jpg", "frames/frame_0064.jpg", "frames/frame_0065.jpg", "frames/frame_0066.jpg", "frames/frame_0067.jpg", "frames/frame_0068.jpg", "frames/frame_0069.jpg", "frames/frame_0070.jpg", "frames/frame_0071.jpg", "frames/frame_0072.jpg", "frames/frame_0073.jpg", "frames/frame_0074.jpg", "frames/frame_0075.jpg"],
    "prompt": "Based on these frames (including context before/after), verify if the answer '0' (Tie the gift box) is correct for the question: What is the character doing between 01:05-01:09? Check the question criteria: ['Character interacting with a gift box', 'Gift box present in the scene', 'Character performing an action on the gift box', 'Time period between 01:05-01:09 (65-69 seconds)', 'Visible manipulation of gift box (tying, destroying, coloring, stuffing)', \"Character's hands or body positioned around gift box\"]. Pay attention to timestamps and temporal sequences. Specifically look for evidence of tying a ribbon/bow around a gift box during the specified time period."
}
Frames to verify: ['frames/frame_0061.jpg', 'frames/frame_0062.jpg', 'frames/frame_0063.jpg', 'frames/frame_0064.jpg', 'frames/frame_0065.jpg', 'frames/frame_0066.jpg', 'frames/frame_0067.jpg', 'frames/frame_0068.jpg', 'frames/frame_0069.jpg', 'frames/frame_0070.jpg', 'frames/frame_0071.jpg', 'frames/frame_0072.jpg', 'frames/frame_0073.jpg', 'frames/frame_0074.jpg', 'frames/frame_0075.jpg']
VLM Prompt: Video context: Failed to generate after 3 attempts: Error code: 503 - The server is overloaded or not ready yet.

Based on these frames (including context before/after), verify if the answer '0' (Tie the gift box) is correct for the question: What is the character doing between 01:05-01:09? Check the question criteria: ['Character interacting with a gift box', 'Gift box present in the scene', 'Character performing an action on the gift box', 'Time period between 01:05-01:09 (65-69 seconds)', 'Visible manipulation of gift box (tying, destroying, coloring, stuffing)', "Character's hands or body positioned around gift box"]. Pay attention to timestamps and temporal sequences. Specifically look for evidence of tying a ribbon/bow around a gift box during the specified time period.
VLM response: {'batched_responses': [{'batch_start': 0, 'batch_end': 15, 'image_paths': ['/mnt/ssd/data/lvbench/videos_processed/TJR1oYDDTwg/frames/frame_0061.jpg', '/mnt/ssd/data/lvbench/videos_processed/TJR1oYDDTwg/frames/frame_0062.jpg', '/mnt/ssd/data/lvbench/videos_processed/TJR1oYDDTwg/frames/frame_0063.jpg', '/mnt/ssd/data/lvbench/videos_processed/TJR1oYDDTwg/frames/frame_0064.jpg', '/mnt/ssd/data/lvbench/videos_processed/TJR1oYDDTwg/frames/frame_0065.jpg', '/mnt/ssd/data/lvbench/videos_processed/TJR1oYDDTwg/frames/frame_0066.jpg', '/mnt/ssd/data/lvbench/videos_processed/TJR1oYDDTwg/frames/frame_0067.jpg', '/mnt/ssd/data/lvbench/videos_processed/TJR1oYDDTwg/frames/frame_0068.jpg', '/mnt/ssd/data/lvbench/videos_processed/TJR1oYDDTwg/frames/frame_0069.jpg', '/mnt/ssd/data/lvbench/videos_processed/TJR1oYDDTwg/frames/frame_0070.jpg', '/mnt/ssd/data/lvbench/videos_processed/TJR1oYDDTwg/frames/frame_0071.jpg', '/mnt/ssd/data/lvbench/videos_processed/TJR1oYDDTwg/frames/frame_0072.jpg', '/mnt/ssd/data/lvbench/videos_processed/TJR1oYDDTwg/frames/frame_0073.jpg', '/mnt/ssd/data/lvbench/videos_processed/TJR1oYDDTwg/frames/frame_0074.jpg', '/mnt/ssd/data/lvbench/videos_processed/TJR1oYDDTwg/frames/frame_0075.jpg'], 'response': "The answer '0' (Tie the gift box) is **correct** for the question: *What is the character doing between 01:05-01:09?*\n\n### Verification against criteria:\n\n1. **Character interacting with a gift box** — ✅  \n   In frames 6–10 (01:06–01:10), a witch-like character is shown actively engaging with a green gift box.\n\n2. **Gift box present in the scene** — ✅  \n   A green gift box with white polka dots is clearly visible in frames 6–10.\n\n3. **Character performing an action on the gift box** — ✅  \n   Between 01:06–01:09, the character is shown wrapping and tying a large blue ribbon around the gift box.\n\n4. **Time period between 01:05-01:09 (65-69 seconds)** — ✅  \n   Frame 5 (01:05) shows the character preparing; frames 6–9 (01:06–01:09) show the tying action in progress.\n\n5. **Visible manipulation of gift box (tying, destroying, coloring, stuffing)** — ✅  \n   The character is visibly tying a large blue bow/ribbon around the gift box — specifically, in frame 9 (01:09), the ribbon is being pulled taut into a bow shape.\n\n6. **Character’s hands or body positioned around gift box** — ✅  \n   The character’s arms and body are wrapped around the box, with hands actively manipulating the ribbon in frames 7–9.\n\n---\n\n### Temporal sequence (01:05–01:09):\n\n- **01:05 (Frame 5)**: Character is positioned near the gift box, preparing to act.\n- **01:06 (Frame 6)**: Character begins wrapping the ribbon around the box.\n- **01:07 (Frame 7)**: Character leans over the box, arms extended, actively tying.\n- **01:08 (Frame 8)**: Character is mid-tie, ribbon forming a bow.\n- **01:09 (Frame 9)**: Character pulls the ribbon into a finished bow shape — clear tying action completed.\n\n---\n\n✅ All criteria are satisfied. The character is **tying a ribbon around a gift box** during 01:05–01:09.\n\n**Final Answer: 0 (Tie the gift box) — Correct.**"}], 'formatted_responses': ["\n=== Batch 0-15 (15 frames) ===\nFrames: /mnt/ssd/data/lvbench/videos_processed/TJR1oYDDTwg/frames/frame_0061.jpg, /mnt/ssd/data/lvbench/videos_processed/TJR1oYDDTwg/frames/frame_0062.jpg, /mnt/ssd/data/lvbench/videos_processed/TJR1oYDDTwg/frames/frame_0063.jpg, /mnt/ssd/data/lvbench/videos_processed/TJR1oYDDTwg/frames/frame_0064.jpg, /mnt/ssd/data/lvbench/videos_processed/TJR1oYDDTwg/frames/frame_0065.jpg, /mnt/ssd/data/lvbench/videos_processed/TJR1oYDDTwg/frames/frame_0066.jpg, /mnt/ssd/data/lvbench/videos_processed/TJR1oYDDTwg/frames/frame_0067.jpg, /mnt/ssd/data/lvbench/videos_processed/TJR1oYDDTwg/frames/frame_0068.jpg, /mnt/ssd/data/lvbench/videos_processed/TJR1oYDDTwg/frames/frame_0069.jpg, /mnt/ssd/data/lvbench/videos_processed/TJR1oYDDTwg/frames/frame_0070.jpg, /mnt/ssd/data/lvbench/videos_processed/TJR1oYDDTwg/frames/frame_0071.jpg, /mnt/ssd/data/lvbench/videos_processed/TJR1oYDDTwg/frames/frame_0072.jpg, /mnt/ssd/data/lvbench/videos_processed/TJR1oYDDTwg/frames/frame_0073.jpg, /mnt/ssd/data/lvbench/videos_processed/TJR1oYDDTwg/frames/frame_0074.jpg, /mnt/ssd/data/lvbench/videos_processed/TJR1oYDDTwg/frames/frame_0075.jpg\nVLM Response: The answer '0' (Tie the gift box) is **correct** for the question: *What is the character doing between 01:05-01:09?*\n\n### Verification against criteria:\n\n1. **Character interacting with a gift box** — ✅  \n   In frames 6–10 (01:06–01:10), a witch-like character is shown actively engaging with a green gift box.\n\n2. **Gift box present in the scene** — ✅  \n   A green gift box with white polka dots is clearly visible in frames 6–10.\n\n3. **Character performing an action on the gift box** — ✅  \n   Between 01:06–01:09, the character is shown wrapping and tying a large blue ribbon around the gift box.\n\n4. **Time period between 01:05-01:09 (65-69 seconds)** — ✅  \n   Frame 5 (01:05) shows the character preparing; frames 6–9 (01:06–01:09) show the tying action in progress.\n\n5. **Visible manipulation of gift box (tying, destroying, coloring, stuffing)** — ✅  \n   The character is visibly tying a large blue bow/ribbon around the gift box — specifically, in frame 9 (01:09), the ribbon is being pulled taut into a bow shape.\n\n6. **Character’s hands or body positioned around gift box** — ✅  \n   The character’s arms and body are wrapped around the box, with hands actively manipulating the ribbon in frames 7–9.\n\n---\n\n### Temporal sequence (01:05–01:09):\n\n- **01:05 (Frame 5)**: Character is positioned near the gift box, preparing to act.\n- **01:06 (Frame 6)**: Character begins wrapping the ribbon around the box.\n- **01:07 (Frame 7)**: Character leans over the box, arms extended, actively tying.\n- **01:08 (Frame 8)**: Character is mid-tie, ribbon forming a bow.\n- **01:09 (Frame 9)**: Character pulls the ribbon into a finished bow shape — clear tying action completed.\n\n---\n\n✅ All criteria are satisfied. The character is **tying a ribbon around a gift box** during 01:05–01:09.\n\n**Final Answer: 0 (Tie the gift box) — Correct.**\n"], 'condensed_response': '**Scene Summary (01:05\u202f–\u202f01:09)**  \n\nA witch‑like figure is the only visible character. At **01:05** she stands beside a green, white‑polka‑dot gift box, ready to act. From **01:06** onward she\u202f—\u202fwith both arms wrapped around the box\u202f—\u202fbegins to wind a large blue ribbon around it. By **01:07** she leans over the box, hands manipulating the ribbon; **01:08** shows the ribbon midway through forming a bow, and at **01:09** she pulls the ribbon tight, completing the bow. Throughout these frames the gift box remains in clear view, and the character’s hands and body stay engaged with it, confirming the action of **tying a ribbon around the gift box**.', 'failed_images': []}
Followup prompt: 
Critically assess whether the VLM verification supports the given answer by evaluating each criterion.

⚠️ IMPORTANT: Answers use 0-INDEXED numbers where 0=A, 1=B, 2=C, 3=D, 4=E

VLM Verification Results:
{'batched_responses': [{'batch_start': 0, 'batch_end': 15, 'image_paths': ['/mnt/ssd/data/lvbench/videos_processed/TJR1oYDDTwg/frames/frame_0061.jpg', '/mnt/ssd/data/lvbench/videos_processed/TJR1oYDDTwg/frames/frame_0062.jpg', '/mnt/ssd/data/lvbench/videos_processed/TJR1oYDDTwg/frames/frame_0063.jpg', '/mnt/ssd/data/lvbench/videos_processed/TJR1oYDDTwg/frames/frame_0064.jpg', '/mnt/ssd/data/lvbench/videos_processed/TJR1oYDDTwg/frames/frame_0065.jpg', '/mnt/ssd/data/lvbench/videos_processed/TJR1oYDDTwg/frames/frame_0066.jpg', '/mnt/ssd/data/lvbench/videos_processed/TJR1oYDDTwg/frames/frame_0067.jpg', '/mnt/ssd/data/lvbench/videos_processed/TJR1oYDDTwg/frames/frame_0068.jpg', '/mnt/ssd/data/lvbench/videos_processed/TJR1oYDDTwg/frames/frame_0069.jpg', '/mnt/ssd/data/lvbench/videos_processed/TJR1oYDDTwg/frames/frame_0070.jpg', '/mnt/ssd/data/lvbench/videos_processed/TJR1oYDDTwg/frames/frame_0071.jpg', '/mnt/ssd/data/lvbench/videos_processed/TJR1oYDDTwg/frames/frame_0072.jpg', '/mnt/ssd/data/lvbench/videos_processed/TJR1oYDDTwg/frames/frame_0073.jpg', '/mnt/ssd/data/lvbench/videos_processed/TJR1oYDDTwg/frames/frame_0074.jpg', '/mnt/ssd/data/lvbench/videos_processed/TJR1oYDDTwg/frames/frame_0075.jpg'], 'response': "The answer '0' (Tie the gift box) is **correct** for the question: *What is the character doing between 01:05-01:09?*\n\n### Verification against criteria:\n\n1. **Character interacting with a gift box** — ✅  \n   In frames 6–10 (01:06–01:10), a witch-like character is shown actively engaging with a green gift box.\n\n2. **Gift box present in the scene** — ✅  \n   A green gift box with white polka dots is clearly visible in frames 6–10.\n\n3. **Character performing an action on the gift box** — ✅  \n   Between 01:06–01:09, the character is shown wrapping and tying a large blue ribbon around the gift box.\n\n4. **Time period between 01:05-01:09 (65-69 seconds)** — ✅  \n   Frame 5 (01:05) shows the character preparing; frames 6–9 (01:06–01:09) show the tying action in progress.\n\n5. **Visible manipulation of gift box (tying, destroying, coloring, stuffing)** — ✅  \n   The character is visibly tying a large blue bow/ribbon around the gift box — specifically, in frame 9 (01:09), the ribbon is being pulled taut into a bow shape.\n\n6. **Character’s hands or body positioned around gift box** — ✅  \n   The character’s arms and body are wrapped around the box, with hands actively manipulating the ribbon in frames 7–9.\n\n---\n\n### Temporal sequence (01:05–01:09):\n\n- **01:05 (Frame 5)**: Character is positioned near the gift box, preparing to act.\n- **01:06 (Frame 6)**: Character begins wrapping the ribbon around the box.\n- **01:07 (Frame 7)**: Character leans over the box, arms extended, actively tying.\n- **01:08 (Frame 8)**: Character is mid-tie, ribbon forming a bow.\n- **01:09 (Frame 9)**: Character pulls the ribbon into a finished bow shape — clear tying action completed.\n\n---\n\n✅ All criteria are satisfied. The character is **tying a ribbon around a gift box** during 01:05–01:09.\n\n**Final Answer: 0 (Tie the gift box) — Correct.**"}], 'formatted_responses': ["\n=== Batch 0-15 (15 frames) ===\nFrames: /mnt/ssd/data/lvbench/videos_processed/TJR1oYDDTwg/frames/frame_0061.jpg, /mnt/ssd/data/lvbench/videos_processed/TJR1oYDDTwg/frames/frame_0062.jpg, /mnt/ssd/data/lvbench/videos_processed/TJR1oYDDTwg/frames/frame_0063.jpg, /mnt/ssd/data/lvbench/videos_processed/TJR1oYDDTwg/frames/frame_0064.jpg, /mnt/ssd/data/lvbench/videos_processed/TJR1oYDDTwg/frames/frame_0065.jpg, /mnt/ssd/data/lvbench/videos_processed/TJR1oYDDTwg/frames/frame_0066.jpg, /mnt/ssd/data/lvbench/videos_processed/TJR1oYDDTwg/frames/frame_0067.jpg, /mnt/ssd/data/lvbench/videos_processed/TJR1oYDDTwg/frames/frame_0068.jpg, /mnt/ssd/data/lvbench/videos_processed/TJR1oYDDTwg/frames/frame_0069.jpg, /mnt/ssd/data/lvbench/videos_processed/TJR1oYDDTwg/frames/frame_0070.jpg, /mnt/ssd/data/lvbench/videos_processed/TJR1oYDDTwg/frames/frame_0071.jpg, /mnt/ssd/data/lvbench/videos_processed/TJR1oYDDTwg/frames/frame_0072.jpg, /mnt/ssd/data/lvbench/videos_processed/TJR1oYDDTwg/frames/frame_0073.jpg, /mnt/ssd/data/lvbench/videos_processed/TJR1oYDDTwg/frames/frame_0074.jpg, /mnt/ssd/data/lvbench/videos_processed/TJR1oYDDTwg/frames/frame_0075.jpg\nVLM Response: The answer '0' (Tie the gift box) is **correct** for the question: *What is the character doing between 01:05-01:09?*\n\n### Verification against criteria:\n\n1. **Character interacting with a gift box** — ✅  \n   In frames 6–10 (01:06–01:10), a witch-like character is shown actively engaging with a green gift box.\n\n2. **Gift box present in the scene** — ✅  \n   A green gift box with white polka dots is clearly visible in frames 6–10.\n\n3. **Character performing an action on the gift box** — ✅  \n   Between 01:06–01:09, the character is shown wrapping and tying a large blue ribbon around the gift box.\n\n4. **Time period between 01:05-01:09 (65-69 seconds)** — ✅  \n   Frame 5 (01:05) shows the character preparing; frames 6–9 (01:06–01:09) show the tying action in progress.\n\n5. **Visible manipulation of gift box (tying, destroying, coloring, stuffing)** — ✅  \n   The character is visibly tying a large blue bow/ribbon around the gift box — specifically, in frame 9 (01:09), the ribbon is being pulled taut into a bow shape.\n\n6. **Character’s hands or body positioned around gift box** — ✅  \n   The character’s arms and body are wrapped around the box, with hands actively manipulating the ribbon in frames 7–9.\n\n---\n\n### Temporal sequence (01:05–01:09):\n\n- **01:05 (Frame 5)**: Character is positioned near the gift box, preparing to act.\n- **01:06 (Frame 6)**: Character begins wrapping the ribbon around the box.\n- **01:07 (Frame 7)**: Character leans over the box, arms extended, actively tying.\n- **01:08 (Frame 8)**: Character is mid-tie, ribbon forming a bow.\n- **01:09 (Frame 9)**: Character pulls the ribbon into a finished bow shape — clear tying action completed.\n\n---\n\n✅ All criteria are satisfied. The character is **tying a ribbon around a gift box** during 01:05–01:09.\n\n**Final Answer: 0 (Tie the gift box) — Correct.**\n"], 'condensed_response': '**Scene Summary (01:05\u202f–\u202f01:09)**  \n\nA witch‑like figure is the only visible character. At **01:05** she stands beside a green, white‑polka‑dot gift box, ready to act. From **01:06** onward she\u202f—\u202fwith both arms wrapped around the box\u202f—\u202fbegins to wind a large blue ribbon around it. By **01:07** she leans over the box, hands manipulating the ribbon; **01:08** shows the ribbon midway through forming a bow, and at **01:09** she pulls the ribbon tight, completing the bow. Throughout these frames the gift box remains in clear view, and the character’s hands and body stay engaged with it, confirming the action of **tying a ribbon around the gift box**.', 'failed_images': []}

Question Being Answered: What is the character doing between 01:05-01:09?

Answer Choices (0-indexed: 0=A, 1=B, 2=C, 3=D, 4=E):
  0 (=A): Tie the gift box
  1 (=B): Destroy the gift box
  2 (=C): Colour the gift box
  3 (=D): Stuff a gift box with something

Given Answer: 0
Evidence Frames Used: ['frames/frame_0066.jpg', 'frames/frame_0067.jpg', 'frames/frame_0068.jpg', 'frames/frame_0069.jpg', 'frames/frame_0070.jpg']

Character/Event/Scene logs: ================================================================================
CHARACTER, EVENT, AND SCENE LOGS
================================================================================

CHARACTERS:
Green Dinosaur: A large, green, anthropomorphic dinosaur with a long neck and tail, often wearing a yellow scarf or shirt.
Pink Dinosaur: A pink, anthropomorphic dinosaur, sometimes with blue bows or spots.
Yellow Dinosaur: A yellow, anthropomorphic dinosaur.
Blue Dinosaur: A blue, anthropomorphic dinosaur, sometimes wearing a white hat.
King: A bearded or mustachioed man wearing a crown and royal attire, often with a blue robe and purple hearts.
Queen: A woman wearing a crown and royal attire, often with a red or blue dress.
Princess: A young girl, often with blonde hair, wearing a dress and sometimes a crown.
Chef: A character wearing a white chef's hat and apron.
Vampire/Wizard/Goblin: A green-skinned, black-haired character with pointed ears, often wearing a blue cloak or robe.

SCENES:
Scene 1 (Blair Entertainment Presents) : Description: Colorful title screen with cartoon birds and clouds. [Frames 1-13]
Scene 2 (Lollipop Dragon Title Screen) : Description: Vibrant cartoon landscape with the title "Lollipop Dragon" or "The Magic Lollipop Adventure". [Frames 14-29]
Scene 3 (Fantastical Landscape) : Description: Whimsical cartoon landscape with rolling hills, castles, and various creatures. [Frames 30-41]
Scene 4 (Royal Court/Castle) : Description: Regal setting with a king and queen on thrones, often with a purple background. [Frames 42-48, 121-128, 135-140]
Scene 5 (Cave/Purple Landscape) : Description: Dark, ominous cave or purple landscape with jagged rocks and crystals. [Frames 344-365, 530-532]
Scene 6 (Snowy Landscape) : Description: Winter wonderland with snow-covered mountains, trees, and various characters. [Frames 1464-1478, 1487-1493]
Scene 7 (Kitchen/Bakery) : Description: Colorful kitchen or bakery with chefs and various creatures. [Frames 1388-1393]
Scene 8 (Garden/Forest) : Description: Serene outdoor setting with trees, flowers, and various characters. [Frames 2445-2451]

EVENTS:
Event 1 (Characters Trapped in Net) : Description: Three cartoon characters, often dinosaurs or creatures, trapped in a large net. [Frames 46-48, 254-260]
Event 2 (Royal Family Interactions) : Description: The king and queen interacting with each other or their children in a royal setting. [Frames 135-140, 1719-1725]
Event 3 (Characters Riding on Green Dinosaur) : Description: Various characters, including princesses and other creatures, riding on the back of the green dinosaur. [Frames 1106-1113]
Event 4 (Celebration/Party) : Description: Festive scene with a large cake, balloons, and various characters celebrating. [Frames 1153-1165]
Event 5 (Snowy Village/Parade) : Description: Whimsical snowy village with characters engaging in various activities, sometimes with a parade. [Frames 1464-1478, 1696-1700]
Event 6 (Characters in Vehicles) : Description: Characters, including the green dinosaur, driving or riding in various vehicles. [Frames 97-102, 1733-1744]
Event 7 (Fight/Confrontation) : Description: Confrontation or fight between characters, sometimes with a menacing or villainous character. [Frames 1410-1417, 2170-2175]

================================================================================
Generated at: 2026-01-11 21:46:13
================================================================================



QUESTION-BASED CRITERIA:
  Q1. Character interacting with a gift box
  Q2. Gift box present in the scene
  Q3. Character performing an action on the gift box
  Q4. Time period between 01:05-01:09 (65-69 seconds)
  Q5. Visible manipulation of gift box (tying, destroying, coloring, stuffing)
  Q6. Character's hands or body positioned around gift box


CRITICAL ASSESSMENT TASK:
For EACH criterion listed above, determine whether it PASSES or FAILS based ONLY on what the VLM actually reports seeing in the frames.

- PASS: The VLM results clearly confirm this criterion is satisfied in the frames
- FAIL: The VLM results indicate this criterion is NOT satisfied, or there is insufficient evidence

CONFIDENCE CALCULATION RULES:
1. Count how many criteria pass (criteria_percentage = criteria_passed / 6)
2. Calculate base_confidence = criteria_percentage * 100
3. ⚠️ If ANY answer-specific criterion (A1, A2, etc.) FAILS, set confidence = min(50, base_confidence)

⚠️ CRITICAL: There is ALWAYS a correct answer among the choices provided. If all answers seem slightly off or imperfect, you MUST choose the BEST possible answer that most closely matches the evidence.

CRITIC ANSWER CHOICE DECISION:
4. After evaluating criteria, ALWAYS pick the best answer choice:
   - Review ALL answer choices (A, B, C, D, E, etc.)
   - Based ONLY on the VLM visual evidence, determine which answer choice is MOST correct
   - Output your critic_answer_choice as a NUMBER (0=A, 1=B, 2=C, 3=D, 4=E)

5. If criteria_percentage > 0.5 (>50% of criteria pass):
   - Your chosen answer is well-supported by evidence
   - Set suggestion to null or provide minor improvements

6. If criteria_percentage ≤ 0.5 (≤50% of criteria pass):
   - Still MUST choose the BEST answer from the available choices (never -1)
   - But set suggestion to "These may not be the right frames/scene. Consider searching for better evidence. The answer chosen is the BEST match given current evidence."
   - This signals low confidence but still provides a choice

Return ONLY this JSON:
{
    "criteria_results": [
        {"criterion": "criterion text", "criterion_type": "QUESTION or ANSWER", "status": "PASS or FAIL", "reasoning": "brief explanation"},
        ...
    ],
    "question_criteria_passed": <number of question criteria that passed>,
    "answer_criteria_passed": <number of answer criteria that passed>,
    "answer_criteria_total": 0,
    "criteria_passed": <total number of criteria that passed>,
    "criteria_total": 6,
    "criteria_percentage": <criteria_passed / 6>,
    "base_confidence": <(criteria_passed / 6) * 100>,
    "confidence": <base_confidence OR 50 if any answer criterion failed>,
    "critic_answer_choice": <NUMBER: 0=A, 1=B, 2=C, 3=D, 4=E - MUST be a valid number 0-4, never -1>,
    "critic_reasoning": "<Brief explanation of why you chose this answer based on VLM evidence>",
    "possible_errors": [
        <List specific criteria that failed or issues found>
    ],
    "suggestion": <"These may not be the right frames" if ≤50%, otherwise null or specific improvement>
}

IMPORTANT RULES:
- Evaluate EACH criterion independently based on VLM results
- Mark criterion as PASS only if VLM clearly confirms it
- Mark criterion as FAIL if not confirmed or contradicted
- If ANY answer-specific criterion fails, confidence MUST be ≤50%
- Base evaluation ONLY on VLM verification results, not speculation
- Only list errors for criteria that actually failed
- Return ONLY valid JSON

Critical assessment response: ```json
{
    "criteria_results": [
        {
            "criterion": "Character interacting with a gift box",
            "criterion_type": "QUESTION",
            "status": "PASS",
            "reasoning": "VLM confirms witch-like character actively engaging with green gift box in frames 6-10"
        },
        {
            "criterion": "Gift box present in the scene",
            "criterion_type": "QUESTION",
            "status": "PASS",
            "reasoning": "VLM confirms green gift box with white polka dots clearly visible in frames 6-10"
        },
        {
            "criterion": "Character performing an action on the gift box",
            "criterion_type": "QUESTION",
            "status": "PASS",
            "reasoning": "VLM confirms character is wrapping and tying a large blue ribbon around the gift box"
        },
        {
            "criterion": "Time period between 01:05-01:09 (65-69 seconds)",
            "criterion_type": "QUESTION",
            "status": "PASS",
            "reasoning": "VLM confirms tying action occurs specifically between 01:06-01:09, with preparation at 01:05"
        },
        {
            "criterion": "Visible manipulation of gift box (tying, destroying, coloring, stuffing)",
            "criterion_type": "ANSWER",
            "status": "PASS",
            "reasoning": "VLM specifically confirms tying action with ribbon being pulled taut into a bow shape"
        },
        {
            "criterion": "Character's hands or body positioned around gift box",
            "criterion_type": "ANSWER",
            "status": "PASS",
            "reasoning": "VLM confirms character's arms and body wrapped around box, hands actively manipulating ribbon"
        }
    ],
    "question_criteria_passed": 4,
    "answer_criteria_passed": 2,
    "answer_criteria_total": 2,
    "criteria_passed": 6,
    "criteria_total": 6,
    "criteria_percentage": 1.0,
    "base_confidence": 100,
    "confidence": 100,
    "critic_answer_choice": 0,
    "critic_reasoning": "VLM provides comprehensive evidence showing character actively tying a ribbon around a gift box during the specified time period, with clear visual confirmation of all criteria being satisfied",
    "possible_errors": [],
    "suggestion": null
}
```
Critical assessment data: {'criteria_results': [{'criterion': 'Character interacting with a gift box', 'criterion_type': 'QUESTION', 'status': 'PASS', 'reasoning': 'VLM confirms witch-like character actively engaging with green gift box in frames 6-10'}, {'criterion': 'Gift box present in the scene', 'criterion_type': 'QUESTION', 'status': 'PASS', 'reasoning': 'VLM confirms green gift box with white polka dots clearly visible in frames 6-10'}, {'criterion': 'Character performing an action on the gift box', 'criterion_type': 'QUESTION', 'status': 'PASS', 'reasoning': 'VLM confirms character is wrapping and tying a large blue ribbon around the gift box'}, {'criterion': 'Time period between 01:05-01:09 (65-69 seconds)', 'criterion_type': 'QUESTION', 'status': 'PASS', 'reasoning': 'VLM confirms tying action occurs specifically between 01:06-01:09, with preparation at 01:05'}, {'criterion': 'Visible manipulation of gift box (tying, destroying, coloring, stuffing)', 'criterion_type': 'ANSWER', 'status': 'PASS', 'reasoning': 'VLM specifically confirms tying action with ribbon being pulled taut into a bow shape'}, {'criterion': "Character's hands or body positioned around gift box", 'criterion_type': 'ANSWER', 'status': 'PASS', 'reasoning': "VLM confirms character's arms and body wrapped around box, hands actively manipulating ribbon"}], 'question_criteria_passed': 4, 'answer_criteria_passed': 2, 'answer_criteria_total': 2, 'criteria_passed': 6, 'criteria_total': 6, 'criteria_percentage': 1.0, 'base_confidence': 100, 'confidence': 100, 'critic_answer_choice': 0, 'critic_reasoning': 'VLM provides comprehensive evidence showing character actively tying a ribbon around a gift box during the specified time period, with clear visual confirmation of all criteria being satisfied', 'possible_errors': [], 'suggestion': None}
