Critic initial response: {
    "tool": "VLM_QUERY",
    "frames": ['frames/frame_0000.jpg', 'frames/frame_0001.jpg', 'frames/frame_0002.jpg', 'frames/frame_0003.jpg', 'frames/frame_0004.jpg', 'frames/frame_0005.jpg', 'frames/frame_0006.jpg', 'frames/frame_0007.jpg', 'frames/frame_0008.jpg', 'frames/frame_0009.jpg', 'frames/frame_0010.jpg', 'frames/frame_0011.jpg', 'frames/frame_0012.jpg', 'frames/frame_0013.jpg', 'frames/frame_0014.jpg', 'frames/frame_0015.jpg', 'frames/frame_0016.jpg', 'frames/frame_0017.jpg', 'frames/frame_0018.jpg', 'frames/frame_0019.jpg', 'frames/frame_0020.jpg'],
    "prompt": "Count the number of distinct human individuals visible in this sequence of video frames. Look carefully at facial features, hair, and clothing to determine if they are the same person or different people. Return only the final count as a single number."
}
========== Requesting Critical VLM Assessment ==========
Critic initial response: {
    "tool": "VLM_QUERY",
    "frames": ['frames/frame_0000.jpg', 'frames/frame_0001.jpg', 'frames/frame_0002.jpg', 'frames/frame_0003.jpg', 'frames/frame_0004.jpg', 'frames/frame_0005.jpg', 'frames/frame_0006.jpg', 'frames/frame_0007.jpg', 'frames/frame_0008.jpg', 'frames/frame_0009.jpg', 'frames/frame_0010.jpg', 'frames/frame_0011.jpg', 'frames/frame_0012.jpg', 'frames/frame_0013.jpg', 'frames/frame_0014.jpg', 'frames/frame_0015.jpg', 'frames/frame_0016.jpg', 'frames/frame_0017.jpg', 'frames/frame_0018.jpg', 'frames/frame_0019.jpg', 'frames/frame_0020.jpg'],
    "prompt": "Count the number of distinct human individuals visible in these video frames. Look for differences in facial features, hair, clothing, and other distinguishing characteristics. Do not count the same person twice. Return only the final count as a single number."
}
========== Requesting Critical VLM Assessment ==========
Critic initial response: {
    "tool": "VLM_QUERY",
    "frames": ['frames/frame_0000.jpg', 'frames/frame_0001.jpg', 'frames/frame_0002.jpg', 'frames/frame_0003.jpg', 'frames/frame_0004.jpg', 'frames/frame_0005.jpg', 'frames/frame_0006.jpg', 'frames/frame_0007.jpg', 'frames/frame_0008.jpg', 'frames/frame_0009.jpg', 'frames/frame_0010.jpg', 'frames/frame_0011.jpg', 'frames/frame_0012.jpg', 'frames/frame_0013.jpg', 'frames/frame_0014.jpg', 'frames/frame_0015.jpg', 'frames/frame_0016.jpg', 'frames/frame_0017.jpg', 'frames/frame_0018.jpg', 'frames/frame_0019.jpg', 'frames/frame_0020.jpg'],
    "prompt": "Count the number of distinct people visible in this sequence of video frames. Analyze each frame carefully. Look for differences in facial features, hair, clothing, and other distinguishing characteristics to determine if they are the same person or different people. Report the total count."
}
========== Requesting Critical VLM Assessment ==========
Critic initial response: {
    "tool": "VLM_QUERY",
    "frames": ['frames/frame_0000.jpg', 'frames/frame_0001.jpg', 'frames/frame_0002.jpg', 'frames/frame_0003.jpg', 'frames/frame_0004.jpg', 'frames/frame_0005.jpg', 'frames/frame_0006.jpg', 'frames/frame_0007.jpg', 'frames/frame_0008.jpg', 'frames/frame_0009.jpg', 'frames/frame_0010.jpg', 'frames/frame_0011.jpg', 'frames/frame_0012.jpg', 'frames/frame_0013.jpg', 'frames/frame_0014.jpg', 'frames/frame_0015.jpg', 'frames/frame_0016.jpg', 'frames/frame_0017.jpg', 'frames/frame_0018.jpg', 'frames/frame_0019.jpg', 'frames/frame_0020.jpg'],
    "prompt": "Count the number of distinct human faces visible in this series of frames. Do not count the same person multiple times. Output only a single number with no other text."
}
========== Requesting Critical VLM Assessment ==========
Critic initial response: {
    "tool": "VLM_QUERY",
    "frames": ['frames/frame_0000.jpg', 'frames/frame_0001.jpg', 'frames/frame_0002.jpg', 'frames/frame_0003.jpg', 'frames/frame_0004.jpg', 'frames/frame_0005.jpg', 'frames/frame_0006.jpg', 'frames/frame_0007.jpg', 'frames/frame_0008.jpg', 'frames/frame_0009.jpg', 'frames/frame_0010.jpg', 'frames/frame_0011.jpg', 'frames/frame_0012.jpg', 'frames/frame_0013.jpg', 'frames/frame_0014.jpg', 'frames/frame_0015.jpg', 'frames/frame_0016.jpg', 'frames/frame_0017.jpg', 'frames/frame_0018.jpg', 'frames/frame_0019.jpg', 'frames/frame_0020.jpg'],
    "prompt": "Count the number of distinct people (different faces/identities) visible in these video frames. Do not count the same person twice. Just output the final number."
}
========== Requesting Critical VLM Assessment ==========
Critic initial response: {
    "tool": "VLM_QUERY",
    "frames": ['frames/frame_0000.jpg', 'frames/frame_0001.jpg', 'frames/frame_0002.jpg', 'frames/frame_0003.jpg', 'frames/frame_0004.jpg', 'frames/frame_0005.jpg', 'frames/frame_0006.jpg', 'frames/frame_0007.jpg', 'frames/frame_0008.jpg', 'frames/frame_0009.jpg', 'frames/frame_0010.jpg', 'frames/frame_0011.jpg', 'frames/frame_0012.jpg', 'frames/frame_0013.jpg', 'frames/frame_0014.jpg', 'frames/frame_0015.jpg', 'frames/frame_0016.jpg', 'frames/frame_0017.jpg', 'frames/frame_0018.jpg', 'frames/frame_0019.jpg', 'frames/frame_0020.jpg'],
    "prompt": "Count the number of distinct human individuals visible in these frames. Look for differences in facial features, hair, and clothing to determine if they are unique people. Do not count the same person twice. Return only the final count as a single number."
}
========== Requesting Critical VLM Assessment ==========
Critic initial response: {
    "tool": "VLM_QUERY",
    "frames": ['frames/frame_0000.jpg', 'frames/frame_0001.jpg', 'frames/frame_0002.jpg', 'frames/frame_0003.jpg', 'frames/frame_0004.jpg', 'frames/frame_0005.jpg', 'frames/frame_0006.jpg', 'frames/frame_0007.jpg', 'frames/frame_0008.jpg', 'frames/frame_0009.jpg', 'frames/frame_0010.jpg', 'frames/frame_0011.jpg', 'frames/frame_0012.jpg', 'frames/frame_0013.jpg', 'frames/frame_0014.jpg', 'frames/frame_0015.jpg', 'frames/frame_0016.jpg', 'frames/frame_0017.jpg', 'frames/frame_0018.jpg', 'frames/frame_0019.jpg', 'frames/frame_0020.jpg'],
    "prompt": "Count the number of distinct human individuals visible in these frames from the video. Look for differences in facial features, hair, clothing, and accessories to determine if they are the same person or different people. Provide the final count."
}
========== Requesting Critical VLM Assessment ==========
Critic initial response: {
    "tool": "VLM_QUERY",
    "frames": ['frames/frame_0000.jpg', 'frames/frame_0001.jpg', 'frames/frame_0002.jpg', 'frames/frame_0003.jpg', 'frames/frame_0004.jpg', 'frames/frame_0005.jpg', 'frames/frame_0006.jpg', 'frames/frame_0007.jpg', 'frames/frame_0008.jpg', 'frames/frame_0009.jpg', 'frames/frame_0010.jpg', 'frames/frame_0011.jpg', 'frames/frame_0012.jpg', 'frames/frame_0013.jpg', 'frames/frame_0014.jpg', 'frames/frame_0015.jpg', 'frames/frame_0016.jpg', 'frames/frame_0017.jpg', 'frames/frame_0018.jpg', 'frames/frame_0019.jpg', 'frames/frame_0020.jpg'],
    "prompt": "Count the number of distinct people visible in these video frames. Look for unique individuals based on facial features, hair, clothing, and other distinguishing characteristics. Do not count the same person twice even if they change clothes. Provide the final count."
}
========== Requesting Critical VLM Assessment ==========
Critic initial response: {
    "tool": "VLM_QUERY",
    "frames": ['frames/frame_0000.jpg', 'frames/frame_0001.jpg', 'frames/frame_0002.jpg', 'frames/frame_0003.jpg', 'frames/frame_0004.jpg', 'frames/frame_0005.jpg', 'frames/frame_0006.jpg', 'frames/frame_0007.jpg', 'frames/frame_0008.jpg', 'frames/frame_0009.jpg', 'frames/frame_0010.jpg', 'frames/frame_0011.jpg', 'frames/frame_0012.jpg', 'frames/frame_0013.jpg', 'frames/frame_0014.jpg', 'frames/frame_0015.jpg', 'frames/frame_0016.jpg', 'frames/frame_0017.jpg', 'frames/frame_0018.jpg', 'frames/frame_0019.jpg', 'frames/frame_0020.jpg'],
    "prompt": "Count the number of distinct individuals visible in these frames. Look for differences in facial features, hairstyle, clothing, and accessories to determine if they are the same person or different people. Provide the final count of unique people."
}
========== Requesting Critical VLM Assessment ==========
Critic initial response: {
    "tool": "VLM_QUERY",
    "frames": [
        "frames/frame_0000.jpg",
        "frames/frame_0001.jpg",
        "frames/frame_0002.jpg",
        "frames/frame_0003.jpg",
        "frames/frame_0004.jpg",
        "frames/frame_0005.jpg",
        "frames/frame_0006.jpg",
        "frames/frame_0007.jpg",
        "frames/frame_0008.jpg",
        "frames/frame_0009.jpg",
        "frames/frame_0010.jpg",
        "frames/frame_0011.jpg",
        "frames/frame_0012.jpg",
        "frames/frame_0013.jpg",
        "frames/frame_0014.jpg",
        "frames/frame_0015.jpg",
        "frames/frame_0016.jpg",
        "frames/frame_0017.jpg",
        "frames/frame_0018.jpg",
        "frames/frame_0019.jpg",
        "frames/frame_0020.jpg"
    ],
    "prompt": "Count the number of distinct human individuals visible in these video frames. Do not count the same person twice. Only count people who are clearly visible and identifiable. Output the final count as a single number."
}
Frames to verify: ['frames/frame_0000.jpg', 'frames/frame_0001.jpg', 'frames/frame_0002.jpg', 'frames/frame_0003.jpg', 'frames/frame_0004.jpg', 'frames/frame_0005.jpg', 'frames/frame_0006.jpg', 'frames/frame_0007.jpg', 'frames/frame_0008.jpg', 'frames/frame_0009.jpg', 'frames/frame_0010.jpg', 'frames/frame_0011.jpg', 'frames/frame_0012.jpg', 'frames/frame_0013.jpg', 'frames/frame_0014.jpg', 'frames/frame_0015.jpg', 'frames/frame_0016.jpg', 'frames/frame_0017.jpg', 'frames/frame_0018.jpg', 'frames/frame_0019.jpg', 'frames/frame_0020.jpg']
VLM Prompt: Video context: **Main Characters:**

1. Shannon Baker - A young woman with light brown hair, appearing in multiple scenes.
2. The woman in the white lab coat (name not mentioned) - A female character with long brown hair, interacting with anatomical models.

**Setting:**

The video takes place in various educational or medical settings, including:

1. A laboratory or classroom setting with white lab tables, anatomical torso models, and a bright, even lighting.
2. A clinical or professional environment, such as a medical office or hospital corridor.
3. A bright, clinical setting with white walls and cabinetry.
4. A science classroom or laboratory with white lab tables, stools, and anatomical models.

**Plot:**

The video appears to be a promotional or introductory clip for a biomedical science program or a student testimonial. It features a young woman, Shannon Baker, discussing her academic pursuits and experiences in a biomedical science program. The video also showcases a woman in a white lab coat interacting with anatomical models, suggesting a medical or educational context.

**Vibes:**

The mood of the video is professional, academic, and instructional, suggesting a serious and focused tone. The atmosphere is clinical, focused, and educational, with a bright and even lighting setting.

**General Details:**

* The video spans approximately 30 seconds, with multiple scenes and settings.
* The video features a mix of medium close-up and close-up shots, with a static camera setup in some scenes.
* The video includes text overlays, such as the University of Queensland branding and a student testimonial with the speaker's name and academic title.
* The video ends with a static university logo screen and a URL on the screen.

Count the number of distinct human individuals visible in these video frames. Do not count the same person twice. Only count people who are clearly visible and identifiable. Output the final count as a single number.
VLM response: {'batched_responses': [{'batch_start': 0, 'batch_end': 21, 'image_paths': ['/mnt/ssd/data/kimi/videomme/video_files/TVkck1ACKDQ/frames/frame_0001.jpg', '/mnt/ssd/data/kimi/videomme/video_files/TVkck1ACKDQ/frames/frame_0002.jpg', '/mnt/ssd/data/kimi/videomme/video_files/TVkck1ACKDQ/frames/frame_0003.jpg', '/mnt/ssd/data/kimi/videomme/video_files/TVkck1ACKDQ/frames/frame_0004.jpg', '/mnt/ssd/data/kimi/videomme/video_files/TVkck1ACKDQ/frames/frame_0005.jpg', '/mnt/ssd/data/kimi/videomme/video_files/TVkck1ACKDQ/frames/frame_0006.jpg', '/mnt/ssd/data/kimi/videomme/video_files/TVkck1ACKDQ/frames/frame_0007.jpg', '/mnt/ssd/data/kimi/videomme/video_files/TVkck1ACKDQ/frames/frame_0008.jpg', '/mnt/ssd/data/kimi/videomme/video_files/TVkck1ACKDQ/frames/frame_0009.jpg', '/mnt/ssd/data/kimi/videomme/video_files/TVkck1ACKDQ/frames/frame_0010.jpg', '/mnt/ssd/data/kimi/videomme/video_files/TVkck1ACKDQ/frames/frame_0011.jpg', '/mnt/ssd/data/kimi/videomme/video_files/TVkck1ACKDQ/frames/frame_0012.jpg', '/mnt/ssd/data/kimi/videomme/video_files/TVkck1ACKDQ/frames/frame_0013.jpg', '/mnt/ssd/data/kimi/videomme/video_files/TVkck1ACKDQ/frames/frame_0014.jpg', '/mnt/ssd/data/kimi/videomme/video_files/TVkck1ACKDQ/frames/frame_0015.jpg', '/mnt/ssd/data/kimi/videomme/video_files/TVkck1ACKDQ/frames/frame_0016.jpg', '/mnt/ssd/data/kimi/videomme/video_files/TVkck1ACKDQ/frames/frame_0017.jpg', '/mnt/ssd/data/kimi/videomme/video_files/TVkck1ACKDQ/frames/frame_0018.jpg', '/mnt/ssd/data/kimi/videomme/video_files/TVkck1ACKDQ/frames/frame_0019.jpg', '/mnt/ssd/data/kimi/videomme/video_files/TVkck1ACKDQ/frames/frame_0020.jpg'], 'response': 'To determine the number of distinct human individuals visible in the video frames, we need to examine each frame and identify the individuals present.\n\n1. **Frames 2-5 and 16-21**: These frames show a young woman, Shannon Baker, in a laboratory setting. She is the same person in all these frames.\n\n2. **Frames 6-8**: These frames show Shannon Baker again, but from behind, as she puts on a white lab coat. \n\n3. **Frames 9-12**: These frames show a different woman, wearing a white lab coat, interacting with an anatomical model. She has long brown hair.\n\n4. **Frames 13-15**: These frames show the same woman in the white lab coat again, this time standing next to a different anatomical model.\n\nFrom the given frames, we can identify two distinct human individuals:\n- Shannon Baker, the young woman with light brown hair.\n- The woman in the white lab coat with long brown hair.\n\nTherefore, the total count of distinct human individuals is 2.\n\nThe final answer is: $\\boxed{2}$'}], 'formatted_responses': ['\n=== Batch 0-21 (20 frames) ===\nFrames: /mnt/ssd/data/kimi/videomme/video_files/TVkck1ACKDQ/frames/frame_0001.jpg, /mnt/ssd/data/kimi/videomme/video_files/TVkck1ACKDQ/frames/frame_0002.jpg, /mnt/ssd/data/kimi/videomme/video_files/TVkck1ACKDQ/frames/frame_0003.jpg, /mnt/ssd/data/kimi/videomme/video_files/TVkck1ACKDQ/frames/frame_0004.jpg, /mnt/ssd/data/kimi/videomme/video_files/TVkck1ACKDQ/frames/frame_0005.jpg, /mnt/ssd/data/kimi/videomme/video_files/TVkck1ACKDQ/frames/frame_0006.jpg, /mnt/ssd/data/kimi/videomme/video_files/TVkck1ACKDQ/frames/frame_0007.jpg, /mnt/ssd/data/kimi/videomme/video_files/TVkck1ACKDQ/frames/frame_0008.jpg, /mnt/ssd/data/kimi/videomme/video_files/TVkck1ACKDQ/frames/frame_0009.jpg, /mnt/ssd/data/kimi/videomme/video_files/TVkck1ACKDQ/frames/frame_0010.jpg, /mnt/ssd/data/kimi/videomme/video_files/TVkck1ACKDQ/frames/frame_0011.jpg, /mnt/ssd/data/kimi/videomme/video_files/TVkck1ACKDQ/frames/frame_0012.jpg, /mnt/ssd/data/kimi/videomme/video_files/TVkck1ACKDQ/frames/frame_0013.jpg, /mnt/ssd/data/kimi/videomme/video_files/TVkck1ACKDQ/frames/frame_0014.jpg, /mnt/ssd/data/kimi/videomme/video_files/TVkck1ACKDQ/frames/frame_0015.jpg, /mnt/ssd/data/kimi/videomme/video_files/TVkck1ACKDQ/frames/frame_0016.jpg, /mnt/ssd/data/kimi/videomme/video_files/TVkck1ACKDQ/frames/frame_0017.jpg, /mnt/ssd/data/kimi/videomme/video_files/TVkck1ACKDQ/frames/frame_0018.jpg, /mnt/ssd/data/kimi/videomme/video_files/TVkck1ACKDQ/frames/frame_0019.jpg, /mnt/ssd/data/kimi/videomme/video_files/TVkck1ACKDQ/frames/frame_0020.jpg\nVLM Response: To determine the number of distinct human individuals visible in the video frames, we need to examine each frame and identify the individuals present.\n\n1. **Frames 2-5 and 16-21**: These frames show a young woman, Shannon Baker, in a laboratory setting. She is the same person in all these frames.\n\n2. **Frames 6-8**: These frames show Shannon Baker again, but from behind, as she puts on a white lab coat. \n\n3. **Frames 9-12**: These frames show a different woman, wearing a white lab coat, interacting with an anatomical model. She has long brown hair.\n\n4. **Frames 13-15**: These frames show the same woman in the white lab coat again, this time standing next to a different anatomical model.\n\nFrom the given frames, we can identify two distinct human individuals:\n- Shannon Baker, the young woman with light brown hair.\n- The woman in the white lab coat with long brown hair.\n\nTherefore, the total count of distinct human individuals is 2.\n\nThe final answer is: $\\boxed{2}$\n'], 'condensed_response': '**Scene Summary (Frames\u202f1‑20)**  \n\n- **Character\u202f1 – Shannon\u202fBaker** (young woman with light‑brown hair).  \n  - **Visible front‑on:** Frames\u202f2‑5 and again in Frames\u202f16‑20, where she is working in a laboratory.  \n  - **Seen from behind:** Frames\u202f6‑8, as she turns to put on a white lab coat.\n\n- **Character\u202f2 – Lab‑coat Woman** (different woman with long brown hair, already wearing a white lab coat).  \n  - **Interacting with an anatomical model:** Frames\u202f9‑12.  \n  - **Standing beside a second model:** Frames\u202f13‑15.\n\nNo other people appear in the 20‑frame segment. Thus, the video segment contains **two distinct human individuals**.  \n\n**Answer:**\u202f2 distinct people.', 'failed_images': [('/mnt/ssd/data/kimi/videomme/video_files/TVkck1ACKDQ/frames/frame_0000.jpg', 'File not found')]}
Followup prompt: Assess VLM verification.

VLM Results: {'batched_responses': [{'batch_start': 0, 'batch_end': 21, 'image_paths': ['/mnt/ssd/data/kimi/videomme/video_files/TVkck1ACKDQ/frames/frame_0001.jpg', '/mnt/ssd/data/kimi/videomme/video_files/TVkck1ACKDQ/frames/frame_0002.jpg', '/mnt/ssd/data/kimi/videomme/video_files/TVkck1ACKDQ/frames/frame_0003.jpg', '/mnt/ssd/data/kimi/videomme/video_files/TVkck1ACKDQ/frames/frame_0004.jpg', '/mnt/ssd/data/kimi/videomme/video_files/TVkck1ACKDQ/frames/frame_0005.jpg', '/mnt/ssd/data/kimi/videomme/video_files/TVkck1ACKDQ/frames/frame_0006.jpg', '/mnt/ssd/data/kimi/videomme/video_files/TVkck1ACKDQ/frames/frame_0007.jpg', '/mnt/ssd/data/kimi/videomme/video_files/TVkck1ACKDQ/frames/frame_0008.jpg', '/mnt/ssd/data/kimi/videomme/video_files/TVkck1ACKDQ/frames/frame_0009.jpg', '/mnt/ssd/data/kimi/videomme/video_files/TVkck1ACKDQ/frames/frame_0010.jpg', '/mnt/ssd/data/kimi/videomme/video_files/TVkck1ACKDQ/frames/frame_0011.jpg', '/mnt/ssd/data/kimi/videomme/video_files/TVkck1ACKDQ/frames/frame_0012.jpg', '/mnt/ssd/data/kimi/videomme/video_files/TVkck1ACKDQ/frames/frame_0013.jpg', '/mnt/ssd/data/kimi/videomme/video_files/TVkck1ACKDQ/frames/frame_0014.jpg', '/mnt/ssd/data/kimi/videomme/video_files/TVkck1ACKDQ/frames/frame_0015.jpg', '/mnt/ssd/data/kimi/videomme/video_files/TVkck1ACKDQ/frames/frame_0016.jpg', '/mnt/ssd/data/kimi/videomme/video_files/TVkck1ACKDQ/frames/frame_0017.jpg', '/mnt/ssd/data/kimi/videomme/video_files/TVkck1ACKDQ/frames/frame_0018.jpg', '/mnt/ssd/data/kimi/videomme/video_files/TVkck1ACKDQ/frames/frame_0019.jpg', '/mnt/ssd/data/kimi/videomme/video_files/TVkck1ACKDQ/frames/frame_0020.jpg'], 'response': 'To determine the number of distinct human individuals visible in the video frames, we need to examine each frame and identify the individuals present.\n\n1. **Frames 2-5 and 16-21**: These frames show a young woman, Shannon Baker, in a laboratory setting. She is the same person in all these frames.\n\n2. **Frames 6-8**: These frames show Shannon Baker again, but from behind, as she puts on a white lab coat. \n\n3. **Frames 9-12**: These frames show a different woman, wearing a white lab coat, interacting with an anatomical model. She has long brown hair.\n\n4. **Frames 13-15**: These frames show the same woman in the white lab coat again, this time standing next to a different anatomical model.\n\nFrom the given frames, we can identify two distinct human individuals:\n- Shannon Baker, the young woman with light brown hair.\n- The woman in the white lab coat with long brown hair.\n\nTherefore, the total count of distinct human individuals is 2.\n\nThe final answer is: $\\boxed{2}$'}], 'formatted_responses': ['\n=== Batch 0-21 (20 frames) ===\nFrames: /mnt/ssd/data/kimi/videomme/video_files/TVkck1ACKDQ/frames/frame_0001.jpg, /mnt/ssd/data/kimi/videomme/video_files/TVkck1ACKDQ/frames/frame_0002.jpg, /mnt/ssd/data/kimi/videomme/video_files/TVkck1ACKDQ/frames/frame_0003.jpg, /mnt/ssd/data/kimi/videomme/video_files/TVkck1ACKDQ/frames/frame_0004.jpg, /mnt/ssd/data/kimi/videomme/video_files/TVkck1ACKDQ/frames/frame_0005.jpg, /mnt/ssd/data/kimi/videomme/video_files/TVkck1ACKDQ/frames/frame_0006.jpg, /mnt/ssd/data/kimi/videomme/video_files/TVkck1ACKDQ/frames/frame_0007.jpg, /mnt/ssd/data/kimi/videomme/video_files/TVkck1ACKDQ/frames/frame_0008.jpg, /mnt/ssd/data/kimi/videomme/video_files/TVkck1ACKDQ/frames/frame_0009.jpg, /mnt/ssd/data/kimi/videomme/video_files/TVkck1ACKDQ/frames/frame_0010.jpg, /mnt/ssd/data/kimi/videomme/video_files/TVkck1ACKDQ/frames/frame_0011.jpg, /mnt/ssd/data/kimi/videomme/video_files/TVkck1ACKDQ/frames/frame_0012.jpg, /mnt/ssd/data/kimi/videomme/video_files/TVkck1ACKDQ/frames/frame_0013.jpg, /mnt/ssd/data/kimi/videomme/video_files/TVkck1ACKDQ/frames/frame_0014.jpg, /mnt/ssd/data/kimi/videomme/video_files/TVkck1ACKDQ/frames/frame_0015.jpg, /mnt/ssd/data/kimi/videomme/video_files/TVkck1ACKDQ/frames/frame_0016.jpg, /mnt/ssd/data/kimi/videomme/video_files/TVkck1ACKDQ/frames/frame_0017.jpg, /mnt/ssd/data/kimi/videomme/video_files/TVkck1ACKDQ/frames/frame_0018.jpg, /mnt/ssd/data/kimi/videomme/video_files/TVkck1ACKDQ/frames/frame_0019.jpg, /mnt/ssd/data/kimi/videomme/video_files/TVkck1ACKDQ/frames/frame_0020.jpg\nVLM Response: To determine the number of distinct human individuals visible in the video frames, we need to examine each frame and identify the individuals present.\n\n1. **Frames 2-5 and 16-21**: These frames show a young woman, Shannon Baker, in a laboratory setting. She is the same person in all these frames.\n\n2. **Frames 6-8**: These frames show Shannon Baker again, but from behind, as she puts on a white lab coat. \n\n3. **Frames 9-12**: These frames show a different woman, wearing a white lab coat, interacting with an anatomical model. She has long brown hair.\n\n4. **Frames 13-15**: These frames show the same woman in the white lab coat again, this time standing next to a different anatomical model.\n\nFrom the given frames, we can identify two distinct human individuals:\n- Shannon Baker, the young woman with light brown hair.\n- The woman in the white lab coat with long brown hair.\n\nTherefore, the total count of distinct human individuals is 2.\n\nThe final answer is: $\\boxed{2}$\n'], 'condensed_response': '**Scene Summary (Frames\u202f1‑20)**  \n\n- **Character\u202f1 – Shannon\u202fBaker** (young woman with light‑brown hair).  \n  - **Visible front‑on:** Frames\u202f2‑5 and again in Frames\u202f16‑20, where she is working in a laboratory.  \n  - **Seen from behind:** Frames\u202f6‑8, as she turns to put on a white lab coat.\n\n- **Character\u202f2 – Lab‑coat Woman** (different woman with long brown hair, already wearing a white lab coat).  \n  - **Interacting with an anatomical model:** Frames\u202f9‑12.  \n  - **Standing beside a second model:** Frames\u202f13‑15.\n\nNo other people appear in the 20‑frame segment. Thus, the video segment contains **two distinct human individuals**.  \n\n**Answer:**\u202f2 distinct people.', 'failed_images': [('/mnt/ssd/data/kimi/videomme/video_files/TVkck1ACKDQ/frames/frame_0000.jpg', 'File not found')]}
Question: How many different people appear in the video?

Answer Choices:
A. 3.
B. 4.
C. 1.
D. 2.

Answer: 2
Frames: ['frames/frame_0001.jpg', 'frames/frame_0005.jpg', 'frames/frame_0008.jpg', 'frames/frame_0012.jpg', 'frames/frame_0015.jpg']
Logs: CHARACTERS:
Person 1: Description: Young woman with light brown hair, black sleeveless blouse with white polka dots. [0s-14s]
Person 2: Description: Woman with long brown hair in a ponytail, dark blue sleeveless blouse with white polka dots. [3s-11s]
Person 3: Description: Person with long brown hair, wearing a white lab coat. [6s-11s]
Person 4: Description: Woman with light brown hair in a ponytail, wearing a white lab coat. [11s-14s]
Person 5: Description: Young woman with light brown hair pulled back, wearing a black sleeveless blouse with white polka dots. [14s-30s]

SCENES:
Scene 1: Description: Laboratory or classroom setting, featuring Person 1 and a purple text overlay. [0s-3s]
Scene 2: Description: Clinical or professional environment, featuring Person 2 getting dressed in a white lab coat. [3s-6s]
Scene 3: Description: Classroom or laboratory setting, featuring Person 3 interacting with an anatomical model. [6s-11s]
Scene 4: Description: Clinical setting with a headless anatomical mannequin, featuring Person 4 examining the model. [11s-14s]
Scene 5: Description: Science classroom or laboratory setting, featuring Person 5 speaking to the camera. [14s-19s]
Scene 6: Description: Classroom or laboratory setting, featuring Person 5 speaking to the camera with a blurred anatomical model in the background. [19s-30s]

EVENTS:
Event 1: Description: Person 3 removes a dark brown organ (the liver) from an anatomical model. [6s-11s]
Event 2: Description: Person 5 transitions to the University of Queensland branding screen. [19s-30s]

Check:
1. VLM confirms given answer
2. Contradictions between VLM and answer
3. All question conditions addressed
4. Correct answer choice selected

There is ALWAYS a correct answer. Pick BEST match even if imperfect.

Return ONLY JSON:
{
    "confidence": <0-100>,
    "possible_errors": [<actual discrepancies found>],
    "suggestion": <null if >80, else specific improvement>
}

Base confidence on VLM results only. List only ACTUAL errors, not hypothetical. Empty [] if no errors.

Critical assessment response: {
    "confidence": 85,
    "possible_errors": ["The VLM analysis mentions 'Shannon Baker' specifically by name, which suggests it may have recognized or inferred this identity beyond what's visible in the frames themselves, potentially introducing external knowledge bias"],
    "suggestion": "The analysis should rely solely on visual descriptors from the frames rather than named identities to ensure objective counting"
}
Critical assessment data: {'confidence': 85, 'possible_errors': ["The VLM analysis mentions 'Shannon Baker' specifically by name, which suggests it may have recognized or inferred this identity beyond what's visible in the frames themselves, potentially introducing external knowledge bias"], 'suggestion': 'The analysis should rely solely on visual descriptors from the frames rather than named identities to ensure objective counting'}
