[{'role': 'system', 'content': "You are an expert at reasoning and tool-using, with the goal of answering this question about a long video. You should be able to extract detailed frame-information from videos, do caption searches, and use your findings to answer the question. You should be SUPER PICKY about your findings, NOT make assumptions, and always bias towards gathering more evidence before executing a final answer. Use EXACT evidence only. ALSO, when dealing with TEMPORAL questions, you cannot find VISUAL TIMES. If a question asks for a 'duration' of an event, you want to do many caption searches on consecutive ranges, and find scene-changes at the beginning and end of the event. You MUST CHOOSE AN ANSWER. NONE OF THE ABOVE IS NOT ACCEPTABLE."}, {'role': 'user', 'content': '\n Here is a global summary of the video for general context: Here is a global summary of the provided SET of frame-by-frame captions data for a long video:\n\n**Main Characters:**\nThe main characters in this video are female gymnasts, coaches, judges, and officials participating in the artistic gymnastics events, particularly the women\'s uneven bars final, at the 2012 London Olympics. Some notable gymnasts mentioned include He Kexin from China, Victoria Komova from Russia, Elisabeth Seitz from Germany, Yao Jinnan from China, Elizabeth Tweddle from Great Britain, Aliya Mustafina from Russia, Koko Tsurumi from Japan, and Gabrielle Douglas from the USA.\n\n**Setting:**\nThe setting is the North Greenwich Arena in London during the 2012 Summer Olympics. The arena features a prominent pink gymnastics floor with white Olympic logos and various equipment such as uneven bars, balance beams, and vaulting tables. The venue is filled with spectators in the stands, and there are numerous camera operators, judges, and officials on the floor.\n\n**Plot Line:**\nThe video appears to follow the women\'s uneven bars final event at the 2012 London Olympics. The captions depict the gymnasts preparing for and participating in the competition, as well as the reactions of the crowd and the athletes. The video also shows the start lists and final results of the competition, with Aliya Mustafina from Russia winning the gold medal.\n\n**Vibes:**\nThe overall vibe of the video is one of excitement, tension, and celebration. The captions convey the energy and enthusiasm of the crowd, as well as the focus and determination of the athletes. The atmosphere is electric, with a sense of national pride and competition.\n\n**General Details:**\nThe video is a comprehensive coverage of the women\'s uneven bars final at the 2012 London Olympics, featuring a mix of competition action, athlete profiles, and crowd reactions. The captions provide a detailed and immersive experience, allowing the viewer to feel as though they are present at the event. The video highlights the skill and athleticism of the gymnasts, as well as the excitement and drama of the competition.\n\n Here is also an INCOMPLETE character/event/scene log across the video. These will all be encountered, and there MAY BE MORE ================================================================================\nCHARACTER, EVENT, AND SCENE LOGS\n================================================================================\n\nCHARACTERS:\nHe Kexin (Young Chinese Female Gymnast): Description: Wearing a black leotard with pink, gold, and white designs and rhinestones, her dark hair pulled back into a bun with a pink bow.\nVictoria Komova (Young Russian Female Gymnast): Description: Wearing a white leotard with red designs and lettering, her dark hair pulled back into a sleek ponytail.\nElisabeth Seitz (Young German Female Gymnast): Description: Wearing a white Adidas jacket with red accents, her blonde hair tied back in a ponytail.\nYao Jinnan (Young Chinese Female Gymnast): Description: Wearing a red and white jacket with a Chinese flag and Olympic rings on it, her dark hair tied back into a sleek bun.\nElizabeth Tweddle (Young British Female Gymnast): Description: Wearing a white Adidas jacket with blue accents and a Team GB logo, her blonde hair tied back in a ponytail.\nAliya Mustafina (Young Russian Female Gymnast): Description: Wearing a white and red Russian Olympic team uniform with a red patterned scarf-like collar, her dark hair pulled back into a sleek ponytail.\nKoko Tsurumi (Young Japanese Female Gymnast): Description: Wearing a white and red jacket with a Japanese flag on the right side of the chest, her dark hair tied back into a sleek ponytail.\nGabrielle Douglas (Young American Female Gymnast): Description: Wearing a white USA jacket with red and blue accents, her dark hair pulled back into a tight bun.\n\nSCENES:\nGymnastics Arena: Description: A large, dimly lit indoor arena with a prominent pink gymnastics floor and a crowd of spectators in the stands. [1-50]\nBackstage Hallway: Description: A purple carpeted hallway with "London 2012" and the Olympic rings printed on the walls. [51-61]\nGymnastics Arena (Uneven Bars Final): Description: A large arena with a pink floor featuring white Olympic logos and a yellow uneven bars apparatus, surrounded by a crowd of spectators in the stands. [62-74]\nScoreboard Display: Description: A large blue screen displaying the start list or results of the women\'s uneven bars final. [75-90]\nGymnastics Arena (Various Events): Description: A large arena with a pink floor featuring various gymnastics equipment, surrounded by a crowd of spectators in the stands. [91-1965]\nLocker Room/Athletes\' Area: Description: A room with a purple wall featuring "London 2012" and the Olympic rings logo, where athletes are gathered, sitting, or standing. [419-427]\nPink Corridor: Description: A bright pink corridor or hallway with "London 2012" and the Olympic rings printed on the walls. [97-103]\n Medal Ceremony/ Celebration Area: Description: A crowded area with a purple wall featuring the Olympic rings logo, where athletes are gathered, hugging, and celebrating. [122-124]\nInterview Area: Description: A area with a purple barrier featuring "London 2012" written on it, where athletes are being interviewed. [429-437]\n\nEVENTS:\nGymnastics Competition (Uneven Bars Final): Description: A women\'s uneven bars final event in artistic gymnastics at the London 2012 Olympics, with gymnasts performing on the apparatus. [14-50]\nGymnasts Walking to the Arena: Description: Female gymnasts wearing tracksuits walking through a hallway or corridor towards the competition area. [51-61]\nScoreboard Display (Start List and Results): Description: A large screen displaying the start list and results of the women\'s uneven bars final. [75-1995]\nGymnastics Competition (Various Events): Description: Various gymnastics events taking place in a large arena with a pink floor, featuring different apparatus. [91-1965]\nAthletes Gathering and Celebrating: Description: Athletes gathered in a locker room or team area, celebrating and interacting with each other. [419-427, 122-124, 1771-1889]\nInterviews and Medal Ceremonies: Description: Athletes being interviewed or participating in medal ceremonies. [429-437, 1728-1735]\nGymnasts Preparing for their Routines: Description: Gymnasts applying chalk to their hands, adjusting their equipment, or preparing for their routines. [227-241]\nGymnasts Performing on the Uneven Bars: Description: Female gymnasts performing various routines on the uneven bars apparatus. [244-1145]\n\n================================================================================\nGenerated at: 2026-01-11 21:46:30\n================================================================================\n\nYour question is this: What happened to the British athlete when she landed?'}]
You are a reasoning model whose goal is to answer questions about a video. You cannot see the video, but you can use tools to retrieve information about the video.

You will be given a question and answer choices.

Question: What happened to the British athlete when she landed?

Answer Choices:
A. There are some mistakes in her landing
B. She falls down when she lands
C. When she lands, she takes a step forward
D. Her landing moves are perfect


⚠️ SUBTITLE QUESTION DETECTION:
FIRST, check if the question references subtitles or spoken content:
- Does it say "when the subtitle says...", "when the text shows...", "when the narration mentions..."?
- Does it quote specific words/phrases that appear in subtitles?
- If YES → You MUST use SUBTITLE_SEARCH as your first tool (not caption search!)

TEMPORAL ATTENTION:
NEXT, check if the question contains time keywords (after, before, during, when, then, while, first, next, later, etc.):
- If present, IDENTIFY and MARK DOWN all temporal relationships and timeframes mentioned
- Note which events should occur before/after/during other events
- This temporal information is CRITICAL for finding the right frames

⚠️ QUICK ACTION DETECTION:
CHECK if the question asks about FAST/QUICK/SUDDEN actions:
- Hand movements (grabbing, pointing, gesturing, catching, throwing)
- Objects moving quickly (falling, dropping, flipping, being placed)
- Facial expressions (sudden smiles, surprise, eye movements)
- Brief moments (exact timing, precise actions, quick reactions)
- Keywords: quick, fast, sudden, immediately, instant, rapid, brief, moment
→ If YES, you will need to use EXTRACT_FINE_FRAMES tool later (after finding the scene) to get higher FPS frames!
→ Default 1 FPS frames will NOT capture these quick actions - you MUST extract 5-10 FPS for accurate observation

STEP 1: EXTRACT VERIFICATION CRITERIA
First, carefully analyze the question and extract 4-6 specific, testable criteria that can be verified visually in the video frames. These criteria should be concrete conditions that must be satisfied to answer the question correctly. These criteria should be derived FROM THE QUESTION, NOT THE ANSWER CHOICES. 

For example, if the question asks about "a person in a black shirt holding a metal bucket in a scene with scattered debris", the criteria might be:
- Person is wearing a black shirt
- Person is wearing black pants
- Person is holding a large round metal bucket
- Scene contains scattered debris on the ground
- Scene shows items scattered on the ground

Extract ONLY verifiable visual criteria from the question. DO NOT include criteria about the answer choices.

STEP 2: GENERATE SEARCH QUERIES
Now generate 2-4 search queries to find the relevant frames. Each query should be:
- STRUCTURED like a natural caption (subject-verb-object format)
- FOCUS on VISIBLE, CONCRETE details from the question
- DESCRIBE what would APPEAR in the frame (not abstract concepts)
- Use complete, grammatical phrases (e.g., "woman in yellow dress holds paper")

Guidelines for creating queries:
1. Prioritize VISIBLE traits: clothing colors, physical objects, actions, settings
2. Use natural language structure: "person wearing [clothing] doing [action] in [location]"
3. Each query should target a DIFFERENT aspect or detail from the question
4. Avoid jumbled keywords - write how a caption would describe the scene

Example question: "A woman in a yellow dress is holding papers in an office. What is she reading?"
GOOD queries:
- "woman wearing yellow dress holding papers"
- "person in office setting with documents"
- "woman reading document in indoor workspace"

BAD queries (jumbled/unclear):
- "yellow dress papers office woman"
- "holding reading yellow"

If subtitles are available, you should use the SUBTITLE_SEARCH tool instead of the CAPTION_SEARCH tool.
Return the following format:
```json{
    "tool": "SUBTITLE_SEARCH",
    "query": "the exact subtitle text or phrase mentioned in the question",
    "topk": 10  // optional, defaults to 10
}```

Return your answer in the following json format:
```json{
    "tool": "CAPTION_SEARCH",
    "criteria": [
        "criterion 1 - a specific visual condition to verify",
        "criterion 2 - another specific visual condition",
        "criterion 3 - another specific visual condition",
        "criterion 4 - another specific visual condition",
        "criterion 5 - (optional) another specific visual condition",
        "criterion 6 - (optional) another specific visual condition"
    ],
    "search_queries": [
        "first natural search query focusing on main subject/action",
        "second query focusing on setting/objects",
        "third query focusing on alternative details (optional)",
        "fourth query for additional context (optional)"
    ]
}```

IMPORTANT: Generate 2-4 search queries. Each should be a natural, structured phrase describing visible elements.

```json
{
    "tool": "CAPTION_SEARCH",
    "criteria": [
        "British athlete performing on gymnastics apparatus",
        "Athlete landing from a gymnastics routine",
        "Athlete wearing British team uniform (likely white with blue accents)",
        "Athlete's body position and movement during landing",
        "Visible reaction or movement immediately after landing",
        "Judges or crowd reacting to the landing"
    ],
    "search_queries": [
        "British gymnast landing on mat",
        "athlete in Team GB uniform dismounting from bars",
        "Elizabeth Tweddle performing uneven bars routine",
        "gymnast landing with step or fall"
    ]
}
```
Criteria: ['British athlete performing on gymnastics apparatus', 'Athlete landing from a gymnastics routine', 'Athlete wearing British team uniform (likely white with blue accents)', "Athlete's body position and movement during landing", 'Visible reaction or movement immediately after landing', 'Judges or crowd reacting to the landing']
Search queries (4): ['British gymnast landing on mat', 'athlete in Team GB uniform dismounting from bars', 'Elizabeth Tweddle performing uneven bars routine', 'gymnast landing with step or fall']
Caption search results: [{'frames/frame_0701': 'frames/frame_0701', 'text': 'A gymnast is performing a routine on the uneven bars at the London 2012 Olympic Games.', 'similarity score': 0.7392714023590088}, {'frames/frame_1370': 'frames/frame_1370', 'text': 'A gymnast is performing a routine on the uneven bars at the London 2012 Olympics.', 'similarity score': 0.7369018793106079}, {'frames/frame_0662': 'frames/frame_0662', 'text': 'A gymnast is performing a routine on the uneven bars at the 2012 London Olympics.', 'similarity score': 0.7353758215904236}, {'frames/frame_1576': 'frames/frame_1576', 'text': 'A gymnast is performing a routine on the uneven bars at the 2012 London Olympics.', 'similarity score': 0.7353758215904236}, {'frames/frame_0916': 'frames/frame_0916', 'text': 'A gymnast is performing a routine on the uneven bars at the 2012 London Olympics.', 'similarity score': 0.7353758215904236}, {'frames/frame_1544': 'frames/frame_1544', 'text': 'A gymnast performs a routine on the uneven bars at the London 2012 Olympics.', 'similarity score': 0.7337462306022644}, {'frames/frame_0918': 'frames/frame_0918', 'text': 'A gymnast performs a routine on the uneven bars at the London 2012 Olympics.', 'similarity score': 0.7337461709976196}, {'frames/frame_1006': 'frames/frame_1006', 'text': 'A gymnast performs a routine on the uneven bars at the London 2012 Olympics.', 'similarity score': 0.7337461709976196}, {'frames/frame_1196': 'frames/frame_1196', 'text': 'A gymnast performs a routine on the uneven bars at the London 2012 Olympics.', 'similarity score': 0.7337461709976196}, {'frames/frame_1383': 'frames/frame_1383', 'text': 'A gymnast performs a routine on the uneven bars at the London 2012 Olympics.', 'similarity score': 0.7337461709976196}, {'frames/frame_1366': 'frames/frame_1366', 'text': 'A gymnast performs a routine on the uneven bars at the London 2012 Olympics.', 'similarity score': 0.7337461709976196}, {'frames/frame_0291': 'frames/frame_0291', 'text': 'A gymnast performs a routine on the uneven bars at the London 2012 Olympics.', 'similarity score': 0.7337461709976196}, {'frames/frame_1568': 'frames/frame_1568', 'text': 'A gymnast performs a routine on the uneven bars at the London 2012 Olympics.', 'similarity score': 0.7337461709976196}, {'frames/frame_0556': 'frames/frame_0556', 'text': 'A gymnast performs a routine on the uneven bars at the 2012 London Olympics.', 'similarity score': 0.7318435311317444}, {'frames/frame_0914': 'frames/frame_0914', 'text': 'A gymnast performs a routine on the uneven bars at the 2012 London Olympics.', 'similarity score': 0.7318435311317444}, {'frames/frame_1535': 'frames/frame_1535', 'text': 'A gymnast is performing a routine on the parallel bars at the London 2012 Olympics.', 'similarity score': 0.7242185473442078}, {'frames/frame_1552': 'frames/frame_1552', 'text': 'A gymnast is performing a routine on the parallel bars at the 2012 London Olympics.', 'similarity score': 0.7222292423248291}, {'frames/frame_1375': 'frames/frame_1375', 'text': 'A gymnast performs a routine on the parallel bars at the 2012 London Olympics.', 'similarity score': 0.7208240032196045}, {'frames/frame_1598': 'frames/frame_1598', 'text': 'A gymnast is performing a routine on the still rings at the 2012 London Olympics.', 'similarity score': 0.7180721163749695}, {'frames/frame_0478': 'frames/frame_0478', 'text': 'A gymnast is performing a routine on the still rings at the 2012 London Olympics.', 'similarity score': 0.7180721163749695}, {'frames/frame_0503': 'frames/frame_0503', 'text': 'A gymnast is performing on the uneven bars at the London 2012 Olympics.', 'similarity score': 0.7159606218338013}, {'frames/frame_1605': 'frames/frame_1605', 'text': 'A gymnast is performing on the uneven bars at the 2012 London Olympics.', 'similarity score': 0.7144913673400879}, {'frames/frame_0049': 'frames/frame_0049', 'text': 'A gymnast is performing on the uneven bars at the 2012 London Olympics.', 'similarity score': 0.7144913673400879}, {'frames/frame_0375': 'frames/frame_0375', 'text': 'A gymnast is performing on the uneven bars at the 2012 London Olympics.', 'similarity score': 0.7144913673400879}, {'frames/frame_1364': 'frames/frame_1364', 'text': 'A gymnast performs on the uneven bars at the London 2012 Olympic Games.', 'similarity score': 0.7131953239440918}, {'frames/frame_0695': 'frames/frame_0695', 'text': 'A gymnast is performing on the parallel bars at the London 2012 Olympic Games.', 'similarity score': 0.707410454750061}, {'frames/frame_1580': 'frames/frame_1580', 'text': 'A female gymnast is performing a routine on the uneven bars at the 2012 London Olympics.', 'similarity score': 0.7069897055625916}, {'frames/frame_1010': 'frames/frame_1010', 'text': 'A gymnast is performing a routine on the uneven bars at the London 2012 Olympics, surrounded by a large crowd of enthusiastic spectators in a stadium decorated with British flags and Olympic branding.', 'similarity score': 0.706192135810852}, {'frames/frame_1572': 'frames/frame_1572', 'text': 'A gymnast performs a routine on the uneven bars at the London 2012 Olympics, surrounded by a large crowd of spectators in a packed arena with visible Olympic rings and British flags.', 'similarity score': 0.7059255838394165}, {'frames/frame_0876': 'frames/frame_0876', 'text': 'A female gymnast performs a routine on the uneven bars at the London 2012 Olympics.', 'similarity score': 0.7039754390716553}]
Caption search results: [{'frames/frame_0317': 'frames/frame_0317', 'text': 'He Kexin, a Chinese gymnast, is walking away from the uneven bars apparatus in the North Greenwich Arena during the 2012 London Olympics.', 'similarity score': 0.6400460600852966}, {'frames/frame_0479': 'frames/frame_0479', 'text': 'A gymnast is performing a routine on the uneven bars at the London 2012 Olympics in a crowded arena with spectators holding British flags and wearing patriotic clothing.', 'similarity score': 0.6184718608856201}, {'frames/frame_0754': 'frames/frame_0754', 'text': 'A gymnast performs a flip on the uneven bars at the London 2012 Olympics.', 'similarity score': 0.6172558069229126}, {'frames/frame_1594': 'frames/frame_1594', 'text': 'A gymnast is performing a flip on the uneven bars at the London 2012 Olympics.', 'similarity score': 0.616723895072937}, {'frames/frame_1364': 'frames/frame_1364', 'text': 'A gymnast performs on the uneven bars at the London 2012 Olympic Games.', 'similarity score': 0.6154319047927856}, {'frames/frame_1021': 'frames/frame_1021', 'text': 'A gymnast wearing a black leotard with blue and white accents performs a flip on the uneven bars at the 2012 London Olympics, surrounded by a large crowd of enthusiastic spectators in the stands, with many holding Union Jack flags and banners displaying "London 2012" and the Olympic rings prominently visible on the floor and on the red poles supporting the uneven bars.', 'similarity score': 0.6104966402053833}, {'frames/frame_0503': 'frames/frame_0503', 'text': 'A gymnast is performing on the uneven bars at the London 2012 Olympics.', 'similarity score': 0.6102553009986877}, {'frames/frame_0375': 'frames/frame_0375', 'text': 'A gymnast is performing on the uneven bars at the 2012 London Olympics.', 'similarity score': 0.6095091104507446}, {'frames/frame_0049': 'frames/frame_0049', 'text': 'A gymnast is performing on the uneven bars at the 2012 London Olympics.', 'similarity score': 0.6095091104507446}, {'frames/frame_1605': 'frames/frame_1605', 'text': 'A gymnast is performing on the uneven bars at the 2012 London Olympics.', 'similarity score': 0.6095091104507446}, {'frames/frame_1118': 'frames/frame_1118', 'text': 'A gymnast performs a flip on the uneven bars at the London 2012 Olympics, wearing a dark blue leotard with white and light blue accents, surrounded by a large crowd of spectators in the stands, with several Union Jack flags visible in the background.', 'similarity score': 0.6065106987953186}, {'frames/frame_0477': 'frames/frame_0477', 'text': 'A gymnast in a blue and white uniform performs on the uneven bars at the London 2012 Olympics.', 'similarity score': 0.6063991189002991}, {'frames/frame_1366': 'frames/frame_1366', 'text': 'A gymnast performs a routine on the uneven bars at the London 2012 Olympics.', 'similarity score': 0.6057469248771667}, {'frames/frame_0918': 'frames/frame_0918', 'text': 'A gymnast performs a routine on the uneven bars at the London 2012 Olympics.', 'similarity score': 0.6057469248771667}, {'frames/frame_1383': 'frames/frame_1383', 'text': 'A gymnast performs a routine on the uneven bars at the London 2012 Olympics.', 'similarity score': 0.6057469248771667}, {'frames/frame_1568': 'frames/frame_1568', 'text': 'A gymnast performs a routine on the uneven bars at the London 2012 Olympics.', 'similarity score': 0.6057469248771667}, {'frames/frame_1196': 'frames/frame_1196', 'text': 'A gymnast performs a routine on the uneven bars at the London 2012 Olympics.', 'similarity score': 0.6057469248771667}, {'frames/frame_1006': 'frames/frame_1006', 'text': 'A gymnast performs a routine on the uneven bars at the London 2012 Olympics.', 'similarity score': 0.6057469248771667}, {'frames/frame_0291': 'frames/frame_0291', 'text': 'A gymnast performs a routine on the uneven bars at the London 2012 Olympics.', 'similarity score': 0.6057469248771667}, {'frames/frame_1544': 'frames/frame_1544', 'text': 'A gymnast performs a routine on the uneven bars at the London 2012 Olympics.', 'similarity score': 0.605746865272522}, {'frames/frame_0701': 'frames/frame_0701', 'text': 'A gymnast is performing a routine on the uneven bars at the London 2012 Olympic Games.', 'similarity score': 0.6053693294525146}, {'frames/frame_0556': 'frames/frame_0556', 'text': 'A gymnast performs a routine on the uneven bars at the 2012 London Olympics.', 'similarity score': 0.6049292683601379}, {'frames/frame_0914': 'frames/frame_0914', 'text': 'A gymnast performs a routine on the uneven bars at the 2012 London Olympics.', 'similarity score': 0.6049292683601379}, {'frames/frame_1565': 'frames/frame_1565', 'text': 'A gymnast performs a flip on the uneven bars at the London 2012 Olympics, surrounded by a large crowd of spectators in the stands, with some holding Union Jack flags and others taking pictures, while a banner reading "London 2012" is displayed prominently above the stands.', 'similarity score': 0.6049082279205322}, {'frames/frame_0695': 'frames/frame_0695', 'text': 'A gymnast is performing on the parallel bars at the London 2012 Olympic Games.', 'similarity score': 0.6024514436721802}, {'frames/frame_1370': 'frames/frame_1370', 'text': 'A gymnast is performing a routine on the uneven bars at the London 2012 Olympics.', 'similarity score': 0.6016665697097778}, {'frames/frame_0303': 'frames/frame_0303', 'text': 'A gymnast is performing on the uneven bars in an arena filled with a large crowd of spectators, with many British flags and "London 2012" banners visible in the stands.', 'similarity score': 0.601006031036377}, {'frames/frame_0662': 'frames/frame_0662', 'text': 'A gymnast is performing a routine on the uneven bars at the 2012 London Olympics.', 'similarity score': 0.6007219552993774}, {'frames/frame_1576': 'frames/frame_1576', 'text': 'A gymnast is performing a routine on the uneven bars at the 2012 London Olympics.', 'similarity score': 0.6007219552993774}, {'frames/frame_0916': 'frames/frame_0916', 'text': 'A gymnast is performing a routine on the uneven bars at the 2012 London Olympics.', 'similarity score': 0.6007219552993774}]
Caption search results: [{'frames/frame_1123': 'frames/frame_1123', 'text': 'Elizabeth Tweddle is performing a gymnastics routine on the uneven bars in front of a large crowd at the London 2012 Olympics.', 'similarity score': 0.8321277499198914}, {'frames/frame_1124': 'frames/frame_1124', 'text': 'Elizabeth Tweddle, a female gymnast wearing a black and blue leotard with white stripes, is performing on the uneven bars in front of a large crowd at the London 2012 Olympics.', 'similarity score': 0.7712739706039429}, {'frames/frame_1989': 'frames/frame_1989', 'text': "The scoreboard for the women's uneven bars final at the 2012 London Olympics displays the top 8 gymnasts, including Aliya Mustafina, He Kexin, and Elizabeth Tweddle, with their respective scores, in a packed arena with a large screen and Olympic rings visible in the background.", 'similarity score': 0.7456351518630981}, {'frames/frame_1993': 'frames/frame_1993', 'text': "The scoreboard in the Olympic arena displays the results of the Women's Uneven Bars Final, listing the top eight gymnasts, including Aliya Mustafina, He Kexin, and Elizabeth Tweddle, along with their respective scores, 16.133, 15.933, and 15.916.", 'similarity score': 0.744346022605896}, {'frames/frame_0876': 'frames/frame_0876', 'text': 'A female gymnast performs a routine on the uneven bars at the London 2012 Olympics.', 'similarity score': 0.7381819486618042}, {'frames/frame_0702': 'frames/frame_0702', 'text': 'A female gymnast performs a routine on the uneven bars at the London 2012 Olympics.', 'similarity score': 0.7381819486618042}, {'frames/frame_1984': 'frames/frame_1984', 'text': "The scoreboard of the women's uneven bars final at the 2012 London Olympics displays the results of eight gymnasts from different countries, including Aliya Mustafina, He Kexin, and Elizabeth Tweddle, in a crowded arena with a pink floor and stands filled with spectators.", 'similarity score': 0.7337963581085205}, {'frames/frame_1580': 'frames/frame_1580', 'text': 'A female gymnast is performing a routine on the uneven bars at the 2012 London Olympics.', 'similarity score': 0.7326053380966187}, {'frames/frame_0709': 'frames/frame_0709', 'text': 'A female gymnast performs a gymnastics routine on the uneven bars at the London 2012 Olympic Games.', 'similarity score': 0.7222697734832764}, {'frames/frame_1544': 'frames/frame_1544', 'text': 'A gymnast performs a routine on the uneven bars at the London 2012 Olympics.', 'similarity score': 0.713663637638092}, {'frames/frame_0291': 'frames/frame_0291', 'text': 'A gymnast performs a routine on the uneven bars at the London 2012 Olympics.', 'similarity score': 0.7136635780334473}, {'frames/frame_1366': 'frames/frame_1366', 'text': 'A gymnast performs a routine on the uneven bars at the London 2012 Olympics.', 'similarity score': 0.7136635780334473}, {'frames/frame_1383': 'frames/frame_1383', 'text': 'A gymnast performs a routine on the uneven bars at the London 2012 Olympics.', 'similarity score': 0.7136635780334473}, {'frames/frame_1006': 'frames/frame_1006', 'text': 'A gymnast performs a routine on the uneven bars at the London 2012 Olympics.', 'similarity score': 0.7136635780334473}, {'frames/frame_1568': 'frames/frame_1568', 'text': 'A gymnast performs a routine on the uneven bars at the London 2012 Olympics.', 'similarity score': 0.7136635780334473}, {'frames/frame_1196': 'frames/frame_1196', 'text': 'A gymnast performs a routine on the uneven bars at the London 2012 Olympics.', 'similarity score': 0.7136635780334473}, {'frames/frame_0918': 'frames/frame_0918', 'text': 'A gymnast performs a routine on the uneven bars at the London 2012 Olympics.', 'similarity score': 0.7136635780334473}, {'frames/frame_0914': 'frames/frame_0914', 'text': 'A gymnast performs a routine on the uneven bars at the 2012 London Olympics.', 'similarity score': 0.7135367393493652}, {'frames/frame_0556': 'frames/frame_0556', 'text': 'A gymnast performs a routine on the uneven bars at the 2012 London Olympics.', 'similarity score': 0.7135367393493652}, {'frames/frame_1370': 'frames/frame_1370', 'text': 'A gymnast is performing a routine on the uneven bars at the London 2012 Olympics.', 'similarity score': 0.7085456848144531}, {'frames/frame_1576': 'frames/frame_1576', 'text': 'A gymnast is performing a routine on the uneven bars at the 2012 London Olympics.', 'similarity score': 0.7083927392959595}, {'frames/frame_0662': 'frames/frame_0662', 'text': 'A gymnast is performing a routine on the uneven bars at the 2012 London Olympics.', 'similarity score': 0.7083927392959595}, {'frames/frame_0916': 'frames/frame_0916', 'text': 'A gymnast is performing a routine on the uneven bars at the 2012 London Olympics.', 'similarity score': 0.7083927392959595}, {'frames/frame_0701': 'frames/frame_0701', 'text': 'A gymnast is performing a routine on the uneven bars at the London 2012 Olympic Games.', 'similarity score': 0.701758861541748}, {'frames/frame_1152': 'frames/frame_1152', 'text': 'Elizabeth Tweddle, a female gymnast with brown hair pulled back into a bun and wearing a blue leotard with white trim and sparkles, is smiling while standing in front of a purple wall with the Olympic rings logo at an Olympic gymnastics event.', 'similarity score': 0.6959917545318604}, {'frames/frame_1155': 'frames/frame_1155', 'text': 'The gymnast, Elizabeth Tweddle, is shown standing in a gymnastics arena, wearing a blue and white leotard with her hair tied back in a ponytail, as indicated by the scoreboard displaying her name, difficulty, execution, penalties, and final score of 15.916.', 'similarity score': 0.6953227519989014}, {'frames/frame_0049': 'frames/frame_0049', 'text': 'A gymnast is performing on the uneven bars at the 2012 London Olympics.', 'similarity score': 0.6940281391143799}, {'frames/frame_0375': 'frames/frame_0375', 'text': 'A gymnast is performing on the uneven bars at the 2012 London Olympics.', 'similarity score': 0.6940281391143799}, {'frames/frame_1605': 'frames/frame_1605', 'text': 'A gymnast is performing on the uneven bars at the 2012 London Olympics.', 'similarity score': 0.6940281391143799}, {'frames/frame_0503': 'frames/frame_0503', 'text': 'A gymnast is performing on the uneven bars at the London 2012 Olympics.', 'similarity score': 0.6939915418624878}]
Caption search results: [{'frames/frame_0918': 'frames/frame_0918', 'text': 'A gymnast performs a routine on the uneven bars at the London 2012 Olympics.', 'similarity score': 0.7278215885162354}, {'frames/frame_1006': 'frames/frame_1006', 'text': 'A gymnast performs a routine on the uneven bars at the London 2012 Olympics.', 'similarity score': 0.7278215885162354}, {'frames/frame_0291': 'frames/frame_0291', 'text': 'A gymnast performs a routine on the uneven bars at the London 2012 Olympics.', 'similarity score': 0.7278215885162354}, {'frames/frame_1383': 'frames/frame_1383', 'text': 'A gymnast performs a routine on the uneven bars at the London 2012 Olympics.', 'similarity score': 0.7278215885162354}, {'frames/frame_1366': 'frames/frame_1366', 'text': 'A gymnast performs a routine on the uneven bars at the London 2012 Olympics.', 'similarity score': 0.7278215885162354}, {'frames/frame_1544': 'frames/frame_1544', 'text': 'A gymnast performs a routine on the uneven bars at the London 2012 Olympics.', 'similarity score': 0.7278215885162354}, {'frames/frame_1568': 'frames/frame_1568', 'text': 'A gymnast performs a routine on the uneven bars at the London 2012 Olympics.', 'similarity score': 0.7278215885162354}, {'frames/frame_1196': 'frames/frame_1196', 'text': 'A gymnast performs a routine on the uneven bars at the London 2012 Olympics.', 'similarity score': 0.7278215885162354}, {'frames/frame_1370': 'frames/frame_1370', 'text': 'A gymnast is performing a routine on the uneven bars at the London 2012 Olympics.', 'similarity score': 0.7270444631576538}, {'frames/frame_0556': 'frames/frame_0556', 'text': 'A gymnast performs a routine on the uneven bars at the 2012 London Olympics.', 'similarity score': 0.7238448858261108}, {'frames/frame_0914': 'frames/frame_0914', 'text': 'A gymnast performs a routine on the uneven bars at the 2012 London Olympics.', 'similarity score': 0.7238448858261108}, {'frames/frame_0662': 'frames/frame_0662', 'text': 'A gymnast is performing a routine on the uneven bars at the 2012 London Olympics.', 'similarity score': 0.7237507104873657}, {'frames/frame_1576': 'frames/frame_1576', 'text': 'A gymnast is performing a routine on the uneven bars at the 2012 London Olympics.', 'similarity score': 0.7237507104873657}, {'frames/frame_0916': 'frames/frame_0916', 'text': 'A gymnast is performing a routine on the uneven bars at the 2012 London Olympics.', 'similarity score': 0.7237507104873657}, {'frames/frame_0701': 'frames/frame_0701', 'text': 'A gymnast is performing a routine on the uneven bars at the London 2012 Olympic Games.', 'similarity score': 0.723360002040863}, {'frames/frame_1535': 'frames/frame_1535', 'text': 'A gymnast is performing a routine on the parallel bars at the London 2012 Olympics.', 'similarity score': 0.7051877379417419}, {'frames/frame_0503': 'frames/frame_0503', 'text': 'A gymnast is performing on the uneven bars at the London 2012 Olympics.', 'similarity score': 0.7043972015380859}, {'frames/frame_1594': 'frames/frame_1594', 'text': 'A gymnast is performing a flip on the uneven bars at the London 2012 Olympics.', 'similarity score': 0.7041350603103638}, {'frames/frame_0754': 'frames/frame_0754', 'text': 'A gymnast performs a flip on the uneven bars at the London 2012 Olympics.', 'similarity score': 0.7035147547721863}, {'frames/frame_1375': 'frames/frame_1375', 'text': 'A gymnast performs a routine on the parallel bars at the 2012 London Olympics.', 'similarity score': 0.7020223736763}, {'frames/frame_1605': 'frames/frame_1605', 'text': 'A gymnast is performing on the uneven bars at the 2012 London Olympics.', 'similarity score': 0.7019282579421997}, {'frames/frame_0049': 'frames/frame_0049', 'text': 'A gymnast is performing on the uneven bars at the 2012 London Olympics.', 'similarity score': 0.7019282579421997}, {'frames/frame_0375': 'frames/frame_0375', 'text': 'A gymnast is performing on the uneven bars at the 2012 London Olympics.', 'similarity score': 0.7019282579421997}, {'frames/frame_1552': 'frames/frame_1552', 'text': 'A gymnast is performing a routine on the parallel bars at the 2012 London Olympics.', 'similarity score': 0.7017086744308472}, {'frames/frame_0702': 'frames/frame_0702', 'text': 'A female gymnast performs a routine on the uneven bars at the London 2012 Olympics.', 'similarity score': 0.7007997035980225}, {'frames/frame_0876': 'frames/frame_0876', 'text': 'A female gymnast performs a routine on the uneven bars at the London 2012 Olympics.', 'similarity score': 0.7007997035980225}, {'frames/frame_1580': 'frames/frame_1580', 'text': 'A female gymnast is performing a routine on the uneven bars at the 2012 London Olympics.', 'similarity score': 0.69818115234375}, {'frames/frame_1364': 'frames/frame_1364', 'text': 'A gymnast performs on the uneven bars at the London 2012 Olympic Games.', 'similarity score': 0.698140025138855}, {'frames/frame_0709': 'frames/frame_0709', 'text': 'A female gymnast performs a gymnastics routine on the uneven bars at the London 2012 Olympic Games.', 'similarity score': 0.691083550453186}, {'frames/frame_0293': 'frames/frame_0293', 'text': 'A gymnast is performing a handstand on the uneven bars at the London 2012 Olympics.', 'similarity score': 0.6910092830657959}]
Caption search completed: 4 queries executed
Looking at the search results, I can see that Query 3 ("Elizabeth Tweddle performing uneven bars routine") returned the most relevant frames with the highest similarity scores. The top results show Elizabeth Tweddle specifically performing on the uneven bars:

- frame_1123: "Elizabeth Tweddle is performing a gymnastics routine on the uneven bars..."
- frame_1124: "Elizabeth Tweddle, a female gymnast wearing a black and blue leotard with white stripes, is performing on the uneven bars..."

These frames (1123-1124) are likely to show her routine, including the landing. Since the question asks specifically about what happened when she landed, I need to examine frames around this time period to capture the landing sequence.

Let me query a window of frames around these keyframes to observe Elizabeth Tweddle's landing:

```json
{
    "tool": "VLM_QUERY",
    "frames": ["frames/frame_1110.jpg", "frames/frame_1115.jpg", "frames/frame_1120.jpg", "frames/frame_1123.jpg", "frames/frame_1124.jpg", "frames/frame_1125.jpg", "frames/frame_1130.jpg", "frames/frame_1135.jpg", "frames/frame_1140.jpg"],
    "prompt": "Focus on the gymnast Elizabeth Tweddle performing on the uneven bars. Describe her landing sequence in detail. Specifically observe: 1) What happens when her feet touch the mat? 2) Does she maintain balance or take steps? 3) Does she fall or stumble? 4) What is her body position immediately after landing? 5) Any visible reactions from judges or crowd to her landing."
}
```
VLM_QUERY: {'tool': 'VLM_QUERY', 'frames': ['frames/frame_1110.jpg', 'frames/frame_1115.jpg', 'frames/frame_1120.jpg', 'frames/frame_1123.jpg', 'frames/frame_1124.jpg', 'frames/frame_1125.jpg', 'frames/frame_1130.jpg', 'frames/frame_1135.jpg', 'frames/frame_1140.jpg'], 'prompt': 'Focus on the gymnast Elizabeth Tweddle performing on the uneven bars. Describe her landing sequence in detail. Specifically observe: 1) What happens when her feet touch the mat? 2) Does she maintain balance or take steps? 3) Does she fall or stumble? 4) What is her body position immediately after landing? 5) Any visible reactions from judges or crowd to her landing.'}
Looking at the VLM response, I can see clear evidence of what happened to Elizabeth Tweddle when she landed. The VLM analysis shows:

1. She landed in a "deep, controlled squat position" with knees bent significantly
2. She took "a small, controlled step forward with her right foot immediately after landing"
3. She then took "another small step forward with her left foot"
4. She did NOT fall or stumble
5. Her movements were "deliberate and show good control"

This directly corresponds to option C: "When she lands, she takes a step forward"

Let me record this observation before providing the final answer:

```json
{
    "tool": "RECORD",
    "entries": [
        "Time: 1123 seconds, Event: Elizabeth Tweddle lands on mat in deep controlled squat position",
        "Time: 1124 seconds, Event: Elizabeth Tweddle takes first step forward with right foot to stabilize",
        "Time: 1125 seconds, Event: Elizabeth Tweddle takes second step forward with left foot",
        "Time: 1130 seconds, Event: Elizabeth Tweddle rises to upright standing position with composed balance"
    ]
}
```
RECORD: Added 4 entries. Total records: 4
```json
{
    "tool": "FINAL_ANSWER",
    "frames": ["frames/frame_1123.jpg", "frames/frame_1124.jpg", "frames/frame_1125.jpg", "frames/frame_1130.jpg"],
    "answer": "2",
    "reasoning": "Based on the VLM analysis of frames 1123-1140, Elizabeth Tweddle landed in a controlled squat position and took two small, deliberate steps forward (right foot then left foot) to stabilize herself after her dismount from the uneven bars. She did not fall or make mistakes in her landing, but rather executed a controlled landing with steps to manage momentum, which corresponds to option C: 'When she lands, she takes a step forward'.",
    "answer_criteria": [
        "Frame 1123 shows Elizabeth Tweddle landing in a deep squat position with arms extended for balance",
        "Frame 1124 shows her taking a controlled step forward with her right foot immediately after landing",
        "Frame 1125 shows her taking another controlled step forward with her left foot",
        "Frame 1130 shows her rising to a composed upright standing position without falling or stumbling"
    ]
}
```
FINAL_ANSWER: {'tool': 'FINAL_ANSWER', 'frames': ['frames/frame_1123.jpg', 'frames/frame_1124.jpg', 'frames/frame_1125.jpg', 'frames/frame_1130.jpg'], 'answer': '2', 'reasoning': "Based on the VLM analysis of frames 1123-1140, Elizabeth Tweddle landed in a controlled squat position and took two small, deliberate steps forward (right foot then left foot) to stabilize herself after her dismount from the uneven bars. She did not fall or make mistakes in her landing, but rather executed a controlled landing with steps to manage momentum, which corresponds to option C: 'When she lands, she takes a step forward'.", 'answer_criteria': ['Frame 1123 shows Elizabeth Tweddle landing in a deep squat position with arms extended for balance', 'Frame 1124 shows her taking a controlled step forward with her right foot immediately after landing', 'Frame 1125 shows her taking another controlled step forward with her left foot', 'Frame 1130 shows her rising to a composed upright standing position without falling or stumbling']}
