Critic initial response: {
    "tool": "VLM_QUERY",
    "frames": ["frames/frame_0113.jpg", "frames/frame_0114.jpg", "frames/frame_0115.jpg", "frames/frame_0116.jpg", "frames/frame_0117.jpg", "frames/frame_0118.jpg", "frames/frame_0119.jpg", "frames/frame_0120.jpg", "frames/frame_0121.jpg", "frames/frame_0122.jpg", "frames/frame_0123.jpg", "frames/frame_0124.jpg", "frames/frame_0843.jpg", "frames/frame_0844.jpg", "frames/frame_0845.jpg", "frames/frame_0846.jpg", "frames/frame_0847.jpg", "frames/frame_0848.jpg", "frames/frame_0849.jpg", "frames/frame_0850.jpg", "frames/frame_0851.jpg", "frames/frame_0852.jpg", "frames/frame_0853.jpg"],
    "prompt": "Based on these frames (including context before/after), verify if the answer '1' is correct for the question: There is a sea with jade-green water, a sky that is azure blue, small boats floating on the jade-green water, and a man with curly hair standing on the yellow sandy beach, wearing a grey short-sleeve shirt. In which of the following scenes has the man with curly hair, who is wearing a grey short-sleeve shirt, appeared before?. Check the question criteria: ['A man with curly hair', 'The man is wearing a grey short-sleeve shirt', 'Scene shows a sea with jade-green water', 'Scene shows an azure blue sky', 'Small boats floating on the jade-green water', 'Yellow sandy beach where the man is standing']. Pay attention to timestamps and temporal sequences."
}
Frames to verify: ['frames/frame_0113.jpg', 'frames/frame_0114.jpg', 'frames/frame_0115.jpg', 'frames/frame_0116.jpg', 'frames/frame_0117.jpg', 'frames/frame_0118.jpg', 'frames/frame_0119.jpg', 'frames/frame_0120.jpg', 'frames/frame_0121.jpg', 'frames/frame_0122.jpg', 'frames/frame_0123.jpg', 'frames/frame_0124.jpg', 'frames/frame_0843.jpg', 'frames/frame_0844.jpg', 'frames/frame_0845.jpg', 'frames/frame_0846.jpg', 'frames/frame_0847.jpg', 'frames/frame_0848.jpg', 'frames/frame_0849.jpg', 'frames/frame_0850.jpg', 'frames/frame_0851.jpg', 'frames/frame_0852.jpg', 'frames/frame_0853.jpg']
VLM Prompt: Video context: Here is a global summary of the video based on the provided frame-by-frame captions:

**Main Characters:**
The main character is a bearded man with dark hair, often wearing sunglasses and various casual outfits, including t-shirts, tank tops, and plaid shirts. He is frequently accompanied by a woman with dark curly hair, who is sometimes wearing a face mask and sunglasses.

**Setting:**
The video is set in Zanzibar, a tropical island with white sandy beaches, crystal-clear turquoise water, and lush greenery. The story unfolds in various locations, including beaches, coastal towns, and resorts, showcasing the island's natural beauty and tourist attractions.

**Plot Line:**
The video appears to be a travel vlog or documentary, following the bearded man and his companion as they explore Zanzibar. The narrative is presented in a casual, conversational tone, with the main character sharing his experiences and thoughts about the places they visit. The video covers their journey from Stone Town to Nungwi Beach, their stay at a beach resort, and various activities such as snorkeling, swimming with dolphins, and horseback riding.

**Vibes:**
The overall vibe of the video is relaxed, adventurous, and enthusiastic. The main character's passion for travel and exploration is palpable, and his interactions with the environment and the people around him convey a sense of wonder and excitement.

**General Details:**
The video features a mix of stunning natural scenery, cultural experiences, and leisure activities, showcasing the best of what Zanzibar has to offer. The captions suggest that the video is sponsored by Surfshark, a virtual private network (VPN) service provider, which is promoted as a tool for secure and private internet browsing while traveling.

Some notable activities and events featured in the video include:

* Snorkeling and swimming with dolphins
* Horseback riding on the beach
* Visiting a turtle aquarium
* Enjoying a spa day with a massage
* Sailing on a traditional dhow boat
* Exploring the local culture and scenery

Overall, the video presents a visually stunning and engaging portrayal of Zanzibar, highlighting its natural beauty, rich culture, and exciting activities.

Based on these frames (including context before/after), verify if the answer '1' is correct for the question: There is a sea with jade-green water, a sky that is azure blue, small boats floating on the jade-green water, and a man with curly hair standing on the yellow sandy beach, wearing a grey short-sleeve shirt. In which of the following scenes has the man with curly hair, who is wearing a grey short-sleeve shirt, appeared before?. Check the question criteria: ['A man with curly hair', 'The man is wearing a grey short-sleeve shirt', 'Scene shows a sea with jade-green water', 'Scene shows an azure blue sky', 'Small boats floating on the jade-green water', 'Yellow sandy beach where the man is standing']. Pay attention to timestamps and temporal sequences.

Subtitles visible in these frames:
  frames/frame_0113.jpg: "here is a place called nungwi in"
  frames/frame_0116.jpg: "zanzibar which apparently has the finest"
  frames/frame_0118.jpg: "beaches in all of the island and we've"
  frames/frame_0120.jpg: "just checked into a hotel that's at the"
  frames/frame_0122.jpg: "seafront this one's called sandy's"
  frames/frame_0124.jpg: "baobab resort but before i give you guys"
  frames/frame_0845.jpg: "sail it's a huge sail and when you look"
  frames/frame_0847.jpg: "at it from far it looks like it's much"
  frames/frame_0848.jpg: "larger than the boat and it's going to"
  frames/frame_0849.jpg: "tip the boat over"
  frames/frame_0850.jpg: "tip the boat over"
  frames/frame_0852.jpg: "but it actually isn't they kind of"

VLM response: {'batched_responses': [{'batch_start': 0, 'batch_end': 23, 'image_paths': ['/mnt/ssd/data/longvideobench/videos_processed_1/gJijNOktmoI/frames/frame_0113.jpg', '/mnt/ssd/data/longvideobench/videos_processed_1/gJijNOktmoI/frames/frame_0114.jpg', '/mnt/ssd/data/longvideobench/videos_processed_1/gJijNOktmoI/frames/frame_0115.jpg', '/mnt/ssd/data/longvideobench/videos_processed_1/gJijNOktmoI/frames/frame_0116.jpg', '/mnt/ssd/data/longvideobench/videos_processed_1/gJijNOktmoI/frames/frame_0117.jpg', '/mnt/ssd/data/longvideobench/videos_processed_1/gJijNOktmoI/frames/frame_0118.jpg', '/mnt/ssd/data/longvideobench/videos_processed_1/gJijNOktmoI/frames/frame_0119.jpg', '/mnt/ssd/data/longvideobench/videos_processed_1/gJijNOktmoI/frames/frame_0120.jpg', '/mnt/ssd/data/longvideobench/videos_processed_1/gJijNOktmoI/frames/frame_0121.jpg', '/mnt/ssd/data/longvideobench/videos_processed_1/gJijNOktmoI/frames/frame_0122.jpg', '/mnt/ssd/data/longvideobench/videos_processed_1/gJijNOktmoI/frames/frame_0123.jpg', '/mnt/ssd/data/longvideobench/videos_processed_1/gJijNOktmoI/frames/frame_0124.jpg', '/mnt/ssd/data/longvideobench/videos_processed_1/gJijNOktmoI/frames/frame_0843.jpg', '/mnt/ssd/data/longvideobench/videos_processed_1/gJijNOktmoI/frames/frame_0844.jpg', '/mnt/ssd/data/longvideobench/videos_processed_1/gJijNOktmoI/frames/frame_0845.jpg', '/mnt/ssd/data/longvideobench/videos_processed_1/gJijNOktmoI/frames/frame_0846.jpg', '/mnt/ssd/data/longvideobench/videos_processed_1/gJijNOktmoI/frames/frame_0847.jpg', '/mnt/ssd/data/longvideobench/videos_processed_1/gJijNOktmoI/frames/frame_0848.jpg', '/mnt/ssd/data/longvideobench/videos_processed_1/gJijNOktmoI/frames/frame_0849.jpg', '/mnt/ssd/data/longvideobench/videos_processed_1/gJijNOktmoI/frames/frame_0850.jpg', '/mnt/ssd/data/longvideobench/videos_processed_1/gJijNOktmoI/frames/frame_0851.jpg', '/mnt/ssd/data/longvideobench/videos_processed_1/gJijNOktmoI/frames/frame_0852.jpg', '/mnt/ssd/data/longvideobench/videos_processed_1/gJijNOktmoI/frames/frame_0853.jpg'], 'response': "The answer **'1' is incorrect**.\n\nHere’s the detailed verification against the question criteria:\n\n---\n\n### **Question Criteria:**\n\n1. **A man with curly hair** — ✅ The main character (bearded man) has dark, somewhat curly/wavy hair, visible in frames like 0118, 0119, 0847–0851.  \n2. **The man is wearing a grey short-sleeve shirt** — ✅ In frames 0118–0119, he is wearing a grey short-sleeve t-shirt.  \n3. **Scene shows a sea with jade-green water** — ✅ Frames 0113–0115, 0116–0117, 0120–0123 show turquoise/jade-green water.  \n4. **Scene shows an azure blue sky** — ✅ Frames 0113–0115, 0120–0123, 0847–0851 show clear blue skies.  \n5. **Small boats floating on the jade-green water** — ✅ Frames 0116–0117, 0120–0123 show small boats near shore.  \n6. **Yellow sandy beach where the man is standing** — ❌ **This is the critical mismatch.**\n\n---\n\n### **Critical Issue:**\n\nThe man with curly hair wearing a grey short-sleeve shirt (frames 0118–0119) is **indoors or on a porch**, **not standing on a yellow sandy beach**. The beach scenes (e.g., 0113–0117, 0120–0124) show the beach and water, but **the man is not physically present on the beach in those shots**. Frame 0124 shows a woman on the beach, not the man.\n\nLater, in frames 0847–0851, the man is on a **dhow boat**, not standing on a beach.\n\nThere is **no frame** where the man is **standing on a yellow sandy beach** while wearing the grey shirt, even though all other criteria are met in separate frames.\n\n---\n\n### **Temporal Sequence Check:**\n\n- The grey-shirt scene (0118–0119) occurs **before** the beach resort aerials (0120–0123) and **before** the dhow boat scenes (0847–0851).\n- But **none** of the beach scenes include him standing on the sand.\n\n---\n\n### **Conclusion:**\n\nThe answer **'1'** implies the man appeared in such a scene **before**, but **no such scene exists** in the provided frames. The man is never shown standing on the yellow sandy beach while wearing the grey shirt — even though all other elements are present in different shots.\n\n✅ Therefore, the correct answer is **'0'** — the man with curly hair wearing a grey short-sleeve shirt **has NOT appeared before** in a scene matching **all** the specified criteria.\n\n---\n\n**Final Answer: 0**"}], 'formatted_responses': ["\n=== Batch 0-23 (23 frames) ===\nFrames: /mnt/ssd/data/longvideobench/videos_processed_1/gJijNOktmoI/frames/frame_0113.jpg, /mnt/ssd/data/longvideobench/videos_processed_1/gJijNOktmoI/frames/frame_0114.jpg, /mnt/ssd/data/longvideobench/videos_processed_1/gJijNOktmoI/frames/frame_0115.jpg, /mnt/ssd/data/longvideobench/videos_processed_1/gJijNOktmoI/frames/frame_0116.jpg, /mnt/ssd/data/longvideobench/videos_processed_1/gJijNOktmoI/frames/frame_0117.jpg, /mnt/ssd/data/longvideobench/videos_processed_1/gJijNOktmoI/frames/frame_0118.jpg, /mnt/ssd/data/longvideobench/videos_processed_1/gJijNOktmoI/frames/frame_0119.jpg, /mnt/ssd/data/longvideobench/videos_processed_1/gJijNOktmoI/frames/frame_0120.jpg, /mnt/ssd/data/longvideobench/videos_processed_1/gJijNOktmoI/frames/frame_0121.jpg, /mnt/ssd/data/longvideobench/videos_processed_1/gJijNOktmoI/frames/frame_0122.jpg, /mnt/ssd/data/longvideobench/videos_processed_1/gJijNOktmoI/frames/frame_0123.jpg, /mnt/ssd/data/longvideobench/videos_processed_1/gJijNOktmoI/frames/frame_0124.jpg, /mnt/ssd/data/longvideobench/videos_processed_1/gJijNOktmoI/frames/frame_0843.jpg, /mnt/ssd/data/longvideobench/videos_processed_1/gJijNOktmoI/frames/frame_0844.jpg, /mnt/ssd/data/longvideobench/videos_processed_1/gJijNOktmoI/frames/frame_0845.jpg, /mnt/ssd/data/longvideobench/videos_processed_1/gJijNOktmoI/frames/frame_0846.jpg, /mnt/ssd/data/longvideobench/videos_processed_1/gJijNOktmoI/frames/frame_0847.jpg, /mnt/ssd/data/longvideobench/videos_processed_1/gJijNOktmoI/frames/frame_0848.jpg, /mnt/ssd/data/longvideobench/videos_processed_1/gJijNOktmoI/frames/frame_0849.jpg, /mnt/ssd/data/longvideobench/videos_processed_1/gJijNOktmoI/frames/frame_0850.jpg, /mnt/ssd/data/longvideobench/videos_processed_1/gJijNOktmoI/frames/frame_0851.jpg, /mnt/ssd/data/longvideobench/videos_processed_1/gJijNOktmoI/frames/frame_0852.jpg, /mnt/ssd/data/longvideobench/videos_processed_1/gJijNOktmoI/frames/frame_0853.jpg\nVLM Response: The answer **'1' is incorrect**.\n\nHere’s the detailed verification against the question criteria:\n\n---\n\n### **Question Criteria:**\n\n1. **A man with curly hair** — ✅ The main character (bearded man) has dark, somewhat curly/wavy hair, visible in frames like 0118, 0119, 0847–0851.  \n2. **The man is wearing a grey short-sleeve shirt** — ✅ In frames 0118–0119, he is wearing a grey short-sleeve t-shirt.  \n3. **Scene shows a sea with jade-green water** — ✅ Frames 0113–0115, 0116–0117, 0120–0123 show turquoise/jade-green water.  \n4. **Scene shows an azure blue sky** — ✅ Frames 0113–0115, 0120–0123, 0847–0851 show clear blue skies.  \n5. **Small boats floating on the jade-green water** — ✅ Frames 0116–0117, 0120–0123 show small boats near shore.  \n6. **Yellow sandy beach where the man is standing** — ❌ **This is the critical mismatch.**\n\n---\n\n### **Critical Issue:**\n\nThe man with curly hair wearing a grey short-sleeve shirt (frames 0118–0119) is **indoors or on a porch**, **not standing on a yellow sandy beach**. The beach scenes (e.g., 0113–0117, 0120–0124) show the beach and water, but **the man is not physically present on the beach in those shots**. Frame 0124 shows a woman on the beach, not the man.\n\nLater, in frames 0847–0851, the man is on a **dhow boat**, not standing on a beach.\n\nThere is **no frame** where the man is **standing on a yellow sandy beach** while wearing the grey shirt, even though all other criteria are met in separate frames.\n\n---\n\n### **Temporal Sequence Check:**\n\n- The grey-shirt scene (0118–0119) occurs **before** the beach resort aerials (0120–0123) and **before** the dhow boat scenes (0847–0851).\n- But **none** of the beach scenes include him standing on the sand.\n\n---\n\n### **Conclusion:**\n\nThe answer **'1'** implies the man appeared in such a scene **before**, but **no such scene exists** in the provided frames. The man is never shown standing on the yellow sandy beach while wearing the grey shirt — even though all other elements are present in different shots.\n\n✅ Therefore, the correct answer is **'0'** — the man with curly hair wearing a grey short-sleeve shirt **has NOT appeared before** in a scene matching **all** the specified criteria.\n\n---\n\n**Final Answer: 0**\n"], 'condensed_response': '**Condensed Scene Summary & Character Tracking**\n\nAcross the 23 examined frames the only male figure with dark, slightly curly hair appears in two distinct contexts. In frames\u202f**0118–0119** he wears a grey short‑sleeve t‑shirt, but the setting is an interior/porch rather than sand; the jade‑green water and azure sky visible in surrounding frames (0113‑0117, 0120‑0123) belong to a beach backdrop that never includes him. A later set of frames (**0847‑0851**) shows the same man on a dhow boat, again overlooking the same turquoise water and blue sky, but still not standing on the yellow sand. The beach itself—characterized by its yellow sand, small boats, and clear sky—is captured in frames\u202f0113‑0117, 0120‑0124, yet the man is absent from those shots (frame\u202f0124 even features a woman instead). Consequently, while the video contains all individual elements of the query (curly‑haired man, grey shirt, jade‑green sea, blue sky, small boats, sandy beach), there is **no single frame** that combines **the man** with **the yellow sandy beach**.  \n\n**Conclusion:** The query’s condition—that the man with curly hair wearing a grey short‑sleeve shirt appears on a yellow sandy beach—is never satisfied; therefore the correct answer is **0**.', 'failed_images': []}
Followup prompt: 
Critically assess whether the VLM verification supports the given answer by evaluating each criterion.

VLM Verification Results:
{'batched_responses': [{'batch_start': 0, 'batch_end': 23, 'image_paths': ['/mnt/ssd/data/longvideobench/videos_processed_1/gJijNOktmoI/frames/frame_0113.jpg', '/mnt/ssd/data/longvideobench/videos_processed_1/gJijNOktmoI/frames/frame_0114.jpg', '/mnt/ssd/data/longvideobench/videos_processed_1/gJijNOktmoI/frames/frame_0115.jpg', '/mnt/ssd/data/longvideobench/videos_processed_1/gJijNOktmoI/frames/frame_0116.jpg', '/mnt/ssd/data/longvideobench/videos_processed_1/gJijNOktmoI/frames/frame_0117.jpg', '/mnt/ssd/data/longvideobench/videos_processed_1/gJijNOktmoI/frames/frame_0118.jpg', '/mnt/ssd/data/longvideobench/videos_processed_1/gJijNOktmoI/frames/frame_0119.jpg', '/mnt/ssd/data/longvideobench/videos_processed_1/gJijNOktmoI/frames/frame_0120.jpg', '/mnt/ssd/data/longvideobench/videos_processed_1/gJijNOktmoI/frames/frame_0121.jpg', '/mnt/ssd/data/longvideobench/videos_processed_1/gJijNOktmoI/frames/frame_0122.jpg', '/mnt/ssd/data/longvideobench/videos_processed_1/gJijNOktmoI/frames/frame_0123.jpg', '/mnt/ssd/data/longvideobench/videos_processed_1/gJijNOktmoI/frames/frame_0124.jpg', '/mnt/ssd/data/longvideobench/videos_processed_1/gJijNOktmoI/frames/frame_0843.jpg', '/mnt/ssd/data/longvideobench/videos_processed_1/gJijNOktmoI/frames/frame_0844.jpg', '/mnt/ssd/data/longvideobench/videos_processed_1/gJijNOktmoI/frames/frame_0845.jpg', '/mnt/ssd/data/longvideobench/videos_processed_1/gJijNOktmoI/frames/frame_0846.jpg', '/mnt/ssd/data/longvideobench/videos_processed_1/gJijNOktmoI/frames/frame_0847.jpg', '/mnt/ssd/data/longvideobench/videos_processed_1/gJijNOktmoI/frames/frame_0848.jpg', '/mnt/ssd/data/longvideobench/videos_processed_1/gJijNOktmoI/frames/frame_0849.jpg', '/mnt/ssd/data/longvideobench/videos_processed_1/gJijNOktmoI/frames/frame_0850.jpg', '/mnt/ssd/data/longvideobench/videos_processed_1/gJijNOktmoI/frames/frame_0851.jpg', '/mnt/ssd/data/longvideobench/videos_processed_1/gJijNOktmoI/frames/frame_0852.jpg', '/mnt/ssd/data/longvideobench/videos_processed_1/gJijNOktmoI/frames/frame_0853.jpg'], 'response': "The answer **'1' is incorrect**.\n\nHere’s the detailed verification against the question criteria:\n\n---\n\n### **Question Criteria:**\n\n1. **A man with curly hair** — ✅ The main character (bearded man) has dark, somewhat curly/wavy hair, visible in frames like 0118, 0119, 0847–0851.  \n2. **The man is wearing a grey short-sleeve shirt** — ✅ In frames 0118–0119, he is wearing a grey short-sleeve t-shirt.  \n3. **Scene shows a sea with jade-green water** — ✅ Frames 0113–0115, 0116–0117, 0120–0123 show turquoise/jade-green water.  \n4. **Scene shows an azure blue sky** — ✅ Frames 0113–0115, 0120–0123, 0847–0851 show clear blue skies.  \n5. **Small boats floating on the jade-green water** — ✅ Frames 0116–0117, 0120–0123 show small boats near shore.  \n6. **Yellow sandy beach where the man is standing** — ❌ **This is the critical mismatch.**\n\n---\n\n### **Critical Issue:**\n\nThe man with curly hair wearing a grey short-sleeve shirt (frames 0118–0119) is **indoors or on a porch**, **not standing on a yellow sandy beach**. The beach scenes (e.g., 0113–0117, 0120–0124) show the beach and water, but **the man is not physically present on the beach in those shots**. Frame 0124 shows a woman on the beach, not the man.\n\nLater, in frames 0847–0851, the man is on a **dhow boat**, not standing on a beach.\n\nThere is **no frame** where the man is **standing on a yellow sandy beach** while wearing the grey shirt, even though all other criteria are met in separate frames.\n\n---\n\n### **Temporal Sequence Check:**\n\n- The grey-shirt scene (0118–0119) occurs **before** the beach resort aerials (0120–0123) and **before** the dhow boat scenes (0847–0851).\n- But **none** of the beach scenes include him standing on the sand.\n\n---\n\n### **Conclusion:**\n\nThe answer **'1'** implies the man appeared in such a scene **before**, but **no such scene exists** in the provided frames. The man is never shown standing on the yellow sandy beach while wearing the grey shirt — even though all other elements are present in different shots.\n\n✅ Therefore, the correct answer is **'0'** — the man with curly hair wearing a grey short-sleeve shirt **has NOT appeared before** in a scene matching **all** the specified criteria.\n\n---\n\n**Final Answer: 0**"}], 'formatted_responses': ["\n=== Batch 0-23 (23 frames) ===\nFrames: /mnt/ssd/data/longvideobench/videos_processed_1/gJijNOktmoI/frames/frame_0113.jpg, /mnt/ssd/data/longvideobench/videos_processed_1/gJijNOktmoI/frames/frame_0114.jpg, /mnt/ssd/data/longvideobench/videos_processed_1/gJijNOktmoI/frames/frame_0115.jpg, /mnt/ssd/data/longvideobench/videos_processed_1/gJijNOktmoI/frames/frame_0116.jpg, /mnt/ssd/data/longvideobench/videos_processed_1/gJijNOktmoI/frames/frame_0117.jpg, /mnt/ssd/data/longvideobench/videos_processed_1/gJijNOktmoI/frames/frame_0118.jpg, /mnt/ssd/data/longvideobench/videos_processed_1/gJijNOktmoI/frames/frame_0119.jpg, /mnt/ssd/data/longvideobench/videos_processed_1/gJijNOktmoI/frames/frame_0120.jpg, /mnt/ssd/data/longvideobench/videos_processed_1/gJijNOktmoI/frames/frame_0121.jpg, /mnt/ssd/data/longvideobench/videos_processed_1/gJijNOktmoI/frames/frame_0122.jpg, /mnt/ssd/data/longvideobench/videos_processed_1/gJijNOktmoI/frames/frame_0123.jpg, /mnt/ssd/data/longvideobench/videos_processed_1/gJijNOktmoI/frames/frame_0124.jpg, /mnt/ssd/data/longvideobench/videos_processed_1/gJijNOktmoI/frames/frame_0843.jpg, /mnt/ssd/data/longvideobench/videos_processed_1/gJijNOktmoI/frames/frame_0844.jpg, /mnt/ssd/data/longvideobench/videos_processed_1/gJijNOktmoI/frames/frame_0845.jpg, /mnt/ssd/data/longvideobench/videos_processed_1/gJijNOktmoI/frames/frame_0846.jpg, /mnt/ssd/data/longvideobench/videos_processed_1/gJijNOktmoI/frames/frame_0847.jpg, /mnt/ssd/data/longvideobench/videos_processed_1/gJijNOktmoI/frames/frame_0848.jpg, /mnt/ssd/data/longvideobench/videos_processed_1/gJijNOktmoI/frames/frame_0849.jpg, /mnt/ssd/data/longvideobench/videos_processed_1/gJijNOktmoI/frames/frame_0850.jpg, /mnt/ssd/data/longvideobench/videos_processed_1/gJijNOktmoI/frames/frame_0851.jpg, /mnt/ssd/data/longvideobench/videos_processed_1/gJijNOktmoI/frames/frame_0852.jpg, /mnt/ssd/data/longvideobench/videos_processed_1/gJijNOktmoI/frames/frame_0853.jpg\nVLM Response: The answer **'1' is incorrect**.\n\nHere’s the detailed verification against the question criteria:\n\n---\n\n### **Question Criteria:**\n\n1. **A man with curly hair** — ✅ The main character (bearded man) has dark, somewhat curly/wavy hair, visible in frames like 0118, 0119, 0847–0851.  \n2. **The man is wearing a grey short-sleeve shirt** — ✅ In frames 0118–0119, he is wearing a grey short-sleeve t-shirt.  \n3. **Scene shows a sea with jade-green water** — ✅ Frames 0113–0115, 0116–0117, 0120–0123 show turquoise/jade-green water.  \n4. **Scene shows an azure blue sky** — ✅ Frames 0113–0115, 0120–0123, 0847–0851 show clear blue skies.  \n5. **Small boats floating on the jade-green water** — ✅ Frames 0116–0117, 0120–0123 show small boats near shore.  \n6. **Yellow sandy beach where the man is standing** — ❌ **This is the critical mismatch.**\n\n---\n\n### **Critical Issue:**\n\nThe man with curly hair wearing a grey short-sleeve shirt (frames 0118–0119) is **indoors or on a porch**, **not standing on a yellow sandy beach**. The beach scenes (e.g., 0113–0117, 0120–0124) show the beach and water, but **the man is not physically present on the beach in those shots**. Frame 0124 shows a woman on the beach, not the man.\n\nLater, in frames 0847–0851, the man is on a **dhow boat**, not standing on a beach.\n\nThere is **no frame** where the man is **standing on a yellow sandy beach** while wearing the grey shirt, even though all other criteria are met in separate frames.\n\n---\n\n### **Temporal Sequence Check:**\n\n- The grey-shirt scene (0118–0119) occurs **before** the beach resort aerials (0120–0123) and **before** the dhow boat scenes (0847–0851).\n- But **none** of the beach scenes include him standing on the sand.\n\n---\n\n### **Conclusion:**\n\nThe answer **'1'** implies the man appeared in such a scene **before**, but **no such scene exists** in the provided frames. The man is never shown standing on the yellow sandy beach while wearing the grey shirt — even though all other elements are present in different shots.\n\n✅ Therefore, the correct answer is **'0'** — the man with curly hair wearing a grey short-sleeve shirt **has NOT appeared before** in a scene matching **all** the specified criteria.\n\n---\n\n**Final Answer: 0**\n"], 'condensed_response': '**Condensed Scene Summary & Character Tracking**\n\nAcross the 23 examined frames the only male figure with dark, slightly curly hair appears in two distinct contexts. In frames\u202f**0118–0119** he wears a grey short‑sleeve t‑shirt, but the setting is an interior/porch rather than sand; the jade‑green water and azure sky visible in surrounding frames (0113‑0117, 0120‑0123) belong to a beach backdrop that never includes him. A later set of frames (**0847‑0851**) shows the same man on a dhow boat, again overlooking the same turquoise water and blue sky, but still not standing on the yellow sand. The beach itself—characterized by its yellow sand, small boats, and clear sky—is captured in frames\u202f0113‑0117, 0120‑0124, yet the man is absent from those shots (frame\u202f0124 even features a woman instead). Consequently, while the video contains all individual elements of the query (curly‑haired man, grey shirt, jade‑green sea, blue sky, small boats, sandy beach), there is **no single frame** that combines **the man** with **the yellow sandy beach**.  \n\n**Conclusion:** The query’s condition—that the man with curly hair wearing a grey short‑sleeve shirt appears on a yellow sandy beach—is never satisfied; therefore the correct answer is **0**.', 'failed_images': []}

Question Being Answered: There is a sea with jade-green water, a sky that is azure blue, small boats floating on the jade-green water, and a man with curly hair standing on the yellow sandy beach, wearing a grey short-sleeve shirt. In which of the following scenes has the man with curly hair, who is wearing a grey short-sleeve shirt, appeared before?

Answer Choices:
A. On the beach during a rainstorm
B. In front of an off-white wall with a hanging painting
C. In a peaceful park
D. In a pool with large turtles
E. In a restaurant with yellow curry

Given Answer: 1
Evidence Frames Used: ['frames/frame_0118.jpg', 'frames/frame_0119.jpg', 'frames/frame_0848.jpg']

Character/Event/Scene logs: ================================================================================
CHARACTER, EVENT, AND SCENE LOGS
================================================================================

CHARACTERS:
Bearded Man: Description: A man with dark hair and a beard, often wearing sunglasses and different shirts throughout the video.
Woman: Description: A woman with dark curly hair, sometimes wearing a black face mask and sunglasses.
Young Boy: Description: A young boy with curly dark hair.
Young Girl: Description: A young girl with curly black hair.

SCENES:
Tropical Beach: Description: A serene tropical beach with white sandy shores and crystal-clear turquoise water. [0001-0005]
Freddie Mercury Museum: Description: A building featuring a museum dedicated to Freddie Mercury. [0012]
Nungwi Beach: Description: A picturesque beach with white sand and clear turquoise water, surrounded by buildings and palm trees. [0016-0025]
Stone Town: Description: A busy street in a tropical or subtropical region with various vehicles and buildings. [0038-0048]
Rural Village: Description: A rural area with dirt roads, concrete walls, and thatched roof huts. [0055-0085]
Beach Resort: Description: A tropical beach resort with thatched roof buildings, a pool, and lounge chairs. [0106-0110]
Sandies Baobab Beach Resort: Description: A specific beach resort with thatched roof buildings and a pool. [0120-0124]
Mnemba Island: Description: A private island with a white sandy beach and lush green trees. [0198-0203]
Baraka Natural Aquarium: Description: A natural aquarium for turtles. [0585-0590]
Zanzibar Horse Club: Description: A location where horse riding activities take place on a beach. [0680-0688]

EVENTS:
Selfie-taking: Description: The bearded man frequently takes selfies in various locations. [0003, 0007, 0012, ...]
Dolphin Excursion: Description: A boat trip to see dolphins in their natural habitat. [0131-0195]
Snorkeling: Description: The bearded man and others engage in snorkeling activities in clear blue waters. [0211-0245]
Horse Riding: Description: People ride horses on a sandy beach and in shallow water. [0684-0755]
Massage Therapy: Description: The bearded man receives or observes a massage in a serene spa setting. [0779-0795]
Sailing: Description: A sailboat trip with a group of people, enjoying the ocean and sunset. [0823-0900]
Dhow Cruise: Description: A cruise on a traditional dhow boat, sailing along the coastline. [0808-0867]

Please let me know if you would like me to continue adding to the logs.

================================================================================
Generated at: 2026-01-03 10:20:03
================================================================================



SUBTITLES IN EVIDENCE FRAMES:
  frames/frame_0118.jpg: "beaches in all of the island and we've"
  frames/frame_0848.jpg: "larger than the boat and it's going to"

⚠️ IMPORTANT: Use subtitle information to verify text-based questions or questions about visible captions/words.


QUESTION-BASED CRITERIA:
  Q1. A man with curly hair
  Q2. The man is wearing a grey short-sleeve shirt
  Q3. Scene shows a sea with jade-green water
  Q4. Scene shows an azure blue sky
  Q5. Small boats floating on the jade-green water
  Q6. Yellow sandy beach where the man is standing


CRITICAL ASSESSMENT TASK:
For EACH criterion listed above, determine whether it PASSES or FAILS based ONLY on what the VLM actually reports seeing in the frames.

- PASS: The VLM results clearly confirm this criterion is satisfied in the frames
- FAIL: The VLM results indicate this criterion is NOT satisfied, or there is insufficient evidence

CONFIDENCE CALCULATION RULES:
1. Count how many criteria pass (criteria_percentage = criteria_passed / 6)
2. Calculate base_confidence = criteria_percentage * 100
3. ⚠️ If ANY answer-specific criterion (A1, A2, etc.) FAILS, set confidence = min(50, base_confidence)

⚠️ CRITICAL: There is ALWAYS a correct answer among the choices provided. If all answers seem slightly off or imperfect, you MUST choose the BEST possible answer that most closely matches the evidence.

CRITIC ANSWER CHOICE DECISION:
4. After evaluating criteria, if criteria_percentage > 0.5 (>50% of criteria pass):
   - Review ALL answer choices (A, B, C, D, etc.)
   - Based ONLY on the VLM visual evidence, determine which answer choice is MOST correct
   - Output your critic_answer_choice as a NUMBER (0=A, 1=B, 2=C, 3=D)
5. If criteria_percentage ≤ 0.5 (≤50% of criteria pass):
   - Set critic_answer_choice to -1 (indicating frames may not be the right scene)
   - Set suggestion to "These may not be the right frames/scene. Continue searching for better evidence."

Return ONLY this JSON:
{
    "criteria_results": [
        {"criterion": "criterion text", "criterion_type": "QUESTION or ANSWER", "status": "PASS or FAIL", "reasoning": "brief explanation"},
        ...
    ],
    "question_criteria_passed": <number of question criteria that passed>,
    "answer_criteria_passed": <number of answer criteria that passed>,
    "answer_criteria_total": 0,
    "criteria_passed": <total number of criteria that passed>,
    "criteria_total": 6,
    "criteria_percentage": <criteria_passed / 6>,
    "base_confidence": <(criteria_passed / 6) * 100>,
    "confidence": <base_confidence OR 50 if any answer criterion failed>,
    "critic_answer_choice": <NUMBER: 0=A, 1=B, 2=C, 3=D, or -1 if ≤50% criteria pass>,
    "critic_reasoning": "<Brief explanation of why you chose this answer based on VLM evidence>",
    "possible_errors": [
        <List specific criteria that failed or issues found>
    ],
    "suggestion": <"These may not be the right frames" if ≤50%, otherwise null or specific improvement>
}

IMPORTANT RULES:
- Evaluate EACH criterion independently based on VLM results
- Mark criterion as PASS only if VLM clearly confirms it
- Mark criterion as FAIL if not confirmed or contradicted
- If ANY answer-specific criterion fails, confidence MUST be ≤50%
- Base evaluation ONLY on VLM verification results, not speculation
- Only list errors for criteria that actually failed
- Return ONLY valid JSON

Critical assessment response: ```json
{
    "criteria_results": [
        {
            "criterion": "A man with curly hair",
            "criterion_type": "QUESTION",
            "status": "PASS",
            "reasoning": "VLM confirms bearded man with dark, curly/wavy hair in frames 0118, 0119, 0847-0851"
        },
        {
            "criterion": "The man is wearing a grey short-sleeve shirt",
            "criterion_type": "QUESTION",
            "status": "PASS",
            "reasoning": "VLM confirms grey short-sleeve t-shirt in frames 0118-0119"
        },
        {
            "criterion": "Scene shows a sea with jade-green water",
            "criterion_type": "QUESTION",
            "status": "PASS",
            "reasoning": "VLM confirms turquoise/jade-green water in frames 0113-0115, 0116-0117, 0120-0123"
        },
        {
            "criterion": "Scene shows an azure blue sky",
            "criterion_type": "QUESTION",
            "status": "PASS",
            "reasoning": "VLM confirms clear blue skies in frames 0113-0115, 0120-0123, 0847-0851"
        },
        {
            "criterion": "Small boats floating on the jade-green water",
            "criterion_type": "QUESTION",
            "status": "PASS",
            "reasoning": "VLM confirms small boats near shore in frames 0116-0117, 0120-0123"
        },
        {
            "criterion": "Yellow sandy beach where the man is standing",
            "criterion_type": "QUESTION",
            "status": "FAIL",
            "reasoning": "Critical failure: VLM states man is never shown standing on yellow sandy beach while wearing grey shirt"
        }
    ],
    "question_criteria_passed": 5,
    "answer_criteria_passed": 0,
    "answer_criteria_total": 0,
    "criteria_passed": 5,
    "criteria_total": 6,
    "criteria_percentage": 0.833,
    "base_confidence": 83.3,
    "confidence": 50.0,
    "critic_answer_choice": -1,
    "critic_reasoning": "While 5 of 6 criteria pass, the critical failure is that the man is never shown standing on the yellow sandy beach while wearing the grey shirt. The VLM explicitly states 'no such scene exists' and the correct answer should be '0' (false). The given answer '1' is incorrect according to the VLM verification.",
    "possible_errors": [
        "Critical failure: The man with curly hair wearing grey shirt is never shown standing on the yellow sandy beach, despite all other elements being present in separate shots"
    ],
    "suggestion": "These may not be the right frames. Continue searching for better evidence showing the man actually standing on the beach with the grey shirt."
}
```
Critical assessment data: {'criteria_results': [{'criterion': 'A man with curly hair', 'criterion_type': 'QUESTION', 'status': 'PASS', 'reasoning': 'VLM confirms bearded man with dark, curly/wavy hair in frames 0118, 0119, 0847-0851'}, {'criterion': 'The man is wearing a grey short-sleeve shirt', 'criterion_type': 'QUESTION', 'status': 'PASS', 'reasoning': 'VLM confirms grey short-sleeve t-shirt in frames 0118-0119'}, {'criterion': 'Scene shows a sea with jade-green water', 'criterion_type': 'QUESTION', 'status': 'PASS', 'reasoning': 'VLM confirms turquoise/jade-green water in frames 0113-0115, 0116-0117, 0120-0123'}, {'criterion': 'Scene shows an azure blue sky', 'criterion_type': 'QUESTION', 'status': 'PASS', 'reasoning': 'VLM confirms clear blue skies in frames 0113-0115, 0120-0123, 0847-0851'}, {'criterion': 'Small boats floating on the jade-green water', 'criterion_type': 'QUESTION', 'status': 'PASS', 'reasoning': 'VLM confirms small boats near shore in frames 0116-0117, 0120-0123'}, {'criterion': 'Yellow sandy beach where the man is standing', 'criterion_type': 'QUESTION', 'status': 'FAIL', 'reasoning': 'Critical failure: VLM states man is never shown standing on yellow sandy beach while wearing grey shirt'}], 'question_criteria_passed': 5, 'answer_criteria_passed': 0, 'answer_criteria_total': 0, 'criteria_passed': 5, 'criteria_total': 6, 'criteria_percentage': 0.833, 'base_confidence': 83.3, 'confidence': 50.0, 'critic_answer_choice': -1, 'critic_reasoning': "While 5 of 6 criteria pass, the critical failure is that the man is never shown standing on the yellow sandy beach while wearing the grey shirt. The VLM explicitly states 'no such scene exists' and the correct answer should be '0' (false). The given answer '1' is incorrect according to the VLM verification.", 'possible_errors': ['Critical failure: The man with curly hair wearing grey shirt is never shown standing on the yellow sandy beach, despite all other elements being present in separate shots'], 'suggestion': 'These may not be the right frames. Continue searching for better evidence showing the man actually standing on the beach with the grey shirt.'}
