Critic initial response: {
    "tool": "VLM_QUERY",
    "frames": ["frames/frame_0019.jpg", "frames/frame_0020.jpg", "frames/frame_0021.jpg", "frames/frame_0022.jpg", "frames/frame_0023.jpg", "frames/frame_0024.jpg", "frames/frame_0025.jpg", "frames/frame_0026.jpg", "frames/frame_0027.jpg", "frames/frame_0028.jpg", "frames/frame_0029.jpg", "frames/frame_0030.jpg", "frames/frame_0031.jpg", "frames/frame_0032.jpg", "frames/frame_0033.jpg", "frames/frame_0034.jpg", "frames/frame_0035.jpg", "frames/frame_0036.jpg", "frames/frame_0037.jpg", "frames/frame_0038.jpg", "frames/frame_0039.jpg", "frames/frame_0040.jpg", "frames/frame_0041.jpg", "frames/frame_0042.jpg", "frames/frame_0043.jpg", "frames/frame_0044.jpg", "frames/frame_0045.jpg", "frames/frame_0046.jpg", "frames/frame_0047.jpg", "frames/frame_0048.jpg"],
    "prompt": "Analyze these frames from the very beginning of a tennis match video. Verify if answer '1' (Serena to serve) is correct for 'What happens at the beginning of the video?' by checking: 1) Are these very early frames (low numbers)? 2) Is there a blue tennis court with white lines? 3) Are players/people visible on/around court? 4) What is the specific action/state of the players - is Serena Williams preparing to serve? Look for serving stance, ball toss, or clear preparation to serve. Also check if other answer choices (warming up, practicing racquet, waiting) are more accurate based on visual evidence."
}
Frames to verify: ['frames/frame_0019.jpg', 'frames/frame_0020.jpg', 'frames/frame_0021.jpg', 'frames/frame_0022.jpg', 'frames/frame_0023.jpg', 'frames/frame_0024.jpg', 'frames/frame_0025.jpg', 'frames/frame_0026.jpg', 'frames/frame_0027.jpg', 'frames/frame_0028.jpg', 'frames/frame_0029.jpg', 'frames/frame_0030.jpg', 'frames/frame_0031.jpg', 'frames/frame_0032.jpg', 'frames/frame_0033.jpg', 'frames/frame_0034.jpg', 'frames/frame_0035.jpg', 'frames/frame_0036.jpg', 'frames/frame_0037.jpg', 'frames/frame_0038.jpg', 'frames/frame_0039.jpg', 'frames/frame_0040.jpg', 'frames/frame_0041.jpg', 'frames/frame_0042.jpg', 'frames/frame_0043.jpg', 'frames/frame_0044.jpg', 'frames/frame_0045.jpg', 'frames/frame_0046.jpg', 'frames/frame_0047.jpg', 'frames/frame_0048.jpg']
VLM Prompt: Video context: Based on the provided frame-by-frame captions data, here is a global summary of the video:

**Main Characters:** The main characters in the video are professional tennis players Venus Williams and Serena Williams, two renowned American tennis players and sisters. Other characters that appear include tennis officials, ball boys and girls, coaches, and spectators.

**Setting:** The video is set at the Australian Open tennis tournament, held at Melbourne Park in Melbourne, Australia. The matches take place on a blue tennis court with white lines, surrounded by a large crowd of spectators in the stands. The stadium features various sponsor logos and advertisements on the black walls and scoreboards, including "KIA", "Fly Emirates", "ANZ", "JACOB'S CREEK", and "ROLEX".

**Plot Line:** The video appears to be a documentation of the Williams sisters' participation in the Australian Open tennis tournament. The plot line revolves around their matches, with a focus on their interactions on and off the court. The video captures various moments, including their preparation, competition, and emotional reactions during the matches. The narrative is largely centered around the sisters' rivalry and camaraderie.

**Vibes:** The overall vibe of the video is one of excitement, tension, and sportsmanship. The atmosphere is electric, with a large crowd cheering and reacting to the matches. The video conveys a sense of intensity and competitiveness, highlighting the skill and determination of the two tennis players.

**General Details:** The video is a comprehensive coverage of the Williams sisters' experience at the Australian Open, featuring a mix of action shots, close-ups, and crowd reactions. The blue tennis court and the surrounding stadium provide a visually striking backdrop for the matches. The various sponsor logos and advertisements add to the commercial and professional atmosphere of the tournament. The video also captures moments of sportsmanship and emotional connection between the sisters, highlighting their bond and mutual respect.

Analyze these frames from the very beginning of a tennis match video. Verify if answer '1' (Serena to serve) is correct for 'What happens at the beginning of the video?' by checking: 1) Are these very early frames (low numbers)? 2) Is there a blue tennis court with white lines? 3) Are players/people visible on/around court? 4) What is the specific action/state of the players - is Serena Williams preparing to serve? Look for serving stance, ball toss, or clear preparation to serve. Also check if other answer choices (warming up, practicing racquet, waiting) are more accurate based on visual evidence.
VLM response: {'batched_responses': [{'batch_start': 0, 'batch_end': 30, 'image_paths': ['/mnt/ssd/data/lvbench/videos_processed/tKIFQI9cH2c/frames/frame_0019.jpg', '/mnt/ssd/data/lvbench/videos_processed/tKIFQI9cH2c/frames/frame_0020.jpg', '/mnt/ssd/data/lvbench/videos_processed/tKIFQI9cH2c/frames/frame_0021.jpg', '/mnt/ssd/data/lvbench/videos_processed/tKIFQI9cH2c/frames/frame_0022.jpg', '/mnt/ssd/data/lvbench/videos_processed/tKIFQI9cH2c/frames/frame_0023.jpg', '/mnt/ssd/data/lvbench/videos_processed/tKIFQI9cH2c/frames/frame_0024.jpg', '/mnt/ssd/data/lvbench/videos_processed/tKIFQI9cH2c/frames/frame_0025.jpg', '/mnt/ssd/data/lvbench/videos_processed/tKIFQI9cH2c/frames/frame_0026.jpg', '/mnt/ssd/data/lvbench/videos_processed/tKIFQI9cH2c/frames/frame_0027.jpg', '/mnt/ssd/data/lvbench/videos_processed/tKIFQI9cH2c/frames/frame_0028.jpg', '/mnt/ssd/data/lvbench/videos_processed/tKIFQI9cH2c/frames/frame_0029.jpg', '/mnt/ssd/data/lvbench/videos_processed/tKIFQI9cH2c/frames/frame_0030.jpg', '/mnt/ssd/data/lvbench/videos_processed/tKIFQI9cH2c/frames/frame_0031.jpg', '/mnt/ssd/data/lvbench/videos_processed/tKIFQI9cH2c/frames/frame_0032.jpg', '/mnt/ssd/data/lvbench/videos_processed/tKIFQI9cH2c/frames/frame_0033.jpg', '/mnt/ssd/data/lvbench/videos_processed/tKIFQI9cH2c/frames/frame_0034.jpg', '/mnt/ssd/data/lvbench/videos_processed/tKIFQI9cH2c/frames/frame_0035.jpg', '/mnt/ssd/data/lvbench/videos_processed/tKIFQI9cH2c/frames/frame_0036.jpg', '/mnt/ssd/data/lvbench/videos_processed/tKIFQI9cH2c/frames/frame_0037.jpg', '/mnt/ssd/data/lvbench/videos_processed/tKIFQI9cH2c/frames/frame_0038.jpg', '/mnt/ssd/data/lvbench/videos_processed/tKIFQI9cH2c/frames/frame_0039.jpg', '/mnt/ssd/data/lvbench/videos_processed/tKIFQI9cH2c/frames/frame_0040.jpg', '/mnt/ssd/data/lvbench/videos_processed/tKIFQI9cH2c/frames/frame_0041.jpg', '/mnt/ssd/data/lvbench/videos_processed/tKIFQI9cH2c/frames/frame_0042.jpg', '/mnt/ssd/data/lvbench/videos_processed/tKIFQI9cH2c/frames/frame_0043.jpg', '/mnt/ssd/data/lvbench/videos_processed/tKIFQI9cH2c/frames/frame_0044.jpg', '/mnt/ssd/data/lvbench/videos_processed/tKIFQI9cH2c/frames/frame_0045.jpg', '/mnt/ssd/data/lvbench/videos_processed/tKIFQI9cH2c/frames/frame_0046.jpg', '/mnt/ssd/data/lvbench/videos_processed/tKIFQI9cH2c/frames/frame_0047.jpg', '/mnt/ssd/data/lvbench/videos_processed/tKIFQI9cH2c/frames/frame_0048.jpg'], 'response': 'Based on a detailed analysis of the 30 provided frames, the answer **‘1’ (Serena to serve)** is **correct** for the question *“What happens at the beginning of the video?”*\n\nHere’s the verification against each of the four criteria:\n\n---\n\n**1) Are these very early frames (low numbers)?**  \n✅ **Yes.** The frames provided are numbered from `frame_0019` to `frame_0048`, which are among the earliest frames in the video (assuming the video starts at frame 0001). This qualifies as “very beginning” of the video.\n\n---\n\n**2) Is there a blue tennis court with white lines?**  \n✅ **Yes.** All wide-angle frames (e.g., frames 6–12, 17–30) clearly show a bright blue hard court with standard white boundary lines. The word “MELBOURNE” is visible at the bottom of the court, confirming the Australian Open setting.\n\n---\n\n**3) Are players/people visible on/around court?**  \n✅ **Yes.** Serena Williams is visible in multiple frames (e.g., frames 1–5, 13–16, and 6–30). Venus Williams is also visible at the far end of the court in wide shots (e.g., frames 6–12, 17–30). Ball kids, officials, and spectators are also present around the court.\n\n---\n\n**4) What is the specific action/state of the players — is Serena Williams preparing to serve?**  \n✅ **Yes — and this is the key evidence.**\n\n- **Frames 1–5 and 13–16** show **Serena Williams in close-up**, holding her racket, bouncing the ball, adjusting her stance, and looking focused — classic pre-serve behavior.\n- **Frames 6–12 and 17–30** show **Serena positioned at the baseline**, ready to serve, while **Venus is positioned at the opposite baseline, ready to receive**.\n- In **frame 25**, Serena begins her **ball toss**.\n- In **frame 26**, she is **mid-serve motion**, racket swinging up.\n- In **frame 27**, the ball is in the air, and she is completing the serve motion.\n- In **frame 28**, the ball is crossing the net — confirming the serve has been executed.\n\nThis sequence clearly shows **Serena Williams preparing for and executing the first serve of the match**, which is the defining action at the very beginning of a tennis match.\n\n---\n\n**Are other answer choices (warming up, practicing racquet, waiting) more accurate?**  \n❌ **No.** While there is some preparatory behavior (e.g., bouncing the ball, adjusting stance), this is not “warming up” or “practicing” — it is **match-play preparation**. The players are in position, the score is set (visible in some frames), and the serve is executed as part of the official match. The context is clearly the **start of a point in a competitive match**, not casual practice.\n\n---\n\n### ✅ Final Verdict:  \n**Answer ‘1’ (Serena to serve) is correct.**  \nThe visual evidence confirms that at the beginning of the video, Serena Williams is preparing for and executing the first serve of the match on the blue Australian Open court, with Venus Williams positioned to receive. This is consistent with the standard start of a tennis match.'}], 'formatted_responses': ['\n=== Batch 0-30 (30 frames) ===\nFrames: /mnt/ssd/data/lvbench/videos_processed/tKIFQI9cH2c/frames/frame_0019.jpg, /mnt/ssd/data/lvbench/videos_processed/tKIFQI9cH2c/frames/frame_0020.jpg, /mnt/ssd/data/lvbench/videos_processed/tKIFQI9cH2c/frames/frame_0021.jpg, /mnt/ssd/data/lvbench/videos_processed/tKIFQI9cH2c/frames/frame_0022.jpg, /mnt/ssd/data/lvbench/videos_processed/tKIFQI9cH2c/frames/frame_0023.jpg, /mnt/ssd/data/lvbench/videos_processed/tKIFQI9cH2c/frames/frame_0024.jpg, /mnt/ssd/data/lvbench/videos_processed/tKIFQI9cH2c/frames/frame_0025.jpg, /mnt/ssd/data/lvbench/videos_processed/tKIFQI9cH2c/frames/frame_0026.jpg, /mnt/ssd/data/lvbench/videos_processed/tKIFQI9cH2c/frames/frame_0027.jpg, /mnt/ssd/data/lvbench/videos_processed/tKIFQI9cH2c/frames/frame_0028.jpg, /mnt/ssd/data/lvbench/videos_processed/tKIFQI9cH2c/frames/frame_0029.jpg, /mnt/ssd/data/lvbench/videos_processed/tKIFQI9cH2c/frames/frame_0030.jpg, /mnt/ssd/data/lvbench/videos_processed/tKIFQI9cH2c/frames/frame_0031.jpg, /mnt/ssd/data/lvbench/videos_processed/tKIFQI9cH2c/frames/frame_0032.jpg, /mnt/ssd/data/lvbench/videos_processed/tKIFQI9cH2c/frames/frame_0033.jpg, /mnt/ssd/data/lvbench/videos_processed/tKIFQI9cH2c/frames/frame_0034.jpg, /mnt/ssd/data/lvbench/videos_processed/tKIFQI9cH2c/frames/frame_0035.jpg, /mnt/ssd/data/lvbench/videos_processed/tKIFQI9cH2c/frames/frame_0036.jpg, /mnt/ssd/data/lvbench/videos_processed/tKIFQI9cH2c/frames/frame_0037.jpg, /mnt/ssd/data/lvbench/videos_processed/tKIFQI9cH2c/frames/frame_0038.jpg, /mnt/ssd/data/lvbench/videos_processed/tKIFQI9cH2c/frames/frame_0039.jpg, /mnt/ssd/data/lvbench/videos_processed/tKIFQI9cH2c/frames/frame_0040.jpg, /mnt/ssd/data/lvbench/videos_processed/tKIFQI9cH2c/frames/frame_0041.jpg, /mnt/ssd/data/lvbench/videos_processed/tKIFQI9cH2c/frames/frame_0042.jpg, /mnt/ssd/data/lvbench/videos_processed/tKIFQI9cH2c/frames/frame_0043.jpg, /mnt/ssd/data/lvbench/videos_processed/tKIFQI9cH2c/frames/frame_0044.jpg, /mnt/ssd/data/lvbench/videos_processed/tKIFQI9cH2c/frames/frame_0045.jpg, /mnt/ssd/data/lvbench/videos_processed/tKIFQI9cH2c/frames/frame_0046.jpg, /mnt/ssd/data/lvbench/videos_processed/tKIFQI9cH2c/frames/frame_0047.jpg, /mnt/ssd/data/lvbench/videos_processed/tKIFQI9cH2c/frames/frame_0048.jpg\nVLM Response: Based on a detailed analysis of the 30 provided frames, the answer **‘1’ (Serena to serve)** is **correct** for the question *“What happens at the beginning of the video?”*\n\nHere’s the verification against each of the four criteria:\n\n---\n\n**1) Are these very early frames (low numbers)?**  \n✅ **Yes.** The frames provided are numbered from `frame_0019` to `frame_0048`, which are among the earliest frames in the video (assuming the video starts at frame 0001). This qualifies as “very beginning” of the video.\n\n---\n\n**2) Is there a blue tennis court with white lines?**  \n✅ **Yes.** All wide-angle frames (e.g., frames 6–12, 17–30) clearly show a bright blue hard court with standard white boundary lines. The word “MELBOURNE” is visible at the bottom of the court, confirming the Australian Open setting.\n\n---\n\n**3) Are players/people visible on/around court?**  \n✅ **Yes.** Serena Williams is visible in multiple frames (e.g., frames 1–5, 13–16, and 6–30). Venus Williams is also visible at the far end of the court in wide shots (e.g., frames 6–12, 17–30). Ball kids, officials, and spectators are also present around the court.\n\n---\n\n**4) What is the specific action/state of the players — is Serena Williams preparing to serve?**  \n✅ **Yes — and this is the key evidence.**\n\n- **Frames 1–5 and 13–16** show **Serena Williams in close-up**, holding her racket, bouncing the ball, adjusting her stance, and looking focused — classic pre-serve behavior.\n- **Frames 6–12 and 17–30** show **Serena positioned at the baseline**, ready to serve, while **Venus is positioned at the opposite baseline, ready to receive**.\n- In **frame 25**, Serena begins her **ball toss**.\n- In **frame 26**, she is **mid-serve motion**, racket swinging up.\n- In **frame 27**, the ball is in the air, and she is completing the serve motion.\n- In **frame 28**, the ball is crossing the net — confirming the serve has been executed.\n\nThis sequence clearly shows **Serena Williams preparing for and executing the first serve of the match**, which is the defining action at the very beginning of a tennis match.\n\n---\n\n**Are other answer choices (warming up, practicing racquet, waiting) more accurate?**  \n❌ **No.** While there is some preparatory behavior (e.g., bouncing the ball, adjusting stance), this is not “warming up” or “practicing” — it is **match-play preparation**. The players are in position, the score is set (visible in some frames), and the serve is executed as part of the official match. The context is clearly the **start of a point in a competitive match**, not casual practice.\n\n---\n\n### ✅ Final Verdict:  \n**Answer ‘1’ (Serena to serve) is correct.**  \nThe visual evidence confirms that at the beginning of the video, Serena Williams is preparing for and executing the first serve of the match on the blue Australian Open court, with Venus Williams positioned to receive. This is consistent with the standard start of a tennis match.\n'], 'condensed_response': '**Condensed scene summary (frames\u202f0019‑0048)**  \n\n- **Setting (frames\u202f0019‑0048):** The early portion of the clip is shot on a bright‑blue Australian Open hard court with the white “MELBOURNE” logo and boundary lines clearly visible. The camera alternates between wide‑angle shots of the full court (≈\u202fframes\u202f0026‑0030) and close‑ups of the players at the baseline.  \n\n- **Characters & positions:**  \n  * **Serena\u202fWilliams** – occupies the right‑hand baseline in almost every frame. She is shown handling her racket, bouncing the ball, and adjusting her stance, which are classic pre‑serve cues.  \n  * **Venus\u202fWilliams** – appears at the opposite baseline in the wide‑angle views, standing ready to receive.  \n  * **Supporting staff** – ball kids, line judges and a few spectators are visible around the perimeter but do not dominate the action.  \n\n- **Action timeline:**  \n  * **Frames\u202f0019‑0024 / 0029‑0032:** Close‑ups of Serena tightening her grip, taking a few bounces, and looking down the court.  \n  * **Frame\u202f0025:** Serena initiates the **ball toss**.  \n  * **Frame\u202f0026:** She begins the upward swing of her serve motion.  \n  * **Frame\u202f0027:** The racket is mid‑swing, the ball is airborne.  \n  * **Frame\u202f0028:** The ball crosses the net – the serve is completed.  \n\n- **Interpretation:** The sequence shows **Serena Williams preparing for and executing the first serve of the match**, with Venus positioned to receive. No warm‑up drills or casual racquet practice are evident; the score overlay (visible in the wide shots) confirms a competitive match is underway.\n\n**Bottom line:** The visual evidence from frames\u202f0019‑0048 confirms that the correct answer to “What happens at the beginning of the video?” is **“Serena to serve.”**', 'failed_images': []}
Followup prompt: 
Critically assess whether the VLM verification supports the given answer by evaluating each criterion.

⚠️ IMPORTANT: Answers use 0-INDEXED numbers where 0=A, 1=B, 2=C, 3=D, 4=E

VLM Verification Results:
{'batched_responses': [{'batch_start': 0, 'batch_end': 30, 'image_paths': ['/mnt/ssd/data/lvbench/videos_processed/tKIFQI9cH2c/frames/frame_0019.jpg', '/mnt/ssd/data/lvbench/videos_processed/tKIFQI9cH2c/frames/frame_0020.jpg', '/mnt/ssd/data/lvbench/videos_processed/tKIFQI9cH2c/frames/frame_0021.jpg', '/mnt/ssd/data/lvbench/videos_processed/tKIFQI9cH2c/frames/frame_0022.jpg', '/mnt/ssd/data/lvbench/videos_processed/tKIFQI9cH2c/frames/frame_0023.jpg', '/mnt/ssd/data/lvbench/videos_processed/tKIFQI9cH2c/frames/frame_0024.jpg', '/mnt/ssd/data/lvbench/videos_processed/tKIFQI9cH2c/frames/frame_0025.jpg', '/mnt/ssd/data/lvbench/videos_processed/tKIFQI9cH2c/frames/frame_0026.jpg', '/mnt/ssd/data/lvbench/videos_processed/tKIFQI9cH2c/frames/frame_0027.jpg', '/mnt/ssd/data/lvbench/videos_processed/tKIFQI9cH2c/frames/frame_0028.jpg', '/mnt/ssd/data/lvbench/videos_processed/tKIFQI9cH2c/frames/frame_0029.jpg', '/mnt/ssd/data/lvbench/videos_processed/tKIFQI9cH2c/frames/frame_0030.jpg', '/mnt/ssd/data/lvbench/videos_processed/tKIFQI9cH2c/frames/frame_0031.jpg', '/mnt/ssd/data/lvbench/videos_processed/tKIFQI9cH2c/frames/frame_0032.jpg', '/mnt/ssd/data/lvbench/videos_processed/tKIFQI9cH2c/frames/frame_0033.jpg', '/mnt/ssd/data/lvbench/videos_processed/tKIFQI9cH2c/frames/frame_0034.jpg', '/mnt/ssd/data/lvbench/videos_processed/tKIFQI9cH2c/frames/frame_0035.jpg', '/mnt/ssd/data/lvbench/videos_processed/tKIFQI9cH2c/frames/frame_0036.jpg', '/mnt/ssd/data/lvbench/videos_processed/tKIFQI9cH2c/frames/frame_0037.jpg', '/mnt/ssd/data/lvbench/videos_processed/tKIFQI9cH2c/frames/frame_0038.jpg', '/mnt/ssd/data/lvbench/videos_processed/tKIFQI9cH2c/frames/frame_0039.jpg', '/mnt/ssd/data/lvbench/videos_processed/tKIFQI9cH2c/frames/frame_0040.jpg', '/mnt/ssd/data/lvbench/videos_processed/tKIFQI9cH2c/frames/frame_0041.jpg', '/mnt/ssd/data/lvbench/videos_processed/tKIFQI9cH2c/frames/frame_0042.jpg', '/mnt/ssd/data/lvbench/videos_processed/tKIFQI9cH2c/frames/frame_0043.jpg', '/mnt/ssd/data/lvbench/videos_processed/tKIFQI9cH2c/frames/frame_0044.jpg', '/mnt/ssd/data/lvbench/videos_processed/tKIFQI9cH2c/frames/frame_0045.jpg', '/mnt/ssd/data/lvbench/videos_processed/tKIFQI9cH2c/frames/frame_0046.jpg', '/mnt/ssd/data/lvbench/videos_processed/tKIFQI9cH2c/frames/frame_0047.jpg', '/mnt/ssd/data/lvbench/videos_processed/tKIFQI9cH2c/frames/frame_0048.jpg'], 'response': 'Based on a detailed analysis of the 30 provided frames, the answer **‘1’ (Serena to serve)** is **correct** for the question *“What happens at the beginning of the video?”*\n\nHere’s the verification against each of the four criteria:\n\n---\n\n**1) Are these very early frames (low numbers)?**  \n✅ **Yes.** The frames provided are numbered from `frame_0019` to `frame_0048`, which are among the earliest frames in the video (assuming the video starts at frame 0001). This qualifies as “very beginning” of the video.\n\n---\n\n**2) Is there a blue tennis court with white lines?**  \n✅ **Yes.** All wide-angle frames (e.g., frames 6–12, 17–30) clearly show a bright blue hard court with standard white boundary lines. The word “MELBOURNE” is visible at the bottom of the court, confirming the Australian Open setting.\n\n---\n\n**3) Are players/people visible on/around court?**  \n✅ **Yes.** Serena Williams is visible in multiple frames (e.g., frames 1–5, 13–16, and 6–30). Venus Williams is also visible at the far end of the court in wide shots (e.g., frames 6–12, 17–30). Ball kids, officials, and spectators are also present around the court.\n\n---\n\n**4) What is the specific action/state of the players — is Serena Williams preparing to serve?**  \n✅ **Yes — and this is the key evidence.**\n\n- **Frames 1–5 and 13–16** show **Serena Williams in close-up**, holding her racket, bouncing the ball, adjusting her stance, and looking focused — classic pre-serve behavior.\n- **Frames 6–12 and 17–30** show **Serena positioned at the baseline**, ready to serve, while **Venus is positioned at the opposite baseline, ready to receive**.\n- In **frame 25**, Serena begins her **ball toss**.\n- In **frame 26**, she is **mid-serve motion**, racket swinging up.\n- In **frame 27**, the ball is in the air, and she is completing the serve motion.\n- In **frame 28**, the ball is crossing the net — confirming the serve has been executed.\n\nThis sequence clearly shows **Serena Williams preparing for and executing the first serve of the match**, which is the defining action at the very beginning of a tennis match.\n\n---\n\n**Are other answer choices (warming up, practicing racquet, waiting) more accurate?**  \n❌ **No.** While there is some preparatory behavior (e.g., bouncing the ball, adjusting stance), this is not “warming up” or “practicing” — it is **match-play preparation**. The players are in position, the score is set (visible in some frames), and the serve is executed as part of the official match. The context is clearly the **start of a point in a competitive match**, not casual practice.\n\n---\n\n### ✅ Final Verdict:  \n**Answer ‘1’ (Serena to serve) is correct.**  \nThe visual evidence confirms that at the beginning of the video, Serena Williams is preparing for and executing the first serve of the match on the blue Australian Open court, with Venus Williams positioned to receive. This is consistent with the standard start of a tennis match.'}], 'formatted_responses': ['\n=== Batch 0-30 (30 frames) ===\nFrames: /mnt/ssd/data/lvbench/videos_processed/tKIFQI9cH2c/frames/frame_0019.jpg, /mnt/ssd/data/lvbench/videos_processed/tKIFQI9cH2c/frames/frame_0020.jpg, /mnt/ssd/data/lvbench/videos_processed/tKIFQI9cH2c/frames/frame_0021.jpg, /mnt/ssd/data/lvbench/videos_processed/tKIFQI9cH2c/frames/frame_0022.jpg, /mnt/ssd/data/lvbench/videos_processed/tKIFQI9cH2c/frames/frame_0023.jpg, /mnt/ssd/data/lvbench/videos_processed/tKIFQI9cH2c/frames/frame_0024.jpg, /mnt/ssd/data/lvbench/videos_processed/tKIFQI9cH2c/frames/frame_0025.jpg, /mnt/ssd/data/lvbench/videos_processed/tKIFQI9cH2c/frames/frame_0026.jpg, /mnt/ssd/data/lvbench/videos_processed/tKIFQI9cH2c/frames/frame_0027.jpg, /mnt/ssd/data/lvbench/videos_processed/tKIFQI9cH2c/frames/frame_0028.jpg, /mnt/ssd/data/lvbench/videos_processed/tKIFQI9cH2c/frames/frame_0029.jpg, /mnt/ssd/data/lvbench/videos_processed/tKIFQI9cH2c/frames/frame_0030.jpg, /mnt/ssd/data/lvbench/videos_processed/tKIFQI9cH2c/frames/frame_0031.jpg, /mnt/ssd/data/lvbench/videos_processed/tKIFQI9cH2c/frames/frame_0032.jpg, /mnt/ssd/data/lvbench/videos_processed/tKIFQI9cH2c/frames/frame_0033.jpg, /mnt/ssd/data/lvbench/videos_processed/tKIFQI9cH2c/frames/frame_0034.jpg, /mnt/ssd/data/lvbench/videos_processed/tKIFQI9cH2c/frames/frame_0035.jpg, /mnt/ssd/data/lvbench/videos_processed/tKIFQI9cH2c/frames/frame_0036.jpg, /mnt/ssd/data/lvbench/videos_processed/tKIFQI9cH2c/frames/frame_0037.jpg, /mnt/ssd/data/lvbench/videos_processed/tKIFQI9cH2c/frames/frame_0038.jpg, /mnt/ssd/data/lvbench/videos_processed/tKIFQI9cH2c/frames/frame_0039.jpg, /mnt/ssd/data/lvbench/videos_processed/tKIFQI9cH2c/frames/frame_0040.jpg, /mnt/ssd/data/lvbench/videos_processed/tKIFQI9cH2c/frames/frame_0041.jpg, /mnt/ssd/data/lvbench/videos_processed/tKIFQI9cH2c/frames/frame_0042.jpg, /mnt/ssd/data/lvbench/videos_processed/tKIFQI9cH2c/frames/frame_0043.jpg, /mnt/ssd/data/lvbench/videos_processed/tKIFQI9cH2c/frames/frame_0044.jpg, /mnt/ssd/data/lvbench/videos_processed/tKIFQI9cH2c/frames/frame_0045.jpg, /mnt/ssd/data/lvbench/videos_processed/tKIFQI9cH2c/frames/frame_0046.jpg, /mnt/ssd/data/lvbench/videos_processed/tKIFQI9cH2c/frames/frame_0047.jpg, /mnt/ssd/data/lvbench/videos_processed/tKIFQI9cH2c/frames/frame_0048.jpg\nVLM Response: Based on a detailed analysis of the 30 provided frames, the answer **‘1’ (Serena to serve)** is **correct** for the question *“What happens at the beginning of the video?”*\n\nHere’s the verification against each of the four criteria:\n\n---\n\n**1) Are these very early frames (low numbers)?**  \n✅ **Yes.** The frames provided are numbered from `frame_0019` to `frame_0048`, which are among the earliest frames in the video (assuming the video starts at frame 0001). This qualifies as “very beginning” of the video.\n\n---\n\n**2) Is there a blue tennis court with white lines?**  \n✅ **Yes.** All wide-angle frames (e.g., frames 6–12, 17–30) clearly show a bright blue hard court with standard white boundary lines. The word “MELBOURNE” is visible at the bottom of the court, confirming the Australian Open setting.\n\n---\n\n**3) Are players/people visible on/around court?**  \n✅ **Yes.** Serena Williams is visible in multiple frames (e.g., frames 1–5, 13–16, and 6–30). Venus Williams is also visible at the far end of the court in wide shots (e.g., frames 6–12, 17–30). Ball kids, officials, and spectators are also present around the court.\n\n---\n\n**4) What is the specific action/state of the players — is Serena Williams preparing to serve?**  \n✅ **Yes — and this is the key evidence.**\n\n- **Frames 1–5 and 13–16** show **Serena Williams in close-up**, holding her racket, bouncing the ball, adjusting her stance, and looking focused — classic pre-serve behavior.\n- **Frames 6–12 and 17–30** show **Serena positioned at the baseline**, ready to serve, while **Venus is positioned at the opposite baseline, ready to receive**.\n- In **frame 25**, Serena begins her **ball toss**.\n- In **frame 26**, she is **mid-serve motion**, racket swinging up.\n- In **frame 27**, the ball is in the air, and she is completing the serve motion.\n- In **frame 28**, the ball is crossing the net — confirming the serve has been executed.\n\nThis sequence clearly shows **Serena Williams preparing for and executing the first serve of the match**, which is the defining action at the very beginning of a tennis match.\n\n---\n\n**Are other answer choices (warming up, practicing racquet, waiting) more accurate?**  \n❌ **No.** While there is some preparatory behavior (e.g., bouncing the ball, adjusting stance), this is not “warming up” or “practicing” — it is **match-play preparation**. The players are in position, the score is set (visible in some frames), and the serve is executed as part of the official match. The context is clearly the **start of a point in a competitive match**, not casual practice.\n\n---\n\n### ✅ Final Verdict:  \n**Answer ‘1’ (Serena to serve) is correct.**  \nThe visual evidence confirms that at the beginning of the video, Serena Williams is preparing for and executing the first serve of the match on the blue Australian Open court, with Venus Williams positioned to receive. This is consistent with the standard start of a tennis match.\n'], 'condensed_response': '**Condensed scene summary (frames\u202f0019‑0048)**  \n\n- **Setting (frames\u202f0019‑0048):** The early portion of the clip is shot on a bright‑blue Australian Open hard court with the white “MELBOURNE” logo and boundary lines clearly visible. The camera alternates between wide‑angle shots of the full court (≈\u202fframes\u202f0026‑0030) and close‑ups of the players at the baseline.  \n\n- **Characters & positions:**  \n  * **Serena\u202fWilliams** – occupies the right‑hand baseline in almost every frame. She is shown handling her racket, bouncing the ball, and adjusting her stance, which are classic pre‑serve cues.  \n  * **Venus\u202fWilliams** – appears at the opposite baseline in the wide‑angle views, standing ready to receive.  \n  * **Supporting staff** – ball kids, line judges and a few spectators are visible around the perimeter but do not dominate the action.  \n\n- **Action timeline:**  \n  * **Frames\u202f0019‑0024 / 0029‑0032:** Close‑ups of Serena tightening her grip, taking a few bounces, and looking down the court.  \n  * **Frame\u202f0025:** Serena initiates the **ball toss**.  \n  * **Frame\u202f0026:** She begins the upward swing of her serve motion.  \n  * **Frame\u202f0027:** The racket is mid‑swing, the ball is airborne.  \n  * **Frame\u202f0028:** The ball crosses the net – the serve is completed.  \n\n- **Interpretation:** The sequence shows **Serena Williams preparing for and executing the first serve of the match**, with Venus positioned to receive. No warm‑up drills or casual racquet practice are evident; the score overlay (visible in the wide shots) confirms a competitive match is underway.\n\n**Bottom line:** The visual evidence from frames\u202f0019‑0048 confirms that the correct answer to “What happens at the beginning of the video?” is **“Serena to serve.”**', 'failed_images': []}

Question Being Answered: What happens at the beginning of the video?

Answer Choices (0-indexed: 0=A, 1=B, 2=C, 3=D, 4=E):
  0 (=A): The players are warming up now
  1 (=B): Serena to serve
  2 (=C): A player is practicing racquet
  3 (=D): The players are waiting

Given Answer: 1
Evidence Frames Used: ['frames/frame_0024.jpg', 'frames/frame_0030.jpg', 'frames/frame_0035.jpg', 'frames/frame_0041.jpg', 'frames/frame_0043.jpg']

Character/Event/Scene logs: ================================================================================
CHARACTER, EVENT, AND SCENE LOGS
================================================================================

CHARACTERS:
Serena Williams: Description: A young black woman tennis player, wearing various Nike outfits and holding a neon green tennis racket.
Venus Williams: Description: A young black woman tennis player, wearing a white tank top and a multicolored skirt.
Ball Boy/Girl: Description: A young person wearing a green shirt and black shorts, holding tennis balls.
Umpire: Description: A person wearing a blue shirt and gray pants, officiating the tennis match.
Cameraman: Description: A person wearing a blue shirt and holding a camera, capturing the tennis match.
Patrick Mouratoglou: Description: A middle-aged man with short dark hair and a beard, wearing a black "ACCOR HOTELS" baseball cap and a gray Nike hoodie.

SCENES:
Tennis Match: Description: A tennis match between Venus Williams and Serena Williams on a blue tennis court with white lines, surrounded by a crowd of spectators and advertisements for various brands. [1-4387]
Player's Lounge: Description: A blue bench with white bags and red bags, likely in the players' lounge area. [727-729]
Stadium Crowd: Description: A large crowd of spectators watching a tennis match in a packed stadium. [149-158]
Press Conference/Interview: Description: A woman, likely a tennis player, speaking into a microphone with an "AO" logo. [561-564]

EVENTS:
Tennis Match Start: Description: The tennis match between Venus Williams and Serena Williams begins. [1]
Tennis Serve: Description: Venus Williams serves a tennis ball to Serena Williams. [4]
Tennis Rally: Description: Venus Williams and Serena Williams engage in a rally on the blue tennis court. [60]
Tennis Point Celebration: Description: Serena Williams celebrates a point with her fist raised. [1357]
Handshake: Description: Serena Williams shakes hands with Venus Williams over the net. [2265]
Hug: Description: Serena Williams and Venus Williams hug each other on the blue tennis court. [3781]
Trophy Presentation: Description: A silver trophy is visible on a pedestal near Serena Williams. [130]
Interview: Description: A woman, likely Venus Williams, speaks into a microphone with an "AO" logo. [561]
Tennis Match End: Description: The tennis match between Venus Williams and Serena Williams concludes. [3781]
Celebration: Description: Serena Williams raises her arm in triumph after winning the match. [4355]

================================================================================
Generated at: 2026-01-11 21:46:12
================================================================================



QUESTION-BASED CRITERIA:
  Q1. The frame number is very low (e.g., 1, 2, 3)
  Q2. The scene contains a blue tennis court with white lines
  Q3. People are visible on or around the court (players, ball persons, officials, crowd)
  Q4. The action or state of the people present (e.g., standing, walking, preparing to serve)


CRITICAL ASSESSMENT TASK:
For EACH criterion listed above, determine whether it PASSES or FAILS based ONLY on what the VLM actually reports seeing in the frames.

- PASS: The VLM results clearly confirm this criterion is satisfied in the frames
- FAIL: The VLM results indicate this criterion is NOT satisfied, or there is insufficient evidence

CONFIDENCE CALCULATION RULES:
1. Count how many criteria pass (criteria_percentage = criteria_passed / 4)
2. Calculate base_confidence = criteria_percentage * 100
3. ⚠️ If ANY answer-specific criterion (A1, A2, etc.) FAILS, set confidence = min(50, base_confidence)

⚠️ CRITICAL: There is ALWAYS a correct answer among the choices provided. If all answers seem slightly off or imperfect, you MUST choose the BEST possible answer that most closely matches the evidence.

CRITIC ANSWER CHOICE DECISION:
4. After evaluating criteria, ALWAYS pick the best answer choice:
   - Review ALL answer choices listed above (A, B, C, D, E, etc.) and their content
   - Based ONLY on the VLM visual evidence, determine which answer choice CONTENT is MOST correct
   - Find the INDEX of that answer choice in the list
   - ⚠️ CRITICAL: Output the INDEX (0, 1, 2, 3, or 4), NOT the literal answer content
   - Example: If choice C (index 2) says "5 people" and you counted 5 people, output 2 (not 5!)
   - Example: If choice B (index 1) says "Robert Hardy" and that's correct, output 1 (not "Robert Hardy"!)

5. If criteria_percentage > 0.5 (>50% of criteria pass):
   - Your chosen answer is well-supported by evidence
   - Set suggestion to null or provide minor improvements

6. If criteria_percentage ≤ 0.5 (≤50% of criteria pass):
   - Still MUST choose the BEST answer from the available choices (never -1)
   - But set suggestion to "These may not be the right frames/scene. Consider searching for better evidence. The answer chosen is the BEST match given current evidence."
   - This signals low confidence but still provides a choice

Return ONLY this JSON:
{
    "criteria_results": [
        {"criterion": "criterion text", "criterion_type": "QUESTION or ANSWER", "status": "PASS or FAIL", "reasoning": "brief explanation"},
        ...
    ],
    "question_criteria_passed": <number of question criteria that passed>,
    "answer_criteria_passed": <number of answer criteria that passed>,
    "answer_criteria_total": 0,
    "criteria_passed": <total number of criteria that passed>,
    "criteria_total": 4,
    "criteria_percentage": <criteria_passed / 4>,
    "base_confidence": <(criteria_passed / 4) * 100>,
    "confidence": <base_confidence OR 50 if any answer criterion failed>,
    "critic_answer_choice": <INDEX of best answer choice: MUST be exactly 0, 1, 2, 3, or 4 (where 0=A, 1=B, 2=C, 3=D, 4=E). Output the INDEX not the content!>,
    "critic_reasoning": "<Brief explanation of why you chose this answer based on VLM evidence>",
    "possible_errors": [
        <List specific criteria that failed or issues found>
    ],
    "suggestion": <"These may not be the right frames" if ≤50%, otherwise null or specific improvement>
}

IMPORTANT RULES:
- Evaluate EACH criterion independently based on VLM results
- Mark criterion as PASS only if VLM clearly confirms it
- Mark criterion as FAIL if not confirmed or contradicted
- If ANY answer-specific criterion fails, confidence MUST be ≤50%
- Base evaluation ONLY on VLM verification results, not speculation
- Only list errors for criteria that actually failed
- ⚠️ CRITICAL: critic_answer_choice must be an INDEX (0-4), never a literal answer like "5" or "Robert Hardy"
- Return ONLY valid JSON

Critical assessment response: ```json
{
    "criteria_results": [
        {
            "criterion": "The frame number is very low (e.g., 1, 2, 3)",
            "criterion_type": "QUESTION",
            "status": "PASS",
            "reasoning": "VLM confirms frames 0019-0048 are among the earliest frames in the video, qualifying as 'very beginning'"
        },
        {
            "criterion": "The scene contains a blue tennis court with white lines",
            "criterion_type": "QUESTION",
            "status": "PASS",
            "reasoning": "VLM confirms bright blue hard court with white boundary lines and 'MELBOURNE' logo visible"
        },
        {
            "criterion": "People are visible on or around the court (players, ball persons, officials, crowd)",
            "criterion_type": "QUESTION",
            "status": "PASS",
            "reasoning": "VLM confirms Serena Williams, Venus Williams, ball kids, officials, and spectators are all visible"
        },
        {
            "criterion": "The action or state of the people present (e.g., standing, walking, preparing to serve)",
            "criterion_type": "QUESTION",
            "status": "PASS",
            "reasoning": "VLM confirms Serena Williams preparing for and executing serve, Venus positioned to receive, match context established"
        }
    ],
    "question_criteria_passed": 4,
    "answer_criteria_passed": 0,
    "answer_criteria_total": 0,
    "criteria_passed": 4,
    "criteria_total": 4,
    "criteria_percentage": 1.0,
    "base_confidence": 100,
    "confidence": 100,
    "critic_answer_choice": 1,
    "critic_reasoning": "VLM evidence clearly shows Serena Williams preparing for and executing the first serve of the match, with Venus positioned to receive. This directly matches answer choice 1 ('Serena to serve') and distinguishes it from warming up, practicing, or waiting.",
    "possible_errors": [],
    "suggestion": null
}
```
Critical assessment data: {'criteria_results': [{'criterion': 'The frame number is very low (e.g., 1, 2, 3)', 'criterion_type': 'QUESTION', 'status': 'PASS', 'reasoning': "VLM confirms frames 0019-0048 are among the earliest frames in the video, qualifying as 'very beginning'"}, {'criterion': 'The scene contains a blue tennis court with white lines', 'criterion_type': 'QUESTION', 'status': 'PASS', 'reasoning': "VLM confirms bright blue hard court with white boundary lines and 'MELBOURNE' logo visible"}, {'criterion': 'People are visible on or around the court (players, ball persons, officials, crowd)', 'criterion_type': 'QUESTION', 'status': 'PASS', 'reasoning': 'VLM confirms Serena Williams, Venus Williams, ball kids, officials, and spectators are all visible'}, {'criterion': 'The action or state of the people present (e.g., standing, walking, preparing to serve)', 'criterion_type': 'QUESTION', 'status': 'PASS', 'reasoning': 'VLM confirms Serena Williams preparing for and executing serve, Venus positioned to receive, match context established'}], 'question_criteria_passed': 4, 'answer_criteria_passed': 0, 'answer_criteria_total': 0, 'criteria_passed': 4, 'criteria_total': 4, 'criteria_percentage': 1.0, 'base_confidence': 100, 'confidence': 100, 'critic_answer_choice': 1, 'critic_reasoning': "VLM evidence clearly shows Serena Williams preparing for and executing the first serve of the match, with Venus positioned to receive. This directly matches answer choice 1 ('Serena to serve') and distinguishes it from warming up, practicing, or waiting.", 'possible_errors': [], 'suggestion': None}
