Critic initial response: {
    "tool": "VLM_QUERY",
    "frames": ["frames/frame_0001.jpg", "frames/frame_0002.jpg", "frames/frame_0003.jpg", "frames/frame_0004.jpg", "frames/frame_0005.jpg", "frames/frame_0006.jpg", "frames/frame_0007.jpg", "frames/frame_0008.jpg", "frames/frame_0009.jpg", "frames/frame_0010.jpg", "frames/frame_0011.jpg", "frames/frame_0012.jpg", "frames/frame_0013.jpg", "frames/frame_0014.jpg", "frames/frame_0015.jpg", "frames/frame_0016.jpg", "frames/frame_0017.jpg", "frames/frame_0018.jpg", "frames/frame_0019.jpg", "frames/frame_0020.jpg", "frames/frame_0021.jpg", "frames/frame_0022.jpg"],
    "prompt": "Examine these initial frames of the video to determine which streaming platform appears first. Look for: 1) Streaming platform logos visible on screen, 2) Text identifying streaming service names (Tencent, Netflix, YouTube, Twitch), 3) Introductory sequences or title cards, 4) Visual platform branding, 5) Opening credits or production company logos, 6) Platform identification in initial frames. Verify if the answer '1' (which corresponds to option A: Tencent) is correct by identifying the first platform that appears in the sequence."
}
Frames to verify: ['frames/frame_0001.jpg', 'frames/frame_0002.jpg', 'frames/frame_0003.jpg', 'frames/frame_0004.jpg', 'frames/frame_0005.jpg', 'frames/frame_0006.jpg', 'frames/frame_0007.jpg', 'frames/frame_0008.jpg', 'frames/frame_0009.jpg', 'frames/frame_0010.jpg', 'frames/frame_0011.jpg', 'frames/frame_0012.jpg', 'frames/frame_0013.jpg', 'frames/frame_0014.jpg', 'frames/frame_0015.jpg', 'frames/frame_0016.jpg', 'frames/frame_0017.jpg', 'frames/frame_0018.jpg', 'frames/frame_0019.jpg', 'frames/frame_0020.jpg', 'frames/frame_0021.jpg', 'frames/frame_0022.jpg']
VLM Prompt: Video context: Based on the provided SET of frame-by-frame captions data for a long video, here is a global summary that depicts main characters, setting, plot line, vibes, and general details:

**Main Characters:**
The main characters appear to be a mix of samurai warriors, ninjas, and other Japanese characters, possibly from a historical or fantasy setting. There are also appearances by Western characters, such as a man in a suit and tie, and a woman with a shocked expression. Some characters have supernatural or fantastical elements, such as glowing blue eyes or sharp teeth.

**Setting:**
The setting is primarily dark, dimly lit, and atmospheric, with a focus on traditional Japanese architecture, such as pagodas, temples, and wooden buildings. There are also scenes set in caves, corridors, and other mysterious environments. Some frames feature a snowy or icy landscape, while others show a dark, stormy sea.

**Plot Line:**
The plot line appears to be centered around a narrative that involves samurai warriors, ninjas, and other characters in a historical or fantasy setting. The story may involve action, drama, and supernatural elements. There are hints of a mysterious or ancient world, with characters navigating through dark corridors, fighting battles, and interacting with each other in complex ways.

**Vibes:**
The overall vibe of the video is dark, moody, and atmospheric, with a focus on creating a sense of tension and mystery. The use of black-and-white and grayscale color schemes adds to the somber and introspective atmosphere. There are also moments of action, drama, and intensity, suggesting a thrilling and engaging narrative.

**General Details:**
The video appears to be an animated series or film, possibly a Netflix original production given the presence of the Netflix logo in several frames. The animation style is varied, with a mix of traditional and digital media used throughout. The narrative is complex and layered, with multiple characters and plot threads woven together to create a rich and immersive world. The overall tone is dark and suspenseful, suggesting a mature audience.

Examine these initial frames of the video to determine which streaming platform appears first. Look for: 1) Streaming platform logos visible on screen, 2) Text identifying streaming service names (Tencent, Netflix, YouTube, Twitch), 3) Introductory sequences or title cards, 4) Visual platform branding, 5) Opening credits or production company logos, 6) Platform identification in initial frames. Verify if the answer '1' (which corresponds to option A: Tencent) is correct by identifying the first platform that appears in the sequence.
VLM response: {'batched_responses': [{'batch_start': 0, 'batch_end': 22, 'image_paths': ['/mnt/ssd/data/lvbench/videos_processed/Za2Z_JRxCuk/frames/frame_0001.jpg', '/mnt/ssd/data/lvbench/videos_processed/Za2Z_JRxCuk/frames/frame_0002.jpg', '/mnt/ssd/data/lvbench/videos_processed/Za2Z_JRxCuk/frames/frame_0003.jpg', '/mnt/ssd/data/lvbench/videos_processed/Za2Z_JRxCuk/frames/frame_0004.jpg', '/mnt/ssd/data/lvbench/videos_processed/Za2Z_JRxCuk/frames/frame_0005.jpg', '/mnt/ssd/data/lvbench/videos_processed/Za2Z_JRxCuk/frames/frame_0006.jpg', '/mnt/ssd/data/lvbench/videos_processed/Za2Z_JRxCuk/frames/frame_0007.jpg', '/mnt/ssd/data/lvbench/videos_processed/Za2Z_JRxCuk/frames/frame_0008.jpg', '/mnt/ssd/data/lvbench/videos_processed/Za2Z_JRxCuk/frames/frame_0009.jpg', '/mnt/ssd/data/lvbench/videos_processed/Za2Z_JRxCuk/frames/frame_0010.jpg', '/mnt/ssd/data/lvbench/videos_processed/Za2Z_JRxCuk/frames/frame_0011.jpg', '/mnt/ssd/data/lvbench/videos_processed/Za2Z_JRxCuk/frames/frame_0012.jpg', '/mnt/ssd/data/lvbench/videos_processed/Za2Z_JRxCuk/frames/frame_0013.jpg', '/mnt/ssd/data/lvbench/videos_processed/Za2Z_JRxCuk/frames/frame_0014.jpg', '/mnt/ssd/data/lvbench/videos_processed/Za2Z_JRxCuk/frames/frame_0015.jpg', '/mnt/ssd/data/lvbench/videos_processed/Za2Z_JRxCuk/frames/frame_0016.jpg', '/mnt/ssd/data/lvbench/videos_processed/Za2Z_JRxCuk/frames/frame_0017.jpg', '/mnt/ssd/data/lvbench/videos_processed/Za2Z_JRxCuk/frames/frame_0018.jpg', '/mnt/ssd/data/lvbench/videos_processed/Za2Z_JRxCuk/frames/frame_0019.jpg', '/mnt/ssd/data/lvbench/videos_processed/Za2Z_JRxCuk/frames/frame_0020.jpg', '/mnt/ssd/data/lvbench/videos_processed/Za2Z_JRxCuk/frames/frame_0021.jpg', '/mnt/ssd/data/lvbench/videos_processed/Za2Z_JRxCuk/frames/frame_0022.jpg'], 'response': "The first streaming platform that appears in the sequence is **Netflix**.\n\n- **Frame 2** shows the iconic red **Netflix “N” logo** on a black background.\n- **Frame 3** continues to display the same Netflix logo.\n- **Frame 7** and subsequent frames (8–9) show the text “**A NETFLIX SERIES**”, confirming the platform’s branding.\n\nThere is **no appearance of Tencent, YouTube, or Twitch** in any of the 22 frames.\n\n---\n\n### Therefore, the answer **'1' (option A: Tencent)** is **incorrect**.\n\n✅ The correct answer is **Netflix**, which appears first in **Frame 2**.\n\n---\n\n**Final Verification:**\n\n- First platform logo: **Netflix (Frame 2)**\n- No Tencent logo or text appears anywhere.\n- No other streaming platform branding is present.\n\n**Conclusion: The correct platform that appears first is Netflix — not Tencent.**"}], 'formatted_responses': ["\n=== Batch 0-22 (22 frames) ===\nFrames: /mnt/ssd/data/lvbench/videos_processed/Za2Z_JRxCuk/frames/frame_0001.jpg, /mnt/ssd/data/lvbench/videos_processed/Za2Z_JRxCuk/frames/frame_0002.jpg, /mnt/ssd/data/lvbench/videos_processed/Za2Z_JRxCuk/frames/frame_0003.jpg, /mnt/ssd/data/lvbench/videos_processed/Za2Z_JRxCuk/frames/frame_0004.jpg, /mnt/ssd/data/lvbench/videos_processed/Za2Z_JRxCuk/frames/frame_0005.jpg, /mnt/ssd/data/lvbench/videos_processed/Za2Z_JRxCuk/frames/frame_0006.jpg, /mnt/ssd/data/lvbench/videos_processed/Za2Z_JRxCuk/frames/frame_0007.jpg, /mnt/ssd/data/lvbench/videos_processed/Za2Z_JRxCuk/frames/frame_0008.jpg, /mnt/ssd/data/lvbench/videos_processed/Za2Z_JRxCuk/frames/frame_0009.jpg, /mnt/ssd/data/lvbench/videos_processed/Za2Z_JRxCuk/frames/frame_0010.jpg, /mnt/ssd/data/lvbench/videos_processed/Za2Z_JRxCuk/frames/frame_0011.jpg, /mnt/ssd/data/lvbench/videos_processed/Za2Z_JRxCuk/frames/frame_0012.jpg, /mnt/ssd/data/lvbench/videos_processed/Za2Z_JRxCuk/frames/frame_0013.jpg, /mnt/ssd/data/lvbench/videos_processed/Za2Z_JRxCuk/frames/frame_0014.jpg, /mnt/ssd/data/lvbench/videos_processed/Za2Z_JRxCuk/frames/frame_0015.jpg, /mnt/ssd/data/lvbench/videos_processed/Za2Z_JRxCuk/frames/frame_0016.jpg, /mnt/ssd/data/lvbench/videos_processed/Za2Z_JRxCuk/frames/frame_0017.jpg, /mnt/ssd/data/lvbench/videos_processed/Za2Z_JRxCuk/frames/frame_0018.jpg, /mnt/ssd/data/lvbench/videos_processed/Za2Z_JRxCuk/frames/frame_0019.jpg, /mnt/ssd/data/lvbench/videos_processed/Za2Z_JRxCuk/frames/frame_0020.jpg, /mnt/ssd/data/lvbench/videos_processed/Za2Z_JRxCuk/frames/frame_0021.jpg, /mnt/ssd/data/lvbench/videos_processed/Za2Z_JRxCuk/frames/frame_0022.jpg\nVLM Response: The first streaming platform that appears in the sequence is **Netflix**.\n\n- **Frame 2** shows the iconic red **Netflix “N” logo** on a black background.\n- **Frame 3** continues to display the same Netflix logo.\n- **Frame 7** and subsequent frames (8–9) show the text “**A NETFLIX SERIES**”, confirming the platform’s branding.\n\nThere is **no appearance of Tencent, YouTube, or Twitch** in any of the 22 frames.\n\n---\n\n### Therefore, the answer **'1' (option A: Tencent)** is **incorrect**.\n\n✅ The correct answer is **Netflix**, which appears first in **Frame 2**.\n\n---\n\n**Final Verification:**\n\n- First platform logo: **Netflix (Frame 2)**\n- No Tencent logo or text appears anywhere.\n- No other streaming platform branding is present.\n\n**Conclusion: The correct platform that appears first is Netflix — not Tencent.**\n"], 'condensed_response': '**Condensed Scene Summary (character‑tracking style)**  \n\n| Time (frame) | Visual “character” | Action / Presence |\n|--------------|-------------------|-------------------|\n| **Frame\u202f2** (≈\u202f0.07\u202fs) | **Netflix logo** (red “N” on black) | First appearance – the logo enters the frame and stays centered. |\n| **Frame\u202f3** (≈\u202f0.10\u202fs) | Netflix logo | Holds steady; no other elements appear. |\n| **Frames\u202f4‑6** (≈\u202f0.13‑0.20\u202fs) | Background only | Blank/black screen; the logo momentarily fades. |\n| **Frames\u202f7‑9** (≈\u202f0.23‑0.30\u202fs) | **Netflix logo** + **text “A\u202fNETFLIX\u202fSERIES”** | Logo re‑appears, now accompanied by the subtitle text, confirming the brand. |\n| **Frames\u202f10‑22** (≈\u202f0.33‑0.73\u202fs) | Continuation of the same branding | The logo and subtitle persist; no new graphics appear. |\n\n**Key points**\n\n- The **first streaming‑platform “character”** that enters the scene is **Netflix**, appearing in **Frame\u202f2**.  \n- Throughout the 22‑frame clip the Netflix logo (and the “A\u202fNetflix\u202fSeries” caption) remains the only branding element.  \n- **Tencent, YouTube, and Twitch** never appear in any frame, so they have no presence to track.  \n\n**Conclusion**  \nThe scene’s visual progression is dominated by a single “character” – the Netflix logo – which makes its debut in Frame\u202f2 and stays on‑screen for the remainder of the clip. No other platform logos intervene.', 'failed_images': []}
Followup prompt: 
Critically assess whether the VLM verification supports the given answer by evaluating each criterion.

VLM Verification Results:
{'batched_responses': [{'batch_start': 0, 'batch_end': 22, 'image_paths': ['/mnt/ssd/data/lvbench/videos_processed/Za2Z_JRxCuk/frames/frame_0001.jpg', '/mnt/ssd/data/lvbench/videos_processed/Za2Z_JRxCuk/frames/frame_0002.jpg', '/mnt/ssd/data/lvbench/videos_processed/Za2Z_JRxCuk/frames/frame_0003.jpg', '/mnt/ssd/data/lvbench/videos_processed/Za2Z_JRxCuk/frames/frame_0004.jpg', '/mnt/ssd/data/lvbench/videos_processed/Za2Z_JRxCuk/frames/frame_0005.jpg', '/mnt/ssd/data/lvbench/videos_processed/Za2Z_JRxCuk/frames/frame_0006.jpg', '/mnt/ssd/data/lvbench/videos_processed/Za2Z_JRxCuk/frames/frame_0007.jpg', '/mnt/ssd/data/lvbench/videos_processed/Za2Z_JRxCuk/frames/frame_0008.jpg', '/mnt/ssd/data/lvbench/videos_processed/Za2Z_JRxCuk/frames/frame_0009.jpg', '/mnt/ssd/data/lvbench/videos_processed/Za2Z_JRxCuk/frames/frame_0010.jpg', '/mnt/ssd/data/lvbench/videos_processed/Za2Z_JRxCuk/frames/frame_0011.jpg', '/mnt/ssd/data/lvbench/videos_processed/Za2Z_JRxCuk/frames/frame_0012.jpg', '/mnt/ssd/data/lvbench/videos_processed/Za2Z_JRxCuk/frames/frame_0013.jpg', '/mnt/ssd/data/lvbench/videos_processed/Za2Z_JRxCuk/frames/frame_0014.jpg', '/mnt/ssd/data/lvbench/videos_processed/Za2Z_JRxCuk/frames/frame_0015.jpg', '/mnt/ssd/data/lvbench/videos_processed/Za2Z_JRxCuk/frames/frame_0016.jpg', '/mnt/ssd/data/lvbench/videos_processed/Za2Z_JRxCuk/frames/frame_0017.jpg', '/mnt/ssd/data/lvbench/videos_processed/Za2Z_JRxCuk/frames/frame_0018.jpg', '/mnt/ssd/data/lvbench/videos_processed/Za2Z_JRxCuk/frames/frame_0019.jpg', '/mnt/ssd/data/lvbench/videos_processed/Za2Z_JRxCuk/frames/frame_0020.jpg', '/mnt/ssd/data/lvbench/videos_processed/Za2Z_JRxCuk/frames/frame_0021.jpg', '/mnt/ssd/data/lvbench/videos_processed/Za2Z_JRxCuk/frames/frame_0022.jpg'], 'response': "The first streaming platform that appears in the sequence is **Netflix**.\n\n- **Frame 2** shows the iconic red **Netflix “N” logo** on a black background.\n- **Frame 3** continues to display the same Netflix logo.\n- **Frame 7** and subsequent frames (8–9) show the text “**A NETFLIX SERIES**”, confirming the platform’s branding.\n\nThere is **no appearance of Tencent, YouTube, or Twitch** in any of the 22 frames.\n\n---\n\n### Therefore, the answer **'1' (option A: Tencent)** is **incorrect**.\n\n✅ The correct answer is **Netflix**, which appears first in **Frame 2**.\n\n---\n\n**Final Verification:**\n\n- First platform logo: **Netflix (Frame 2)**\n- No Tencent logo or text appears anywhere.\n- No other streaming platform branding is present.\n\n**Conclusion: The correct platform that appears first is Netflix — not Tencent.**"}], 'formatted_responses': ["\n=== Batch 0-22 (22 frames) ===\nFrames: /mnt/ssd/data/lvbench/videos_processed/Za2Z_JRxCuk/frames/frame_0001.jpg, /mnt/ssd/data/lvbench/videos_processed/Za2Z_JRxCuk/frames/frame_0002.jpg, /mnt/ssd/data/lvbench/videos_processed/Za2Z_JRxCuk/frames/frame_0003.jpg, /mnt/ssd/data/lvbench/videos_processed/Za2Z_JRxCuk/frames/frame_0004.jpg, /mnt/ssd/data/lvbench/videos_processed/Za2Z_JRxCuk/frames/frame_0005.jpg, /mnt/ssd/data/lvbench/videos_processed/Za2Z_JRxCuk/frames/frame_0006.jpg, /mnt/ssd/data/lvbench/videos_processed/Za2Z_JRxCuk/frames/frame_0007.jpg, /mnt/ssd/data/lvbench/videos_processed/Za2Z_JRxCuk/frames/frame_0008.jpg, /mnt/ssd/data/lvbench/videos_processed/Za2Z_JRxCuk/frames/frame_0009.jpg, /mnt/ssd/data/lvbench/videos_processed/Za2Z_JRxCuk/frames/frame_0010.jpg, /mnt/ssd/data/lvbench/videos_processed/Za2Z_JRxCuk/frames/frame_0011.jpg, /mnt/ssd/data/lvbench/videos_processed/Za2Z_JRxCuk/frames/frame_0012.jpg, /mnt/ssd/data/lvbench/videos_processed/Za2Z_JRxCuk/frames/frame_0013.jpg, /mnt/ssd/data/lvbench/videos_processed/Za2Z_JRxCuk/frames/frame_0014.jpg, /mnt/ssd/data/lvbench/videos_processed/Za2Z_JRxCuk/frames/frame_0015.jpg, /mnt/ssd/data/lvbench/videos_processed/Za2Z_JRxCuk/frames/frame_0016.jpg, /mnt/ssd/data/lvbench/videos_processed/Za2Z_JRxCuk/frames/frame_0017.jpg, /mnt/ssd/data/lvbench/videos_processed/Za2Z_JRxCuk/frames/frame_0018.jpg, /mnt/ssd/data/lvbench/videos_processed/Za2Z_JRxCuk/frames/frame_0019.jpg, /mnt/ssd/data/lvbench/videos_processed/Za2Z_JRxCuk/frames/frame_0020.jpg, /mnt/ssd/data/lvbench/videos_processed/Za2Z_JRxCuk/frames/frame_0021.jpg, /mnt/ssd/data/lvbench/videos_processed/Za2Z_JRxCuk/frames/frame_0022.jpg\nVLM Response: The first streaming platform that appears in the sequence is **Netflix**.\n\n- **Frame 2** shows the iconic red **Netflix “N” logo** on a black background.\n- **Frame 3** continues to display the same Netflix logo.\n- **Frame 7** and subsequent frames (8–9) show the text “**A NETFLIX SERIES**”, confirming the platform’s branding.\n\nThere is **no appearance of Tencent, YouTube, or Twitch** in any of the 22 frames.\n\n---\n\n### Therefore, the answer **'1' (option A: Tencent)** is **incorrect**.\n\n✅ The correct answer is **Netflix**, which appears first in **Frame 2**.\n\n---\n\n**Final Verification:**\n\n- First platform logo: **Netflix (Frame 2)**\n- No Tencent logo or text appears anywhere.\n- No other streaming platform branding is present.\n\n**Conclusion: The correct platform that appears first is Netflix — not Tencent.**\n"], 'condensed_response': '**Condensed Scene Summary (character‑tracking style)**  \n\n| Time (frame) | Visual “character” | Action / Presence |\n|--------------|-------------------|-------------------|\n| **Frame\u202f2** (≈\u202f0.07\u202fs) | **Netflix logo** (red “N” on black) | First appearance – the logo enters the frame and stays centered. |\n| **Frame\u202f3** (≈\u202f0.10\u202fs) | Netflix logo | Holds steady; no other elements appear. |\n| **Frames\u202f4‑6** (≈\u202f0.13‑0.20\u202fs) | Background only | Blank/black screen; the logo momentarily fades. |\n| **Frames\u202f7‑9** (≈\u202f0.23‑0.30\u202fs) | **Netflix logo** + **text “A\u202fNETFLIX\u202fSERIES”** | Logo re‑appears, now accompanied by the subtitle text, confirming the brand. |\n| **Frames\u202f10‑22** (≈\u202f0.33‑0.73\u202fs) | Continuation of the same branding | The logo and subtitle persist; no new graphics appear. |\n\n**Key points**\n\n- The **first streaming‑platform “character”** that enters the scene is **Netflix**, appearing in **Frame\u202f2**.  \n- Throughout the 22‑frame clip the Netflix logo (and the “A\u202fNetflix\u202fSeries” caption) remains the only branding element.  \n- **Tencent, YouTube, and Twitch** never appear in any frame, so they have no presence to track.  \n\n**Conclusion**  \nThe scene’s visual progression is dominated by a single “character” – the Netflix logo – which makes its debut in Frame\u202f2 and stays on‑screen for the remainder of the clip. No other platform logos intervene.', 'failed_images': []}

Question Being Answered: Which platform does the video stream on first?

Answer Choices:
A. Tencent
B. Netflix
C. Youtube
D. Twitch

Given Answer: 1
Evidence Frames Used: ['frames/frame_0006.jpg', 'frames/frame_0007.jpg', 'frames/frame_0008.jpg', 'frames/frame_0009.jpg', 'frames/frame_0017.jpg']

Character/Event/Scene logs: ================================================================================
CHARACTER, EVENT, AND SCENE LOGS
================================================================================

CHARACTERS:
Samurai Warrior: A man dressed in traditional Japanese attire, often wielding a sword.
Ninja: A person dressed in dark attire, often with a mask, and sometimes wielding a sword or other weapons.
Mizu: A young woman with short dark hair and a determined expression, dressed in a dark outfit.
Taigen: A man with short dark hair and a dark suit.
Mysterious Figure: A person with a pale complexion, blue eyes, and dark hair, often dressed in dark attire.
Vampire: A man with a pale complexion, dark hair, and sharp fangs.

SCENES:
Traditional Japanese Building: A dimly lit, traditional Japanese-style room or building with wooden walls and floors. [frames/frame_0340 - frame_0366]
Dark Corridor: A dimly lit, narrow corridor with stone walls and a vaulted ceiling. [frames/frame_0325 - frame_0332]
Snowy Landscape: A snowy winter landscape with trees and mountains. [frames/frame_0094 - frame_0114]
Misty Mountain: A foggy mountainous landscape with a pagoda-style castle. [frames/frame_0029 - frame_0036]
Dark Cave: A dimly lit, eerie cave with rough stone walls and a low ceiling. [frames/frame_0147 - frame_0150]
Formal Dining Room: A dimly lit, ornate room with a long table and chandeliers. [frames/frame_0442 - frame_0453]
Japanese Garden: A serene Japanese garden at night, with stone lanterns and trees. [frames/frame_1066 - frame_1071]
Industrial Setting: A dimly lit, industrial-style room with metal beams and machinery. [frames/frame_0091 - frame_0093]
Futuristic Setting: A dark, futuristic room with metallic surfaces and abstract shapes. [frames/frame_0270 - frame_0272]

EVENTS:
Sword Fight: A confrontation between two or more characters, often involving swords. [frames/frame_0353 - frame_0362]
Character Contemplation: A character is shown in a contemplative or meditative state. [frames/frame_0053 - frame_0068]
Character Walking: A character is walking through a dimly lit corridor or landscape. [frames/frame_0105 - frame_0110]
Character Examining Object: A character is examining a sword, map, or other object. [frames/frame_0300 - frame_0305]
Character Climbing: A character is climbing a wall, staircase, or other structure. [frames/frame_0672 - frame_0674]
Character Lying Down: A character is lying on the ground or on a bed. [frames/frame_0783 - frame_0790]
Group Gathering: A group of characters are gathered around a table or in a room. [frames/frame_0443 - frame_0453]
Character Fighting: A character is fighting against another character or a creature. [frames/frame_0811 - frame_0823]

================================================================================
Generated at: 2026-01-11 21:48:35
================================================================================



QUESTION-BASED CRITERIA:
  Q1. Streaming platform logo visible on screen
  Q2. Text identifying a streaming service name
  Q3. Introductory sequence or title card
  Q4. Visual indication of platform branding
  Q5. Opening credits or production company logos
  Q6. Initial frames showing platform identification


CRITICAL ASSESSMENT TASK:
For EACH criterion listed above, determine whether it PASSES or FAILS based ONLY on what the VLM actually reports seeing in the frames.

- PASS: The VLM results clearly confirm this criterion is satisfied in the frames
- FAIL: The VLM results indicate this criterion is NOT satisfied, or there is insufficient evidence

CONFIDENCE CALCULATION RULES:
1. Count how many criteria pass (criteria_percentage = criteria_passed / 6)
2. Calculate base_confidence = criteria_percentage * 100
3. ⚠️ If ANY answer-specific criterion (A1, A2, etc.) FAILS, set confidence = min(50, base_confidence)

⚠️ CRITICAL: There is ALWAYS a correct answer among the choices provided. If all answers seem slightly off or imperfect, you MUST choose the BEST possible answer that most closely matches the evidence.

CRITIC ANSWER CHOICE DECISION:
4. After evaluating criteria, if criteria_percentage > 0.5 (>50% of criteria pass):
   - Review ALL answer choices (A, B, C, D, etc.)
   - Based ONLY on the VLM visual evidence, determine which answer choice is MOST correct
   - Output your critic_answer_choice as a NUMBER (0=A, 1=B, 2=C, 3=D)
5. If criteria_percentage ≤ 0.5 (≤50% of criteria pass):
   - STILL do your best to pick out a correct answer, but also set suggestion to "These may not be the right frames/scene. Continue searching for better evidence."
   - output your best guess of the answer as a number (0=A, 1=B, 2=C, 3=D, 4=E)

Return ONLY this JSON:
{
    "criteria_results": [
        {"criterion": "criterion text", "criterion_type": "QUESTION or ANSWER", "status": "PASS or FAIL", "reasoning": "brief explanation"},
        ...
    ],
    "question_criteria_passed": <number of question criteria that passed>,
    "answer_criteria_passed": <number of answer criteria that passed>,
    "answer_criteria_total": 0,
    "criteria_passed": <number of question criteria that passed>,
    "criteria_total": 6,
    "criteria_percentage": <criteria_passed / 6>,
    "base_confidence": <(criteria_passed / 6) * 100>,
    "confidence": <base_confidence OR 50 if any answer criterion failed>,
    "critic_answer_choice": <NUMBER: 0=A, 1=B, 2=C, 3=D, 4=E>,
    "critic_reasoning": "<Brief explanation of why you chose this answer based on VLM evidence>",
    "possible_errors": [
        <List specific criteria that failed or issues found>
    ],
    "suggestion": <"These may not be the right frames" if ≤50%, otherwise null or specific improvement>
}

IMPORTANT RULES:
- Evaluate EACH criterion independently based on VLM results
- Mark criterion as PASS only if VLM clearly confirms it
- Mark criterion as FAIL if not confirmed or contradicted
- If ANY answer-specific criterion fails, confidence MUST be ≤50%
- Base evaluation ONLY on VLM verification results, not speculation
- Only list errors for criteria that actually failed
- Return ONLY valid JSON

Critical assessment response: ```json
{
    "criteria_results": [
        {"criterion": "Streaming platform logo visible on screen", "criterion_type": "QUESTION", "status": "PASS", "reasoning": "VLM confirms Netflix logo appears in frames 2, 3, 7-9 and persists throughout"},
        {"criterion": "Text identifying a streaming service name", "criterion_type": "QUESTION", "status": "PASS", "reasoning": "VLM reports 'A NETFLIX SERIES' text appears in frames 7-9, confirming platform name"},
        {"criterion": "Introductory sequence or title card", "criterion_type": "QUESTION", "status": "PASS", "reasoning": "VLM describes the sequence as showing branding elements and confirms it's an opening sequence"},
        {"criterion": "Visual indication of platform branding", "criterion_type": "QUESTION", "status": "PASS", "reasoning": "VLM clearly identifies both the Netflix logo and text branding elements"},
        {"criterion": "Opening credits or production company logos", "criterion_type": "QUESTION", "status": "PASS", "reasoning": "VLM confirms this is a series branding sequence with platform identification"},
        {"criterion": "Initial frames showing platform identification", "criterion_type": "QUESTION", "status": "PASS", "reasoning": "VLM specifically notes Netflix appears first in frame 2 among the initial frames"}
    ],
    "question_criteria_passed": 6,
    "answer_criteria_passed": 0,
    "answer_criteria_total": 0,
    "criteria_passed": 6,
    "criteria_total": 6,
    "criteria_percentage": 1.0,
    "base_confidence": 100,
    "confidence": 100,
    "critic_answer_choice": 1,
    "critic_reasoning": "The VLM verification clearly identifies Netflix as the first streaming platform appearing in frame 2, with 'A NETFLIX SERIES' text in frames 7-9, and explicitly states that Tencent, YouTube, and Twitch never appear in any of the 22 frames analyzed.",
    "possible_errors": [],
    "suggestion": null
}
```
Critical assessment data: {'criteria_results': [{'criterion': 'Streaming platform logo visible on screen', 'criterion_type': 'QUESTION', 'status': 'PASS', 'reasoning': 'VLM confirms Netflix logo appears in frames 2, 3, 7-9 and persists throughout'}, {'criterion': 'Text identifying a streaming service name', 'criterion_type': 'QUESTION', 'status': 'PASS', 'reasoning': "VLM reports 'A NETFLIX SERIES' text appears in frames 7-9, confirming platform name"}, {'criterion': 'Introductory sequence or title card', 'criterion_type': 'QUESTION', 'status': 'PASS', 'reasoning': "VLM describes the sequence as showing branding elements and confirms it's an opening sequence"}, {'criterion': 'Visual indication of platform branding', 'criterion_type': 'QUESTION', 'status': 'PASS', 'reasoning': 'VLM clearly identifies both the Netflix logo and text branding elements'}, {'criterion': 'Opening credits or production company logos', 'criterion_type': 'QUESTION', 'status': 'PASS', 'reasoning': 'VLM confirms this is a series branding sequence with platform identification'}, {'criterion': 'Initial frames showing platform identification', 'criterion_type': 'QUESTION', 'status': 'PASS', 'reasoning': 'VLM specifically notes Netflix appears first in frame 2 among the initial frames'}], 'question_criteria_passed': 6, 'answer_criteria_passed': 0, 'answer_criteria_total': 0, 'criteria_passed': 6, 'criteria_total': 6, 'criteria_percentage': 1.0, 'base_confidence': 100, 'confidence': 100, 'critic_answer_choice': 1, 'critic_reasoning': "The VLM verification clearly identifies Netflix as the first streaming platform appearing in frame 2, with 'A NETFLIX SERIES' text in frames 7-9, and explicitly states that Tencent, YouTube, and Twitch never appear in any of the 22 frames analyzed.", 'possible_errors': [], 'suggestion': None}
