Critic initial response: ```json
{
    "tool": "VLM_QUERY",
    "frames": ["frames/frame_1258.jpg", "frames/frame_1259.jpg", "frames/frame_1260.jpg", "frames/frame_1261.jpg", "frames/frame_1262.jpg", "frames/frame_1263.jpg", "frames/frame_1264.jpg", "frames/frame_1265.jpg", "frames/frame_1266.jpg", "frames/frame_1267.jpg", "frames/frame_1268.jpg", "frames/frame_1269.jpg", "frames/frame_1270.jpg", "frames/frame_1271.jpg", "frames/frame_1272.jpg", "frames/frame_1273.jpg", "frames/frame_1274.jpg", "frames/frame_1275.jpg", "frames/frame_1276.jpg", "frames/frame_1277.jpg", "frames/frame_1278.jpg"],
    "prompt": "Based on these frames (including context before/after), verify if the answer '2' is correct for the question: What happens to the family in the railway station? Check the question criteria: ['Family members (parents and child) present together', 'Railway station setting (train platforms, tracks, station signs)', 'Train or bus visible in the scene', 'Child separating from parents or staying with parents', 'Mode of transportation being taken (train, bus, subway)']. Pay attention to timestamps and temporal sequences. Specifically look for: 1) Family members together at a railway station, 2) Train or bus visible, 3) Child either separating from parents or staying with them, 4) Whether the child takes a train, bus, or subway."
}
```
Frames to verify: ['frames/frame_1258.jpg', 'frames/frame_1259.jpg', 'frames/frame_1260.jpg', 'frames/frame_1261.jpg', 'frames/frame_1262.jpg', 'frames/frame_1263.jpg', 'frames/frame_1264.jpg', 'frames/frame_1265.jpg', 'frames/frame_1266.jpg', 'frames/frame_1267.jpg', 'frames/frame_1268.jpg', 'frames/frame_1269.jpg', 'frames/frame_1270.jpg', 'frames/frame_1271.jpg', 'frames/frame_1272.jpg', 'frames/frame_1273.jpg', 'frames/frame_1274.jpg', 'frames/frame_1275.jpg', 'frames/frame_1276.jpg', 'frames/frame_1277.jpg', 'frames/frame_1278.jpg']
VLM Prompt: Video context: Based on the provided SET of frame-by-frame captions data for a long video, here is a global summary that depicts main characters, setting, plot line, vibes, and general details:

**Main Characters:**
The main characters in the video are a young boy/girl with red hair, wearing a yellow shirt, and a grey and white cartoon cat. The boy/girl is the central human character, and the cat is their companion throughout the story. Other characters include the boy's parents, a man and a woman, who are depicted in various scenes.

**Setting:**
The story takes place in a house with a large arched window, a staircase, and various rooms, including a living room, kitchen, and bedroom. The setting also extends to outdoor environments, such as a village, a forest, and a snowy landscape.

**Plot Line:**
The plot line revolves around the adventures of the young boy/girl and their grey and white cat. The story begins with the boy/girl and the cat interacting in their house, with the cat gazing out the window at the cityscape. The boy/girl is depicted engaging in various activities, such as reading, eating, and playing with the cat. As the story progresses, the boy/girl and the cat embark on a journey to a village called Простоквашино (Prostokvashino), where they encounter various animals, including a dog and a kangaroo. The story takes a fantastical turn, with the boy/girl and the cat experiencing a series of surreal and dreamlike events.

**Vibes:**
The overall vibe of the video is whimsical, playful, and nostalgic, with a mix of realistic and fantastical elements. The story has a sense of wonder and curiosity, with a focus on the boy/girl's interactions with their cat and the world around them.

**General Details:**
The video appears to be a classic Russian animated series, likely from the Soyuzmultfilm studio, given the references to "СОЮЗМУЛЬТФИЛЬМ" and the Russian text throughout the captions. The story is likely a heartwarming and entertaining tale for children, with a focus on the adventures and misadventures of the young protagonist and their feline companion.

Based on these frames (including context before/after), verify if the answer '2' is correct for the question: What happens to the family in the railway station? Check the question criteria: ['Family members (parents and child) present together', 'Railway station setting (train platforms, tracks, station signs)', 'Train or bus visible in the scene', 'Child separating from parents or staying with parents', 'Mode of transportation being taken (train, bus, subway)']. Pay attention to timestamps and temporal sequences. Specifically look for: 1) Family members together at a railway station, 2) Train or bus visible, 3) Child either separating from parents or staying with them, 4) Whether the child takes a train, bus, or subway.
VLM response: {'batched_responses': [{'batch_start': 0, 'batch_end': 21, 'image_paths': ['/mnt/ssd/data/lvbench/videos_processed/pXD3txG2bVQ/frames/frame_1258.jpg', '/mnt/ssd/data/lvbench/videos_processed/pXD3txG2bVQ/frames/frame_1259.jpg', '/mnt/ssd/data/lvbench/videos_processed/pXD3txG2bVQ/frames/frame_1260.jpg', '/mnt/ssd/data/lvbench/videos_processed/pXD3txG2bVQ/frames/frame_1261.jpg', '/mnt/ssd/data/lvbench/videos_processed/pXD3txG2bVQ/frames/frame_1262.jpg', '/mnt/ssd/data/lvbench/videos_processed/pXD3txG2bVQ/frames/frame_1263.jpg', '/mnt/ssd/data/lvbench/videos_processed/pXD3txG2bVQ/frames/frame_1264.jpg', '/mnt/ssd/data/lvbench/videos_processed/pXD3txG2bVQ/frames/frame_1265.jpg', '/mnt/ssd/data/lvbench/videos_processed/pXD3txG2bVQ/frames/frame_1266.jpg', '/mnt/ssd/data/lvbench/videos_processed/pXD3txG2bVQ/frames/frame_1267.jpg', '/mnt/ssd/data/lvbench/videos_processed/pXD3txG2bVQ/frames/frame_1268.jpg', '/mnt/ssd/data/lvbench/videos_processed/pXD3txG2bVQ/frames/frame_1269.jpg', '/mnt/ssd/data/lvbench/videos_processed/pXD3txG2bVQ/frames/frame_1270.jpg', '/mnt/ssd/data/lvbench/videos_processed/pXD3txG2bVQ/frames/frame_1271.jpg', '/mnt/ssd/data/lvbench/videos_processed/pXD3txG2bVQ/frames/frame_1272.jpg', '/mnt/ssd/data/lvbench/videos_processed/pXD3txG2bVQ/frames/frame_1273.jpg', '/mnt/ssd/data/lvbench/videos_processed/pXD3txG2bVQ/frames/frame_1274.jpg', '/mnt/ssd/data/lvbench/videos_processed/pXD3txG2bVQ/frames/frame_1275.jpg', '/mnt/ssd/data/lvbench/videos_processed/pXD3txG2bVQ/frames/frame_1276.jpg', '/mnt/ssd/data/lvbench/videos_processed/pXD3txG2bVQ/frames/frame_1277.jpg', '/mnt/ssd/data/lvbench/videos_processed/pXD3txG2bVQ/frames/frame_1278.jpg'], 'response': "Based on the provided frames and the question criteria, the answer **'2'** is **correct**.\n\nHere’s the verification against each criterion:\n\n---\n\n✅ **1. Family members (parents and child) present together**\n\n- In **Frames 6–11**, the family — a man (father), a woman (mother), and a child (red-haired, yellow shirt) — are clearly shown walking together on the platform.\n- In **Frames 12–16**, they are standing together next to a red train, with the child holding a stick and backpack, and the parents carrying luggage.\n\n---\n\n✅ **2. Railway station setting (train platforms, tracks, station signs)**\n\n- **Frames 6–11** show a wide shot of a train station with platforms, tracks, station signs (“4 ГОЧИ” and “5 ПРОС”), and a large clock showing “10:42”.\n- The architecture includes arched roofs and station signage typical of a railway station.\n\n---\n\n✅ **3. Train or bus visible in the scene**\n\n- A **red train** is visible on the left side of the platform (Frames 6–11 and 12–16).\n- A **green train** is visible on the right side (Frames 6–11).\n- In **Frames 12–16**, the family is standing directly beside the red train, which has visible windows and doors.\n\n---\n\n✅ **4. Child separating from parents or staying with parents**\n\n- In **Frames 6–11**, the child is walking with the parents.\n- In **Frames 12–16**, the child is standing with the parents next to the train.\n- **Crucially, in Frames 17–21**, the parents are no longer visible — only the child’s legs and backpack are seen walking away from the camera, while the parents’ luggage remains on the ground. This indicates the **child is separating from the parents** — likely boarding the train alone or being left behind.\n\n---\n\n✅ **5. Mode of transportation being taken (train, bus, subway)**\n\n- The setting is clearly a **train station**, and the visible vehicles are **trains**.\n- The child is shown near and then walking away from the **red train**, indicating the mode of transportation is a **train**.\n\n---\n\n### Conclusion:\n\nAll five criteria are satisfied:\n- Family together at a railway station ✅\n- Train visible ✅\n- Child separates from parents ✅\n- Mode of transport is a train ✅\n\nTherefore, the answer **'2'** is **correct**."}], 'formatted_responses': ["\n=== Batch 0-21 (21 frames) ===\nFrames: /mnt/ssd/data/lvbench/videos_processed/pXD3txG2bVQ/frames/frame_1258.jpg, /mnt/ssd/data/lvbench/videos_processed/pXD3txG2bVQ/frames/frame_1259.jpg, /mnt/ssd/data/lvbench/videos_processed/pXD3txG2bVQ/frames/frame_1260.jpg, /mnt/ssd/data/lvbench/videos_processed/pXD3txG2bVQ/frames/frame_1261.jpg, /mnt/ssd/data/lvbench/videos_processed/pXD3txG2bVQ/frames/frame_1262.jpg, /mnt/ssd/data/lvbench/videos_processed/pXD3txG2bVQ/frames/frame_1263.jpg, /mnt/ssd/data/lvbench/videos_processed/pXD3txG2bVQ/frames/frame_1264.jpg, /mnt/ssd/data/lvbench/videos_processed/pXD3txG2bVQ/frames/frame_1265.jpg, /mnt/ssd/data/lvbench/videos_processed/pXD3txG2bVQ/frames/frame_1266.jpg, /mnt/ssd/data/lvbench/videos_processed/pXD3txG2bVQ/frames/frame_1267.jpg, /mnt/ssd/data/lvbench/videos_processed/pXD3txG2bVQ/frames/frame_1268.jpg, /mnt/ssd/data/lvbench/videos_processed/pXD3txG2bVQ/frames/frame_1269.jpg, /mnt/ssd/data/lvbench/videos_processed/pXD3txG2bVQ/frames/frame_1270.jpg, /mnt/ssd/data/lvbench/videos_processed/pXD3txG2bVQ/frames/frame_1271.jpg, /mnt/ssd/data/lvbench/videos_processed/pXD3txG2bVQ/frames/frame_1272.jpg, /mnt/ssd/data/lvbench/videos_processed/pXD3txG2bVQ/frames/frame_1273.jpg, /mnt/ssd/data/lvbench/videos_processed/pXD3txG2bVQ/frames/frame_1274.jpg, /mnt/ssd/data/lvbench/videos_processed/pXD3txG2bVQ/frames/frame_1275.jpg, /mnt/ssd/data/lvbench/videos_processed/pXD3txG2bVQ/frames/frame_1276.jpg, /mnt/ssd/data/lvbench/videos_processed/pXD3txG2bVQ/frames/frame_1277.jpg, /mnt/ssd/data/lvbench/videos_processed/pXD3txG2bVQ/frames/frame_1278.jpg\nVLM Response: Based on the provided frames and the question criteria, the answer **'2'** is **correct**.\n\nHere’s the verification against each criterion:\n\n---\n\n✅ **1. Family members (parents and child) present together**\n\n- In **Frames 6–11**, the family — a man (father), a woman (mother), and a child (red-haired, yellow shirt) — are clearly shown walking together on the platform.\n- In **Frames 12–16**, they are standing together next to a red train, with the child holding a stick and backpack, and the parents carrying luggage.\n\n---\n\n✅ **2. Railway station setting (train platforms, tracks, station signs)**\n\n- **Frames 6–11** show a wide shot of a train station with platforms, tracks, station signs (“4 ГОЧИ” and “5 ПРОС”), and a large clock showing “10:42”.\n- The architecture includes arched roofs and station signage typical of a railway station.\n\n---\n\n✅ **3. Train or bus visible in the scene**\n\n- A **red train** is visible on the left side of the platform (Frames 6–11 and 12–16).\n- A **green train** is visible on the right side (Frames 6–11).\n- In **Frames 12–16**, the family is standing directly beside the red train, which has visible windows and doors.\n\n---\n\n✅ **4. Child separating from parents or staying with parents**\n\n- In **Frames 6–11**, the child is walking with the parents.\n- In **Frames 12–16**, the child is standing with the parents next to the train.\n- **Crucially, in Frames 17–21**, the parents are no longer visible — only the child’s legs and backpack are seen walking away from the camera, while the parents’ luggage remains on the ground. This indicates the **child is separating from the parents** — likely boarding the train alone or being left behind.\n\n---\n\n✅ **5. Mode of transportation being taken (train, bus, subway)**\n\n- The setting is clearly a **train station**, and the visible vehicles are **trains**.\n- The child is shown near and then walking away from the **red train**, indicating the mode of transportation is a **train**.\n\n---\n\n### Conclusion:\n\nAll five criteria are satisfied:\n- Family together at a railway station ✅\n- Train visible ✅\n- Child separates from parents ✅\n- Mode of transport is a train ✅\n\nTherefore, the answer **'2'** is **correct**.\n"], 'condensed_response': '**Condensed Scene Summary (Frames\u202f1258‑1278)**  \n\n- **Frames\u202f1258‑1263 (≈6‑11):** A family – father, mother, and their red‑haired child in a yellow shirt – walks together on a busy train‑station platform. The station is identifiable by arched roofs, platform signs (“4\u202fГОЧИ”, “5\u202fПРОС”) and a large clock reading\u202f10:42. Both a red and a green train are parked on the tracks, visible in the background.\n\n- **Frames\u202f1264‑1268 (≈12‑16):** The trio stops beside the red train. The child holds a stick and a backpack; the parents carry luggage. The train’s windows and doors are clearly shown, reinforcing that the mode of transport is a train.\n\n- **Frames\u202f1269‑1278 (≈17‑21):** The camera follows only the child’s lower body as she walks away from the platform. The parents have disappeared; only their abandoned luggage remains on the ground. This visual cue indicates the child is separating from her parents—presumably to board the train alone or to be left unattended.\n\n**Key Points for the Question**  \n1. **Family together:** Yes (frames\u202f1258‑1268).  \n2. **Railway‑station setting:** Confirmed by platform architecture and signage (frames\u202f1258‑1268).  \n3. **Train present:** Red train (left side) and green train (right side) visible throughout (frames\u202f1258‑1278).  \n4. **Child separates from parents:** Evident in frames\u202f1269‑1278.  \n5. **Mode of transport:** Train (red train beside which the child is seen).\n\nAll five criteria are met, so the answer **‘2’** is correct.', 'failed_images': []}
Followup prompt: 
Critically assess whether the VLM verification supports the given answer by evaluating each criterion.

VLM Verification Results:
{'batched_responses': [{'batch_start': 0, 'batch_end': 21, 'image_paths': ['/mnt/ssd/data/lvbench/videos_processed/pXD3txG2bVQ/frames/frame_1258.jpg', '/mnt/ssd/data/lvbench/videos_processed/pXD3txG2bVQ/frames/frame_1259.jpg', '/mnt/ssd/data/lvbench/videos_processed/pXD3txG2bVQ/frames/frame_1260.jpg', '/mnt/ssd/data/lvbench/videos_processed/pXD3txG2bVQ/frames/frame_1261.jpg', '/mnt/ssd/data/lvbench/videos_processed/pXD3txG2bVQ/frames/frame_1262.jpg', '/mnt/ssd/data/lvbench/videos_processed/pXD3txG2bVQ/frames/frame_1263.jpg', '/mnt/ssd/data/lvbench/videos_processed/pXD3txG2bVQ/frames/frame_1264.jpg', '/mnt/ssd/data/lvbench/videos_processed/pXD3txG2bVQ/frames/frame_1265.jpg', '/mnt/ssd/data/lvbench/videos_processed/pXD3txG2bVQ/frames/frame_1266.jpg', '/mnt/ssd/data/lvbench/videos_processed/pXD3txG2bVQ/frames/frame_1267.jpg', '/mnt/ssd/data/lvbench/videos_processed/pXD3txG2bVQ/frames/frame_1268.jpg', '/mnt/ssd/data/lvbench/videos_processed/pXD3txG2bVQ/frames/frame_1269.jpg', '/mnt/ssd/data/lvbench/videos_processed/pXD3txG2bVQ/frames/frame_1270.jpg', '/mnt/ssd/data/lvbench/videos_processed/pXD3txG2bVQ/frames/frame_1271.jpg', '/mnt/ssd/data/lvbench/videos_processed/pXD3txG2bVQ/frames/frame_1272.jpg', '/mnt/ssd/data/lvbench/videos_processed/pXD3txG2bVQ/frames/frame_1273.jpg', '/mnt/ssd/data/lvbench/videos_processed/pXD3txG2bVQ/frames/frame_1274.jpg', '/mnt/ssd/data/lvbench/videos_processed/pXD3txG2bVQ/frames/frame_1275.jpg', '/mnt/ssd/data/lvbench/videos_processed/pXD3txG2bVQ/frames/frame_1276.jpg', '/mnt/ssd/data/lvbench/videos_processed/pXD3txG2bVQ/frames/frame_1277.jpg', '/mnt/ssd/data/lvbench/videos_processed/pXD3txG2bVQ/frames/frame_1278.jpg'], 'response': "Based on the provided frames and the question criteria, the answer **'2'** is **correct**.\n\nHere’s the verification against each criterion:\n\n---\n\n✅ **1. Family members (parents and child) present together**\n\n- In **Frames 6–11**, the family — a man (father), a woman (mother), and a child (red-haired, yellow shirt) — are clearly shown walking together on the platform.\n- In **Frames 12–16**, they are standing together next to a red train, with the child holding a stick and backpack, and the parents carrying luggage.\n\n---\n\n✅ **2. Railway station setting (train platforms, tracks, station signs)**\n\n- **Frames 6–11** show a wide shot of a train station with platforms, tracks, station signs (“4 ГОЧИ” and “5 ПРОС”), and a large clock showing “10:42”.\n- The architecture includes arched roofs and station signage typical of a railway station.\n\n---\n\n✅ **3. Train or bus visible in the scene**\n\n- A **red train** is visible on the left side of the platform (Frames 6–11 and 12–16).\n- A **green train** is visible on the right side (Frames 6–11).\n- In **Frames 12–16**, the family is standing directly beside the red train, which has visible windows and doors.\n\n---\n\n✅ **4. Child separating from parents or staying with parents**\n\n- In **Frames 6–11**, the child is walking with the parents.\n- In **Frames 12–16**, the child is standing with the parents next to the train.\n- **Crucially, in Frames 17–21**, the parents are no longer visible — only the child’s legs and backpack are seen walking away from the camera, while the parents’ luggage remains on the ground. This indicates the **child is separating from the parents** — likely boarding the train alone or being left behind.\n\n---\n\n✅ **5. Mode of transportation being taken (train, bus, subway)**\n\n- The setting is clearly a **train station**, and the visible vehicles are **trains**.\n- The child is shown near and then walking away from the **red train**, indicating the mode of transportation is a **train**.\n\n---\n\n### Conclusion:\n\nAll five criteria are satisfied:\n- Family together at a railway station ✅\n- Train visible ✅\n- Child separates from parents ✅\n- Mode of transport is a train ✅\n\nTherefore, the answer **'2'** is **correct**."}], 'formatted_responses': ["\n=== Batch 0-21 (21 frames) ===\nFrames: /mnt/ssd/data/lvbench/videos_processed/pXD3txG2bVQ/frames/frame_1258.jpg, /mnt/ssd/data/lvbench/videos_processed/pXD3txG2bVQ/frames/frame_1259.jpg, /mnt/ssd/data/lvbench/videos_processed/pXD3txG2bVQ/frames/frame_1260.jpg, /mnt/ssd/data/lvbench/videos_processed/pXD3txG2bVQ/frames/frame_1261.jpg, /mnt/ssd/data/lvbench/videos_processed/pXD3txG2bVQ/frames/frame_1262.jpg, /mnt/ssd/data/lvbench/videos_processed/pXD3txG2bVQ/frames/frame_1263.jpg, /mnt/ssd/data/lvbench/videos_processed/pXD3txG2bVQ/frames/frame_1264.jpg, /mnt/ssd/data/lvbench/videos_processed/pXD3txG2bVQ/frames/frame_1265.jpg, /mnt/ssd/data/lvbench/videos_processed/pXD3txG2bVQ/frames/frame_1266.jpg, /mnt/ssd/data/lvbench/videos_processed/pXD3txG2bVQ/frames/frame_1267.jpg, /mnt/ssd/data/lvbench/videos_processed/pXD3txG2bVQ/frames/frame_1268.jpg, /mnt/ssd/data/lvbench/videos_processed/pXD3txG2bVQ/frames/frame_1269.jpg, /mnt/ssd/data/lvbench/videos_processed/pXD3txG2bVQ/frames/frame_1270.jpg, /mnt/ssd/data/lvbench/videos_processed/pXD3txG2bVQ/frames/frame_1271.jpg, /mnt/ssd/data/lvbench/videos_processed/pXD3txG2bVQ/frames/frame_1272.jpg, /mnt/ssd/data/lvbench/videos_processed/pXD3txG2bVQ/frames/frame_1273.jpg, /mnt/ssd/data/lvbench/videos_processed/pXD3txG2bVQ/frames/frame_1274.jpg, /mnt/ssd/data/lvbench/videos_processed/pXD3txG2bVQ/frames/frame_1275.jpg, /mnt/ssd/data/lvbench/videos_processed/pXD3txG2bVQ/frames/frame_1276.jpg, /mnt/ssd/data/lvbench/videos_processed/pXD3txG2bVQ/frames/frame_1277.jpg, /mnt/ssd/data/lvbench/videos_processed/pXD3txG2bVQ/frames/frame_1278.jpg\nVLM Response: Based on the provided frames and the question criteria, the answer **'2'** is **correct**.\n\nHere’s the verification against each criterion:\n\n---\n\n✅ **1. Family members (parents and child) present together**\n\n- In **Frames 6–11**, the family — a man (father), a woman (mother), and a child (red-haired, yellow shirt) — are clearly shown walking together on the platform.\n- In **Frames 12–16**, they are standing together next to a red train, with the child holding a stick and backpack, and the parents carrying luggage.\n\n---\n\n✅ **2. Railway station setting (train platforms, tracks, station signs)**\n\n- **Frames 6–11** show a wide shot of a train station with platforms, tracks, station signs (“4 ГОЧИ” and “5 ПРОС”), and a large clock showing “10:42”.\n- The architecture includes arched roofs and station signage typical of a railway station.\n\n---\n\n✅ **3. Train or bus visible in the scene**\n\n- A **red train** is visible on the left side of the platform (Frames 6–11 and 12–16).\n- A **green train** is visible on the right side (Frames 6–11).\n- In **Frames 12–16**, the family is standing directly beside the red train, which has visible windows and doors.\n\n---\n\n✅ **4. Child separating from parents or staying with parents**\n\n- In **Frames 6–11**, the child is walking with the parents.\n- In **Frames 12–16**, the child is standing with the parents next to the train.\n- **Crucially, in Frames 17–21**, the parents are no longer visible — only the child’s legs and backpack are seen walking away from the camera, while the parents’ luggage remains on the ground. This indicates the **child is separating from the parents** — likely boarding the train alone or being left behind.\n\n---\n\n✅ **5. Mode of transportation being taken (train, bus, subway)**\n\n- The setting is clearly a **train station**, and the visible vehicles are **trains**.\n- The child is shown near and then walking away from the **red train**, indicating the mode of transportation is a **train**.\n\n---\n\n### Conclusion:\n\nAll five criteria are satisfied:\n- Family together at a railway station ✅\n- Train visible ✅\n- Child separates from parents ✅\n- Mode of transport is a train ✅\n\nTherefore, the answer **'2'** is **correct**.\n"], 'condensed_response': '**Condensed Scene Summary (Frames\u202f1258‑1278)**  \n\n- **Frames\u202f1258‑1263 (≈6‑11):** A family – father, mother, and their red‑haired child in a yellow shirt – walks together on a busy train‑station platform. The station is identifiable by arched roofs, platform signs (“4\u202fГОЧИ”, “5\u202fПРОС”) and a large clock reading\u202f10:42. Both a red and a green train are parked on the tracks, visible in the background.\n\n- **Frames\u202f1264‑1268 (≈12‑16):** The trio stops beside the red train. The child holds a stick and a backpack; the parents carry luggage. The train’s windows and doors are clearly shown, reinforcing that the mode of transport is a train.\n\n- **Frames\u202f1269‑1278 (≈17‑21):** The camera follows only the child’s lower body as she walks away from the platform. The parents have disappeared; only their abandoned luggage remains on the ground. This visual cue indicates the child is separating from her parents—presumably to board the train alone or to be left unattended.\n\n**Key Points for the Question**  \n1. **Family together:** Yes (frames\u202f1258‑1268).  \n2. **Railway‑station setting:** Confirmed by platform architecture and signage (frames\u202f1258‑1268).  \n3. **Train present:** Red train (left side) and green train (right side) visible throughout (frames\u202f1258‑1278).  \n4. **Child separates from parents:** Evident in frames\u202f1269‑1278.  \n5. **Mode of transport:** Train (red train beside which the child is seen).\n\nAll five criteria are met, so the answer **‘2’** is correct.', 'failed_images': []}

Question Being Answered: What happens to the family in the railway station?

Answer Choices:
A. The child leaves his parents and takes the train
B. The child leaves his parents and takes the bus
C. The child takes the train with his parent
D. The child takes the subway with his parent

Given Answer: 2
Evidence Frames Used: ['frames/frame_1263.jpg', 'frames/frame_1266.jpg', 'frames/frame_1267.jpg', 'frames/frame_1269.jpg', 'frames/frame_1273.jpg']

Character/Event/Scene logs: ================================================================================
CHARACTER, EVENT, AND SCENE LOGS
================================================================================

CHARACTERS:
Cartoon Cat: Description: Grey and white striped cat with green eyes, appears in various scenes throughout the video.
Cartoon Boy: Description: Red-haired boy wearing a yellow shirt and blue pants.
Cartoon Girl: Description: Red-haired girl wearing a yellow shirt.
Cartoon Man: Description: Red-haired man with a beard, wearing a green sweater.
Cartoon Woman: Description: Red-haired woman wearing glasses, a pink shirt, and a blue skirt.
Dennis the Menace: Description: Red-haired boy reading a book on a green couch.
Raccoon: Description: Sitting on a green couch next to Dennis the Menace.
Old Man: Description: Grey-haired man with a mustache, wearing a brown hat and a long yellow coat.

SCENES:
Scene 1 (Room with Staircase and Window): Description: Room with a staircase, large arched window, and tiled floor. [Frame 1-12]
Scene 2 (Title Card): Description: Blue rectangle with yellow Cyrillic text. [Frame 13-24]
Scene 3 (Credits Screen): Description: List of names in yellow text on a blue background. [Frame 25-48]
Scene 4 (Cityscape): Description: Room with a large window overlooking a cityscape. [Frame 49-101]
Scene 5 (Stairwell): Description: Stairwell with a decorative railing. [Frame 102-107]
Scene 6 (Living Room): Description: Room with a green couch, red curtains, and a painting on the wall. [Frame 118-127]
Scene 7 (Doorway): Description: White door with a gold doorknob. [Frame 128-130]
Scene 8 (Living Room with Sofa and Painting): Description: Room with a green couch, red curtains, and a painting on the wall. [Frame 131-145]
Scene 9 (Dining Room): Description: Room with a white tablecloth-covered table and a red curtain. [Frame 146-160]
Scene 10 (Kitchen): Description: Kitchen with red cabinets and yellow tiles. [Frame 161-163]

EVENTS:
Event 1 (Boy and Cat Interaction): Description: Boy and cat interacting on a staircase and in a room with a large window. [Frame 18-24]
Event 2 (Family Scene): Description: Cartoon family standing together in a living room. [Frame 164-169]
Event 3 (Writing Scene): Description: Boy writing on a large piece of paper at a table. [Frame 200-211]
Event 4 (Village Scene): Description: Boy, cat, and dog walking on a dirt path towards a village. [Frame 241-248]
Event 5 (Tea Time): Description: Boy, cat, and dog having tea together at a wooden table. [Frame 386-391]
Event 6 (Nighttime Forest Scene): Description: Boy, cat, and dog standing together in a dark forest. [Frame 441-446]
Event 7 (Log Cabin Scene): Description: Cat sitting on a wooden stool at a table with a red and white checkered tablecloth. [Frame 1112-1116]
Event 8 (Beach Scene): Description: Two men lounging on striped beach chairs on a sandy beach. [Frame 1557-1571]
Event 9 (Christmas Scene): Description: Woman driving a blue car through a snowy landscape with a black bird perched on the hood. [Frame 2791-2798]
Event 10 (Fireplace Scene): Description: Fire burning in a stone fireplace. [Frame 2799-2802]

================================================================================
Generated at: 2026-01-11 21:46:15
================================================================================



QUESTION-BASED CRITERIA:
  Q1. Family members (parents and child) present together
  Q2. Railway station setting (train platforms, tracks, station signs)
  Q3. Train or bus visible in the scene
  Q4. Child separating from parents or staying with parents
  Q5. Mode of transportation being taken (train, bus, subway)


CRITICAL ASSESSMENT TASK:
For EACH criterion listed above, determine whether it PASSES or FAILS based ONLY on what the VLM actually reports seeing in the frames.

- PASS: The VLM results clearly confirm this criterion is satisfied in the frames
- FAIL: The VLM results indicate this criterion is NOT satisfied, or there is insufficient evidence

CONFIDENCE CALCULATION RULES:
1. Count how many criteria pass (criteria_percentage = criteria_passed / 5)
2. Calculate base_confidence = criteria_percentage * 100
3. ⚠️ If ANY answer-specific criterion (A1, A2, etc.) FAILS, set confidence = min(50, base_confidence)

⚠️ CRITICAL: There is ALWAYS a correct answer among the choices provided. If all answers seem slightly off or imperfect, you MUST choose the BEST possible answer that most closely matches the evidence.

CRITIC ANSWER CHOICE DECISION:
4. After evaluating criteria, if criteria_percentage > 0.5 (>50% of criteria pass):
   - Review ALL answer choices (A, B, C, D, etc.)
   - Based ONLY on the VLM visual evidence, determine which answer choice is MOST correct
   - Output your critic_answer_choice as a NUMBER (0=A, 1=B, 2=C, 3=D)
5. If criteria_percentage ≤ 0.5 (≤50% of criteria pass):
   - STILL do your best to pick out a correct answer, but also set suggestion to "These may not be the right frames/scene. Continue searching for better evidence."
   - output your best guess of the answer as a number (0=A, 1=B, 2=C, 3=D, 4=E)

Return ONLY this JSON:
{
    "criteria_results": [
        {"criterion": "criterion text", "criterion_type": "QUESTION or ANSWER", "status": "PASS or FAIL", "reasoning": "brief explanation"},
        ...
    ],
    "question_criteria_passed": <number of question criteria that passed>,
    "answer_criteria_passed": <number of answer criteria that passed>,
    "answer_criteria_total": 0,
    "criteria_passed": <number of question criteria that passed>,
    "criteria_total": 5,
    "criteria_percentage": <criteria_passed / 5>,
    "base_confidence": <(criteria_passed / 5) * 100>,
    "confidence": <base_confidence OR 50 if any answer criterion failed>,
    "critic_answer_choice": <NUMBER: 0=A, 1=B, 2=C, 3=D, 4=E>,
    "critic_reasoning": "<Brief explanation of why you chose this answer based on VLM evidence>",
    "possible_errors": [
        <List specific criteria that failed or issues found>
    ],
    "suggestion": <"These may not be the right frames" if ≤50%, otherwise null or specific improvement>
}

IMPORTANT RULES:
- Evaluate EACH criterion independently based on VLM results
- Mark criterion as PASS only if VLM clearly confirms it
- Mark criterion as FAIL if not confirmed or contradicted
- If ANY answer-specific criterion fails, confidence MUST be ≤50%
- Base evaluation ONLY on VLM verification results, not speculation
- Only list errors for criteria that actually failed
- Return ONLY valid JSON

Critical assessment response: ```json
{
    "criteria_results": [
        {"criterion": "Family members (parents and child) present together", "criterion_type": "QUESTION", "status": "PASS", "reasoning": "VLM confirms family together in frames 6-11 and 12-16"},
        {"criterion": "Railway station setting (train platforms, tracks, station signs)", "criterion_type": "QUESTION", "status": "PASS", "reasoning": "VLM confirms station with platforms, tracks, signs ('4 ГОЧИ', '5 ПРОС') and clock"},
        {"criterion": "Train or bus visible in the scene", "criterion_type": "QUESTION", "status": "PASS", "reasoning": "VLM confirms red train and green train visible throughout frames"},
        {"criterion": "Child separating from parents or staying with parents", "criterion_type": "QUESTION", "status": "PASS", "reasoning": "VLM confirms child separates from parents in frames 17-21"},
        {"criterion": "Mode of transportation being taken (train, bus, subway)", "criterion_type": "QUESTION", "status": "PASS", "reasoning": "VLM confirms mode is train based on station setting and visible trains"}
    ],
    "question_criteria_passed": 5,
    "answer_criteria_passed": 0,
    "answer_criteria_total": 0,
    "criteria_passed": 5,
    "criteria_total": 5,
    "criteria_percentage": 1.0,
    "base_confidence": 100,
    "confidence": 100,
    "critic_answer_choice": 0,
    "critic_reasoning": "The VLM verification confirms all criteria: family together at railway station, train visible, child separates from parents, and mode is train. This directly supports answer A: 'The child leaves his parents and takes the train'",
    "possible_errors": [],
    "suggestion": null
}
```
Critical assessment data: {'criteria_results': [{'criterion': 'Family members (parents and child) present together', 'criterion_type': 'QUESTION', 'status': 'PASS', 'reasoning': 'VLM confirms family together in frames 6-11 and 12-16'}, {'criterion': 'Railway station setting (train platforms, tracks, station signs)', 'criterion_type': 'QUESTION', 'status': 'PASS', 'reasoning': "VLM confirms station with platforms, tracks, signs ('4 ГОЧИ', '5 ПРОС') and clock"}, {'criterion': 'Train or bus visible in the scene', 'criterion_type': 'QUESTION', 'status': 'PASS', 'reasoning': 'VLM confirms red train and green train visible throughout frames'}, {'criterion': 'Child separating from parents or staying with parents', 'criterion_type': 'QUESTION', 'status': 'PASS', 'reasoning': 'VLM confirms child separates from parents in frames 17-21'}, {'criterion': 'Mode of transportation being taken (train, bus, subway)', 'criterion_type': 'QUESTION', 'status': 'PASS', 'reasoning': 'VLM confirms mode is train based on station setting and visible trains'}], 'question_criteria_passed': 5, 'answer_criteria_passed': 0, 'answer_criteria_total': 0, 'criteria_passed': 5, 'criteria_total': 5, 'criteria_percentage': 1.0, 'base_confidence': 100, 'confidence': 100, 'critic_answer_choice': 0, 'critic_reasoning': "The VLM verification confirms all criteria: family together at railway station, train visible, child separates from parents, and mode is train. This directly supports answer A: 'The child leaves his parents and takes the train'", 'possible_errors': [], 'suggestion': None}
