Critic initial response: {
    "tool": "VLM_QUERY",
    "frames": ["frames/frame_0310.jpg", "frames/frame_0311.jpg", "frames/frame_0312.jpg", "frames/frame_0313.jpg", "frames/frame_0314.jpg", "frames/frame_0315.jpg", "frames/frame_0316.jpg", "frames/frame_0317.jpg", "frames/frame_0318.jpg", "frames/frame_0319.jpg", "frames/frame_0320.jpg"],
    "prompt": "Analyze these video frames showing a woman wearing a necklace and white clothes talking in a room. When the subtitle 'don't have to go to the gym for like a' appears, identify which of these objects is NOT visible in the scene: A) Milk tea, B) Tissue, C) Mirror, D) Bright lamp. Verify if answer '0' (which corresponds to 'Milk tea' not appearing) is correct by examining the visual evidence."
}
Frames to verify: ['frames/frame_0310.jpg', 'frames/frame_0311.jpg', 'frames/frame_0312.jpg', 'frames/frame_0313.jpg', 'frames/frame_0314.jpg', 'frames/frame_0315.jpg', 'frames/frame_0316.jpg', 'frames/frame_0317.jpg', 'frames/frame_0318.jpg', 'frames/frame_0319.jpg', 'frames/frame_0320.jpg']
VLM Prompt: Video context: After analyzing the given frame-by-frame captions data, here's a global summary of the video:

**Main Characters:** The main character is a young Asian woman with long black hair, often wearing a white blouse or jacket. She appears to be the central figure throughout the video.

**Setting:** The video is set in various locations, including a bedroom or dressing room with a white dresser, lamp, and clothing rack, a bustling street with neon lights at night, and a gym or fitness center with a large poster or advertisement.

**Plot Line:** The video appears to be a motivational or self-help content, focusing on themes of self-respect, self-expression, and personal well-being. The captions and subtitles suggest that the video is discussing the importance of leaving a relationship that harms one's mental health and engaging in activities that promote self-expression and enjoyment.

**Vibes:** The overall vibe of the video is empowering, motivational, and youthful. The use of bright colors, such as white, and the energetic gestures of the main character contribute to a lively and upbeat atmosphere.

**General Details:** The video features a mix of static shots and dynamic movements, with the main character speaking directly to the camera or gesturing animatedly. The subtitles and captions provide additional context, emphasizing key messages and themes. The video's tone is informative, encouraging, and slightly playful, with the use of bold text and graphics, such as the "NO" superimposed on the main character's chest and the "do exercises you enjoy!" text at the bottom of some frames.

Overall, the video seems to be promoting a positive and uplifting message, encouraging viewers to prioritize their well-being and self-expression.

Analyze these video frames showing a woman wearing a necklace and white clothes talking in a room. When the subtitle 'don't have to go to the gym for like a' appears, identify which of these objects is NOT visible in the scene: A) Milk tea, B) Tissue, C) Mirror, D) Bright lamp. Verify if answer '0' (which corresponds to 'Milk tea' not appearing) is correct by examining the visual evidence.

Subtitles visible in these frames:
  frames/frame_0311.jpg: "that I learned maybe just like 2023 so"
  frames/frame_0313.jpg: "just like last year go to the gym you"
  frames/frame_0315.jpg: "don't have to go to the gym for like a"
  frames/frame_0316.jpg: "particular reason oh I need to change my"
  frames/frame_0318.jpg: "body shape no you can also don't need to"
  frames/frame_0319.jpg: "go to the gym you should just move your"

VLM response: None
Followup prompt: 
Critically assess whether the VLM verification supports the given answer.

VLM Verification Results:
None

Question Being Answered: In the room, a woman wearing a necklace and white clothes is talking. When she mentions 'don't have to go to the gym for like a', which object does not appear in the scene?

Answer Choices:
A. Milk tea
B. Tissue
C. Mirror
D. Bright lamp

Given Answer: 0
Evidence Frames Used: ['frames/frame_0315.jpg']

Character/Event/Scene logs: ================================================================================
CHARACTER, EVENT, AND SCENE LOGS
================================================================================

CHARACTERS:
Person 1 (Young Asian Woman): Description: A young woman with long black hair, often wearing a white blouse and earrings, appearing in various scenes speaking or gesturing.

SCENES:
Scene 1 (Bedroom/Dressing Room): Description: A white room with a white dresser, a lamp, and a black jacket on a clothing rack, where the young woman is speaking or singing. [Frame 1-5, 9-10]
Scene 2 (Bustling Street at Night): Description: A busy street with numerous neon lights and tall buildings at night. [Frame 6]
Scene 3 (Blurred Dance Scene): Description: A blurred scene where a person is dancing. [Frame 7]
Scene 4 (Gym or Fitness Center): Description: A gym or fitness center with a large poster or advertisement, where the woman is sitting in a white chair. [Frame 11]
Scene 5 (Room with Glass Wall and Artwork): Description: A room with a white ceiling, a glass wall featuring an advertisement or poster with a large image of flowers, and a blurry painting or photograph of red flowers. [Frame 12-13]

EVENTS:
Event 1 (Speaking or Singing): Description: The young woman is speaking or singing with her hands gesturing in front of her chest. [Frame 1-5, 9-10]
Event 2 (Being Carried on Someone's Back): Description: The young woman is being carried on someone's back in a bustling street. [Frame 6]
Event 3 (Dancing): Description: A person is dancing in a blurred scene. [Frame 7]
Event 4 (Sitting and Appearing to Workout): Description: The young woman is sitting on a white surface, appearing to workout. [Frame 12]

================================================================================
Generated at: 2026-01-03 10:19:59
================================================================================



SUBTITLES IN EVIDENCE FRAMES:
  frames/frame_0315.jpg: "don't have to go to the gym for like a"

⚠️ IMPORTANT: Use subtitle information to verify text-based questions or questions about visible captions/words.

CRITICAL ASSESSMENT TASK:
1. Check if the VLM results CONFIRM the given answer
2. Look for CONTRADICTIONS between VLM results and the answer
3. Verify ALL conditions in the question are addressed
4. Check if the correct answer choice was selected

⚠️ CRITICAL: There is ALWAYS a correct answer among the choices provided. If all answers seem slightly off or imperfect, you MUST choose the BEST possible answer that most closely matches the evidence.

Based ONLY on what the VLM actually reports seeing, determine:
- Does the visual evidence support the answer?
- Are there any discrepancies between the answer and visuals?
- Is the answer addressing the right scene/moment?

Return ONLY this JSON:
{
    "confidence": <0-100, where 100 means VLM fully confirms the answer>,
    "possible_errors": [
        <List ONLY real discrepancies you found, not hypothetical ones>
    ],
    "suggestion": <null if confidence >80, otherwise specific improvement>
}

IMPORTANT RULES:
- Base confidence ONLY on VLM verification results, not speculation
- DO NOT consider any reasoning - evaluate purely from visual evidence vs answer
- Only list errors that are ACTUALLY present in the VLM results
- If VLM confirms the answer, confidence should be high (80-100)
- If VLM contradicts the answer, confidence should be low (0-40)
- Empty possible_errors list [] if no actual errors found
- Do NOT invent errors that aren't supported by the VLM results
- Return ONLY valid JSON

Critical assessment response: {
    "confidence": 0,
    "possible_errors": [
        "The VLM verification results are 'None', providing zero visual evidence to confirm or deny the presence of any objects in the scene",
        "The question requires verifying which object does not appear, but no visual analysis of objects (milk tea, tissue, mirror, bright lamp) was performed",
        "The answer '0' is provided without any supporting visual verification from the VLM"
    ],
    "suggestion": "Run proper VLM verification on the specified frame to detect and identify objects present in the scene, particularly focusing on the mentioned objects: milk tea, tissue, mirror, and bright lamp"
}
Critical assessment data: {'confidence': 0, 'possible_errors': ["The VLM verification results are 'None', providing zero visual evidence to confirm or deny the presence of any objects in the scene", 'The question requires verifying which object does not appear, but no visual analysis of objects (milk tea, tissue, mirror, bright lamp) was performed', "The answer '0' is provided without any supporting visual verification from the VLM"], 'suggestion': 'Run proper VLM verification on the specified frame to detect and identify objects present in the scene, particularly focusing on the mentioned objects: milk tea, tissue, mirror, and bright lamp'}
