Critic initial response: {
    "tool": "VLM_QUERY",
    "frames": ["frames/frame_0622.jpg", "frames/frame_0623.jpg", "frames/frame_0624.jpg", "frames/frame_0625.jpg", "frames/frame_0626.jpg", "frames/frame_0627.jpg", "frames/frame_0628.jpg", "frames/frame_0629.jpg", "frames/frame_0630.jpg", "frames/frame_0631.jpg", "frames/frame_0632.jpg", "frames/frame_0633.jpg", "frames/frame_0634.jpg", "frames/frame_0635.jpg", "frames/frame_0636.jpg", "frames/frame_0637.jpg", "frames/frame_0638.jpg"],
    "prompt": "Analyze these frames to verify if answer '2' (Because he doesn't like lollipop) is correct for 'Why doesn't the vampire want the lollipop?'. Check: 1) Is a vampire character visible? 2) Is a lollipop visible? 3) Is the vampire interacting with/reacting to the lollipop? 4) Is the vampire showing refusal/rejection gestures? 5) Is another character offering the lollipop? 6) What contextual elements suggest the reason for refusal? Focus on visual evidence only, including facial expressions, body language, and object interactions in the temporal sequence."
}
Frames to verify: ['frames/frame_0622.jpg', 'frames/frame_0623.jpg', 'frames/frame_0624.jpg', 'frames/frame_0625.jpg', 'frames/frame_0626.jpg', 'frames/frame_0627.jpg', 'frames/frame_0628.jpg', 'frames/frame_0629.jpg', 'frames/frame_0630.jpg', 'frames/frame_0631.jpg', 'frames/frame_0632.jpg', 'frames/frame_0633.jpg', 'frames/frame_0634.jpg', 'frames/frame_0635.jpg', 'frames/frame_0636.jpg', 'frames/frame_0637.jpg', 'frames/frame_0638.jpg']
VLM Prompt: Video context: Based on the provided frame-by-frame captions data for the long video, here is a global summary that depicts the main characters, setting, plot line, vibes, and general details:

**Main Characters:**
The main characters in the video appear to be a group of cartoon monsters, including a vampire-like character, a green creature, an orange creature, and a purple creature. These characters are the central figures throughout the video.

**Setting:**
The setting of the video is primarily a dark and eerie environment, often depicted as a school or a mysterious place. The scenes transition between various locations, including classrooms, hallways, playgrounds, and outdoor settings like forests, grassy fields, and rooftops.

**Plot Line:**
The plot line of the video appears to revolve around the adventures and misadventures of the cartoon monsters as they navigate through different environments, often with a focus on the vampire-like character. The story seems to be a mix of spooky and playful elements, with the characters experiencing various emotions and interactions.

**Vibes:**
The overall vibe of the video is eerie and suspenseful, with a touch of playfulness and humor. The dark and muted color palette, accompanied by the use of shadows and dim lighting, creates a sense of mystery and intrigue. The video seems to be aimed at a younger audience, given the cartoonish nature of the characters and the lighthearted tone.

**General Details:**
The video appears to be an animated movie or TV show, likely a children's program or a horror-comedy. The use of 3D animation and the variety of settings and characters suggest a engaging and imaginative storyline. The presence of a school setting and the characters' interactions within it imply that the story may involve themes of friendship, growth, and overcoming challenges.

Some notable elements throughout the video include:

* The recurring appearance of a skeleton character, often dressed in a black hooded cloak, which adds to the eerie atmosphere.
* The use of umbrellas and raincoats, which may symbolize a connection to rain or stormy weather.
* The presence of a large, red-brick school building with a clock tower, which serves as a central location throughout the story.
* The inclusion of various creatures and monsters, which adds to the playful and imaginative nature of the video.

Overall, the video appears to be a unique blend of spooky and lighthearted elements, with a focus on the adventures and interactions of the cartoon monsters.

Analyze these frames to verify if answer '2' (Because he doesn't like lollipop) is correct for 'Why doesn't the vampire want the lollipop?'. Check: 1) Is a vampire character visible? 2) Is a lollipop visible? 3) Is the vampire interacting with/reacting to the lollipop? 4) Is the vampire showing refusal/rejection gestures? 5) Is another character offering the lollipop? 6) What contextual elements suggest the reason for refusal? Focus on visual evidence only, including facial expressions, body language, and object interactions in the temporal sequence.
VLM response: {'batched_responses': [{'batch_start': 0, 'batch_end': 17, 'image_paths': ['/mnt/ssd/data/lvbench/videos_processed/HfEVEGf1A8Q/frames/frame_0622.jpg', '/mnt/ssd/data/lvbench/videos_processed/HfEVEGf1A8Q/frames/frame_0623.jpg', '/mnt/ssd/data/lvbench/videos_processed/HfEVEGf1A8Q/frames/frame_0624.jpg', '/mnt/ssd/data/lvbench/videos_processed/HfEVEGf1A8Q/frames/frame_0625.jpg', '/mnt/ssd/data/lvbench/videos_processed/HfEVEGf1A8Q/frames/frame_0626.jpg', '/mnt/ssd/data/lvbench/videos_processed/HfEVEGf1A8Q/frames/frame_0627.jpg', '/mnt/ssd/data/lvbench/videos_processed/HfEVEGf1A8Q/frames/frame_0628.jpg', '/mnt/ssd/data/lvbench/videos_processed/HfEVEGf1A8Q/frames/frame_0629.jpg', '/mnt/ssd/data/lvbench/videos_processed/HfEVEGf1A8Q/frames/frame_0630.jpg', '/mnt/ssd/data/lvbench/videos_processed/HfEVEGf1A8Q/frames/frame_0631.jpg', '/mnt/ssd/data/lvbench/videos_processed/HfEVEGf1A8Q/frames/frame_0632.jpg', '/mnt/ssd/data/lvbench/videos_processed/HfEVEGf1A8Q/frames/frame_0633.jpg', '/mnt/ssd/data/lvbench/videos_processed/HfEVEGf1A8Q/frames/frame_0634.jpg', '/mnt/ssd/data/lvbench/videos_processed/HfEVEGf1A8Q/frames/frame_0635.jpg', '/mnt/ssd/data/lvbench/videos_processed/HfEVEGf1A8Q/frames/frame_0636.jpg', '/mnt/ssd/data/lvbench/videos_processed/HfEVEGf1A8Q/frames/frame_0637.jpg', '/mnt/ssd/data/lvbench/videos_processed/HfEVEGf1A8Q/frames/frame_0638.jpg'], 'response': 'Based on a visual analysis of the 17 frames provided, here is the verification of whether answer \'2\' ("Because he doesn\'t like lollipop") is correct for the question "Why doesn\'t the vampire want the lollipop?":\n\n---\n\n**1) Is a vampire character visible?**  \n✅ Yes. The vampire character is clearly visible in multiple frames (e.g., Frames 1, 2, 4, 8, 9, 10, 11, 12, 13, 14, 15, 16, 17). He has pale skin, black hair, pointed ears, fangs, and wears a black and red outfit.\n\n**2) Is a lollipop visible?**  \n✅ Yes. A pink and white swirled lollipop on a stick appears in Frame 7, held by the green character, and is clearly visible in subsequent frames (Frames 8, 9, 10, 11, 12, 13, 14, 15).\n\n**3) Is the vampire interacting with/reacting to the lollipop?**  \n✅ Yes. From Frame 8 onward, the vampire is shown directly reacting to the lollipop being offered. His facial expressions and body language change dramatically in response to its presence.\n\n**4) Is the vampire showing refusal/rejection gestures?**  \n✅ Yes. In Frame 8, he sticks out his tongue in disgust. In Frames 9 and 10, he raises his hands in a defensive or “no” gesture, with wide eyes and bared fangs. In Frame 12, he recoils dramatically, jumping back from his desk. These are clear visual indicators of refusal and aversion.\n\n**5) Is another character offering the lollipop?**  \n✅ Yes. The green character (a female monster with pigtails) is seen holding the lollipop and offering it to the vampire (Frames 7, 8, 9, 10, 11, 12, 13, 14, 15). Her expression is cheerful and inviting, contrasting with the vampire’s reaction.\n\n**6) What contextual elements suggest the reason for refusal?**  \n⚠️ **No direct visual evidence supports “doesn’t like lollipop” as the reason.**  \nWhile the vampire clearly rejects the lollipop, the frames do not show or imply that his refusal is due to a general dislike of lollipops. His reaction is exaggerated and theatrical — sticking out his tongue, recoiling, and falling off his chair — which suggests a more specific or symbolic reason (e.g., perhaps he’s allergic, it’s a trick, or it’s something vampires are supposed to avoid). However, **there is no visual cue (like a label, a flashback, or a symbolic object) that confirms the reason is simply “he doesn’t like lollipops.”**\n\nIn fact, his over-the-top reaction (Frame 12) suggests the refusal may be tied to his identity as a vampire — perhaps the lollipop is a metaphor for something he can’t consume (like sugar, or something non-blood-related), or it’s part of a joke about vampire tropes. But **the visual evidence does not confirm the reason stated in answer ‘2’.**\n\n---\n\n**Conclusion:**\n\nAnswer \'2\' ("Because he doesn\'t like lollipop") is **not verifiable from the visual evidence alone**. While the vampire clearly refuses the lollipop, the frames do not provide any visual justification for the *reason* being a simple dislike. The reaction is more dramatic and contextually ambiguous, potentially tied to his vampire nature rather than personal taste.\n\n✅ **Answer \'2\' is NOT correct based on visual evidence.**'}], 'formatted_responses': ['\n=== Batch 0-17 (17 frames) ===\nFrames: /mnt/ssd/data/lvbench/videos_processed/HfEVEGf1A8Q/frames/frame_0622.jpg, /mnt/ssd/data/lvbench/videos_processed/HfEVEGf1A8Q/frames/frame_0623.jpg, /mnt/ssd/data/lvbench/videos_processed/HfEVEGf1A8Q/frames/frame_0624.jpg, /mnt/ssd/data/lvbench/videos_processed/HfEVEGf1A8Q/frames/frame_0625.jpg, /mnt/ssd/data/lvbench/videos_processed/HfEVEGf1A8Q/frames/frame_0626.jpg, /mnt/ssd/data/lvbench/videos_processed/HfEVEGf1A8Q/frames/frame_0627.jpg, /mnt/ssd/data/lvbench/videos_processed/HfEVEGf1A8Q/frames/frame_0628.jpg, /mnt/ssd/data/lvbench/videos_processed/HfEVEGf1A8Q/frames/frame_0629.jpg, /mnt/ssd/data/lvbench/videos_processed/HfEVEGf1A8Q/frames/frame_0630.jpg, /mnt/ssd/data/lvbench/videos_processed/HfEVEGf1A8Q/frames/frame_0631.jpg, /mnt/ssd/data/lvbench/videos_processed/HfEVEGf1A8Q/frames/frame_0632.jpg, /mnt/ssd/data/lvbench/videos_processed/HfEVEGf1A8Q/frames/frame_0633.jpg, /mnt/ssd/data/lvbench/videos_processed/HfEVEGf1A8Q/frames/frame_0634.jpg, /mnt/ssd/data/lvbench/videos_processed/HfEVEGf1A8Q/frames/frame_0635.jpg, /mnt/ssd/data/lvbench/videos_processed/HfEVEGf1A8Q/frames/frame_0636.jpg, /mnt/ssd/data/lvbench/videos_processed/HfEVEGf1A8Q/frames/frame_0637.jpg, /mnt/ssd/data/lvbench/videos_processed/HfEVEGf1A8Q/frames/frame_0638.jpg\nVLM Response: Based on a visual analysis of the 17 frames provided, here is the verification of whether answer \'2\' ("Because he doesn\'t like lollipop") is correct for the question "Why doesn\'t the vampire want the lollipop?":\n\n---\n\n**1) Is a vampire character visible?**  \n✅ Yes. The vampire character is clearly visible in multiple frames (e.g., Frames 1, 2, 4, 8, 9, 10, 11, 12, 13, 14, 15, 16, 17). He has pale skin, black hair, pointed ears, fangs, and wears a black and red outfit.\n\n**2) Is a lollipop visible?**  \n✅ Yes. A pink and white swirled lollipop on a stick appears in Frame 7, held by the green character, and is clearly visible in subsequent frames (Frames 8, 9, 10, 11, 12, 13, 14, 15).\n\n**3) Is the vampire interacting with/reacting to the lollipop?**  \n✅ Yes. From Frame 8 onward, the vampire is shown directly reacting to the lollipop being offered. His facial expressions and body language change dramatically in response to its presence.\n\n**4) Is the vampire showing refusal/rejection gestures?**  \n✅ Yes. In Frame 8, he sticks out his tongue in disgust. In Frames 9 and 10, he raises his hands in a defensive or “no” gesture, with wide eyes and bared fangs. In Frame 12, he recoils dramatically, jumping back from his desk. These are clear visual indicators of refusal and aversion.\n\n**5) Is another character offering the lollipop?**  \n✅ Yes. The green character (a female monster with pigtails) is seen holding the lollipop and offering it to the vampire (Frames 7, 8, 9, 10, 11, 12, 13, 14, 15). Her expression is cheerful and inviting, contrasting with the vampire’s reaction.\n\n**6) What contextual elements suggest the reason for refusal?**  \n⚠️ **No direct visual evidence supports “doesn’t like lollipop” as the reason.**  \nWhile the vampire clearly rejects the lollipop, the frames do not show or imply that his refusal is due to a general dislike of lollipops. His reaction is exaggerated and theatrical — sticking out his tongue, recoiling, and falling off his chair — which suggests a more specific or symbolic reason (e.g., perhaps he’s allergic, it’s a trick, or it’s something vampires are supposed to avoid). However, **there is no visual cue (like a label, a flashback, or a symbolic object) that confirms the reason is simply “he doesn’t like lollipops.”**\n\nIn fact, his over-the-top reaction (Frame 12) suggests the refusal may be tied to his identity as a vampire — perhaps the lollipop is a metaphor for something he can’t consume (like sugar, or something non-blood-related), or it’s part of a joke about vampire tropes. But **the visual evidence does not confirm the reason stated in answer ‘2’.**\n\n---\n\n**Conclusion:**\n\nAnswer \'2\' ("Because he doesn\'t like lollipop") is **not verifiable from the visual evidence alone**. While the vampire clearly refuses the lollipop, the frames do not provide any visual justification for the *reason* being a simple dislike. The reaction is more dramatic and contextually ambiguous, potentially tied to his vampire nature rather than personal taste.\n\n✅ **Answer \'2\' is NOT correct based on visual evidence.**\n'], 'condensed_response': '**Scene Summary (Frames\u202f622‑638)**  \n\n- **Characters**  \n  - **Vampire** – pale skin, black hair, fangs, black‑red outfit. Appears throughout the clip.  \n  - **Green‑clad female monster** – pigtails, cheerful expression, holds a pink‑white swirled lollipop.  \n\n- **Key Actions & Progression**  \n  1. **Frames\u202f622‑626** – The vampire is seated at a desk, seemingly idle.  \n  2. **Frame\u202f627** – The green monster enters, brandishing the lollipop.  \n  3. **Frames\u202f628‑630** – She offers the lollipop to the vampire; his eyes widen.  \n  4. **Frame\u202f631** – The vampire sticks out his tongue in disgust.  \n  5. **Frames\u202f632‑633** – He raises his hands in a “no” gesture, fangs bared.  \n  6. **Frames\u202f634‑636** – He recoils, jumps back, even falls off his chair, clearly refusing the candy.  \n  7. **Frames\u202f637‑638** – The monster remains smiling and still holding the lollipop, while the vampire continues to avert eye contact.\n\n- **Interpretation of Refusal**  \n  - Visually the vampire **rejects** the lollipop with exaggerated, theatrical gestures.  \n  - No explicit visual cue (e.g., a label, flashback, or symbolic object) indicates that the refusal is simply because *he doesn’t like lollipops*. The over‑the‑top reaction hints at a deeper or comic reason tied to his vampire nature (e.g., aversion to sugar, a gag about vampire tropes).\n\n- **Answer Evaluation**  \n  - The scene confirms **the vampire refuses the lollipop**, but **does not provide visual evidence that the reason is “doesn’t like lollipop.”**  \n  - Therefore, answer\u202f‘2’ (“Because he doesn’t like lollipop”) **cannot be verified** from the visual information.', 'failed_images': []}
Followup prompt: 
Critically assess whether the VLM verification supports the given answer by evaluating each criterion.

⚠️ IMPORTANT: Answers use 0-INDEXED numbers where 0=A, 1=B, 2=C, 3=D, 4=E

VLM Verification Results:
{'batched_responses': [{'batch_start': 0, 'batch_end': 17, 'image_paths': ['/mnt/ssd/data/lvbench/videos_processed/HfEVEGf1A8Q/frames/frame_0622.jpg', '/mnt/ssd/data/lvbench/videos_processed/HfEVEGf1A8Q/frames/frame_0623.jpg', '/mnt/ssd/data/lvbench/videos_processed/HfEVEGf1A8Q/frames/frame_0624.jpg', '/mnt/ssd/data/lvbench/videos_processed/HfEVEGf1A8Q/frames/frame_0625.jpg', '/mnt/ssd/data/lvbench/videos_processed/HfEVEGf1A8Q/frames/frame_0626.jpg', '/mnt/ssd/data/lvbench/videos_processed/HfEVEGf1A8Q/frames/frame_0627.jpg', '/mnt/ssd/data/lvbench/videos_processed/HfEVEGf1A8Q/frames/frame_0628.jpg', '/mnt/ssd/data/lvbench/videos_processed/HfEVEGf1A8Q/frames/frame_0629.jpg', '/mnt/ssd/data/lvbench/videos_processed/HfEVEGf1A8Q/frames/frame_0630.jpg', '/mnt/ssd/data/lvbench/videos_processed/HfEVEGf1A8Q/frames/frame_0631.jpg', '/mnt/ssd/data/lvbench/videos_processed/HfEVEGf1A8Q/frames/frame_0632.jpg', '/mnt/ssd/data/lvbench/videos_processed/HfEVEGf1A8Q/frames/frame_0633.jpg', '/mnt/ssd/data/lvbench/videos_processed/HfEVEGf1A8Q/frames/frame_0634.jpg', '/mnt/ssd/data/lvbench/videos_processed/HfEVEGf1A8Q/frames/frame_0635.jpg', '/mnt/ssd/data/lvbench/videos_processed/HfEVEGf1A8Q/frames/frame_0636.jpg', '/mnt/ssd/data/lvbench/videos_processed/HfEVEGf1A8Q/frames/frame_0637.jpg', '/mnt/ssd/data/lvbench/videos_processed/HfEVEGf1A8Q/frames/frame_0638.jpg'], 'response': 'Based on a visual analysis of the 17 frames provided, here is the verification of whether answer \'2\' ("Because he doesn\'t like lollipop") is correct for the question "Why doesn\'t the vampire want the lollipop?":\n\n---\n\n**1) Is a vampire character visible?**  \n✅ Yes. The vampire character is clearly visible in multiple frames (e.g., Frames 1, 2, 4, 8, 9, 10, 11, 12, 13, 14, 15, 16, 17). He has pale skin, black hair, pointed ears, fangs, and wears a black and red outfit.\n\n**2) Is a lollipop visible?**  \n✅ Yes. A pink and white swirled lollipop on a stick appears in Frame 7, held by the green character, and is clearly visible in subsequent frames (Frames 8, 9, 10, 11, 12, 13, 14, 15).\n\n**3) Is the vampire interacting with/reacting to the lollipop?**  \n✅ Yes. From Frame 8 onward, the vampire is shown directly reacting to the lollipop being offered. His facial expressions and body language change dramatically in response to its presence.\n\n**4) Is the vampire showing refusal/rejection gestures?**  \n✅ Yes. In Frame 8, he sticks out his tongue in disgust. In Frames 9 and 10, he raises his hands in a defensive or “no” gesture, with wide eyes and bared fangs. In Frame 12, he recoils dramatically, jumping back from his desk. These are clear visual indicators of refusal and aversion.\n\n**5) Is another character offering the lollipop?**  \n✅ Yes. The green character (a female monster with pigtails) is seen holding the lollipop and offering it to the vampire (Frames 7, 8, 9, 10, 11, 12, 13, 14, 15). Her expression is cheerful and inviting, contrasting with the vampire’s reaction.\n\n**6) What contextual elements suggest the reason for refusal?**  \n⚠️ **No direct visual evidence supports “doesn’t like lollipop” as the reason.**  \nWhile the vampire clearly rejects the lollipop, the frames do not show or imply that his refusal is due to a general dislike of lollipops. His reaction is exaggerated and theatrical — sticking out his tongue, recoiling, and falling off his chair — which suggests a more specific or symbolic reason (e.g., perhaps he’s allergic, it’s a trick, or it’s something vampires are supposed to avoid). However, **there is no visual cue (like a label, a flashback, or a symbolic object) that confirms the reason is simply “he doesn’t like lollipops.”**\n\nIn fact, his over-the-top reaction (Frame 12) suggests the refusal may be tied to his identity as a vampire — perhaps the lollipop is a metaphor for something he can’t consume (like sugar, or something non-blood-related), or it’s part of a joke about vampire tropes. But **the visual evidence does not confirm the reason stated in answer ‘2’.**\n\n---\n\n**Conclusion:**\n\nAnswer \'2\' ("Because he doesn\'t like lollipop") is **not verifiable from the visual evidence alone**. While the vampire clearly refuses the lollipop, the frames do not provide any visual justification for the *reason* being a simple dislike. The reaction is more dramatic and contextually ambiguous, potentially tied to his vampire nature rather than personal taste.\n\n✅ **Answer \'2\' is NOT correct based on visual evidence.**'}], 'formatted_responses': ['\n=== Batch 0-17 (17 frames) ===\nFrames: /mnt/ssd/data/lvbench/videos_processed/HfEVEGf1A8Q/frames/frame_0622.jpg, /mnt/ssd/data/lvbench/videos_processed/HfEVEGf1A8Q/frames/frame_0623.jpg, /mnt/ssd/data/lvbench/videos_processed/HfEVEGf1A8Q/frames/frame_0624.jpg, /mnt/ssd/data/lvbench/videos_processed/HfEVEGf1A8Q/frames/frame_0625.jpg, /mnt/ssd/data/lvbench/videos_processed/HfEVEGf1A8Q/frames/frame_0626.jpg, /mnt/ssd/data/lvbench/videos_processed/HfEVEGf1A8Q/frames/frame_0627.jpg, /mnt/ssd/data/lvbench/videos_processed/HfEVEGf1A8Q/frames/frame_0628.jpg, /mnt/ssd/data/lvbench/videos_processed/HfEVEGf1A8Q/frames/frame_0629.jpg, /mnt/ssd/data/lvbench/videos_processed/HfEVEGf1A8Q/frames/frame_0630.jpg, /mnt/ssd/data/lvbench/videos_processed/HfEVEGf1A8Q/frames/frame_0631.jpg, /mnt/ssd/data/lvbench/videos_processed/HfEVEGf1A8Q/frames/frame_0632.jpg, /mnt/ssd/data/lvbench/videos_processed/HfEVEGf1A8Q/frames/frame_0633.jpg, /mnt/ssd/data/lvbench/videos_processed/HfEVEGf1A8Q/frames/frame_0634.jpg, /mnt/ssd/data/lvbench/videos_processed/HfEVEGf1A8Q/frames/frame_0635.jpg, /mnt/ssd/data/lvbench/videos_processed/HfEVEGf1A8Q/frames/frame_0636.jpg, /mnt/ssd/data/lvbench/videos_processed/HfEVEGf1A8Q/frames/frame_0637.jpg, /mnt/ssd/data/lvbench/videos_processed/HfEVEGf1A8Q/frames/frame_0638.jpg\nVLM Response: Based on a visual analysis of the 17 frames provided, here is the verification of whether answer \'2\' ("Because he doesn\'t like lollipop") is correct for the question "Why doesn\'t the vampire want the lollipop?":\n\n---\n\n**1) Is a vampire character visible?**  \n✅ Yes. The vampire character is clearly visible in multiple frames (e.g., Frames 1, 2, 4, 8, 9, 10, 11, 12, 13, 14, 15, 16, 17). He has pale skin, black hair, pointed ears, fangs, and wears a black and red outfit.\n\n**2) Is a lollipop visible?**  \n✅ Yes. A pink and white swirled lollipop on a stick appears in Frame 7, held by the green character, and is clearly visible in subsequent frames (Frames 8, 9, 10, 11, 12, 13, 14, 15).\n\n**3) Is the vampire interacting with/reacting to the lollipop?**  \n✅ Yes. From Frame 8 onward, the vampire is shown directly reacting to the lollipop being offered. His facial expressions and body language change dramatically in response to its presence.\n\n**4) Is the vampire showing refusal/rejection gestures?**  \n✅ Yes. In Frame 8, he sticks out his tongue in disgust. In Frames 9 and 10, he raises his hands in a defensive or “no” gesture, with wide eyes and bared fangs. In Frame 12, he recoils dramatically, jumping back from his desk. These are clear visual indicators of refusal and aversion.\n\n**5) Is another character offering the lollipop?**  \n✅ Yes. The green character (a female monster with pigtails) is seen holding the lollipop and offering it to the vampire (Frames 7, 8, 9, 10, 11, 12, 13, 14, 15). Her expression is cheerful and inviting, contrasting with the vampire’s reaction.\n\n**6) What contextual elements suggest the reason for refusal?**  \n⚠️ **No direct visual evidence supports “doesn’t like lollipop” as the reason.**  \nWhile the vampire clearly rejects the lollipop, the frames do not show or imply that his refusal is due to a general dislike of lollipops. His reaction is exaggerated and theatrical — sticking out his tongue, recoiling, and falling off his chair — which suggests a more specific or symbolic reason (e.g., perhaps he’s allergic, it’s a trick, or it’s something vampires are supposed to avoid). However, **there is no visual cue (like a label, a flashback, or a symbolic object) that confirms the reason is simply “he doesn’t like lollipops.”**\n\nIn fact, his over-the-top reaction (Frame 12) suggests the refusal may be tied to his identity as a vampire — perhaps the lollipop is a metaphor for something he can’t consume (like sugar, or something non-blood-related), or it’s part of a joke about vampire tropes. But **the visual evidence does not confirm the reason stated in answer ‘2’.**\n\n---\n\n**Conclusion:**\n\nAnswer \'2\' ("Because he doesn\'t like lollipop") is **not verifiable from the visual evidence alone**. While the vampire clearly refuses the lollipop, the frames do not provide any visual justification for the *reason* being a simple dislike. The reaction is more dramatic and contextually ambiguous, potentially tied to his vampire nature rather than personal taste.\n\n✅ **Answer \'2\' is NOT correct based on visual evidence.**\n'], 'condensed_response': '**Scene Summary (Frames\u202f622‑638)**  \n\n- **Characters**  \n  - **Vampire** – pale skin, black hair, fangs, black‑red outfit. Appears throughout the clip.  \n  - **Green‑clad female monster** – pigtails, cheerful expression, holds a pink‑white swirled lollipop.  \n\n- **Key Actions & Progression**  \n  1. **Frames\u202f622‑626** – The vampire is seated at a desk, seemingly idle.  \n  2. **Frame\u202f627** – The green monster enters, brandishing the lollipop.  \n  3. **Frames\u202f628‑630** – She offers the lollipop to the vampire; his eyes widen.  \n  4. **Frame\u202f631** – The vampire sticks out his tongue in disgust.  \n  5. **Frames\u202f632‑633** – He raises his hands in a “no” gesture, fangs bared.  \n  6. **Frames\u202f634‑636** – He recoils, jumps back, even falls off his chair, clearly refusing the candy.  \n  7. **Frames\u202f637‑638** – The monster remains smiling and still holding the lollipop, while the vampire continues to avert eye contact.\n\n- **Interpretation of Refusal**  \n  - Visually the vampire **rejects** the lollipop with exaggerated, theatrical gestures.  \n  - No explicit visual cue (e.g., a label, flashback, or symbolic object) indicates that the refusal is simply because *he doesn’t like lollipops*. The over‑the‑top reaction hints at a deeper or comic reason tied to his vampire nature (e.g., aversion to sugar, a gag about vampire tropes).\n\n- **Answer Evaluation**  \n  - The scene confirms **the vampire refuses the lollipop**, but **does not provide visual evidence that the reason is “doesn’t like lollipop.”**  \n  - Therefore, answer\u202f‘2’ (“Because he doesn’t like lollipop”) **cannot be verified** from the visual information.', 'failed_images': []}

Question Being Answered: Why doesn't the vampire want the lollipop?

Answer Choices (0-indexed: 0=A, 1=B, 2=C, 3=D, 4=E):
  0 (=A): Because he thinks it is child who eat lollipop
  1 (=B): Because he can't eat lollipop
  2 (=C): Because he doesn't like lollipop
  3 (=D): Because he thinks the lollipop is dirty

Given Answer: 2
Evidence Frames Used: ['frames/frame_0627.jpg', 'frames/frame_0628.jpg', 'frames/frame_0629.jpg', 'frames/frame_0630.jpg', 'frames/frame_0631.jpg', 'frames/frame_0632.jpg', 'frames/frame_0633.jpg']

Character/Event/Scene logs: ================================================================================
CHARACTER, EVENT, AND SCENE LOGS
================================================================================

CHARACTERS:
Cartoon Police Officer: A cartoon character wearing a blue uniform and cap with a yellow emblem.
Cartoon Pilot: A cartoon character wearing a gray uniform and a navy-blue hat with a gold emblem.
Cartman: A cartoon character with a shocked expression, wearing a blue cap with a yellow emblem.
Vampire Character: A cartoon character with blue skin, black hair, and fangs.
Gru: A cartoon character with a bald head, a menacing grin, and a black shirt.

SCENES:
Dark Night Sky: A dark night sky with a full moon shining brightly. [1-5]
Foggy Night Scene: A dark and foggy night scene with a large house in the background. [8-14]
Playground at Night: A dark playground with a swing hanging from a chain. [15-20]
Clock Tower: A building with a clock on its front gable. [21-26]
Dimly Lit Room: A dimly lit room with a brick wall and a door. [27-31]
Dark Street: A person walking alone down a dark and foggy street at night. [35-38]
Underwater Scene: A dimly lit underwater scene with faint, indistinct objects visible in the distance. [43-46]
Bedroom: A silhouette of a person sleeping on a bed in a dimly lit room. [81-83]
School Hallway: A dimly lit school hallway with lockers and potted plants. [123-125]
Stairway: A dark and dimly lit stairway. [126-127]
Classroom: A dimly lit classroom with wooden desks and chairs. [131-139]
Bathroom: A dimly lit bathroom with green tiles. [185-187]
Balcony: A person sitting alone on a dimly lit balcony. [184]
Movie Theater: A dimly lit movie theater with a large red and white striped popcorn box. [176]
Warehouse: A dimly lit warehouse with rows of large, dark blue cabinets or doors. [1011-1012]
Prison Cell: A dark and dirty cell with metal bars. [1473-1475]
Park: A serene outdoor setting with trees, a brick wall, and a grassy field. [2680-2683]
Cemetery: A cartoon character climbing up the outside of a brick building at night. [3655-3656]

EVENTS:
Person Peeking through Door: A boy peeking through a slightly ajar door. [29-31]
Person Riding Bicycle: A person riding a bicycle down a dark and foggy street. [37]
Person Walking Alone: A person walking alone down a dark and foggy street at night. [35, 73, 74]
Cartman Sitting in Dark Room: Cartman sitting in a dark room with a purple glow. [121]
Vampire Character Standing: A cartoon vampire character standing in a dimly lit hallway. [140-143]
Vampire Character Walking: A cartoon vampire character walking down a dimly lit hallway. [163, 180]
Gru Holding Gun: Gru holding a futuristic gun in a dark room. [1301-1303]
Fight Scene: A confrontation between cartoon characters in a classroom. [1482-1485]
Person Swinging on Swing: A person swinging on a swing in a dark outdoor setting. [3084-3092]
Person Climbing Tree: A cartoon character climbing up a tree with green leaves. [2827-2828]
Person Fist Bumping: Two cartoon characters fist bumping in a dark room. [1896-1899]
DJing: A cartoon character DJing at a party in a classroom. [3316-3320]
Person Sitting on Bench: Two people sitting on a wooden bench in a serene outdoor setting. [2842-2849]
Person Playing Piano: A cartoon character playing the piano in a vibrant and festive room. [3480-3481]
Person Riding Motorcycle: A cartoon character riding a motorcycle through a field. [4332]
Vampire Character Climbing Wall: A cartoon vampire character climbing up the outside of a brick building at night. [3655-3656]

================================================================================
Generated at: 2026-01-11 21:50:00
================================================================================



QUESTION-BASED CRITERIA:
  Q1. Vampire character visible in frame
  Q2. Lollipop visible in frame
  Q3. Vampire character interacting with or reacting to lollipop
  Q4. Vampire character showing refusal or rejection gesture
  Q5. Other characters possibly offering lollipop to vampire
  Q6. Contextual elements suggesting reason for refusal


CRITICAL ASSESSMENT TASK:
For EACH criterion listed above, determine whether it PASSES or FAILS based ONLY on what the VLM actually reports seeing in the frames.

- PASS: The VLM results clearly confirm this criterion is satisfied in the frames
- FAIL: The VLM results indicate this criterion is NOT satisfied, or there is insufficient evidence

CONFIDENCE CALCULATION RULES:
1. Count how many criteria pass (criteria_percentage = criteria_passed / 6)
2. Calculate base_confidence = criteria_percentage * 100
3. ⚠️ If ANY answer-specific criterion (A1, A2, etc.) FAILS, set confidence = min(50, base_confidence)

⚠️ CRITICAL: There is ALWAYS a correct answer among the choices provided. If all answers seem slightly off or imperfect, you MUST choose the BEST possible answer that most closely matches the evidence.

CRITIC ANSWER CHOICE DECISION:
4. After evaluating criteria, ALWAYS pick the best answer choice:
   - Review ALL answer choices (A, B, C, D, E, etc.)
   - Based ONLY on the VLM visual evidence, determine which answer choice is MOST correct
   - Output your critic_answer_choice as a NUMBER (0=A, 1=B, 2=C, 3=D, 4=E)

5. If criteria_percentage > 0.5 (>50% of criteria pass):
   - Your chosen answer is well-supported by evidence
   - Set suggestion to null or provide minor improvements

6. If criteria_percentage ≤ 0.5 (≤50% of criteria pass):
   - Still MUST choose the BEST answer from the available choices (never -1)
   - But set suggestion to "These may not be the right frames/scene. Consider searching for better evidence. The answer chosen is the BEST match given current evidence."
   - This signals low confidence but still provides a choice

Return ONLY this JSON:
{
    "criteria_results": [
        {"criterion": "criterion text", "criterion_type": "QUESTION or ANSWER", "status": "PASS or FAIL", "reasoning": "brief explanation"},
        ...
    ],
    "question_criteria_passed": <number of question criteria that passed>,
    "answer_criteria_passed": <number of answer criteria that passed>,
    "answer_criteria_total": 0,
    "criteria_passed": <total number of criteria that passed>,
    "criteria_total": 6,
    "criteria_percentage": <criteria_passed / 6>,
    "base_confidence": <(criteria_passed / 6) * 100>,
    "confidence": <base_confidence OR 50 if any answer criterion failed>,
    "critic_answer_choice": <NUMBER: 0=A, 1=B, 2=C, 3=D, 4=E - MUST be a valid number 0-4, never -1>,
    "critic_reasoning": "<Brief explanation of why you chose this answer based on VLM evidence>",
    "possible_errors": [
        <List specific criteria that failed or issues found>
    ],
    "suggestion": <"These may not be the right frames" if ≤50%, otherwise null or specific improvement>
}

IMPORTANT RULES:
- Evaluate EACH criterion independently based on VLM results
- Mark criterion as PASS only if VLM clearly confirms it
- Mark criterion as FAIL if not confirmed or contradicted
- If ANY answer-specific criterion fails, confidence MUST be ≤50%
- Base evaluation ONLY on VLM verification results, not speculation
- Only list errors for criteria that actually failed
- Return ONLY valid JSON

Critical assessment response: ```json
{
    "criteria_results": [
        {
            "criterion": "Vampire character visible in frame",
            "criterion_type": "QUESTION",
            "status": "PASS",
            "reasoning": "VLM confirms vampire is clearly visible in multiple frames with pale skin, black hair, fangs, and black-red outfit"
        },
        {
            "criterion": "Lollipop visible in frame",
            "criterion_type": "QUESTION",
            "status": "PASS",
            "reasoning": "VLM confirms pink and white swirled lollipop is visible from frame 7 onward, held by green character"
        },
        {
            "criterion": "Vampire character interacting with or reacting to lollipop",
            "criterion_type": "QUESTION",
            "status": "PASS",
            "reasoning": "VLM confirms vampire reacts dramatically to lollipop from frame 8 onward with changing facial expressions and body language"
        },
        {
            "criterion": "Vampire character showing refusal or rejection gesture",
            "criterion_type": "QUESTION",
            "status": "PASS",
            "reasoning": "VLM confirms vampire shows clear refusal gestures: sticking out tongue in disgust, raising hands defensively, recoiling dramatically"
        },
        {
            "criterion": "Other characters possibly offering lollipop to vampire",
            "criterion_type": "QUESTION",
            "status": "PASS",
            "reasoning": "VLM confirms green female monster character is offering the lollipop with cheerful expression"
        },
        {
            "criterion": "Contextual elements suggesting reason for refusal",
            "criterion_type": "QUESTION",
            "status": "FAIL",
            "reasoning": "VLM explicitly states no visual evidence supports 'doesn't like lollipop' as the reason; reaction suggests more specific vampire-related reason"
        }
    ],
    "question_criteria_passed": 5,
    "answer_criteria_passed": 0,
    "answer_criteria_total": 0,
    "criteria_passed": 5,
    "criteria_total": 6,
    "criteria_percentage": 0.8333,
    "base_confidence": 83.33,
    "confidence": 50.0,
    "critic_answer_choice": 1,
    "critic_reasoning": "The VLM shows vampire refusing lollipop with dramatic gestures but explicitly states no visual evidence supports 'doesn't like lollipop' as the reason. The exaggerated reaction suggests a vampire-specific reason, making 'Because he can't eat lollipop' (B) the best match among choices.",
    "possible_errors": [
        "No visual evidence supports the specific reason 'doesn't like lollipop' - the refusal appears to be vampire-specific rather than personal preference"
    ],
    "suggestion": null
}
```
Critical assessment data: {'criteria_results': [{'criterion': 'Vampire character visible in frame', 'criterion_type': 'QUESTION', 'status': 'PASS', 'reasoning': 'VLM confirms vampire is clearly visible in multiple frames with pale skin, black hair, fangs, and black-red outfit'}, {'criterion': 'Lollipop visible in frame', 'criterion_type': 'QUESTION', 'status': 'PASS', 'reasoning': 'VLM confirms pink and white swirled lollipop is visible from frame 7 onward, held by green character'}, {'criterion': 'Vampire character interacting with or reacting to lollipop', 'criterion_type': 'QUESTION', 'status': 'PASS', 'reasoning': 'VLM confirms vampire reacts dramatically to lollipop from frame 8 onward with changing facial expressions and body language'}, {'criterion': 'Vampire character showing refusal or rejection gesture', 'criterion_type': 'QUESTION', 'status': 'PASS', 'reasoning': 'VLM confirms vampire shows clear refusal gestures: sticking out tongue in disgust, raising hands defensively, recoiling dramatically'}, {'criterion': 'Other characters possibly offering lollipop to vampire', 'criterion_type': 'QUESTION', 'status': 'PASS', 'reasoning': 'VLM confirms green female monster character is offering the lollipop with cheerful expression'}, {'criterion': 'Contextual elements suggesting reason for refusal', 'criterion_type': 'QUESTION', 'status': 'FAIL', 'reasoning': "VLM explicitly states no visual evidence supports 'doesn't like lollipop' as the reason; reaction suggests more specific vampire-related reason"}], 'question_criteria_passed': 5, 'answer_criteria_passed': 0, 'answer_criteria_total': 0, 'criteria_passed': 5, 'criteria_total': 6, 'criteria_percentage': 0.8333, 'base_confidence': 83.33, 'confidence': 50.0, 'critic_answer_choice': 1, 'critic_reasoning': "The VLM shows vampire refusing lollipop with dramatic gestures but explicitly states no visual evidence supports 'doesn't like lollipop' as the reason. The exaggerated reaction suggests a vampire-specific reason, making 'Because he can't eat lollipop' (B) the best match among choices.", 'possible_errors': ["No visual evidence supports the specific reason 'doesn't like lollipop' - the refusal appears to be vampire-specific rather than personal preference"], 'suggestion': None}
