Critic initial response: {
    "tool": "VLM_QUERY",
    "frames": ["frames/frame_0114.jpg", "frames/frame_0115.jpg", "frames/frame_0116.jpg", "frames/frame_0117.jpg", "frames/frame_0118.jpg", "frames/frame_0119.jpg", "frames/frame_0120.jpg", "frames/frame_0121.jpg", "frames/frame_0122.jpg", "frames/frame_0123.jpg", "frames/frame_0124.jpg", "frames/frame_0125.jpg"],
    "prompt": "Examine these frames to verify if answer '2' (which corresponds to choice B: 27:12 video time) is correct for the question: 'When do the two teams first kick off?'. Check if the following kickoff criteria are met: 1) Players from Germany (white) and Spain (red) on the soccer field, 2) Referee positioned between the two teams, 3) Soccer ball placed on the center spot, 4) Players in starting positions ready for kickoff, 5) No active play or ball movement occurring yet, 6) Teams arranged in their own halves facing each other. Also verify if the timestamp displayed in the frames matches approximately 27:12, and determine if this appears to be the first kickoff of the match by checking context frames before and after."
}
Frames to verify: ['frames/frame_0114.jpg', 'frames/frame_0115.jpg', 'frames/frame_0116.jpg', 'frames/frame_0117.jpg', 'frames/frame_0118.jpg', 'frames/frame_0119.jpg', 'frames/frame_0120.jpg', 'frames/frame_0121.jpg', 'frames/frame_0122.jpg', 'frames/frame_0123.jpg', 'frames/frame_0124.jpg', 'frames/frame_0125.jpg']
VLM Prompt: Video context: Here is a global summary of the video based on the provided frame-by-frame captions:

**Main Characters:**

* Soccer players from Germany and Spain, including notable players such as Manuel Neuer, Arne Friedrich, Mesut Oezil, Carles Puyol, and David Villa.
* Coaches and managers, including Joachim Loew (Germany) and Vicente del Bosque (Spain).
* Referees, including Viktor Kassai.

**Setting:**

* The video is set in a large stadium in Durban, South Africa, during the 2010 FIFA World Cup.
* The stadium is filled with spectators, and the atmosphere is lively and energetic.

**Plot Line:**

* The video captures a soccer match between Germany and Spain, from the pre-game introductions to the final whistle.
* The match is intense and competitive, with players from both teams engaging in various actions on the field.
* The Spanish team ultimately wins the match 1-0, with Carles Puyol scoring the winning goal in the 73rd minute.

**Vibes:**

* The overall vibe of the video is one of excitement, tension, and celebration.
* The atmosphere in the stadium is electric, with spectators cheering and waving flags.
* The players' emotions range from focus and determination to joy and disappointment.

**General Details:**

* The video is a comprehensive coverage of the soccer match, including pre-game introductions, player lineups, and the actual game.
* The captions highlight the actions of the players, coaches, and referees, as well as the reactions of the spectators.
* The video is likely a recording of a live broadcast, with graphics and scoreboards displayed throughout the match.

Examine these frames to verify if answer '2' (which corresponds to choice B: 27:12 video time) is correct for the question: 'When do the two teams first kick off?'. Check if the following kickoff criteria are met: 1) Players from Germany (white) and Spain (red) on the soccer field, 2) Referee positioned between the two teams, 3) Soccer ball placed on the center spot, 4) Players in starting positions ready for kickoff, 5) No active play or ball movement occurring yet, 6) Teams arranged in their own halves facing each other. Also verify if the timestamp displayed in the frames matches approximately 27:12, and determine if this appears to be the first kickoff of the match by checking context frames before and after.
VLM response: {'batched_responses': [{'batch_start': 0, 'batch_end': 12, 'image_paths': ['/mnt/ssd/data/lvbench/videos_processed/oZEVgDXJwCc/frames/frame_0114.jpg', '/mnt/ssd/data/lvbench/videos_processed/oZEVgDXJwCc/frames/frame_0115.jpg', '/mnt/ssd/data/lvbench/videos_processed/oZEVgDXJwCc/frames/frame_0116.jpg', '/mnt/ssd/data/lvbench/videos_processed/oZEVgDXJwCc/frames/frame_0117.jpg', '/mnt/ssd/data/lvbench/videos_processed/oZEVgDXJwCc/frames/frame_0118.jpg', '/mnt/ssd/data/lvbench/videos_processed/oZEVgDXJwCc/frames/frame_0119.jpg', '/mnt/ssd/data/lvbench/videos_processed/oZEVgDXJwCc/frames/frame_0120.jpg', '/mnt/ssd/data/lvbench/videos_processed/oZEVgDXJwCc/frames/frame_0121.jpg', '/mnt/ssd/data/lvbench/videos_processed/oZEVgDXJwCc/frames/frame_0122.jpg', '/mnt/ssd/data/lvbench/videos_processed/oZEVgDXJwCc/frames/frame_0123.jpg', '/mnt/ssd/data/lvbench/videos_processed/oZEVgDXJwCc/frames/frame_0124.jpg', '/mnt/ssd/data/lvbench/videos_processed/oZEVgDXJwCc/frames/frame_0125.jpg'], 'response': "Based on the provided frames and the criteria for verifying the first kickoff, **answer '2' (27:12 video time) is NOT correct**.\n\nHere’s the detailed verification:\n\n---\n\n### **Kickoff Criteria Check:**\n\n1. **Players from Germany (white) and Spain (red) on the field?**  \n✅ Yes — In Frame 5 onward, players in white (Germany) and red (Spain) are visible on the pitch.\n\n2. **Referee positioned between the two teams?**  \n✅ Yes — In Frame 5, the referee (in black) is standing at the center circle, between the two teams.\n\n3. **Soccer ball placed on the center spot?**  \n✅ Yes — In Frame 5, the ball is clearly on the center spot.\n\n4. **Players in starting positions ready for kickoff?**  \n✅ Yes — In Frame 5, players are arranged in their respective halves, facing each other, in typical pre-kickoff formation.\n\n5. **No active play or ball movement yet?**  \n✅ Yes — In Frame 5, the ball is stationary. In Frame 6, the scoreboard reads “00:00”, confirming the match has not yet started.\n\n6. **Teams arranged in their own halves facing each other?**  \n✅ Yes — Clearly visible in Frame 5 and 6.\n\n---\n\n### **Timestamp Verification:**\n\nThe frames show the **match clock starting at 00:00** in Frame 6, and progressing to 00:01, 00:02, etc., in subsequent frames. This indicates that **the actual kickoff occurs at or just after 00:00** — the very beginning of the match.\n\nHowever, the question asks for the **video time (i.e., the timestamp within the video file)**, not the match clock. The provided frames are labeled with frame numbers (e.g., frame_0114 to frame_0125), but **no actual video timestamp (like 27:12) is visible in any of the frames**.\n\nThat said, we can infer from the context:\n\n- Frames 1–4 show **Vicente del Bosque (Spain’s coach)**, likely during pre-match introductions or warmups.\n- Frame 5 is the **first wide shot of the field with players in position**.\n- Frame 6 shows the **scoreboard at 00:00**, confirming the start of the match.\n\nThis strongly suggests that **the first kickoff occurs around the time of Frame 5–6**, which corresponds to **very early in the video**, likely **within the first minute or two**, not at 27:12.\n\n---\n\n### **Is this the first kickoff of the match?**\n\n✅ Yes — The scoreboard reads “GER 0-0 ESP” and the match clock is at “00:00”, confirming this is the **opening kickoff** of the match.\n\n---\n\n### **Conclusion:**\n\nThe **first kickoff occurs at the beginning of the match**, as shown in Frame 6 (match clock 00:00), which corresponds to **very early in the video timeline**, not at 27:12.\n\nTherefore, **answer '2' (27:12) is incorrect**. The correct video time for the first kickoff is **much earlier**, likely within the first minute of the video.\n\n---\n\n✅ **Final Answer: NO, '2' is not correct.**"}], 'formatted_responses': ["\n=== Batch 0-12 (12 frames) ===\nFrames: /mnt/ssd/data/lvbench/videos_processed/oZEVgDXJwCc/frames/frame_0114.jpg, /mnt/ssd/data/lvbench/videos_processed/oZEVgDXJwCc/frames/frame_0115.jpg, /mnt/ssd/data/lvbench/videos_processed/oZEVgDXJwCc/frames/frame_0116.jpg, /mnt/ssd/data/lvbench/videos_processed/oZEVgDXJwCc/frames/frame_0117.jpg, /mnt/ssd/data/lvbench/videos_processed/oZEVgDXJwCc/frames/frame_0118.jpg, /mnt/ssd/data/lvbench/videos_processed/oZEVgDXJwCc/frames/frame_0119.jpg, /mnt/ssd/data/lvbench/videos_processed/oZEVgDXJwCc/frames/frame_0120.jpg, /mnt/ssd/data/lvbench/videos_processed/oZEVgDXJwCc/frames/frame_0121.jpg, /mnt/ssd/data/lvbench/videos_processed/oZEVgDXJwCc/frames/frame_0122.jpg, /mnt/ssd/data/lvbench/videos_processed/oZEVgDXJwCc/frames/frame_0123.jpg, /mnt/ssd/data/lvbench/videos_processed/oZEVgDXJwCc/frames/frame_0124.jpg, /mnt/ssd/data/lvbench/videos_processed/oZEVgDXJwCc/frames/frame_0125.jpg\nVLM Response: Based on the provided frames and the criteria for verifying the first kickoff, **answer '2' (27:12 video time) is NOT correct**.\n\nHere’s the detailed verification:\n\n---\n\n### **Kickoff Criteria Check:**\n\n1. **Players from Germany (white) and Spain (red) on the field?**  \n✅ Yes — In Frame 5 onward, players in white (Germany) and red (Spain) are visible on the pitch.\n\n2. **Referee positioned between the two teams?**  \n✅ Yes — In Frame 5, the referee (in black) is standing at the center circle, between the two teams.\n\n3. **Soccer ball placed on the center spot?**  \n✅ Yes — In Frame 5, the ball is clearly on the center spot.\n\n4. **Players in starting positions ready for kickoff?**  \n✅ Yes — In Frame 5, players are arranged in their respective halves, facing each other, in typical pre-kickoff formation.\n\n5. **No active play or ball movement yet?**  \n✅ Yes — In Frame 5, the ball is stationary. In Frame 6, the scoreboard reads “00:00”, confirming the match has not yet started.\n\n6. **Teams arranged in their own halves facing each other?**  \n✅ Yes — Clearly visible in Frame 5 and 6.\n\n---\n\n### **Timestamp Verification:**\n\nThe frames show the **match clock starting at 00:00** in Frame 6, and progressing to 00:01, 00:02, etc., in subsequent frames. This indicates that **the actual kickoff occurs at or just after 00:00** — the very beginning of the match.\n\nHowever, the question asks for the **video time (i.e., the timestamp within the video file)**, not the match clock. The provided frames are labeled with frame numbers (e.g., frame_0114 to frame_0125), but **no actual video timestamp (like 27:12) is visible in any of the frames**.\n\nThat said, we can infer from the context:\n\n- Frames 1–4 show **Vicente del Bosque (Spain’s coach)**, likely during pre-match introductions or warmups.\n- Frame 5 is the **first wide shot of the field with players in position**.\n- Frame 6 shows the **scoreboard at 00:00**, confirming the start of the match.\n\nThis strongly suggests that **the first kickoff occurs around the time of Frame 5–6**, which corresponds to **very early in the video**, likely **within the first minute or two**, not at 27:12.\n\n---\n\n### **Is this the first kickoff of the match?**\n\n✅ Yes — The scoreboard reads “GER 0-0 ESP” and the match clock is at “00:00”, confirming this is the **opening kickoff** of the match.\n\n---\n\n### **Conclusion:**\n\nThe **first kickoff occurs at the beginning of the match**, as shown in Frame 6 (match clock 00:00), which corresponds to **very early in the video timeline**, not at 27:12.\n\nTherefore, **answer '2' (27:12) is incorrect**. The correct video time for the first kickoff is **much earlier**, likely within the first minute of the video.\n\n---\n\n✅ **Final Answer: NO, '2' is not correct.**\n"], 'condensed_response': '**Condensed Scene Summary (Frames\u202f0114‑0125)**  \n\n| Frame | Visual\u202fDetails | Characters Present |\n|-------|----------------|--------------------|\n| 0114‑0115 | Warm‑up / team‑bench area. Vicente\u202fdel\u202fBosque (Spain’s coach) is visible, standing near the sideline. | Vicente\u202fdel\u202fBosque |\n| 0116‑0117 | Pan to the center of the pitch. German players in **white** and Spanish players in **red** occupy their respective halves. | German players (white), Spanish players (red) |\n| 0118‑0119 | Referee (black‑uniform) stands exactly on the centre‑circle line, between the two sides. | Referee |\n| 0120 | Soccer ball positioned on the centre spot; all players are in the standard pre‑kickoff formation, facing each other. | Same players + ball |\n| 0121 | The stadium scoreboard flashes **“00:00”** and “GER\u202f0‑0\u202fESP”, confirming the match has not yet begun. | Scoreboard |\n| 0122‑0125 | The match clock ticks to **00:01**, **00:02**, etc., while the scene remains static—no ball movement, no active play. | Continuation of same cast |\n\n**Key Observations & Timing**\n\n- **Kickoff criteria** (both teams present, referee centered, ball on spot, players in starting positions, no ball movement) are all satisfied starting at **frame\u202f0118** and confirmed by the scoreboard at **frame\u202f0121**.  \n- The **match clock** shows “00:00” at frame\u202f0121, meaning the actual kickoff occurs **immediately after** this frame.  \n- The frame numbers (0114‑0125) are at the **very beginning of the video**; they correspond to the first **≈1\u202fminute** of footage, far earlier than the suggested **27:12** timestamp.\n\n**Conclusion**\n\nThe first kickoff of the Germany\u202fvs\u202fSpain match is captured in frames\u202f0118‑0121, i.e., within the opening minute of the video, not at 27:12. Therefore, answer **‘2’ (27:12)** is **incorrect**. The correct video time for the kickoff is **early‑video (≈00:00‑00:01)**.', 'failed_images': []}
Followup prompt: 
Critically assess whether the VLM verification supports the given answer by evaluating each criterion.

VLM Verification Results:
{'batched_responses': [{'batch_start': 0, 'batch_end': 12, 'image_paths': ['/mnt/ssd/data/lvbench/videos_processed/oZEVgDXJwCc/frames/frame_0114.jpg', '/mnt/ssd/data/lvbench/videos_processed/oZEVgDXJwCc/frames/frame_0115.jpg', '/mnt/ssd/data/lvbench/videos_processed/oZEVgDXJwCc/frames/frame_0116.jpg', '/mnt/ssd/data/lvbench/videos_processed/oZEVgDXJwCc/frames/frame_0117.jpg', '/mnt/ssd/data/lvbench/videos_processed/oZEVgDXJwCc/frames/frame_0118.jpg', '/mnt/ssd/data/lvbench/videos_processed/oZEVgDXJwCc/frames/frame_0119.jpg', '/mnt/ssd/data/lvbench/videos_processed/oZEVgDXJwCc/frames/frame_0120.jpg', '/mnt/ssd/data/lvbench/videos_processed/oZEVgDXJwCc/frames/frame_0121.jpg', '/mnt/ssd/data/lvbench/videos_processed/oZEVgDXJwCc/frames/frame_0122.jpg', '/mnt/ssd/data/lvbench/videos_processed/oZEVgDXJwCc/frames/frame_0123.jpg', '/mnt/ssd/data/lvbench/videos_processed/oZEVgDXJwCc/frames/frame_0124.jpg', '/mnt/ssd/data/lvbench/videos_processed/oZEVgDXJwCc/frames/frame_0125.jpg'], 'response': "Based on the provided frames and the criteria for verifying the first kickoff, **answer '2' (27:12 video time) is NOT correct**.\n\nHere’s the detailed verification:\n\n---\n\n### **Kickoff Criteria Check:**\n\n1. **Players from Germany (white) and Spain (red) on the field?**  \n✅ Yes — In Frame 5 onward, players in white (Germany) and red (Spain) are visible on the pitch.\n\n2. **Referee positioned between the two teams?**  \n✅ Yes — In Frame 5, the referee (in black) is standing at the center circle, between the two teams.\n\n3. **Soccer ball placed on the center spot?**  \n✅ Yes — In Frame 5, the ball is clearly on the center spot.\n\n4. **Players in starting positions ready for kickoff?**  \n✅ Yes — In Frame 5, players are arranged in their respective halves, facing each other, in typical pre-kickoff formation.\n\n5. **No active play or ball movement yet?**  \n✅ Yes — In Frame 5, the ball is stationary. In Frame 6, the scoreboard reads “00:00”, confirming the match has not yet started.\n\n6. **Teams arranged in their own halves facing each other?**  \n✅ Yes — Clearly visible in Frame 5 and 6.\n\n---\n\n### **Timestamp Verification:**\n\nThe frames show the **match clock starting at 00:00** in Frame 6, and progressing to 00:01, 00:02, etc., in subsequent frames. This indicates that **the actual kickoff occurs at or just after 00:00** — the very beginning of the match.\n\nHowever, the question asks for the **video time (i.e., the timestamp within the video file)**, not the match clock. The provided frames are labeled with frame numbers (e.g., frame_0114 to frame_0125), but **no actual video timestamp (like 27:12) is visible in any of the frames**.\n\nThat said, we can infer from the context:\n\n- Frames 1–4 show **Vicente del Bosque (Spain’s coach)**, likely during pre-match introductions or warmups.\n- Frame 5 is the **first wide shot of the field with players in position**.\n- Frame 6 shows the **scoreboard at 00:00**, confirming the start of the match.\n\nThis strongly suggests that **the first kickoff occurs around the time of Frame 5–6**, which corresponds to **very early in the video**, likely **within the first minute or two**, not at 27:12.\n\n---\n\n### **Is this the first kickoff of the match?**\n\n✅ Yes — The scoreboard reads “GER 0-0 ESP” and the match clock is at “00:00”, confirming this is the **opening kickoff** of the match.\n\n---\n\n### **Conclusion:**\n\nThe **first kickoff occurs at the beginning of the match**, as shown in Frame 6 (match clock 00:00), which corresponds to **very early in the video timeline**, not at 27:12.\n\nTherefore, **answer '2' (27:12) is incorrect**. The correct video time for the first kickoff is **much earlier**, likely within the first minute of the video.\n\n---\n\n✅ **Final Answer: NO, '2' is not correct.**"}], 'formatted_responses': ["\n=== Batch 0-12 (12 frames) ===\nFrames: /mnt/ssd/data/lvbench/videos_processed/oZEVgDXJwCc/frames/frame_0114.jpg, /mnt/ssd/data/lvbench/videos_processed/oZEVgDXJwCc/frames/frame_0115.jpg, /mnt/ssd/data/lvbench/videos_processed/oZEVgDXJwCc/frames/frame_0116.jpg, /mnt/ssd/data/lvbench/videos_processed/oZEVgDXJwCc/frames/frame_0117.jpg, /mnt/ssd/data/lvbench/videos_processed/oZEVgDXJwCc/frames/frame_0118.jpg, /mnt/ssd/data/lvbench/videos_processed/oZEVgDXJwCc/frames/frame_0119.jpg, /mnt/ssd/data/lvbench/videos_processed/oZEVgDXJwCc/frames/frame_0120.jpg, /mnt/ssd/data/lvbench/videos_processed/oZEVgDXJwCc/frames/frame_0121.jpg, /mnt/ssd/data/lvbench/videos_processed/oZEVgDXJwCc/frames/frame_0122.jpg, /mnt/ssd/data/lvbench/videos_processed/oZEVgDXJwCc/frames/frame_0123.jpg, /mnt/ssd/data/lvbench/videos_processed/oZEVgDXJwCc/frames/frame_0124.jpg, /mnt/ssd/data/lvbench/videos_processed/oZEVgDXJwCc/frames/frame_0125.jpg\nVLM Response: Based on the provided frames and the criteria for verifying the first kickoff, **answer '2' (27:12 video time) is NOT correct**.\n\nHere’s the detailed verification:\n\n---\n\n### **Kickoff Criteria Check:**\n\n1. **Players from Germany (white) and Spain (red) on the field?**  \n✅ Yes — In Frame 5 onward, players in white (Germany) and red (Spain) are visible on the pitch.\n\n2. **Referee positioned between the two teams?**  \n✅ Yes — In Frame 5, the referee (in black) is standing at the center circle, between the two teams.\n\n3. **Soccer ball placed on the center spot?**  \n✅ Yes — In Frame 5, the ball is clearly on the center spot.\n\n4. **Players in starting positions ready for kickoff?**  \n✅ Yes — In Frame 5, players are arranged in their respective halves, facing each other, in typical pre-kickoff formation.\n\n5. **No active play or ball movement yet?**  \n✅ Yes — In Frame 5, the ball is stationary. In Frame 6, the scoreboard reads “00:00”, confirming the match has not yet started.\n\n6. **Teams arranged in their own halves facing each other?**  \n✅ Yes — Clearly visible in Frame 5 and 6.\n\n---\n\n### **Timestamp Verification:**\n\nThe frames show the **match clock starting at 00:00** in Frame 6, and progressing to 00:01, 00:02, etc., in subsequent frames. This indicates that **the actual kickoff occurs at or just after 00:00** — the very beginning of the match.\n\nHowever, the question asks for the **video time (i.e., the timestamp within the video file)**, not the match clock. The provided frames are labeled with frame numbers (e.g., frame_0114 to frame_0125), but **no actual video timestamp (like 27:12) is visible in any of the frames**.\n\nThat said, we can infer from the context:\n\n- Frames 1–4 show **Vicente del Bosque (Spain’s coach)**, likely during pre-match introductions or warmups.\n- Frame 5 is the **first wide shot of the field with players in position**.\n- Frame 6 shows the **scoreboard at 00:00**, confirming the start of the match.\n\nThis strongly suggests that **the first kickoff occurs around the time of Frame 5–6**, which corresponds to **very early in the video**, likely **within the first minute or two**, not at 27:12.\n\n---\n\n### **Is this the first kickoff of the match?**\n\n✅ Yes — The scoreboard reads “GER 0-0 ESP” and the match clock is at “00:00”, confirming this is the **opening kickoff** of the match.\n\n---\n\n### **Conclusion:**\n\nThe **first kickoff occurs at the beginning of the match**, as shown in Frame 6 (match clock 00:00), which corresponds to **very early in the video timeline**, not at 27:12.\n\nTherefore, **answer '2' (27:12) is incorrect**. The correct video time for the first kickoff is **much earlier**, likely within the first minute of the video.\n\n---\n\n✅ **Final Answer: NO, '2' is not correct.**\n"], 'condensed_response': '**Condensed Scene Summary (Frames\u202f0114‑0125)**  \n\n| Frame | Visual\u202fDetails | Characters Present |\n|-------|----------------|--------------------|\n| 0114‑0115 | Warm‑up / team‑bench area. Vicente\u202fdel\u202fBosque (Spain’s coach) is visible, standing near the sideline. | Vicente\u202fdel\u202fBosque |\n| 0116‑0117 | Pan to the center of the pitch. German players in **white** and Spanish players in **red** occupy their respective halves. | German players (white), Spanish players (red) |\n| 0118‑0119 | Referee (black‑uniform) stands exactly on the centre‑circle line, between the two sides. | Referee |\n| 0120 | Soccer ball positioned on the centre spot; all players are in the standard pre‑kickoff formation, facing each other. | Same players + ball |\n| 0121 | The stadium scoreboard flashes **“00:00”** and “GER\u202f0‑0\u202fESP”, confirming the match has not yet begun. | Scoreboard |\n| 0122‑0125 | The match clock ticks to **00:01**, **00:02**, etc., while the scene remains static—no ball movement, no active play. | Continuation of same cast |\n\n**Key Observations & Timing**\n\n- **Kickoff criteria** (both teams present, referee centered, ball on spot, players in starting positions, no ball movement) are all satisfied starting at **frame\u202f0118** and confirmed by the scoreboard at **frame\u202f0121**.  \n- The **match clock** shows “00:00” at frame\u202f0121, meaning the actual kickoff occurs **immediately after** this frame.  \n- The frame numbers (0114‑0125) are at the **very beginning of the video**; they correspond to the first **≈1\u202fminute** of footage, far earlier than the suggested **27:12** timestamp.\n\n**Conclusion**\n\nThe first kickoff of the Germany\u202fvs\u202fSpain match is captured in frames\u202f0118‑0121, i.e., within the opening minute of the video, not at 27:12. Therefore, answer **‘2’ (27:12)** is **incorrect**. The correct video time for the kickoff is **early‑video (≈00:00‑00:01)**.', 'failed_images': []}

Question Being Answered: When do the two teams first kick off?

Answer Choices:
A. 00:52 video time
B. 27:12 video time
C. 01:58 video time
D. 02:00 video time

Given Answer: 2
Evidence Frames Used: ['frames/frame_0119.jpg', 'frames/frame_0120.jpg']

Character/Event/Scene logs: ================================================================================
CHARACTER, EVENT, AND SCENE LOGS
================================================================================

CHARACTERS:
Joachim Loew (Coach of Germany): Description: Middle-aged man with short brown hair, wearing a black jacket or blazer.
Vicente del Bosque (Coach of Spain): Description: Middle-aged man with gray hair and a mustache, wearing a black suit, white shirt, and red tie.
Carles Puyol: Description: Soccer player with curly brown hair, wearing a red jersey with yellow stripes and the number 5.
David Villa: Description: Soccer player wearing a red jersey with the number 7 on the back.
Fernando Torres: Description: Soccer player wearing a red jersey with the number 9 on the front.
Xabi Alonso: Description: Soccer player wearing a red jersey with the number 14 on the back.
Pedro: Description: Soccer player wearing a red jersey with the number 18 or 8 on the back.
Manuel Neuer (German Goalkeeper): Description: Soccer player wearing a yellow uniform with black stripes.
Mesut Ozil: Description: Soccer player wearing a white jersey with the number 8 on the front.
Miroslav Klose: Description: Soccer player wearing a white jersey with the number 11 on the front.
Bastian Schweinsteiger: Description: Soccer player wearing a white jersey with the number 7 on the front.
Viktor Kassai (Hungarian Referee): Description: Referee wearing a black uniform with yellow accents and a FIFA badge.
Other Referees: Description: Wearing black uniforms with yellow accents.

SCENES:
Aerial View of Stadium: Description: Nighttime aerial view of a large stadium with a distinctive arched roof in Durban. [Frames 1-7]
Crowd in the Stands: Description: Large crowd of people, mostly wearing red and yellow clothing, cheering and celebrating in a stadium. [Frames 8-13]
Soccer Field: Description: A soccer game being played at night in a large stadium with a full crowd, under bright lights shining from the roof. [Frames 14-3232]
Stadium Sidelines: Description: Soccer players, coaches, and officials standing or sitting on the sidelines, surrounded by advertisements and spectators. [Frames 3233-5896]
Post-Game Celebration: Description: Spanish soccer players hugging and celebrating together on the field after winning the game. [Frames 5840-5896]

EVENTS:
Pre-Game: Description: Teams Germany and Spain preparing to start the game, with players standing on the field and a graphic overlay displaying the starting lineups. [Frames 1-49]
Game Start: Description: The soccer match between Germany and Spain, with players from both teams, wearing white and red jerseys respectively, engaged in various actions such as running and kicking on a green field with white lines, surrounded by advertisements and spectators in the stands.', 'frames/frame_5490 seconds: The image shows a soccer match between Germany and Spain, with players from both teams in action on the field, surrounded by a crowd of spectators and advertisements on the sidelines.', 'frames/frame_5500 seconds: The image depicts a soccer match between Germany and Spain, with players from both teams in action on the field, surrounded by a crowd of spectators and advertisements on the sidelines.',
'frames/frame_5561 seconds: A soccer player in a red jersey with the number 6 on his back is seen celebrating a goal, with his arms raised, in a stadium filled with spectators, as the scoreboard displays "GER 0-1 ESP" and the time "72:10".',
'frames/frame_5892 seconds: The final score of the match between Germany and Spain is displayed on a graphic overlay, showing Spain winning 1-0, with the scorer's name, Puyol, and the time of the goal. [Frames 5886-5892]

================================================================================
Generated at: 2026-01-11 21:46:14
================================================================================



QUESTION-BASED CRITERIA:
  Q1. Players from Germany and Spain on the soccer field
  Q2. The referee positioned between the two teams
  Q3. A soccer ball placed on the center spot of the field
  Q4. Players in starting positions ready for kickoff
  Q5. No active play or ball movement occurring yet
  Q6. Teams arranged in their own halves facing each other


CRITICAL ASSESSMENT TASK:
For EACH criterion listed above, determine whether it PASSES or FAILS based ONLY on what the VLM actually reports seeing in the frames.

- PASS: The VLM results clearly confirm this criterion is satisfied in the frames
- FAIL: The VLM results indicate this criterion is NOT satisfied, or there is insufficient evidence

CONFIDENCE CALCULATION RULES:
1. Count how many criteria pass (criteria_percentage = criteria_passed / 6)
2. Calculate base_confidence = criteria_percentage * 100
3. ⚠️ If ANY answer-specific criterion (A1, A2, etc.) FAILS, set confidence = min(50, base_confidence)

⚠️ CRITICAL: There is ALWAYS a correct answer among the choices provided. If all answers seem slightly off or imperfect, you MUST choose the BEST possible answer that most closely matches the evidence.

CRITIC ANSWER CHOICE DECISION:
4. After evaluating criteria, if criteria_percentage > 0.5 (>50% of criteria pass):
   - Review ALL answer choices (A, B, C, D, etc.)
   - Based ONLY on the VLM visual evidence, determine which answer choice is MOST correct
   - Output your critic_answer_choice as a NUMBER (0=A, 1=B, 2=C, 3=D)
5. If criteria_percentage ≤ 0.5 (≤50% of criteria pass):
   - STILL do your best to pick out a correct answer, but also set suggestion to "These may not be the right frames/scene. Continue searching for better evidence."
   - output your best guess of the answer as a number (0=A, 1=B, 2=C, 3=D, 4=E)

Return ONLY this JSON:
{
    "criteria_results": [
        {"criterion": "criterion text", "criterion_type": "QUESTION or ANSWER", "status": "PASS or FAIL", "reasoning": "brief explanation"},
        ...
    ],
    "question_criteria_passed": <number of question criteria that passed>,
    "answer_criteria_passed": <number of answer criteria that passed>,
    "answer_criteria_total": 0,
    "criteria_passed": <number of question criteria that passed>,
    "criteria_total": 6,
    "criteria_percentage": <criteria_passed / 6>,
    "base_confidence": <(criteria_passed / 6) * 100>,
    "confidence": <base_confidence OR 50 if any answer criterion failed>,
    "critic_answer_choice": <NUMBER: 0=A, 1=B, 2=C, 3=D, 4=E>,
    "critic_reasoning": "<Brief explanation of why you chose this answer based on VLM evidence>",
    "possible_errors": [
        <List specific criteria that failed or issues found>
    ],
    "suggestion": <"These may not be the right frames" if ≤50%, otherwise null or specific improvement>
}

IMPORTANT RULES:
- Evaluate EACH criterion independently based on VLM results
- Mark criterion as PASS only if VLM clearly confirms it
- Mark criterion as FAIL if not confirmed or contradicted
- If ANY answer-specific criterion fails, confidence MUST be ≤50%
- Base evaluation ONLY on VLM verification results, not speculation
- Only list errors for criteria that actually failed
- Return ONLY valid JSON

Critical assessment response: ```json
{
    "criteria_results": [
        {"criterion": "Players from Germany and Spain on the soccer field", "criterion_type": "QUESTION", "status": "PASS", "reasoning": "VLM confirms players in white (Germany) and red (Spain) are visible on the pitch"},
        {"criterion": "The referee positioned between the two teams", "criterion_type": "QUESTION", "status": "PASS", "reasoning": "VLM confirms referee in black is standing at the center circle between the two teams"},
        {"criterion": "A soccer ball placed on the center spot of the field", "criterion_type": "QUESTION", "status": "PASS", "reasoning": "VLM confirms ball is clearly on the center spot"},
        {"criterion": "Players in starting positions ready for kickoff", "criterion_type": "QUESTION", "status": "PASS", "reasoning": "VLM confirms players are arranged in their respective halves in typical pre-kickoff formation"},
        {"criterion": "No active play or ball movement occurring yet", "criterion_type": "QUESTION", "status": "PASS", "reasoning": "VLM confirms ball is stationary and scoreboard reads 00:00, match has not started"},
        {"criterion": "Teams arranged in their own halves facing each other", "criterion_type": "QUESTION", "status": "PASS", "reasoning": "VLM confirms teams are clearly arranged in their own halves facing each other"}
    ],
    "question_criteria_passed": 6,
    "answer_criteria_passed": 0,
    "answer_criteria_total": 0,
    "criteria_passed": 6,
    "criteria_total": 6,
    "criteria_percentage": 1.0,
    "base_confidence": 100.0,
    "confidence": 100.0,
    "critic_answer_choice": 1,
    "critic_reasoning": "The VLM verification clearly shows the first kickoff occurs at the very beginning of the match (frames 0118-0121, match clock 00:00), which corresponds to early video time, not at 27:12. The VLM explicitly states answer '2' (27:12) is NOT correct and the kickoff occurs much earlier in the video.",
    "possible_errors": [],
    "suggestion": null
}
```
Critical assessment data: {'criteria_results': [{'criterion': 'Players from Germany and Spain on the soccer field', 'criterion_type': 'QUESTION', 'status': 'PASS', 'reasoning': 'VLM confirms players in white (Germany) and red (Spain) are visible on the pitch'}, {'criterion': 'The referee positioned between the two teams', 'criterion_type': 'QUESTION', 'status': 'PASS', 'reasoning': 'VLM confirms referee in black is standing at the center circle between the two teams'}, {'criterion': 'A soccer ball placed on the center spot of the field', 'criterion_type': 'QUESTION', 'status': 'PASS', 'reasoning': 'VLM confirms ball is clearly on the center spot'}, {'criterion': 'Players in starting positions ready for kickoff', 'criterion_type': 'QUESTION', 'status': 'PASS', 'reasoning': 'VLM confirms players are arranged in their respective halves in typical pre-kickoff formation'}, {'criterion': 'No active play or ball movement occurring yet', 'criterion_type': 'QUESTION', 'status': 'PASS', 'reasoning': 'VLM confirms ball is stationary and scoreboard reads 00:00, match has not started'}, {'criterion': 'Teams arranged in their own halves facing each other', 'criterion_type': 'QUESTION', 'status': 'PASS', 'reasoning': 'VLM confirms teams are clearly arranged in their own halves facing each other'}], 'question_criteria_passed': 6, 'answer_criteria_passed': 0, 'answer_criteria_total': 0, 'criteria_passed': 6, 'criteria_total': 6, 'criteria_percentage': 1.0, 'base_confidence': 100.0, 'confidence': 100.0, 'critic_answer_choice': 1, 'critic_reasoning': "The VLM verification clearly shows the first kickoff occurs at the very beginning of the match (frames 0118-0121, match clock 00:00), which corresponds to early video time, not at 27:12. The VLM explicitly states answer '2' (27:12) is NOT correct and the kickoff occurs much earlier in the video.", 'possible_errors': [], 'suggestion': None}
