Critic initial response: {
    "tool": "VLM_QUERY",
    "frames": [
        "frames/frame_4135.jpg",
        "frames/frame_4136.jpg",
        "frames/frame_4137.jpg",
        "frames/frame_4138.jpg",
        "frames/frame_4139.jpg",
        "frames/frame_4140.jpg",
        "frames/frame_4141.jpg",
        "frames/frame_4142.jpg",
        "frames/frame_4143.jpg",
        "frames/frame_4144.jpg",
        "frames/frame_4145.jpg",
        "frames/frame_4235.jpg",
        "frames/frame_4236.jpg",
        "frames/frame_4237.jpg",
        "frames/frame_4238.jpg",
        "frames/frame_4239.jpg",
        "frames/frame_4240.jpg",
        "frames/frame_4241.jpg",
        "frames/frame_4242.jpg",
        "frames/frame_4243.jpg",
        "frames/frame_4244.jpg",
        "frames/frame_4245.jpg"
    ],
    "prompt": "Based on these frames (including context before/after), verify if the answer '3' (Senior producer and young producer) is correct for the question: What is the relationship between Bong Joon Ho and the elderly man whom people are standing up and applauding for during his speech? Check the question criteria: 1) Bong Joon Ho (dark curly hair, glasses, black suit) is present, 2) Elderly man (white/gray hair, older appearance) is present, 3) Audience members are standing up from seats, 4) People are applauding/clapping hands, 5) Occurs during a speech (someone speaking at microphone), 6) Visible interaction or proximity between Bong Joon Ho and elderly man. Pay attention to temporal sequences and interactions between these two specific individuals."
}
Frames to verify: ['frames/frame_4135.jpg', 'frames/frame_4136.jpg', 'frames/frame_4137.jpg', 'frames/frame_4138.jpg', 'frames/frame_4139.jpg', 'frames/frame_4140.jpg', 'frames/frame_4141.jpg', 'frames/frame_4142.jpg', 'frames/frame_4143.jpg', 'frames/frame_4144.jpg', 'frames/frame_4145.jpg', 'frames/frame_4235.jpg', 'frames/frame_4236.jpg', 'frames/frame_4237.jpg', 'frames/frame_4238.jpg', 'frames/frame_4239.jpg', 'frames/frame_4240.jpg', 'frames/frame_4241.jpg', 'frames/frame_4242.jpg', 'frames/frame_4243.jpg', 'frames/frame_4244.jpg', 'frames/frame_4245.jpg']
VLM Prompt: Video context: After analyzing the provided SET of frame-by-frame captions data for a long video, I've generated a global summary that captures the main characters, setting, plot line, vibes, and general details.

**Global Summary:**

The video appears to be a compilation of various Academy Awards (Oscars) ceremonies, featuring a mix of acceptance speeches, performances, and behind-the-scenes moments. The main characters include celebrities such as actors, actresses, presenters, and performers.

The setting is primarily the Oscars ceremony, with various stages, backdrops, and auditoriums featured throughout the video. The atmosphere is generally glamorous, celebratory, and emotional, with a focus on the excitement and prestige of the awards.

The plot line is not narrative-driven, but rather a collection of moments from different Oscars ceremonies. However, the video showcases the glamour and prestige of the event, highlighting the winners, nominees, and performers.

The vibes are predominantly positive, with a sense of excitement, joy, and celebration. There are also moments of shock, surprise, and emotional reactions from the attendees.

Some notable details include:

* The presence of various celebrities, such as Lady Gaga, John Legend, Tom Hanks, and Bradley Cooper, among others.
* The different stages and backdrops used during the ceremonies, including gold and silver structures, spiral staircases, and large screens.
* The emotional reactions of the winners and attendees, including tears, hugs, and applause.
* The presence of animated characters and scenes from various movies, such as "Toy Story 4" and "Joker," which suggests that the video may be highlighting the nominees and winners of specific categories.
* The overall atmosphere of glamour and celebration, with a focus on the prestige and excitement of the Oscars ceremony.

Overall, the video is a dynamic and engaging compilation of moments from the Oscars, showcasing the excitement, glamour, and emotional highs of the event.

Based on these frames (including context before/after), verify if the answer '3' (Senior producer and young producer) is correct for the question: What is the relationship between Bong Joon Ho and the elderly man whom people are standing up and applauding for during his speech? Check the question criteria: 1) Bong Joon Ho (dark curly hair, glasses, black suit) is present, 2) Elderly man (white/gray hair, older appearance) is present, 3) Audience members are standing up from seats, 4) People are applauding/clapping hands, 5) Occurs during a speech (someone speaking at microphone), 6) Visible interaction or proximity between Bong Joon Ho and elderly man. Pay attention to temporal sequences and interactions between these two specific individuals.
VLM response: {'batched_responses': [{'batch_start': 0, 'batch_end': 22, 'image_paths': ['/mnt/ssd/data/lvbench/videos_processed/-WnyRMZqV1U/frames/frame_4135.jpg', '/mnt/ssd/data/lvbench/videos_processed/-WnyRMZqV1U/frames/frame_4136.jpg', '/mnt/ssd/data/lvbench/videos_processed/-WnyRMZqV1U/frames/frame_4137.jpg', '/mnt/ssd/data/lvbench/videos_processed/-WnyRMZqV1U/frames/frame_4138.jpg', '/mnt/ssd/data/lvbench/videos_processed/-WnyRMZqV1U/frames/frame_4139.jpg', '/mnt/ssd/data/lvbench/videos_processed/-WnyRMZqV1U/frames/frame_4140.jpg', '/mnt/ssd/data/lvbench/videos_processed/-WnyRMZqV1U/frames/frame_4141.jpg', '/mnt/ssd/data/lvbench/videos_processed/-WnyRMZqV1U/frames/frame_4142.jpg', '/mnt/ssd/data/lvbench/videos_processed/-WnyRMZqV1U/frames/frame_4143.jpg', '/mnt/ssd/data/lvbench/videos_processed/-WnyRMZqV1U/frames/frame_4144.jpg', '/mnt/ssd/data/lvbench/videos_processed/-WnyRMZqV1U/frames/frame_4145.jpg', '/mnt/ssd/data/lvbench/videos_processed/-WnyRMZqV1U/frames/frame_4235.jpg', '/mnt/ssd/data/lvbench/videos_processed/-WnyRMZqV1U/frames/frame_4236.jpg', '/mnt/ssd/data/lvbench/videos_processed/-WnyRMZqV1U/frames/frame_4237.jpg', '/mnt/ssd/data/lvbench/videos_processed/-WnyRMZqV1U/frames/frame_4238.jpg', '/mnt/ssd/data/lvbench/videos_processed/-WnyRMZqV1U/frames/frame_4239.jpg', '/mnt/ssd/data/lvbench/videos_processed/-WnyRMZqV1U/frames/frame_4240.jpg', '/mnt/ssd/data/lvbench/videos_processed/-WnyRMZqV1U/frames/frame_4241.jpg', '/mnt/ssd/data/lvbench/videos_processed/-WnyRMZqV1U/frames/frame_4242.jpg', '/mnt/ssd/data/lvbench/videos_processed/-WnyRMZqV1U/frames/frame_4243.jpg', '/mnt/ssd/data/lvbench/videos_processed/-WnyRMZqV1U/frames/frame_4244.jpg', '/mnt/ssd/data/lvbench/videos_processed/-WnyRMZqV1U/frames/frame_4245.jpg'], 'response': 'The answer **‘3’ (Senior producer and young producer)** is **incorrect** based on the provided frames and the specific criteria.\n\n---\n\n### Let’s break down the criteria and verify against the frames:\n\n#### 1) **Bong Joon Ho (dark curly hair, glasses, black suit) is present**\n✅ **Confirmed.** In **Frame 4, 5, 6, 9, 10**, Bong Joon Ho is clearly visible in the audience, seated, wearing glasses and a black suit. He is one of the nominees for Best Director.\n\n#### 2) **Elderly man (white/gray hair, older appearance) is present**\n✅ **Confirmed.** In **Frame 15, 16, 20, 21**, an elderly man with white hair, wearing a tuxedo, is visible in the audience. He is clapping and reacting emotionally — this is **Martin Scorsese**, who was also nominated for Best Director that night.\n\n#### 3) **Audience members are standing up from seats**\n✅ **Confirmed.** In **Frame 12**, the entire audience is standing and applauding. In **Frame 10**, people are rising from their seats as Bong Joon Ho is announced as the winner.\n\n#### 4) **People are applauding/clapping hands**\n✅ **Confirmed.** In **Frame 10, 12, 15, 16, 20, 21**, widespread clapping and standing ovations are visible.\n\n#### 5) **Occurs during a speech (someone speaking at microphone)**\n⚠️ **Partially confirmed.** While **no frame shows Bong Joon Ho speaking at the microphone** in this set, the context is clear: **he has just won Best Director**, and the standing ovation occurs **immediately after the winner is announced** (Frame 10). The speech typically follows immediately, and the audience reaction is part of the speech sequence. However, **no frame here shows him actually speaking** — so this criterion is **not fully satisfied visually** in these 22 frames.\n\n#### 6) **Visible interaction or proximity between Bong Joon Ho and elderly man**\n❌ **Not confirmed.** While both are visible in the audience (Bong in Frame 4–10, Scorsese in Frame 15–21), **there is no frame showing them interacting, sitting near each other, or any direct visual proximity or exchange**. In fact, they appear in **separate camera shots** — Bong is shown in nominee close-ups, Scorsese in audience reaction shots — with no overlap or interaction captured.\n\n---\n\n### Regarding the Answer: “3 — Senior producer and young producer”\n\nThis is **factually incorrect** in the context of the Oscars and the individuals involved.\n\n- **Bong Joon Ho** is the **director** of *Parasite*.\n- The **elderly man** is **Martin Scorsese**, director of *The Irishman*.\n- They are **both directors**, **not producers**, and certainly not in a “senior/young producer” relationship.\n- There is **no professional or personal producer relationship** between them.\n- The applause is for **Bong’s win**, and Scorsese is seen applauding respectfully — a moment of **peer recognition**, not a hierarchical or production relationship.\n\n---\n\n### Conclusion:\n\nThe answer **‘3’ is incorrect** because:\n- The relationship described does not exist between these two individuals.\n- The visual evidence does not show direct interaction or proximity.\n- The criteria for “speech” is not fully met in these frames.\n- The roles described (“senior/young producer”) are factually wrong — they are both directors.\n\n✅ **Correct answer should reflect that they are peers — fellow nominees/directors — and the applause is for Bong’s win, with Scorsese showing respect.**\n\n---\n\n**Final Verdict: ❌ Incorrect.**'}], 'formatted_responses': ['\n=== Batch 0-22 (22 frames) ===\nFrames: /mnt/ssd/data/lvbench/videos_processed/-WnyRMZqV1U/frames/frame_4135.jpg, /mnt/ssd/data/lvbench/videos_processed/-WnyRMZqV1U/frames/frame_4136.jpg, /mnt/ssd/data/lvbench/videos_processed/-WnyRMZqV1U/frames/frame_4137.jpg, /mnt/ssd/data/lvbench/videos_processed/-WnyRMZqV1U/frames/frame_4138.jpg, /mnt/ssd/data/lvbench/videos_processed/-WnyRMZqV1U/frames/frame_4139.jpg, /mnt/ssd/data/lvbench/videos_processed/-WnyRMZqV1U/frames/frame_4140.jpg, /mnt/ssd/data/lvbench/videos_processed/-WnyRMZqV1U/frames/frame_4141.jpg, /mnt/ssd/data/lvbench/videos_processed/-WnyRMZqV1U/frames/frame_4142.jpg, /mnt/ssd/data/lvbench/videos_processed/-WnyRMZqV1U/frames/frame_4143.jpg, /mnt/ssd/data/lvbench/videos_processed/-WnyRMZqV1U/frames/frame_4144.jpg, /mnt/ssd/data/lvbench/videos_processed/-WnyRMZqV1U/frames/frame_4145.jpg, /mnt/ssd/data/lvbench/videos_processed/-WnyRMZqV1U/frames/frame_4235.jpg, /mnt/ssd/data/lvbench/videos_processed/-WnyRMZqV1U/frames/frame_4236.jpg, /mnt/ssd/data/lvbench/videos_processed/-WnyRMZqV1U/frames/frame_4237.jpg, /mnt/ssd/data/lvbench/videos_processed/-WnyRMZqV1U/frames/frame_4238.jpg, /mnt/ssd/data/lvbench/videos_processed/-WnyRMZqV1U/frames/frame_4239.jpg, /mnt/ssd/data/lvbench/videos_processed/-WnyRMZqV1U/frames/frame_4240.jpg, /mnt/ssd/data/lvbench/videos_processed/-WnyRMZqV1U/frames/frame_4241.jpg, /mnt/ssd/data/lvbench/videos_processed/-WnyRMZqV1U/frames/frame_4242.jpg, /mnt/ssd/data/lvbench/videos_processed/-WnyRMZqV1U/frames/frame_4243.jpg, /mnt/ssd/data/lvbench/videos_processed/-WnyRMZqV1U/frames/frame_4244.jpg, /mnt/ssd/data/lvbench/videos_processed/-WnyRMZqV1U/frames/frame_4245.jpg\nVLM Response: The answer **‘3’ (Senior producer and young producer)** is **incorrect** based on the provided frames and the specific criteria.\n\n---\n\n### Let’s break down the criteria and verify against the frames:\n\n#### 1) **Bong Joon Ho (dark curly hair, glasses, black suit) is present**\n✅ **Confirmed.** In **Frame 4, 5, 6, 9, 10**, Bong Joon Ho is clearly visible in the audience, seated, wearing glasses and a black suit. He is one of the nominees for Best Director.\n\n#### 2) **Elderly man (white/gray hair, older appearance) is present**\n✅ **Confirmed.** In **Frame 15, 16, 20, 21**, an elderly man with white hair, wearing a tuxedo, is visible in the audience. He is clapping and reacting emotionally — this is **Martin Scorsese**, who was also nominated for Best Director that night.\n\n#### 3) **Audience members are standing up from seats**\n✅ **Confirmed.** In **Frame 12**, the entire audience is standing and applauding. In **Frame 10**, people are rising from their seats as Bong Joon Ho is announced as the winner.\n\n#### 4) **People are applauding/clapping hands**\n✅ **Confirmed.** In **Frame 10, 12, 15, 16, 20, 21**, widespread clapping and standing ovations are visible.\n\n#### 5) **Occurs during a speech (someone speaking at microphone)**\n⚠️ **Partially confirmed.** While **no frame shows Bong Joon Ho speaking at the microphone** in this set, the context is clear: **he has just won Best Director**, and the standing ovation occurs **immediately after the winner is announced** (Frame 10). The speech typically follows immediately, and the audience reaction is part of the speech sequence. However, **no frame here shows him actually speaking** — so this criterion is **not fully satisfied visually** in these 22 frames.\n\n#### 6) **Visible interaction or proximity between Bong Joon Ho and elderly man**\n❌ **Not confirmed.** While both are visible in the audience (Bong in Frame 4–10, Scorsese in Frame 15–21), **there is no frame showing them interacting, sitting near each other, or any direct visual proximity or exchange**. In fact, they appear in **separate camera shots** — Bong is shown in nominee close-ups, Scorsese in audience reaction shots — with no overlap or interaction captured.\n\n---\n\n### Regarding the Answer: “3 — Senior producer and young producer”\n\nThis is **factually incorrect** in the context of the Oscars and the individuals involved.\n\n- **Bong Joon Ho** is the **director** of *Parasite*.\n- The **elderly man** is **Martin Scorsese**, director of *The Irishman*.\n- They are **both directors**, **not producers**, and certainly not in a “senior/young producer” relationship.\n- There is **no professional or personal producer relationship** between them.\n- The applause is for **Bong’s win**, and Scorsese is seen applauding respectfully — a moment of **peer recognition**, not a hierarchical or production relationship.\n\n---\n\n### Conclusion:\n\nThe answer **‘3’ is incorrect** because:\n- The relationship described does not exist between these two individuals.\n- The visual evidence does not show direct interaction or proximity.\n- The criteria for “speech” is not fully met in these frames.\n- The roles described (“senior/young producer”) are factually wrong — they are both directors.\n\n✅ **Correct answer should reflect that they are peers — fellow nominees/directors — and the applause is for Bong’s win, with Scorsese showing respect.**\n\n---\n\n**Final Verdict: ❌ Incorrect.**\n'], 'condensed_response': '**Scene Summary (Frames\u202f4135‑4245)**  \n\n| Frame(s) | Character(s) | Appearance / Action | What the frame shows |\n|----------|--------------|---------------------|----------------------|\n| 4138‑4142 | **Bong\u202fJoon‑Ho** | Dark curly hair, glasses, black suit; seated in the audience | Visible among the nominees; reacts as his name is called |\n| 4143‑4145 | **Bong\u202fJoon‑Ho** | Stands up, claps | Audience rises as he is announced the winner |\n| 4235‑4240 | **Martin\u202fScorsese** (elderly man) | White/gray hair, tuxedo; seated in the audience | Claps and shows an emotional reaction |\n| 4241‑4245 | **Martin\u202fScorsese** | Stands up, joins applause | The whole hall is on its feet |\n\n**Key visual cues that satisfy the criteria**\n\n1. **Bong\u202fJoon‑Ho present** – confirmed in frames\u202f4‑6,\u202f9‑10.  \n2. **Elderly man (Scorsese) present** – confirmed in frames\u202f15‑16,\u202f20‑21.  \n3. **Audience standing** – frame\u202f12 (entire hall) and frame\u202f10 (people rising as Bong is announced).  \n4. **Applause** – evident in frames\u202f10,\u202f12,\u202f15‑16,\u202f20‑21.  \n5. **Speech context** – the standing ovation follows the winner announcement (frame\u202f10). No frame actually shows Bong speaking, so the “speech” criterion is only implied.  \n6. **Interaction/proximity** – **not shown**. Bong’s shots (frames\u202f4‑10) and Scorsese’s shots (frames\u202f15‑21) are from separate camera angles with no overlap; no visual exchange between the two.\n\n**Why the answer “3\u202f—\u202fSenior producer and young producer” is wrong**\n\n- The two individuals are **directors**, not producers.  \n- They are **peers** (both nominees for Best Director) rather than senior‑junior.  \n- No visual evidence of a producer‑producer relationship or any direct interaction.  \n- The scene captures **peer recognition**: Scorsese applauds Bong’s win.\n\n**Verdict:** The answer is **incorrect**; the correct description should note that Bong\u202fJoon‑Ho and Martin\u202fScorsese, both directors, are separately captured celebrating a win, with no direct interaction or producer relationship visible.', 'failed_images': []}
Followup prompt: 
Critically assess whether the VLM verification supports the given answer by evaluating each criterion.

⚠️ IMPORTANT: Answers use 0-INDEXED numbers where 0=A, 1=B, 2=C, 3=D, 4=E

VLM Verification Results:
{'batched_responses': [{'batch_start': 0, 'batch_end': 22, 'image_paths': ['/mnt/ssd/data/lvbench/videos_processed/-WnyRMZqV1U/frames/frame_4135.jpg', '/mnt/ssd/data/lvbench/videos_processed/-WnyRMZqV1U/frames/frame_4136.jpg', '/mnt/ssd/data/lvbench/videos_processed/-WnyRMZqV1U/frames/frame_4137.jpg', '/mnt/ssd/data/lvbench/videos_processed/-WnyRMZqV1U/frames/frame_4138.jpg', '/mnt/ssd/data/lvbench/videos_processed/-WnyRMZqV1U/frames/frame_4139.jpg', '/mnt/ssd/data/lvbench/videos_processed/-WnyRMZqV1U/frames/frame_4140.jpg', '/mnt/ssd/data/lvbench/videos_processed/-WnyRMZqV1U/frames/frame_4141.jpg', '/mnt/ssd/data/lvbench/videos_processed/-WnyRMZqV1U/frames/frame_4142.jpg', '/mnt/ssd/data/lvbench/videos_processed/-WnyRMZqV1U/frames/frame_4143.jpg', '/mnt/ssd/data/lvbench/videos_processed/-WnyRMZqV1U/frames/frame_4144.jpg', '/mnt/ssd/data/lvbench/videos_processed/-WnyRMZqV1U/frames/frame_4145.jpg', '/mnt/ssd/data/lvbench/videos_processed/-WnyRMZqV1U/frames/frame_4235.jpg', '/mnt/ssd/data/lvbench/videos_processed/-WnyRMZqV1U/frames/frame_4236.jpg', '/mnt/ssd/data/lvbench/videos_processed/-WnyRMZqV1U/frames/frame_4237.jpg', '/mnt/ssd/data/lvbench/videos_processed/-WnyRMZqV1U/frames/frame_4238.jpg', '/mnt/ssd/data/lvbench/videos_processed/-WnyRMZqV1U/frames/frame_4239.jpg', '/mnt/ssd/data/lvbench/videos_processed/-WnyRMZqV1U/frames/frame_4240.jpg', '/mnt/ssd/data/lvbench/videos_processed/-WnyRMZqV1U/frames/frame_4241.jpg', '/mnt/ssd/data/lvbench/videos_processed/-WnyRMZqV1U/frames/frame_4242.jpg', '/mnt/ssd/data/lvbench/videos_processed/-WnyRMZqV1U/frames/frame_4243.jpg', '/mnt/ssd/data/lvbench/videos_processed/-WnyRMZqV1U/frames/frame_4244.jpg', '/mnt/ssd/data/lvbench/videos_processed/-WnyRMZqV1U/frames/frame_4245.jpg'], 'response': 'The answer **‘3’ (Senior producer and young producer)** is **incorrect** based on the provided frames and the specific criteria.\n\n---\n\n### Let’s break down the criteria and verify against the frames:\n\n#### 1) **Bong Joon Ho (dark curly hair, glasses, black suit) is present**\n✅ **Confirmed.** In **Frame 4, 5, 6, 9, 10**, Bong Joon Ho is clearly visible in the audience, seated, wearing glasses and a black suit. He is one of the nominees for Best Director.\n\n#### 2) **Elderly man (white/gray hair, older appearance) is present**\n✅ **Confirmed.** In **Frame 15, 16, 20, 21**, an elderly man with white hair, wearing a tuxedo, is visible in the audience. He is clapping and reacting emotionally — this is **Martin Scorsese**, who was also nominated for Best Director that night.\n\n#### 3) **Audience members are standing up from seats**\n✅ **Confirmed.** In **Frame 12**, the entire audience is standing and applauding. In **Frame 10**, people are rising from their seats as Bong Joon Ho is announced as the winner.\n\n#### 4) **People are applauding/clapping hands**\n✅ **Confirmed.** In **Frame 10, 12, 15, 16, 20, 21**, widespread clapping and standing ovations are visible.\n\n#### 5) **Occurs during a speech (someone speaking at microphone)**\n⚠️ **Partially confirmed.** While **no frame shows Bong Joon Ho speaking at the microphone** in this set, the context is clear: **he has just won Best Director**, and the standing ovation occurs **immediately after the winner is announced** (Frame 10). The speech typically follows immediately, and the audience reaction is part of the speech sequence. However, **no frame here shows him actually speaking** — so this criterion is **not fully satisfied visually** in these 22 frames.\n\n#### 6) **Visible interaction or proximity between Bong Joon Ho and elderly man**\n❌ **Not confirmed.** While both are visible in the audience (Bong in Frame 4–10, Scorsese in Frame 15–21), **there is no frame showing them interacting, sitting near each other, or any direct visual proximity or exchange**. In fact, they appear in **separate camera shots** — Bong is shown in nominee close-ups, Scorsese in audience reaction shots — with no overlap or interaction captured.\n\n---\n\n### Regarding the Answer: “3 — Senior producer and young producer”\n\nThis is **factually incorrect** in the context of the Oscars and the individuals involved.\n\n- **Bong Joon Ho** is the **director** of *Parasite*.\n- The **elderly man** is **Martin Scorsese**, director of *The Irishman*.\n- They are **both directors**, **not producers**, and certainly not in a “senior/young producer” relationship.\n- There is **no professional or personal producer relationship** between them.\n- The applause is for **Bong’s win**, and Scorsese is seen applauding respectfully — a moment of **peer recognition**, not a hierarchical or production relationship.\n\n---\n\n### Conclusion:\n\nThe answer **‘3’ is incorrect** because:\n- The relationship described does not exist between these two individuals.\n- The visual evidence does not show direct interaction or proximity.\n- The criteria for “speech” is not fully met in these frames.\n- The roles described (“senior/young producer”) are factually wrong — they are both directors.\n\n✅ **Correct answer should reflect that they are peers — fellow nominees/directors — and the applause is for Bong’s win, with Scorsese showing respect.**\n\n---\n\n**Final Verdict: ❌ Incorrect.**'}], 'formatted_responses': ['\n=== Batch 0-22 (22 frames) ===\nFrames: /mnt/ssd/data/lvbench/videos_processed/-WnyRMZqV1U/frames/frame_4135.jpg, /mnt/ssd/data/lvbench/videos_processed/-WnyRMZqV1U/frames/frame_4136.jpg, /mnt/ssd/data/lvbench/videos_processed/-WnyRMZqV1U/frames/frame_4137.jpg, /mnt/ssd/data/lvbench/videos_processed/-WnyRMZqV1U/frames/frame_4138.jpg, /mnt/ssd/data/lvbench/videos_processed/-WnyRMZqV1U/frames/frame_4139.jpg, /mnt/ssd/data/lvbench/videos_processed/-WnyRMZqV1U/frames/frame_4140.jpg, /mnt/ssd/data/lvbench/videos_processed/-WnyRMZqV1U/frames/frame_4141.jpg, /mnt/ssd/data/lvbench/videos_processed/-WnyRMZqV1U/frames/frame_4142.jpg, /mnt/ssd/data/lvbench/videos_processed/-WnyRMZqV1U/frames/frame_4143.jpg, /mnt/ssd/data/lvbench/videos_processed/-WnyRMZqV1U/frames/frame_4144.jpg, /mnt/ssd/data/lvbench/videos_processed/-WnyRMZqV1U/frames/frame_4145.jpg, /mnt/ssd/data/lvbench/videos_processed/-WnyRMZqV1U/frames/frame_4235.jpg, /mnt/ssd/data/lvbench/videos_processed/-WnyRMZqV1U/frames/frame_4236.jpg, /mnt/ssd/data/lvbench/videos_processed/-WnyRMZqV1U/frames/frame_4237.jpg, /mnt/ssd/data/lvbench/videos_processed/-WnyRMZqV1U/frames/frame_4238.jpg, /mnt/ssd/data/lvbench/videos_processed/-WnyRMZqV1U/frames/frame_4239.jpg, /mnt/ssd/data/lvbench/videos_processed/-WnyRMZqV1U/frames/frame_4240.jpg, /mnt/ssd/data/lvbench/videos_processed/-WnyRMZqV1U/frames/frame_4241.jpg, /mnt/ssd/data/lvbench/videos_processed/-WnyRMZqV1U/frames/frame_4242.jpg, /mnt/ssd/data/lvbench/videos_processed/-WnyRMZqV1U/frames/frame_4243.jpg, /mnt/ssd/data/lvbench/videos_processed/-WnyRMZqV1U/frames/frame_4244.jpg, /mnt/ssd/data/lvbench/videos_processed/-WnyRMZqV1U/frames/frame_4245.jpg\nVLM Response: The answer **‘3’ (Senior producer and young producer)** is **incorrect** based on the provided frames and the specific criteria.\n\n---\n\n### Let’s break down the criteria and verify against the frames:\n\n#### 1) **Bong Joon Ho (dark curly hair, glasses, black suit) is present**\n✅ **Confirmed.** In **Frame 4, 5, 6, 9, 10**, Bong Joon Ho is clearly visible in the audience, seated, wearing glasses and a black suit. He is one of the nominees for Best Director.\n\n#### 2) **Elderly man (white/gray hair, older appearance) is present**\n✅ **Confirmed.** In **Frame 15, 16, 20, 21**, an elderly man with white hair, wearing a tuxedo, is visible in the audience. He is clapping and reacting emotionally — this is **Martin Scorsese**, who was also nominated for Best Director that night.\n\n#### 3) **Audience members are standing up from seats**\n✅ **Confirmed.** In **Frame 12**, the entire audience is standing and applauding. In **Frame 10**, people are rising from their seats as Bong Joon Ho is announced as the winner.\n\n#### 4) **People are applauding/clapping hands**\n✅ **Confirmed.** In **Frame 10, 12, 15, 16, 20, 21**, widespread clapping and standing ovations are visible.\n\n#### 5) **Occurs during a speech (someone speaking at microphone)**\n⚠️ **Partially confirmed.** While **no frame shows Bong Joon Ho speaking at the microphone** in this set, the context is clear: **he has just won Best Director**, and the standing ovation occurs **immediately after the winner is announced** (Frame 10). The speech typically follows immediately, and the audience reaction is part of the speech sequence. However, **no frame here shows him actually speaking** — so this criterion is **not fully satisfied visually** in these 22 frames.\n\n#### 6) **Visible interaction or proximity between Bong Joon Ho and elderly man**\n❌ **Not confirmed.** While both are visible in the audience (Bong in Frame 4–10, Scorsese in Frame 15–21), **there is no frame showing them interacting, sitting near each other, or any direct visual proximity or exchange**. In fact, they appear in **separate camera shots** — Bong is shown in nominee close-ups, Scorsese in audience reaction shots — with no overlap or interaction captured.\n\n---\n\n### Regarding the Answer: “3 — Senior producer and young producer”\n\nThis is **factually incorrect** in the context of the Oscars and the individuals involved.\n\n- **Bong Joon Ho** is the **director** of *Parasite*.\n- The **elderly man** is **Martin Scorsese**, director of *The Irishman*.\n- They are **both directors**, **not producers**, and certainly not in a “senior/young producer” relationship.\n- There is **no professional or personal producer relationship** between them.\n- The applause is for **Bong’s win**, and Scorsese is seen applauding respectfully — a moment of **peer recognition**, not a hierarchical or production relationship.\n\n---\n\n### Conclusion:\n\nThe answer **‘3’ is incorrect** because:\n- The relationship described does not exist between these two individuals.\n- The visual evidence does not show direct interaction or proximity.\n- The criteria for “speech” is not fully met in these frames.\n- The roles described (“senior/young producer”) are factually wrong — they are both directors.\n\n✅ **Correct answer should reflect that they are peers — fellow nominees/directors — and the applause is for Bong’s win, with Scorsese showing respect.**\n\n---\n\n**Final Verdict: ❌ Incorrect.**\n'], 'condensed_response': '**Scene Summary (Frames\u202f4135‑4245)**  \n\n| Frame(s) | Character(s) | Appearance / Action | What the frame shows |\n|----------|--------------|---------------------|----------------------|\n| 4138‑4142 | **Bong\u202fJoon‑Ho** | Dark curly hair, glasses, black suit; seated in the audience | Visible among the nominees; reacts as his name is called |\n| 4143‑4145 | **Bong\u202fJoon‑Ho** | Stands up, claps | Audience rises as he is announced the winner |\n| 4235‑4240 | **Martin\u202fScorsese** (elderly man) | White/gray hair, tuxedo; seated in the audience | Claps and shows an emotional reaction |\n| 4241‑4245 | **Martin\u202fScorsese** | Stands up, joins applause | The whole hall is on its feet |\n\n**Key visual cues that satisfy the criteria**\n\n1. **Bong\u202fJoon‑Ho present** – confirmed in frames\u202f4‑6,\u202f9‑10.  \n2. **Elderly man (Scorsese) present** – confirmed in frames\u202f15‑16,\u202f20‑21.  \n3. **Audience standing** – frame\u202f12 (entire hall) and frame\u202f10 (people rising as Bong is announced).  \n4. **Applause** – evident in frames\u202f10,\u202f12,\u202f15‑16,\u202f20‑21.  \n5. **Speech context** – the standing ovation follows the winner announcement (frame\u202f10). No frame actually shows Bong speaking, so the “speech” criterion is only implied.  \n6. **Interaction/proximity** – **not shown**. Bong’s shots (frames\u202f4‑10) and Scorsese’s shots (frames\u202f15‑21) are from separate camera angles with no overlap; no visual exchange between the two.\n\n**Why the answer “3\u202f—\u202fSenior producer and young producer” is wrong**\n\n- The two individuals are **directors**, not producers.  \n- They are **peers** (both nominees for Best Director) rather than senior‑junior.  \n- No visual evidence of a producer‑producer relationship or any direct interaction.  \n- The scene captures **peer recognition**: Scorsese applauds Bong’s win.\n\n**Verdict:** The answer is **incorrect**; the correct description should note that Bong\u202fJoon‑Ho and Martin\u202fScorsese, both directors, are separately captured celebrating a win, with no direct interaction or producer relationship visible.', 'failed_images': []}

Question Being Answered: What is the relationship between Bong Joon Ho and the elderly man whom people are standing up and applauding for during his speech?

Answer Choices (0-indexed: 0=A, 1=B, 2=C, 3=D, 4=E):
  0 (=A): Actor and producer
  1 (=B): Employer and employee
  2 (=C): Father and son
  3 (=D): Senior producer and young producer

Given Answer: 3
Evidence Frames Used: ['frames/frame_4140.jpg', 'frames/frame_4240.jpg']

Character/Event/Scene logs: ================================================================================
CHARACTER, EVENT, AND SCENE LOGS
================================================================================

CHARACTERS:
Woman in Pink Dress: Description: A woman wearing a light pink dress, speaking into a microphone at the Oscars ceremony. [1-34, 53-55, 148-150, 153-155, 158-160]
Fred Rogers: Description: A middle-aged man with gray hair, wearing a red cardigan over a white collared shirt and black tie. [59-63]
Pope Francis: Description: An elderly man with white hair, wearing a white robe and a gold chain around his neck. [64, 68, 69]
Man in Black Suit: Description: A man wearing a black suit, white shirt, and tie or bow tie, often seen at formal events or awards ceremonies. [70, 73-80, 83, 87-90, 114, 123-129, 138, 139]
Cliff Booth: Description: A man with long blond hair and a beard, wearing a yellow Hawaiian shirt over a white Champion t-shirt. [96, 97]
Brad Pitt: Description: A man with short brown hair, wearing a black tuxedo with a white shirt and black bow tie. [179, 180, 183]
Al Pacino: Description: An older man with grey hair, wearing a black suit. [173, 175]
Tom Hanks: Description: A middle-aged man with short gray hair, wearing a black tuxedo and black bow tie. [163-165, 179, 187, 191]
Regina King: Description: A woman with dark skin and black hair, wearing a pink sleeveless top. [45]
Oprah Winfrey: Description: A woman with dark skin and long black hair, wearing a bright yellow off-the-shoulder gown and a large diamond necklace. [32, 324-327]
Michelle Yeoh: Description: A woman with brown skin and long dark hair, wearing a yellow one-shoulder gown and a large diamond necklace. [340, 344, 345]
Cate Blanchett: Description: A woman with short blonde hair, wearing a white one-shoulder dress. [501, 502]
Renee Zellweger: Description: A woman with blonde hair, wearing a white one-shoulder dress. [486, 487]
Brie Larson: Description: A woman with short brown hair, wearing a white one-shoulder dress. [496, 497]
Celine Dion: Description: A woman with dark hair and blue teardrop makeup. [364, 365]
Laura Dern: Description: A blonde woman wearing a black dress and dangling earrings. [217, 218]
Cynthia Erivo: Description: A woman with a shaved head, wearing a white strapless dress. [479, 480]
Reese Witherspoon: Description: A blonde woman wearing a black dress and earrings. [225, 226]
Florence Pugh: Description: A woman wearing a green dress and a silver necklace. [218, 219]
Margot Robbie: Description: A blonde woman wearing a black dress. [219, 220]
Helen Mirren: Description: An older woman with short white hair, wearing a dark blue dress with cut-out shoulders and silver brooches. [439, 440]
Taika Waititi: Description: A man with curly gray hair, wearing a black tuxedo with a white shirt and black bow tie. [439, 440]
Bradley Cooper: Description: A man with long blond hair, wearing a black tuxedo with a white shirt and black bow tie. [219, 230, 234]
Elton John: Description: A man wearing a purple suit with yellow trim, a black bow tie, and a black beret. [409, 410]
Billy Porter: Description: A man wearing a purple suit with yellow trim and a black bow tie. [414, 443]
Bong Joon Ho: Description: A man with dark, curly hair and glasses, wearing a black suit. [383, 384]
Steven Bognar: Description: A man with short black hair and glasses, wearing a black shirt. [384, 385]
Julia Reichert: Description: A woman with short white hair, wearing a white shirt with black trim. [384, 385]
Jeff Reichert: Description: A man with short black hair, wearing a black shirt. [384, 385]
Matt Dillon: Description: A man with dark hair and a black shirt. [386, 387]
Will Ferrell: Description: A man with a dark suit and bow tie. [388, 389]
Amy Poehler: Description: A woman with short blonde hair, wearing a beige dress with feathered sleeves. [388, 389]
Jimmy Kimmel: Description: A man with short dark hair, wearing a black tuxedo with a white shirt and black bow tie. [437, 438]
Matthew McConaughey: Description: A man with short brown hair, wearing a black tuxedo with a white shirt and black bow tie. [278, 279]
Joaquin Phoenix: Description: A man with dark hair, wearing a black tuxedo with a white shirt and black bow tie. [278, 279]
Jeff Bridges: Description: A man with gray hair and glasses, wearing a black suit. [435, 436]

SCENES:
Oscars Ceremony: Description: A formal event with a stage, audience, and presenters. [1-34, 45-50, 53-55, 148-150, 153-155, 158-160, 163-165, 173-175, 179-180, 183-185, 188-190, 203-206, 208-210, 213-215, 218-220, 223-225, 228-230, 233-235, 238-241, 265-268, 270-275, 278-280, 283-285, 288-290, 293-295, 298-300, 303-305, 308-310, 313-315, 318-320, 322-324, 327-330, 333-335, 338-340, 343-345, 348-350, 353-355, 358-360, 363-365, 368-370, 373-375, 378-380, 383-385, 388-390, 393-395, 398-400, 403-406, 408-410, 413-415, 418-420, 423-425, 428-430, 433-435, 438-440, 443-445, 448-450, 453-455, 458-460, 463-465, 468-470, 473-475, 478-480, 483-485, 488-490, 493-495, 498-500, 503-505, 508-510, 513-515, 518-520, 523-525, 528-530, 533-535, 538-540, 543-545, 548-550, 553-555, 558-560]
Fred Rogers' Living Room: Description: A cozy living room with a blue chair and a green plant. [59-63]
Pope's Garden: Description: A serene outdoor setting with green trees and grass. [64, 68, 69]
Courtroom: Description: A formal setting with a judge's desk and wood paneling. [73-75]
Rooftop: Description: A rooftop with a cityscape in the background. [70]
Dirt Field: Description: An outdoor setting with a dirt ground and trees or hills in the background. [93-97, 109, 110]
Forest: Description: A wooded area with trees and foliage. [99, 100]
Restaurant or Diner: Description: An indoor setting with tables and chairs. [104, 105]
Boat or Ship: Description: A vessel with a large metal structure in the background. [118, 119]
Prison Corridor: Description: A corridor with barred cells on either side. [130, 131]
Bedroom: Description: A dimly lit room with a bed and a mantle displaying framed photos. [133, 134]
Couch: Description: A room with a couch and a person drinking from a bottle. [135]
Staircase: Description: A staircase with a railing. [136, 137]
Street: Description: An urban setting with buildings and cars. [84, 85, 91]
Racemic Road: Description: A road with trees and a field on the side. [92]
Theater or Auditorium: Description: A large room with tiered seating and a stage. [34, 35, 58, 149, 150, 153, 241, 309, 310, 379, 380, 453, 454, 475, 484, 508, 509, 511]
Art Gallery or Museum: Description: A room with a high ceiling, ornate metalwork, and paintings or posters on the walls. [56, 57]
Ballroom: Description: A large room with a high ceiling, chandeliers, and formally dressed people dancing. [1648, 1649]
Park or Garden: Description: An outdoor setting with trees, bushes, and grass. [1640-1643]
War Zone: Description: A desolate, muddy, and barren terrain with soldiers and explosions. [69-71, 91-93]
Subway Car: Description: A crowded subway car with people standing and holding onto poles. [2374, 2375, 2379, 2380]
Office: Description: An indoor setting with a desk, chair, and computer monitor. [2078, 2079, 2083, 2084]
Car: Description: A vehicle with people inside, often seen at night or in a dimly lit setting. [84, 85, 108, 140, 2110, 2111, 2137, 2138, 2161, 2162, 2173, 2174]
Train or Bus: Description: A vehicle with a window and outside scenery visible. [2427, 2428]

EVENTS:
Speech at the Oscars: Description: A woman giving a speech at the Oscars ceremony. [2-34, 45-50, 53-55, 148-150, 153-155, 158-160, 169, 178]
Fred Rogers Putting on Socks: Description: Fred Rogers sitting on a blue chair, putting on his socks. [60]
Pope Speaking: Description: Pope Francis or another clergy member speaking in a serene outdoor setting. [64, 68, 69]
Man Giving a Speech: Description: A man standing at a podium, giving a speech at a formal event. [75, 78-80, 83, 114, 123-129, 138, 139]
Fight Scene: Description: A confrontation between two people, with intense emotions and physical altercation. [1945]
Presenting an Award: Description: A man and woman standing on a stage, holding an envelope and speaking into a microphone. [32, 324-327, 340, 344, 345]
Acceptance Speech: Description: A person holding an award and speaking into a microphone. [40, 219, 230, 234, 308, 313, 438, 439]
Cliff Booth Screaming: Description: Cliff Booth screaming with his mouth wide open. [96]
Brad Pitt Receiving Award: Description: Brad Pitt holding an Oscar award and speaking into a microphone. [223-225, 228]
Al Pacino Applauding: Description: Al Pacino clapping his hands in appreciation. [173, 175]
Tom Hanks Sitting: Description: Tom Hanks sitting between two women in a crowded auditorium. [163-165]
Regina King Speaking: Description: Regina King speaking into a microphone at the Oscars. [45]
Oprah Winfrey Speaking: Description: Oprah Winfrey giving a speech at an awards ceremony. [32, 324-327]
Laura Dern Speaking: Description: Laura Dern speaking into a microphone at an awards ceremony. [217, 218]
Cynthia Erivo Sitting: Description: Cynthia Erivo sitting in a crowded auditorium, surrounded by other formally dressed people. [479, 480]
Reese Witherspoon Holding Award: Description: Reese Witherspoon holding an Oscar statuette and speaking into a microphone. [225, 226]
Florence Pugh Sitting: Description: Florence Pugh sitting in a crowded auditorium, surrounded by other formally dressed people. [218, 219]
Margot Robbie Sitting: Description: Margot Robbie sitting in a crowded auditorium, surrounded by other formally dressed people. [219, 220]
Helen Mirren Speaking: Description: Helen Mirren speaking into a microphone at the Oscars. [439, 440]
Taika Waititi Holding Award: Description: Taika Waititi holding an Oscar award and speaking into a microphone. [439, 440]
Bradley Cooper Giving Speech: Description: Bradley Cooper giving a speech at the Academy Awards. [219, 230, 234]
Elton John Singing: Description: Elton John singing into a microphone on stage. [409, 410]
Billy Porter Speaking: Description: Billy Porter speaking into a microphone at the Oscars. [414, 443]
Bong Joon Ho Speaking: Description: Bong Joon Ho speaking into a microphone at the Oscars. [383, 384]
Jimmy Kimmel Speaking: Description: Jimmy Kimmel speaking into a microphone at the Oscars. [437, 438]
Matthew McConaughey Speaking: Description: Matthew McConaughey speaking into a microphone at the Oscars. [278, 279]
Joaquin Phoenix Speaking: Description: Joaquin Phoenix giving a speech at the Oscars. [278, 279]
Will Smith Slapping Chris Rock: Description: Will Smith slapping Chris Rock on stage at the Oscars. [205, 206]
Celine Dion Singing: Description: Celine Dion singing into a microphone. [364, 365]
Renee Zellweger Speaking: Description: Renee Zellweger speaking into a microphone while holding an Oscar statuette. [486, 487]
Brie Larson Speaking: Description: Brie Larson speaking into a microphone while holding an Oscar statuette. [496, 497]
Steven Bognar Speaking: Description: Steven Bognar speaking into a microphone alongside Julia Reichert and Jeff Reichert. [384, 385]
Julia Reichert Speaking: Description: Julia Reichert speaking into a microphone alongside Steven Bognar and Jeff Reichert. [384, 385]
Jeff Reichert Speaking: Description: Jeff Reichert speaking into a microphone alongside Steven Bognar and Julia Reichert. [384, 385]
Matt Dillon Speaking: Description: Matt Dillon speaking into a microphone. [386, 387]
Amy Poehler Speaking: Description: Amy Poehler speaking into a microphone alongside Will Ferrell. [388, 389]
Will Ferrell Speaking: Description: Will Ferrell speaking into a microphone alongside Amy Poehler. [388, 389]
Soldiers Running: Description: Soldiers in military uniforms and helmets running across a grassy field. [69-71]
Man Driving Car: Description: A man driving a car at night. [2137, 2138]
Man and Woman Dancing: Description: A man and woman dancing together on a stage or in a ballroom. [1648, 1649, 1928, 1929]
Man and Woman Embracing: Description: A man and woman embracing or hugging each other. [1943, 1944]
People Clapping: Description: A crowd of formally dressed people clapping and cheering. [241, 309, 310, 379, 380, 453, 454, 475, 484, 508, 509, 511]
Woman Crying: Description: A woman crying or wiping away tears. [5, 176, 177, 356, 357, 362, 363]
Man Crying: Description: A man crying or wiping away tears. [120, 281, 282, 338, 339, 417, 418]
Explosion or Fire: Description: A large explosion or fire occurring in a city or town. [2400, 2408]
Car Racing: Description: Vintage racing cars speeding down a road or track. [2514, 2515]
Astronaut in Space: Description: A person in an orange spacesuit and white helmet, climbing or working in a spacecraft or space station. [2500, 2501, 2505]
Soldiers in Trench: Description: Soldiers in worn, greenish-brown uniforms and helmets, crouching or walking through a muddy trench. [2562-2565, 2568, 2569]
Man Singing: Description: A man singing into a microphone on a stage. [12, 27, 42, 47]
Woman Singing: Description: A woman singing into a microphone on a stage. [12, 27, 42, 47, 364, 365]
People Walking on Stage: Description: Formally dressed individuals walking on a stage, often seen at awards ceremonies. [2428, 2429, 2433, 2434]
Man and Woman Shaking Hands: Description: A man and woman shaking hands on a stage. [1793, 1794]
Man and Woman Hugging: Description: A man and woman hugging or embracing each other. [1943, 1944]
Man Holding Award: Description: A man holding an award or trophy. [223-225, 228, 308, 313]
Woman Holding Award: Description: A woman holding an award or trophy. [40, 225, 226, 486, 487, 496, 497]

================================================================================
Generated at: 2026-01-11 21:47:48
================================================================================



QUESTION-BASED CRITERIA:
  Q1. Bong Joon Ho (dark curly hair, glasses, black suit) is present
  Q2. Elderly man (white/gray hair, older appearance) is present
  Q3. Audience members are standing up from seats
  Q4. People are applauding/clapping hands
  Q5. Occurs during a speech (someone speaking at microphone)
  Q6. Visible interaction or proximity between Bong Joon Ho and elderly man


CRITICAL ASSESSMENT TASK:
For EACH criterion listed above, determine whether it PASSES or FAILS based ONLY on what the VLM actually reports seeing in the frames.

- PASS: The VLM results clearly confirm this criterion is satisfied in the frames
- FAIL: The VLM results indicate this criterion is NOT satisfied, or there is insufficient evidence

CONFIDENCE CALCULATION RULES:
1. Count how many criteria pass (criteria_percentage = criteria_passed / 6)
2. Calculate base_confidence = criteria_percentage * 100
3. ⚠️ If ANY answer-specific criterion (A1, A2, etc.) FAILS, set confidence = min(50, base_confidence)

⚠️ CRITICAL: There is ALWAYS a correct answer among the choices provided. If all answers seem slightly off or imperfect, you MUST choose the BEST possible answer that most closely matches the evidence.

CRITIC ANSWER CHOICE DECISION:
4. After evaluating criteria, ALWAYS pick the best answer choice:
   - Review ALL answer choices listed above (A, B, C, D, E, etc.) and their content
   - Based ONLY on the VLM visual evidence, determine which answer choice CONTENT is MOST correct
   - Find the INDEX of that answer choice in the list
   - ⚠️ CRITICAL: Output the INDEX (0, 1, 2, 3, or 4), NOT the literal answer content
   - Example: If choice C (index 2) says "5 people" and you counted 5 people, output 2 (not 5!)
   - Example: If choice B (index 1) says "Robert Hardy" and that's correct, output 1 (not "Robert Hardy"!)

5. If criteria_percentage > 0.5 (>50% of criteria pass):
   - Your chosen answer is well-supported by evidence
   - Set suggestion to null or provide minor improvements

6. If criteria_percentage ≤ 0.5 (≤50% of criteria pass):
   - Still MUST choose the BEST answer from the available choices (never -1)
   - But set suggestion to "These may not be the right frames/scene. Consider searching for better evidence. The answer chosen is the BEST match given current evidence."
   - This signals low confidence but still provides a choice

Return ONLY this JSON:
{
    "criteria_results": [
        {"criterion": "criterion text", "criterion_type": "QUESTION or ANSWER", "status": "PASS or FAIL", "reasoning": "brief explanation"},
        ...
    ],
    "question_criteria_passed": <number of question criteria that passed>,
    "answer_criteria_passed": <number of answer criteria that passed>,
    "answer_criteria_total": 0,
    "criteria_passed": <total number of criteria that passed>,
    "criteria_total": 6,
    "criteria_percentage": <criteria_passed / 6>,
    "base_confidence": <(criteria_passed / 6) * 100>,
    "confidence": <base_confidence OR 50 if any answer criterion failed>,
    "critic_answer_choice": <INDEX of best answer choice: MUST be exactly 0, 1, 2, 3, or 4 (where 0=A, 1=B, 2=C, 3=D, 4=E). Output the INDEX not the content!>,
    "critic_reasoning": "<Brief explanation of why you chose this answer based on VLM evidence>",
    "possible_errors": [
        <List specific criteria that failed or issues found>
    ],
    "suggestion": <"These may not be the right frames" if ≤50%, otherwise null or specific improvement>
}

IMPORTANT RULES:
- Evaluate EACH criterion independently based on VLM results
- Mark criterion as PASS only if VLM clearly confirms it
- Mark criterion as FAIL if not confirmed or contradicted
- If ANY answer-specific criterion fails, confidence MUST be ≤50%
- Base evaluation ONLY on VLM verification results, not speculation
- Only list errors for criteria that actually failed
- ⚠️ CRITICAL: critic_answer_choice must be an INDEX (0-4), never a literal answer like "5" or "Robert Hardy"
- Return ONLY valid JSON

Critical assessment response: ```json
{
    "criteria_results": [
        {
            "criterion": "Bong Joon Ho (dark curly hair, glasses, black suit) is present",
            "criterion_type": "QUESTION",
            "status": "PASS",
            "reasoning": "VLM confirms Bong Joon Ho is visible in frames 4, 5, 6, 9, 10 wearing glasses and black suit"
        },
        {
            "criterion": "Elderly man (white/gray hair, older appearance) is present",
            "criterion_type": "QUESTION",
            "status": "PASS",
            "reasoning": "VLM confirms Martin Scorsese (elderly man with white hair) is visible in frames 15, 16, 20, 21"
        },
        {
            "criterion": "Audience members are standing up from seats",
            "criterion_type": "QUESTION",
            "status": "PASS",
            "reasoning": "VLM confirms audience standing in frame 12 and people rising from seats in frame 10"
        },
        {
            "criterion": "People are applauding/clapping hands",
            "criterion_type": "QUESTION",
            "status": "PASS",
            "reasoning": "VLM confirms widespread clapping in frames 10, 12, 15, 16, 20, 21"
        },
        {
            "criterion": "Occurs during a speech (someone speaking at microphone)",
            "criterion_type": "QUESTION",
            "status": "FAIL",
            "reasoning": "VLM states no frame shows Bong Joon Ho speaking at microphone, only context of winner announcement"
        },
        {
            "criterion": "Visible interaction or proximity between Bong Joon Ho and elderly man",
            "criterion_type": "QUESTION",
            "status": "FAIL",
            "reasoning": "VLM states no frame shows interaction or proximity; they appear in separate camera shots"
        }
    ],
    "question_criteria_passed": 4,
    "answer_criteria_passed": 0,
    "answer_criteria_total": 0,
    "criteria_passed": 4,
    "criteria_total": 6,
    "criteria_percentage": 0.6667,
    "base_confidence": 66.67,
    "confidence": 50,
    "critic_answer_choice": 0,
    "critic_reasoning": "The VLM evidence shows both directors present during applause, but no producer relationship. The best available answer is 'Actor and producer' (0) as Bong Joon Ho is a director (creative role) and Scorsese is a director (also creative role), making this the closest match among imperfect options.",
    "possible_errors": [
        "No visual evidence of Bong Joon Ho actually speaking at microphone",
        "No visible interaction or proximity between Bong Joon Ho and Martin Scorsese",
        "The described 'senior producer and young producer' relationship is factually incorrect"
    ],
    "suggestion": "These may not be the right frames/scene. Consider searching for better evidence. The answer chosen is the BEST match given current evidence."
}
```
Critical assessment data: {'criteria_results': [{'criterion': 'Bong Joon Ho (dark curly hair, glasses, black suit) is present', 'criterion_type': 'QUESTION', 'status': 'PASS', 'reasoning': 'VLM confirms Bong Joon Ho is visible in frames 4, 5, 6, 9, 10 wearing glasses and black suit'}, {'criterion': 'Elderly man (white/gray hair, older appearance) is present', 'criterion_type': 'QUESTION', 'status': 'PASS', 'reasoning': 'VLM confirms Martin Scorsese (elderly man with white hair) is visible in frames 15, 16, 20, 21'}, {'criterion': 'Audience members are standing up from seats', 'criterion_type': 'QUESTION', 'status': 'PASS', 'reasoning': 'VLM confirms audience standing in frame 12 and people rising from seats in frame 10'}, {'criterion': 'People are applauding/clapping hands', 'criterion_type': 'QUESTION', 'status': 'PASS', 'reasoning': 'VLM confirms widespread clapping in frames 10, 12, 15, 16, 20, 21'}, {'criterion': 'Occurs during a speech (someone speaking at microphone)', 'criterion_type': 'QUESTION', 'status': 'FAIL', 'reasoning': 'VLM states no frame shows Bong Joon Ho speaking at microphone, only context of winner announcement'}, {'criterion': 'Visible interaction or proximity between Bong Joon Ho and elderly man', 'criterion_type': 'QUESTION', 'status': 'FAIL', 'reasoning': 'VLM states no frame shows interaction or proximity; they appear in separate camera shots'}], 'question_criteria_passed': 4, 'answer_criteria_passed': 0, 'answer_criteria_total': 0, 'criteria_passed': 4, 'criteria_total': 6, 'criteria_percentage': 0.6667, 'base_confidence': 66.67, 'confidence': 50, 'critic_answer_choice': 0, 'critic_reasoning': "The VLM evidence shows both directors present during applause, but no producer relationship. The best available answer is 'Actor and producer' (0) as Bong Joon Ho is a director (creative role) and Scorsese is a director (also creative role), making this the closest match among imperfect options.", 'possible_errors': ['No visual evidence of Bong Joon Ho actually speaking at microphone', 'No visible interaction or proximity between Bong Joon Ho and Martin Scorsese', "The described 'senior producer and young producer' relationship is factually incorrect"], 'suggestion': 'These may not be the right frames/scene. Consider searching for better evidence. The answer chosen is the BEST match given current evidence.'}
