Critic initial response: {
    "tool": "VLM_QUERY",
    "frames": ["frames/frame_2995.jpg", "frames/frame_2996.jpg", "frames/frame_2997.jpg", "frames/frame_2998.jpg", "frames/frame_2999.jpg", "frames/frame_3000.jpg", "frames/frame_3001.jpg", "frames/frame_3002.jpg", "frames/frame_3003.jpg", "frames/frame_3004.jpg", "frames/frame_3005.jpg"],
    "prompt": "Based on these frames (including context before/after), verify if the answer '2' (which corresponds to 'She is helped up by her coach') is correct for the question: What happens after Serena's first stumble? Pay attention to timestamps and temporal sequences. Look for visual evidence of: 1) Serena stumbling/falling, 2) What immediately follows this stumble, 3) Whether her coach (Patrick Mouratoglou, described as a middle-aged man with short dark hair and beard wearing a black 'ACCOR HOTELS' baseball cap and gray Nike hoodie) comes onto the court to help her up."
}
Frames to verify: ['frames/frame_2995.jpg', 'frames/frame_2996.jpg', 'frames/frame_2997.jpg', 'frames/frame_2998.jpg', 'frames/frame_2999.jpg', 'frames/frame_3000.jpg', 'frames/frame_3001.jpg', 'frames/frame_3002.jpg', 'frames/frame_3003.jpg', 'frames/frame_3004.jpg', 'frames/frame_3005.jpg']
VLM Prompt: Video context: Based on the provided frame-by-frame captions data, here is a global summary of the video:

**Main Characters:** The main characters in the video are professional tennis players Venus Williams and Serena Williams, two renowned American tennis players and sisters. Other characters that appear include tennis officials, ball boys and girls, coaches, and spectators.

**Setting:** The video is set at the Australian Open tennis tournament, held at Melbourne Park in Melbourne, Australia. The matches take place on a blue tennis court with white lines, surrounded by a large crowd of spectators in the stands. The stadium features various sponsor logos and advertisements on the black walls and scoreboards, including "KIA", "Fly Emirates", "ANZ", "JACOB'S CREEK", and "ROLEX".

**Plot Line:** The video appears to be a documentation of the Williams sisters' participation in the Australian Open tennis tournament. The plot line revolves around their matches, with a focus on their interactions on and off the court. The video captures various moments, including their preparation, competition, and emotional reactions during the matches. The narrative is largely centered around the sisters' rivalry and camaraderie.

**Vibes:** The overall vibe of the video is one of excitement, tension, and sportsmanship. The atmosphere is electric, with a large crowd cheering and reacting to the matches. The video conveys a sense of intensity and competitiveness, highlighting the skill and determination of the two tennis players.

**General Details:** The video is a comprehensive coverage of the Williams sisters' experience at the Australian Open, featuring a mix of action shots, close-ups, and crowd reactions. The blue tennis court and the surrounding stadium provide a visually striking backdrop for the matches. The various sponsor logos and advertisements add to the commercial and professional atmosphere of the tournament. The video also captures moments of sportsmanship and emotional connection between the sisters, highlighting their bond and mutual respect.

Based on these frames (including context before/after), verify if the answer '2' (which corresponds to 'She is helped up by her coach') is correct for the question: What happens after Serena's first stumble? Pay attention to timestamps and temporal sequences. Look for visual evidence of: 1) Serena stumbling/falling, 2) What immediately follows this stumble, 3) Whether her coach (Patrick Mouratoglou, described as a middle-aged man with short dark hair and beard wearing a black 'ACCOR HOTELS' baseball cap and gray Nike hoodie) comes onto the court to help her up.
VLM response: {'batched_responses': [{'batch_start': 0, 'batch_end': 11, 'image_paths': ['/mnt/ssd/data/lvbench/videos_processed/tKIFQI9cH2c/frames/frame_2995.jpg', '/mnt/ssd/data/lvbench/videos_processed/tKIFQI9cH2c/frames/frame_2996.jpg', '/mnt/ssd/data/lvbench/videos_processed/tKIFQI9cH2c/frames/frame_2997.jpg', '/mnt/ssd/data/lvbench/videos_processed/tKIFQI9cH2c/frames/frame_2998.jpg', '/mnt/ssd/data/lvbench/videos_processed/tKIFQI9cH2c/frames/frame_2999.jpg', '/mnt/ssd/data/lvbench/videos_processed/tKIFQI9cH2c/frames/frame_3000.jpg', '/mnt/ssd/data/lvbench/videos_processed/tKIFQI9cH2c/frames/frame_3001.jpg', '/mnt/ssd/data/lvbench/videos_processed/tKIFQI9cH2c/frames/frame_3002.jpg', '/mnt/ssd/data/lvbench/videos_processed/tKIFQI9cH2c/frames/frame_3003.jpg', '/mnt/ssd/data/lvbench/videos_processed/tKIFQI9cH2c/frames/frame_3004.jpg', '/mnt/ssd/data/lvbench/videos_processed/tKIFQI9cH2c/frames/frame_3005.jpg'], 'response': "Based on the provided frames and the temporal sequence, the answer **'2' (She is helped up by her coach)** is **incorrect**.\n\nHere’s the reasoning:\n\n1.  **Serena’s Stumble/Fall:** Frame 5 shows Serena Williams bent over, appearing to be recovering from a stumble or fall. This is the first clear visual evidence of her stumbling.\n\n2.  **What Immediately Follows:** In Frame 6, she is standing upright again, holding her racket, and turning away from the net. There is no visual evidence of anyone helping her up. She appears to have gotten up on her own.\n\n3.  **Coach’s Involvement:** In none of the frames (1 through 11) is her coach, Patrick Mouratoglou (described as wearing a black 'ACCOR HOTELS' cap and gray Nike hoodie), seen coming onto the court or assisting her. The frames show Serena standing, walking, and then sitting down (Frame 10) to receive treatment or a drink from someone off-camera (possibly a trainer or ball person), but not from her coach.\n\nTherefore, the correct sequence is that Serena gets up on her own after the stumble, and there is no visual evidence of her coach helping her up. The answer '2' is not supported by the visual evidence in the provided frames."}], 'formatted_responses': ["\n=== Batch 0-11 (11 frames) ===\nFrames: /mnt/ssd/data/lvbench/videos_processed/tKIFQI9cH2c/frames/frame_2995.jpg, /mnt/ssd/data/lvbench/videos_processed/tKIFQI9cH2c/frames/frame_2996.jpg, /mnt/ssd/data/lvbench/videos_processed/tKIFQI9cH2c/frames/frame_2997.jpg, /mnt/ssd/data/lvbench/videos_processed/tKIFQI9cH2c/frames/frame_2998.jpg, /mnt/ssd/data/lvbench/videos_processed/tKIFQI9cH2c/frames/frame_2999.jpg, /mnt/ssd/data/lvbench/videos_processed/tKIFQI9cH2c/frames/frame_3000.jpg, /mnt/ssd/data/lvbench/videos_processed/tKIFQI9cH2c/frames/frame_3001.jpg, /mnt/ssd/data/lvbench/videos_processed/tKIFQI9cH2c/frames/frame_3002.jpg, /mnt/ssd/data/lvbench/videos_processed/tKIFQI9cH2c/frames/frame_3003.jpg, /mnt/ssd/data/lvbench/videos_processed/tKIFQI9cH2c/frames/frame_3004.jpg, /mnt/ssd/data/lvbench/videos_processed/tKIFQI9cH2c/frames/frame_3005.jpg\nVLM Response: Based on the provided frames and the temporal sequence, the answer **'2' (She is helped up by her coach)** is **incorrect**.\n\nHere’s the reasoning:\n\n1.  **Serena’s Stumble/Fall:** Frame 5 shows Serena Williams bent over, appearing to be recovering from a stumble or fall. This is the first clear visual evidence of her stumbling.\n\n2.  **What Immediately Follows:** In Frame 6, she is standing upright again, holding her racket, and turning away from the net. There is no visual evidence of anyone helping her up. She appears to have gotten up on her own.\n\n3.  **Coach’s Involvement:** In none of the frames (1 through 11) is her coach, Patrick Mouratoglou (described as wearing a black 'ACCOR HOTELS' cap and gray Nike hoodie), seen coming onto the court or assisting her. The frames show Serena standing, walking, and then sitting down (Frame 10) to receive treatment or a drink from someone off-camera (possibly a trainer or ball person), but not from her coach.\n\nTherefore, the correct sequence is that Serena gets up on her own after the stumble, and there is no visual evidence of her coach helping her up. The answer '2' is not supported by the visual evidence in the provided frames.\n"], 'condensed_response': '**Scene Summary (Frames\u202f2995‑3005)**  \n\n- **Frames\u202f2995‑2996:** Serena Williams is in baseline position, rallying.  \n- **Frame\u202f2997 (the “stumble”):** Serena bends forward, clearly losing her balance after a shot.  \n- **Frame\u202f2998:** She is still on the ground, body twisted, but no other person is visible.  \n- **Frame\u202f2999:** Serena pushes herself up, standing unassisted while still holding her racket.  \n- **Frames\u202f3000‑3001:** She walks away from the net, turns, and resumes a normal stance. No coach or aide appears.  \n- **Frame\u202f3002‑3003:** Serena pauses, then sits on the court edge.  \n- **Frame\u202f3004:** A hand (off‑camera) offers her a drink/towel; the figure is not identified as her coach.  \n- **Frame\u202f3005:** She receives the item and remains seated; the coach, Patrick\u202fMouratoglou (black “ACCOR\u202fHOTELS” cap, gray Nike hoodie), never enters the frame.\n\n**Character tracking:**  \n- **Serena Williams** – experiences a stumble, recovers unaided, briefly rests, receives off‑court assistance.  \n- **Coach Patrick Mouratoglou** – never appears on‑court in the examined frames; thus he does not help her up.  \n- **Off‑court staff (trainer/ball‑person)** – likely the figure handing a drink in frames\u202f3004‑3005.\n\n**Conclusion:** The visual evidence shows Serena getting up by herself, not being assisted by her coach. Therefore the answer “2 – She is helped up by her coach” is unsupported by the frames.', 'failed_images': []}
Followup prompt: 
Critically assess whether the VLM verification supports the given answer.

⚠️ IMPORTANT: Answers use 0-INDEXED numbers where 0=A, 1=B, 2=C, 3=D, 4=E

VLM Verification Results:
{'batched_responses': [{'batch_start': 0, 'batch_end': 11, 'image_paths': ['/mnt/ssd/data/lvbench/videos_processed/tKIFQI9cH2c/frames/frame_2995.jpg', '/mnt/ssd/data/lvbench/videos_processed/tKIFQI9cH2c/frames/frame_2996.jpg', '/mnt/ssd/data/lvbench/videos_processed/tKIFQI9cH2c/frames/frame_2997.jpg', '/mnt/ssd/data/lvbench/videos_processed/tKIFQI9cH2c/frames/frame_2998.jpg', '/mnt/ssd/data/lvbench/videos_processed/tKIFQI9cH2c/frames/frame_2999.jpg', '/mnt/ssd/data/lvbench/videos_processed/tKIFQI9cH2c/frames/frame_3000.jpg', '/mnt/ssd/data/lvbench/videos_processed/tKIFQI9cH2c/frames/frame_3001.jpg', '/mnt/ssd/data/lvbench/videos_processed/tKIFQI9cH2c/frames/frame_3002.jpg', '/mnt/ssd/data/lvbench/videos_processed/tKIFQI9cH2c/frames/frame_3003.jpg', '/mnt/ssd/data/lvbench/videos_processed/tKIFQI9cH2c/frames/frame_3004.jpg', '/mnt/ssd/data/lvbench/videos_processed/tKIFQI9cH2c/frames/frame_3005.jpg'], 'response': "Based on the provided frames and the temporal sequence, the answer **'2' (She is helped up by her coach)** is **incorrect**.\n\nHere’s the reasoning:\n\n1.  **Serena’s Stumble/Fall:** Frame 5 shows Serena Williams bent over, appearing to be recovering from a stumble or fall. This is the first clear visual evidence of her stumbling.\n\n2.  **What Immediately Follows:** In Frame 6, she is standing upright again, holding her racket, and turning away from the net. There is no visual evidence of anyone helping her up. She appears to have gotten up on her own.\n\n3.  **Coach’s Involvement:** In none of the frames (1 through 11) is her coach, Patrick Mouratoglou (described as wearing a black 'ACCOR HOTELS' cap and gray Nike hoodie), seen coming onto the court or assisting her. The frames show Serena standing, walking, and then sitting down (Frame 10) to receive treatment or a drink from someone off-camera (possibly a trainer or ball person), but not from her coach.\n\nTherefore, the correct sequence is that Serena gets up on her own after the stumble, and there is no visual evidence of her coach helping her up. The answer '2' is not supported by the visual evidence in the provided frames."}], 'formatted_responses': ["\n=== Batch 0-11 (11 frames) ===\nFrames: /mnt/ssd/data/lvbench/videos_processed/tKIFQI9cH2c/frames/frame_2995.jpg, /mnt/ssd/data/lvbench/videos_processed/tKIFQI9cH2c/frames/frame_2996.jpg, /mnt/ssd/data/lvbench/videos_processed/tKIFQI9cH2c/frames/frame_2997.jpg, /mnt/ssd/data/lvbench/videos_processed/tKIFQI9cH2c/frames/frame_2998.jpg, /mnt/ssd/data/lvbench/videos_processed/tKIFQI9cH2c/frames/frame_2999.jpg, /mnt/ssd/data/lvbench/videos_processed/tKIFQI9cH2c/frames/frame_3000.jpg, /mnt/ssd/data/lvbench/videos_processed/tKIFQI9cH2c/frames/frame_3001.jpg, /mnt/ssd/data/lvbench/videos_processed/tKIFQI9cH2c/frames/frame_3002.jpg, /mnt/ssd/data/lvbench/videos_processed/tKIFQI9cH2c/frames/frame_3003.jpg, /mnt/ssd/data/lvbench/videos_processed/tKIFQI9cH2c/frames/frame_3004.jpg, /mnt/ssd/data/lvbench/videos_processed/tKIFQI9cH2c/frames/frame_3005.jpg\nVLM Response: Based on the provided frames and the temporal sequence, the answer **'2' (She is helped up by her coach)** is **incorrect**.\n\nHere’s the reasoning:\n\n1.  **Serena’s Stumble/Fall:** Frame 5 shows Serena Williams bent over, appearing to be recovering from a stumble or fall. This is the first clear visual evidence of her stumbling.\n\n2.  **What Immediately Follows:** In Frame 6, she is standing upright again, holding her racket, and turning away from the net. There is no visual evidence of anyone helping her up. She appears to have gotten up on her own.\n\n3.  **Coach’s Involvement:** In none of the frames (1 through 11) is her coach, Patrick Mouratoglou (described as wearing a black 'ACCOR HOTELS' cap and gray Nike hoodie), seen coming onto the court or assisting her. The frames show Serena standing, walking, and then sitting down (Frame 10) to receive treatment or a drink from someone off-camera (possibly a trainer or ball person), but not from her coach.\n\nTherefore, the correct sequence is that Serena gets up on her own after the stumble, and there is no visual evidence of her coach helping her up. The answer '2' is not supported by the visual evidence in the provided frames.\n"], 'condensed_response': '**Scene Summary (Frames\u202f2995‑3005)**  \n\n- **Frames\u202f2995‑2996:** Serena Williams is in baseline position, rallying.  \n- **Frame\u202f2997 (the “stumble”):** Serena bends forward, clearly losing her balance after a shot.  \n- **Frame\u202f2998:** She is still on the ground, body twisted, but no other person is visible.  \n- **Frame\u202f2999:** Serena pushes herself up, standing unassisted while still holding her racket.  \n- **Frames\u202f3000‑3001:** She walks away from the net, turns, and resumes a normal stance. No coach or aide appears.  \n- **Frame\u202f3002‑3003:** Serena pauses, then sits on the court edge.  \n- **Frame\u202f3004:** A hand (off‑camera) offers her a drink/towel; the figure is not identified as her coach.  \n- **Frame\u202f3005:** She receives the item and remains seated; the coach, Patrick\u202fMouratoglou (black “ACCOR\u202fHOTELS” cap, gray Nike hoodie), never enters the frame.\n\n**Character tracking:**  \n- **Serena Williams** – experiences a stumble, recovers unaided, briefly rests, receives off‑court assistance.  \n- **Coach Patrick Mouratoglou** – never appears on‑court in the examined frames; thus he does not help her up.  \n- **Off‑court staff (trainer/ball‑person)** – likely the figure handing a drink in frames\u202f3004‑3005.\n\n**Conclusion:** The visual evidence shows Serena getting up by herself, not being assisted by her coach. Therefore the answer “2 – She is helped up by her coach” is unsupported by the frames.', 'failed_images': []}

Question Being Answered: What happens after Serena's first stumble?

Answer Choices (0-indexed: 0=A, 1=B, 2=C, 3=D, 4=E):
  0 (=A): Her tennis racket breaks
  1 (=B): She fells to the ground
  2 (=C): She is helps up by her coach
  3 (=D): She continues playing without stopping

Given Answer: 2
Evidence Frames Used: ['frames/frame_3000.jpg']

Character/Event/Scene logs: ================================================================================
CHARACTER, EVENT, AND SCENE LOGS
================================================================================

CHARACTERS:
Serena Williams: Description: A young black woman tennis player, wearing various Nike outfits and holding a neon green tennis racket.
Venus Williams: Description: A young black woman tennis player, wearing a white tank top and a multicolored skirt.
Ball Boy/Girl: Description: A young person wearing a green shirt and black shorts, holding tennis balls.
Umpire: Description: A person wearing a blue shirt and gray pants, officiating the tennis match.
Cameraman: Description: A person wearing a blue shirt and holding a camera, capturing the tennis match.
Patrick Mouratoglou: Description: A middle-aged man with short dark hair and a beard, wearing a black "ACCOR HOTELS" baseball cap and a gray Nike hoodie.

SCENES:
Tennis Match: Description: A tennis match between Venus Williams and Serena Williams on a blue tennis court with white lines, surrounded by a crowd of spectators and advertisements for various brands. [1-4387]
Player's Lounge: Description: A blue bench with white bags and red bags, likely in the players' lounge area. [727-729]
Stadium Crowd: Description: A large crowd of spectators watching a tennis match in a packed stadium. [149-158]
Press Conference/Interview: Description: A woman, likely a tennis player, speaking into a microphone with an "AO" logo. [561-564]

EVENTS:
Tennis Match Start: Description: The tennis match between Venus Williams and Serena Williams begins. [1]
Tennis Serve: Description: Venus Williams serves a tennis ball to Serena Williams. [4]
Tennis Rally: Description: Venus Williams and Serena Williams engage in a rally on the blue tennis court. [60]
Tennis Point Celebration: Description: Serena Williams celebrates a point with her fist raised. [1357]
Handshake: Description: Serena Williams shakes hands with Venus Williams over the net. [2265]
Hug: Description: Serena Williams and Venus Williams hug each other on the blue tennis court. [3781]
Trophy Presentation: Description: A silver trophy is visible on a pedestal near Serena Williams. [130]
Interview: Description: A woman, likely Venus Williams, speaks into a microphone with an "AO" logo. [561]
Tennis Match End: Description: The tennis match between Venus Williams and Serena Williams concludes. [3781]
Celebration: Description: Serena Williams raises her arm in triumph after winning the match. [4355]

================================================================================
Generated at: 2026-01-11 21:46:12
================================================================================


CRITICAL ASSESSMENT TASK:
1. Check if the VLM results CONFIRM the given answer
2. Look for CONTRADICTIONS between VLM results and the answer
3. Verify ALL conditions in the question are addressed
4. Check if the correct answer choice was selected

⚠️ CRITICAL: There is ALWAYS a correct answer among the choices provided. If all answers seem slightly off or imperfect, you MUST choose the BEST possible answer that most closely matches the evidence.

Based ONLY on what the VLM actually reports seeing, determine:
- Does the visual evidence support the answer?
- Are there any discrepancies between the answer and visuals?
- Is the answer addressing the right scene/moment?

CRITIC ANSWER CHOICE:
After your assessment, review ALL answer choices

Answer Choices (0-indexed: 0=A, 1=B, 2=C, 3=D, 4=E):
  0 (=A): Her tennis racket breaks
  1 (=B): She fells to the ground
  2 (=C): She is helps up by her coach
  3 (=D): She continues playing without stopping
 and pick the BEST answer based on VLM evidence.
- Find which answer choice CONTENT best matches what you observed in the VLM results
- Output the INDEX of that choice as critic_answer_choice (0=A, 1=B, 2=C, 3=D, 4=E)
- ⚠️ CRITICAL: Output the INDEX (0-4), NOT the literal answer content
- Example: If choice C says "5 people" and you counted 5, output 2 (not 5!)
- This is REQUIRED even if confidence is low
- Choose the answer that BEST matches the visual evidence, even if imperfect

Return ONLY this JSON:
{
    "confidence": <0-100, where 100 means VLM fully confirms the answer>,
    "critic_answer_choice": <INDEX of best answer: MUST be exactly 0, 1, 2, 3, or 4 (where 0=A, 1=B, 2=C, 3=D, 4=E). Output INDEX not content!>,
    "critic_reasoning": "<Brief explanation of why you chose this answer>",
    "possible_errors": [
        <List ONLY real discrepancies you found, not hypothetical ones>
    ],
    "suggestion": <null if confidence >80, otherwise specific improvement>
}

IMPORTANT RULES:
- Base confidence ONLY on VLM verification results, not speculation
- DO NOT consider any reasoning - evaluate purely from visual evidence vs answer
- Only list errors that are ACTUALLY present in the VLM results
- If VLM confirms the answer, confidence should be high (80-100)
- If VLM contradicts the answer, confidence should be low (0-40)
- Empty possible_errors list [] if no actual errors found
- Do NOT invent errors that aren't supported by the VLM results
- ⚠️ CRITICAL: critic_answer_choice must be an INDEX (0-4), never a literal answer like "5" or "Robert Hardy"
- Return ONLY valid JSON

Critical assessment response: ```json
{
    "confidence": 0,
    "critic_answer_choice": 3,
    "critic_reasoning": "The VLM explicitly states that Serena gets up on her own after the stumble and continues playing without being helped by her coach. The visual evidence shows her standing upright, walking away from the net, and resuming normal stance, which aligns with 'She continues playing without stopping' rather than being helped up by her coach.",
    "possible_errors": [
        "The given answer claims she is helped up by her coach, but VLM analysis shows no evidence of coach assistance - she gets up on her own",
        "The coach (Patrick Mouratoglou) never appears in any of the frames according to the VLM"
    ],
    "suggestion": "The VLM verification completely contradicts the given answer. The evidence clearly shows Serena recovering from the stumble independently and continuing to play, making answer choice 3 (D) the most accurate based on the visual evidence."
}
```
Critical assessment data: {'confidence': 0, 'critic_answer_choice': 3, 'critic_reasoning': "The VLM explicitly states that Serena gets up on her own after the stumble and continues playing without being helped by her coach. The visual evidence shows her standing upright, walking away from the net, and resuming normal stance, which aligns with 'She continues playing without stopping' rather than being helped up by her coach.", 'possible_errors': ['The given answer claims she is helped up by her coach, but VLM analysis shows no evidence of coach assistance - she gets up on her own', 'The coach (Patrick Mouratoglou) never appears in any of the frames according to the VLM'], 'suggestion': 'The VLM verification completely contradicts the given answer. The evidence clearly shows Serena recovering from the stumble independently and continuing to play, making answer choice 3 (D) the most accurate based on the visual evidence.'}
