Critic initial response: {
    "tool": "VLM_QUERY",
    "frames": ["frames/frame_1345.jpg", "frames/frame_1346.jpg", "frames/frame_1347.jpg", "frames/frame_1348.jpg", "frames/frame_1349.jpg", "frames/frame_1350.jpg", "frames/frame_1351.jpg", "frames/frame_1352.jpg", "frames/frame_1353.jpg", "frames/frame_1354.jpg", "frames/frame_1355.jpg", "frames/frame_1356.jpg", "frames/frame_1357.jpg", "frames/frame_1358.jpg", "frames/frame_1359.jpg", "frames/frame_1360.jpg", "frames/frame_1361.jpg", "frames/frame_1486.jpg", "frames/frame_1487.jpg", "frames/frame_1488.jpg", "frames/frame_1489.jpg", "frames/frame_1490.jpg", "frames/frame_1491.jpg", "frames/frame_1492.jpg", "frames/frame_1493.jpg", "frames/frame_1494.jpg", "frames/frame_1495.jpg", "frames/frame_1496.jpg"],
    "prompt": "Examine these frames to verify if answer '0' (Engaged) is correct for: 'What is the label on the toggle switch button after the first driver sitting in a truck without driving in chapter 2 'The promise' of the video?' Check for: 1) Person in truck driver's seat, 2) Truck cabin interior with dashboard/controls, 3) Toggle switch button visible, 4) Text label on toggle switch, 5) Scene in chapter 2 'The promise', 6) First instance of driver sitting without driving. Identify the exact toggle switch label text visible in the frames."
}
Frames to verify: ['frames/frame_1345.jpg', 'frames/frame_1346.jpg', 'frames/frame_1347.jpg', 'frames/frame_1348.jpg', 'frames/frame_1349.jpg', 'frames/frame_1350.jpg', 'frames/frame_1351.jpg', 'frames/frame_1352.jpg', 'frames/frame_1353.jpg', 'frames/frame_1354.jpg', 'frames/frame_1355.jpg', 'frames/frame_1356.jpg', 'frames/frame_1357.jpg', 'frames/frame_1358.jpg', 'frames/frame_1359.jpg', 'frames/frame_1360.jpg', 'frames/frame_1361.jpg', 'frames/frame_1486.jpg', 'frames/frame_1487.jpg', 'frames/frame_1488.jpg', 'frames/frame_1489.jpg', 'frames/frame_1490.jpg', 'frames/frame_1491.jpg', 'frames/frame_1492.jpg', 'frames/frame_1493.jpg', 'frames/frame_1494.jpg', 'frames/frame_1495.jpg', 'frames/frame_1496.jpg']
VLM Prompt: Video context: Based on the provided SET of frame-by-frame captions data for a long video, I have generated a global summary that depicts the main characters, setting, plot line, vibes, and general details.

**Global Summary**

The documentary "In the Age of AI" by FRONTLINE explores the impact of artificial intelligence on various aspects of society. The film features a diverse range of characters, including experts in the field of AI, business leaders, and everyday people affected by AI-powered technologies.

The setting of the documentary is global, with scenes taking place in the United States, China, and other countries. The film showcases various environments, including modern office spaces, factories, and city streets, highlighting the pervasive presence of AI in daily life.

The plot line of the documentary revolves around the development and deployment of AI technologies, including facial recognition systems, autonomous vehicles, and robotics. The film examines the potential benefits and risks associated with these technologies, including their impact on employment, surveillance, and individual freedoms.

Throughout the documentary, the tone is informative, yet thought-provoking and sometimes ominous. The use of futuristic graphics and mathematical equations adds to the sense of unease and highlights the complexity of the issues being discussed.

The main characters featured in the documentary include experts such as Pedro Domingos, Kate Crawford, and Kai-Fu Lee, who provide insights into the development and implications of AI. Other characters, such as Mark Zuckerberg and Jeff Bezos, are also featured, highlighting the involvement of major tech leaders in the AI landscape.

The documentary also explores the human side of AI, showcasing individuals affected by these technologies, including workers in factories and warehouses, and people whose lives are impacted by AI-powered surveillance systems.

Overall, "In the Age of AI" is a thought-provoking documentary that provides a comprehensive look at the rapidly evolving world of artificial intelligence and its far-reaching consequences for society.

Examine these frames to verify if answer '0' (Engaged) is correct for: 'What is the label on the toggle switch button after the first driver sitting in a truck without driving in chapter 2 'The promise' of the video?' Check for: 1) Person in truck driver's seat, 2) Truck cabin interior with dashboard/controls, 3) Toggle switch button visible, 4) Text label on toggle switch, 5) Scene in chapter 2 'The promise', 6) First instance of driver sitting without driving. Identify the exact toggle switch label text visible in the frames.
VLM response: {'batched_responses': [{'batch_start': 0, 'batch_end': 28, 'image_paths': ['/mnt/ssd/data/lvbench/videos_processed/5dZ_lvDgevk/frames/frame_1345.jpg', '/mnt/ssd/data/lvbench/videos_processed/5dZ_lvDgevk/frames/frame_1346.jpg', '/mnt/ssd/data/lvbench/videos_processed/5dZ_lvDgevk/frames/frame_1347.jpg', '/mnt/ssd/data/lvbench/videos_processed/5dZ_lvDgevk/frames/frame_1348.jpg', '/mnt/ssd/data/lvbench/videos_processed/5dZ_lvDgevk/frames/frame_1349.jpg', '/mnt/ssd/data/lvbench/videos_processed/5dZ_lvDgevk/frames/frame_1350.jpg', '/mnt/ssd/data/lvbench/videos_processed/5dZ_lvDgevk/frames/frame_1351.jpg', '/mnt/ssd/data/lvbench/videos_processed/5dZ_lvDgevk/frames/frame_1352.jpg', '/mnt/ssd/data/lvbench/videos_processed/5dZ_lvDgevk/frames/frame_1353.jpg', '/mnt/ssd/data/lvbench/videos_processed/5dZ_lvDgevk/frames/frame_1354.jpg', '/mnt/ssd/data/lvbench/videos_processed/5dZ_lvDgevk/frames/frame_1355.jpg', '/mnt/ssd/data/lvbench/videos_processed/5dZ_lvDgevk/frames/frame_1356.jpg', '/mnt/ssd/data/lvbench/videos_processed/5dZ_lvDgevk/frames/frame_1357.jpg', '/mnt/ssd/data/lvbench/videos_processed/5dZ_lvDgevk/frames/frame_1358.jpg', '/mnt/ssd/data/lvbench/videos_processed/5dZ_lvDgevk/frames/frame_1359.jpg', '/mnt/ssd/data/lvbench/videos_processed/5dZ_lvDgevk/frames/frame_1360.jpg', '/mnt/ssd/data/lvbench/videos_processed/5dZ_lvDgevk/frames/frame_1361.jpg', '/mnt/ssd/data/lvbench/videos_processed/5dZ_lvDgevk/frames/frame_1486.jpg', '/mnt/ssd/data/lvbench/videos_processed/5dZ_lvDgevk/frames/frame_1487.jpg', '/mnt/ssd/data/lvbench/videos_processed/5dZ_lvDgevk/frames/frame_1488.jpg', '/mnt/ssd/data/lvbench/videos_processed/5dZ_lvDgevk/frames/frame_1489.jpg', '/mnt/ssd/data/lvbench/videos_processed/5dZ_lvDgevk/frames/frame_1490.jpg', '/mnt/ssd/data/lvbench/videos_processed/5dZ_lvDgevk/frames/frame_1491.jpg', '/mnt/ssd/data/lvbench/videos_processed/5dZ_lvDgevk/frames/frame_1492.jpg', '/mnt/ssd/data/lvbench/videos_processed/5dZ_lvDgevk/frames/frame_1493.jpg', '/mnt/ssd/data/lvbench/videos_processed/5dZ_lvDgevk/frames/frame_1494.jpg', '/mnt/ssd/data/lvbench/videos_processed/5dZ_lvDgevk/frames/frame_1495.jpg', '/mnt/ssd/data/lvbench/videos_processed/5dZ_lvDgevk/frames/frame_1496.jpg'], 'response': "Based on the provided frames and the question, let’s break down the verification step by step:\n\n---\n\n**Question:**  \n*What is the label on the toggle switch button after the first driver sitting in a truck without driving in chapter 2 'The promise' of the video?*\n\n**Checklist:**\n\n1. **Person in truck driver's seat** → ✅  \n   Frames 5–6, 7–10, 18–21 show a man sitting in the driver’s seat of a truck.\n\n2. **Truck cabin interior with dashboard/controls** → ✅  \n   Frames 5–6, 7–10, 18–21 clearly show the interior of the truck cabin, including steering wheel, dashboard, and controls.\n\n3. **Toggle switch button visible** → ❌  \n   **No toggle switch button is visible in any of the 28 frames.**  \n   The frames show the driver’s hands, steering wheel, dashboard, and external views — but **no close-up or clear view of a toggle switch** on the dashboard or console.\n\n4. **Text label on toggle switch** → ❌  \n   Since no toggle switch is visible, **no text label can be identified**.\n\n5. **Scene in chapter 2 'The promise'** → ⚠️  \n   While the global summary mentions Chapter 2 “The Promise,” **the frames provided do not contain any chapter markers or on-screen text confirming this is Chapter 2**. However, since the question assumes this context and the content (autonomous truck driving) fits the documentary’s theme, we can tentatively accept this as plausible context.\n\n6. **First instance of driver sitting without driving** → ✅  \n   In frames 5–6, the driver is seated with hands off the wheel (or lightly resting), and in frames 7–10, his hands are on the wheel but not actively steering — consistent with autonomous driving. The overlay in frames 11–13 and 22–26 confirms “Engaged” status, indicating the system is driving. So this is likely the **first instance** of the driver sitting without actively driving.\n\n---\n\n**Critical Issue:**\n\nDespite the driver being in the truck and the system being “Engaged,” **no toggle switch button is visible in any frame**, let alone one with a label.\n\nThe “Engaged” status is shown as an **on-screen graphic overlay** (e.g., frames 11–13, 22–26), not as a physical toggle switch with a label in the truck cabin.\n\n---\n\n**Conclusion:**\n\nThe answer **‘0’ (Engaged)** is **not correct** for the label on a toggle switch button, because:\n\n- **No toggle switch is visible** in any frame.\n- “Engaged” appears as a **digital overlay**, not as text on a physical switch.\n- The question asks for the **label on the toggle switch button**, implying a physical control — which is **not present** in the visual evidence.\n\n---\n\n✅ **Final Answer: 0 is incorrect.**  \n**No toggle switch button is visible in the frames. The label “Engaged” appears as a digital overlay, not on a physical switch.**"}], 'formatted_responses': ["\n=== Batch 0-28 (28 frames) ===\nFrames: /mnt/ssd/data/lvbench/videos_processed/5dZ_lvDgevk/frames/frame_1345.jpg, /mnt/ssd/data/lvbench/videos_processed/5dZ_lvDgevk/frames/frame_1346.jpg, /mnt/ssd/data/lvbench/videos_processed/5dZ_lvDgevk/frames/frame_1347.jpg, /mnt/ssd/data/lvbench/videos_processed/5dZ_lvDgevk/frames/frame_1348.jpg, /mnt/ssd/data/lvbench/videos_processed/5dZ_lvDgevk/frames/frame_1349.jpg, /mnt/ssd/data/lvbench/videos_processed/5dZ_lvDgevk/frames/frame_1350.jpg, /mnt/ssd/data/lvbench/videos_processed/5dZ_lvDgevk/frames/frame_1351.jpg, /mnt/ssd/data/lvbench/videos_processed/5dZ_lvDgevk/frames/frame_1352.jpg, /mnt/ssd/data/lvbench/videos_processed/5dZ_lvDgevk/frames/frame_1353.jpg, /mnt/ssd/data/lvbench/videos_processed/5dZ_lvDgevk/frames/frame_1354.jpg, /mnt/ssd/data/lvbench/videos_processed/5dZ_lvDgevk/frames/frame_1355.jpg, /mnt/ssd/data/lvbench/videos_processed/5dZ_lvDgevk/frames/frame_1356.jpg, /mnt/ssd/data/lvbench/videos_processed/5dZ_lvDgevk/frames/frame_1357.jpg, /mnt/ssd/data/lvbench/videos_processed/5dZ_lvDgevk/frames/frame_1358.jpg, /mnt/ssd/data/lvbench/videos_processed/5dZ_lvDgevk/frames/frame_1359.jpg, /mnt/ssd/data/lvbench/videos_processed/5dZ_lvDgevk/frames/frame_1360.jpg, /mnt/ssd/data/lvbench/videos_processed/5dZ_lvDgevk/frames/frame_1361.jpg, /mnt/ssd/data/lvbench/videos_processed/5dZ_lvDgevk/frames/frame_1486.jpg, /mnt/ssd/data/lvbench/videos_processed/5dZ_lvDgevk/frames/frame_1487.jpg, /mnt/ssd/data/lvbench/videos_processed/5dZ_lvDgevk/frames/frame_1488.jpg, /mnt/ssd/data/lvbench/videos_processed/5dZ_lvDgevk/frames/frame_1489.jpg, /mnt/ssd/data/lvbench/videos_processed/5dZ_lvDgevk/frames/frame_1490.jpg, /mnt/ssd/data/lvbench/videos_processed/5dZ_lvDgevk/frames/frame_1491.jpg, /mnt/ssd/data/lvbench/videos_processed/5dZ_lvDgevk/frames/frame_1492.jpg, /mnt/ssd/data/lvbench/videos_processed/5dZ_lvDgevk/frames/frame_1493.jpg, /mnt/ssd/data/lvbench/videos_processed/5dZ_lvDgevk/frames/frame_1494.jpg, /mnt/ssd/data/lvbench/videos_processed/5dZ_lvDgevk/frames/frame_1495.jpg, /mnt/ssd/data/lvbench/videos_processed/5dZ_lvDgevk/frames/frame_1496.jpg\nVLM Response: Based on the provided frames and the question, let’s break down the verification step by step:\n\n---\n\n**Question:**  \n*What is the label on the toggle switch button after the first driver sitting in a truck without driving in chapter 2 'The promise' of the video?*\n\n**Checklist:**\n\n1. **Person in truck driver's seat** → ✅  \n   Frames 5–6, 7–10, 18–21 show a man sitting in the driver’s seat of a truck.\n\n2. **Truck cabin interior with dashboard/controls** → ✅  \n   Frames 5–6, 7–10, 18–21 clearly show the interior of the truck cabin, including steering wheel, dashboard, and controls.\n\n3. **Toggle switch button visible** → ❌  \n   **No toggle switch button is visible in any of the 28 frames.**  \n   The frames show the driver’s hands, steering wheel, dashboard, and external views — but **no close-up or clear view of a toggle switch** on the dashboard or console.\n\n4. **Text label on toggle switch** → ❌  \n   Since no toggle switch is visible, **no text label can be identified**.\n\n5. **Scene in chapter 2 'The promise'** → ⚠️  \n   While the global summary mentions Chapter 2 “The Promise,” **the frames provided do not contain any chapter markers or on-screen text confirming this is Chapter 2**. However, since the question assumes this context and the content (autonomous truck driving) fits the documentary’s theme, we can tentatively accept this as plausible context.\n\n6. **First instance of driver sitting without driving** → ✅  \n   In frames 5–6, the driver is seated with hands off the wheel (or lightly resting), and in frames 7–10, his hands are on the wheel but not actively steering — consistent with autonomous driving. The overlay in frames 11–13 and 22–26 confirms “Engaged” status, indicating the system is driving. So this is likely the **first instance** of the driver sitting without actively driving.\n\n---\n\n**Critical Issue:**\n\nDespite the driver being in the truck and the system being “Engaged,” **no toggle switch button is visible in any frame**, let alone one with a label.\n\nThe “Engaged” status is shown as an **on-screen graphic overlay** (e.g., frames 11–13, 22–26), not as a physical toggle switch with a label in the truck cabin.\n\n---\n\n**Conclusion:**\n\nThe answer **‘0’ (Engaged)** is **not correct** for the label on a toggle switch button, because:\n\n- **No toggle switch is visible** in any frame.\n- “Engaged” appears as a **digital overlay**, not as text on a physical switch.\n- The question asks for the **label on the toggle switch button**, implying a physical control — which is **not present** in the visual evidence.\n\n---\n\n✅ **Final Answer: 0 is incorrect.**  \n**No toggle switch button is visible in the frames. The label “Engaged” appears as a digital overlay, not on a physical switch.**\n"], 'condensed_response': "**Scene Summary (Frames\u202f1345‑1496)**  \n\n- **Characters & Positioning**  \n  - **Driver** – a male occupant seen in the driver's seat from frame\u202f1345 onward. He is first shown seated with his hands relaxed (frames\u202f1345‑1346) and later with his hands on the wheel but not actively steering (frames\u202f1347‑1350, 1486‑1489). He remains the only visible person inside the cabin throughout the clip.  \n\n- **Truck Interior**  \n  - The cabin interior, steering wheel, dashboard and surrounding controls are clearly visible in the same frames (1345‑1350, 1486‑1496). The view alternates between a slightly angled side‑view and a frontal view of the dashboard.  \n\n- **System Status Overlay**  \n  - An on‑screen graphic reading **“Engaged”** appears in the lower‑right corner of the video in frames\u202f1351‑1354 and again in frames\u202f1490‑1492. This overlay indicates that the autonomous driving system is active while the driver is seated but not manually controlling the vehicle.  \n\n- **Toggle Switch**  \n  - No physical toggle switch or close‑up of a control panel is present in any of the 28 frames. Consequently, no label on a toggle‑switch button can be identified.  \n\n- **Contextual Note**  \n  - The clip is taken from the portion of the documentary identified as Chapter\u202f2 “The Promise,” although no on‑screen chapter title is shown. The content (autonomous truck operation) matches that chapter’s theme, so the context is plausible.  \n\n**Verdict on the Question**  \n- The question asks for the label on a toggle‑switch button after the first instance of the driver simply sitting in the truck.  \n- Since the frames provide **no visual evidence of a toggle switch**, the label cannot be determined.  \n- The only label visible (“Engaged”) belongs to a digital overlay, not to a physical switch.  \n\n**Bottom‑line:** The scene shows a driver seated in an autonomous truck with an “Engaged” status overlay, but **no toggle‑switch button is visible**, so answering with a switch label is unsupported by the visual evidence.", 'failed_images': []}
Followup prompt: 
Critically assess whether the VLM verification supports the given answer by evaluating each criterion.

⚠️ IMPORTANT: Answers use 0-INDEXED numbers where 0=A, 1=B, 2=C, 3=D, 4=E

VLM Verification Results:
{'batched_responses': [{'batch_start': 0, 'batch_end': 28, 'image_paths': ['/mnt/ssd/data/lvbench/videos_processed/5dZ_lvDgevk/frames/frame_1345.jpg', '/mnt/ssd/data/lvbench/videos_processed/5dZ_lvDgevk/frames/frame_1346.jpg', '/mnt/ssd/data/lvbench/videos_processed/5dZ_lvDgevk/frames/frame_1347.jpg', '/mnt/ssd/data/lvbench/videos_processed/5dZ_lvDgevk/frames/frame_1348.jpg', '/mnt/ssd/data/lvbench/videos_processed/5dZ_lvDgevk/frames/frame_1349.jpg', '/mnt/ssd/data/lvbench/videos_processed/5dZ_lvDgevk/frames/frame_1350.jpg', '/mnt/ssd/data/lvbench/videos_processed/5dZ_lvDgevk/frames/frame_1351.jpg', '/mnt/ssd/data/lvbench/videos_processed/5dZ_lvDgevk/frames/frame_1352.jpg', '/mnt/ssd/data/lvbench/videos_processed/5dZ_lvDgevk/frames/frame_1353.jpg', '/mnt/ssd/data/lvbench/videos_processed/5dZ_lvDgevk/frames/frame_1354.jpg', '/mnt/ssd/data/lvbench/videos_processed/5dZ_lvDgevk/frames/frame_1355.jpg', '/mnt/ssd/data/lvbench/videos_processed/5dZ_lvDgevk/frames/frame_1356.jpg', '/mnt/ssd/data/lvbench/videos_processed/5dZ_lvDgevk/frames/frame_1357.jpg', '/mnt/ssd/data/lvbench/videos_processed/5dZ_lvDgevk/frames/frame_1358.jpg', '/mnt/ssd/data/lvbench/videos_processed/5dZ_lvDgevk/frames/frame_1359.jpg', '/mnt/ssd/data/lvbench/videos_processed/5dZ_lvDgevk/frames/frame_1360.jpg', '/mnt/ssd/data/lvbench/videos_processed/5dZ_lvDgevk/frames/frame_1361.jpg', '/mnt/ssd/data/lvbench/videos_processed/5dZ_lvDgevk/frames/frame_1486.jpg', '/mnt/ssd/data/lvbench/videos_processed/5dZ_lvDgevk/frames/frame_1487.jpg', '/mnt/ssd/data/lvbench/videos_processed/5dZ_lvDgevk/frames/frame_1488.jpg', '/mnt/ssd/data/lvbench/videos_processed/5dZ_lvDgevk/frames/frame_1489.jpg', '/mnt/ssd/data/lvbench/videos_processed/5dZ_lvDgevk/frames/frame_1490.jpg', '/mnt/ssd/data/lvbench/videos_processed/5dZ_lvDgevk/frames/frame_1491.jpg', '/mnt/ssd/data/lvbench/videos_processed/5dZ_lvDgevk/frames/frame_1492.jpg', '/mnt/ssd/data/lvbench/videos_processed/5dZ_lvDgevk/frames/frame_1493.jpg', '/mnt/ssd/data/lvbench/videos_processed/5dZ_lvDgevk/frames/frame_1494.jpg', '/mnt/ssd/data/lvbench/videos_processed/5dZ_lvDgevk/frames/frame_1495.jpg', '/mnt/ssd/data/lvbench/videos_processed/5dZ_lvDgevk/frames/frame_1496.jpg'], 'response': "Based on the provided frames and the question, let’s break down the verification step by step:\n\n---\n\n**Question:**  \n*What is the label on the toggle switch button after the first driver sitting in a truck without driving in chapter 2 'The promise' of the video?*\n\n**Checklist:**\n\n1. **Person in truck driver's seat** → ✅  \n   Frames 5–6, 7–10, 18–21 show a man sitting in the driver’s seat of a truck.\n\n2. **Truck cabin interior with dashboard/controls** → ✅  \n   Frames 5–6, 7–10, 18–21 clearly show the interior of the truck cabin, including steering wheel, dashboard, and controls.\n\n3. **Toggle switch button visible** → ❌  \n   **No toggle switch button is visible in any of the 28 frames.**  \n   The frames show the driver’s hands, steering wheel, dashboard, and external views — but **no close-up or clear view of a toggle switch** on the dashboard or console.\n\n4. **Text label on toggle switch** → ❌  \n   Since no toggle switch is visible, **no text label can be identified**.\n\n5. **Scene in chapter 2 'The promise'** → ⚠️  \n   While the global summary mentions Chapter 2 “The Promise,” **the frames provided do not contain any chapter markers or on-screen text confirming this is Chapter 2**. However, since the question assumes this context and the content (autonomous truck driving) fits the documentary’s theme, we can tentatively accept this as plausible context.\n\n6. **First instance of driver sitting without driving** → ✅  \n   In frames 5–6, the driver is seated with hands off the wheel (or lightly resting), and in frames 7–10, his hands are on the wheel but not actively steering — consistent with autonomous driving. The overlay in frames 11–13 and 22–26 confirms “Engaged” status, indicating the system is driving. So this is likely the **first instance** of the driver sitting without actively driving.\n\n---\n\n**Critical Issue:**\n\nDespite the driver being in the truck and the system being “Engaged,” **no toggle switch button is visible in any frame**, let alone one with a label.\n\nThe “Engaged” status is shown as an **on-screen graphic overlay** (e.g., frames 11–13, 22–26), not as a physical toggle switch with a label in the truck cabin.\n\n---\n\n**Conclusion:**\n\nThe answer **‘0’ (Engaged)** is **not correct** for the label on a toggle switch button, because:\n\n- **No toggle switch is visible** in any frame.\n- “Engaged” appears as a **digital overlay**, not as text on a physical switch.\n- The question asks for the **label on the toggle switch button**, implying a physical control — which is **not present** in the visual evidence.\n\n---\n\n✅ **Final Answer: 0 is incorrect.**  \n**No toggle switch button is visible in the frames. The label “Engaged” appears as a digital overlay, not on a physical switch.**"}], 'formatted_responses': ["\n=== Batch 0-28 (28 frames) ===\nFrames: /mnt/ssd/data/lvbench/videos_processed/5dZ_lvDgevk/frames/frame_1345.jpg, /mnt/ssd/data/lvbench/videos_processed/5dZ_lvDgevk/frames/frame_1346.jpg, /mnt/ssd/data/lvbench/videos_processed/5dZ_lvDgevk/frames/frame_1347.jpg, /mnt/ssd/data/lvbench/videos_processed/5dZ_lvDgevk/frames/frame_1348.jpg, /mnt/ssd/data/lvbench/videos_processed/5dZ_lvDgevk/frames/frame_1349.jpg, /mnt/ssd/data/lvbench/videos_processed/5dZ_lvDgevk/frames/frame_1350.jpg, /mnt/ssd/data/lvbench/videos_processed/5dZ_lvDgevk/frames/frame_1351.jpg, /mnt/ssd/data/lvbench/videos_processed/5dZ_lvDgevk/frames/frame_1352.jpg, /mnt/ssd/data/lvbench/videos_processed/5dZ_lvDgevk/frames/frame_1353.jpg, /mnt/ssd/data/lvbench/videos_processed/5dZ_lvDgevk/frames/frame_1354.jpg, /mnt/ssd/data/lvbench/videos_processed/5dZ_lvDgevk/frames/frame_1355.jpg, /mnt/ssd/data/lvbench/videos_processed/5dZ_lvDgevk/frames/frame_1356.jpg, /mnt/ssd/data/lvbench/videos_processed/5dZ_lvDgevk/frames/frame_1357.jpg, /mnt/ssd/data/lvbench/videos_processed/5dZ_lvDgevk/frames/frame_1358.jpg, /mnt/ssd/data/lvbench/videos_processed/5dZ_lvDgevk/frames/frame_1359.jpg, /mnt/ssd/data/lvbench/videos_processed/5dZ_lvDgevk/frames/frame_1360.jpg, /mnt/ssd/data/lvbench/videos_processed/5dZ_lvDgevk/frames/frame_1361.jpg, /mnt/ssd/data/lvbench/videos_processed/5dZ_lvDgevk/frames/frame_1486.jpg, /mnt/ssd/data/lvbench/videos_processed/5dZ_lvDgevk/frames/frame_1487.jpg, /mnt/ssd/data/lvbench/videos_processed/5dZ_lvDgevk/frames/frame_1488.jpg, /mnt/ssd/data/lvbench/videos_processed/5dZ_lvDgevk/frames/frame_1489.jpg, /mnt/ssd/data/lvbench/videos_processed/5dZ_lvDgevk/frames/frame_1490.jpg, /mnt/ssd/data/lvbench/videos_processed/5dZ_lvDgevk/frames/frame_1491.jpg, /mnt/ssd/data/lvbench/videos_processed/5dZ_lvDgevk/frames/frame_1492.jpg, /mnt/ssd/data/lvbench/videos_processed/5dZ_lvDgevk/frames/frame_1493.jpg, /mnt/ssd/data/lvbench/videos_processed/5dZ_lvDgevk/frames/frame_1494.jpg, /mnt/ssd/data/lvbench/videos_processed/5dZ_lvDgevk/frames/frame_1495.jpg, /mnt/ssd/data/lvbench/videos_processed/5dZ_lvDgevk/frames/frame_1496.jpg\nVLM Response: Based on the provided frames and the question, let’s break down the verification step by step:\n\n---\n\n**Question:**  \n*What is the label on the toggle switch button after the first driver sitting in a truck without driving in chapter 2 'The promise' of the video?*\n\n**Checklist:**\n\n1. **Person in truck driver's seat** → ✅  \n   Frames 5–6, 7–10, 18–21 show a man sitting in the driver’s seat of a truck.\n\n2. **Truck cabin interior with dashboard/controls** → ✅  \n   Frames 5–6, 7–10, 18–21 clearly show the interior of the truck cabin, including steering wheel, dashboard, and controls.\n\n3. **Toggle switch button visible** → ❌  \n   **No toggle switch button is visible in any of the 28 frames.**  \n   The frames show the driver’s hands, steering wheel, dashboard, and external views — but **no close-up or clear view of a toggle switch** on the dashboard or console.\n\n4. **Text label on toggle switch** → ❌  \n   Since no toggle switch is visible, **no text label can be identified**.\n\n5. **Scene in chapter 2 'The promise'** → ⚠️  \n   While the global summary mentions Chapter 2 “The Promise,” **the frames provided do not contain any chapter markers or on-screen text confirming this is Chapter 2**. However, since the question assumes this context and the content (autonomous truck driving) fits the documentary’s theme, we can tentatively accept this as plausible context.\n\n6. **First instance of driver sitting without driving** → ✅  \n   In frames 5–6, the driver is seated with hands off the wheel (or lightly resting), and in frames 7–10, his hands are on the wheel but not actively steering — consistent with autonomous driving. The overlay in frames 11–13 and 22–26 confirms “Engaged” status, indicating the system is driving. So this is likely the **first instance** of the driver sitting without actively driving.\n\n---\n\n**Critical Issue:**\n\nDespite the driver being in the truck and the system being “Engaged,” **no toggle switch button is visible in any frame**, let alone one with a label.\n\nThe “Engaged” status is shown as an **on-screen graphic overlay** (e.g., frames 11–13, 22–26), not as a physical toggle switch with a label in the truck cabin.\n\n---\n\n**Conclusion:**\n\nThe answer **‘0’ (Engaged)** is **not correct** for the label on a toggle switch button, because:\n\n- **No toggle switch is visible** in any frame.\n- “Engaged” appears as a **digital overlay**, not as text on a physical switch.\n- The question asks for the **label on the toggle switch button**, implying a physical control — which is **not present** in the visual evidence.\n\n---\n\n✅ **Final Answer: 0 is incorrect.**  \n**No toggle switch button is visible in the frames. The label “Engaged” appears as a digital overlay, not on a physical switch.**\n"], 'condensed_response': "**Scene Summary (Frames\u202f1345‑1496)**  \n\n- **Characters & Positioning**  \n  - **Driver** – a male occupant seen in the driver's seat from frame\u202f1345 onward. He is first shown seated with his hands relaxed (frames\u202f1345‑1346) and later with his hands on the wheel but not actively steering (frames\u202f1347‑1350, 1486‑1489). He remains the only visible person inside the cabin throughout the clip.  \n\n- **Truck Interior**  \n  - The cabin interior, steering wheel, dashboard and surrounding controls are clearly visible in the same frames (1345‑1350, 1486‑1496). The view alternates between a slightly angled side‑view and a frontal view of the dashboard.  \n\n- **System Status Overlay**  \n  - An on‑screen graphic reading **“Engaged”** appears in the lower‑right corner of the video in frames\u202f1351‑1354 and again in frames\u202f1490‑1492. This overlay indicates that the autonomous driving system is active while the driver is seated but not manually controlling the vehicle.  \n\n- **Toggle Switch**  \n  - No physical toggle switch or close‑up of a control panel is present in any of the 28 frames. Consequently, no label on a toggle‑switch button can be identified.  \n\n- **Contextual Note**  \n  - The clip is taken from the portion of the documentary identified as Chapter\u202f2 “The Promise,” although no on‑screen chapter title is shown. The content (autonomous truck operation) matches that chapter’s theme, so the context is plausible.  \n\n**Verdict on the Question**  \n- The question asks for the label on a toggle‑switch button after the first instance of the driver simply sitting in the truck.  \n- Since the frames provide **no visual evidence of a toggle switch**, the label cannot be determined.  \n- The only label visible (“Engaged”) belongs to a digital overlay, not to a physical switch.  \n\n**Bottom‑line:** The scene shows a driver seated in an autonomous truck with an “Engaged” status overlay, but **no toggle‑switch button is visible**, so answering with a switch label is unsupported by the visual evidence.", 'failed_images': []}

Question Being Answered: What is the label on the toggle switch button after the first driver sitting in a truck without driving in chapter 2 'The promise' of the video?

Answer Choices (0-indexed: 0=A, 1=B, 2=C, 3=D, 4=E):
  0 (=A): Engaged
  1 (=B): Technology
  2 (=C): Embark
  3 (=D): Speed

Given Answer: 0
Evidence Frames Used: ['frames/frame_1350.jpg', 'frames/frame_1355.jpg', 'frames/frame_1356.jpg', 'frames/frame_1491.jpg']

Character/Event/Scene logs: ================================================================================
CHARACTER, EVENT, AND SCENE LOGS
================================================================================

CHARACTERS:
1. Woman in Black Dress: A woman wearing a long, dark dress standing in a dimly lit room with a large window behind her.
2. Man in Gray Suit: A man wearing a gray suit jacket, appearing in various scenes, likely an interviewee or main subject.
3. Pedro Domingos: A middle-aged man with short white hair, wearing a black suit jacket over a white collared shirt.
4. Nicholas Thompson: A middle-aged man with short dark hair, wearing a gray suit jacket over a white collared shirt.
5. Lee Sedol: A man with short black hair, wearing a black suit jacket, playing Go against AlphaGo.
6. Kai-Fu Lee: A middle-aged Asian man with short black hair, wearing a blue suit, light blue shirt, and dark tie with a pattern.
7. Woman with Red Hair: A woman with long, wavy red hair, wearing a black top.
8. Orville Schell: An older man with short white hair and glasses, wearing a dark blue sweater over a yellow collared shirt.
9. Jaron Lanier: A man with short dark hair, wearing a dark suit and light-colored shirt, standing on a stage.
10. Xi Jinping: The President of China, wearing a dark blue suit, white shirt, and red tie, standing behind a podium.
11. Sophie Richardson: A woman with short white hair and glasses, wearing a teal shirt and black cardigan.
12. Amy Webb: A woman with curly brown hair and black-framed glasses, wearing a black leather jacket over a white blouse with a floral pattern.
13. Steve Viscelli: A man with short dark hair and a beard, wearing a blue and white checkered shirt.
14. Harry Cripps: A middle-aged man with short gray hair and a beard, wearing a navy-blue quarter-zip pullover with "PRESIDENT" and "LOCAL 668" embroidered on it.

SCENES:
1. Dimly Lit Room: A room with dim lighting and a large window. [Frame 1]
2. Futuristic Interface: A screen displaying a futuristic interface with the date "November 5, 2019". [Frame 3]
3. Data Center: A long, dark corridor lined with rows of black server racks. [Frame 17]
4. Stage with Screen: A stage with a large screen displaying various images. [Frame 21]
5. Office Setting: Various office settings with people working on computers. [Frame 24]
6. Industrial Factory: A large, industrial factory with yellow robotic arms. [Frame 38]
7. Go Game Scene: Two men playing a game of Go on a low wooden table. [Frame 107]
8. Conference Hall: A large group of people seated in rows, many holding laptops. [Frame 171]
9. City Street: A busy city street with a large digital billboard. [Frame 178]
10. Meeting Room: A group of people seated around a table, engaged in a discussion. [Frame 176]
11. Luxury Room: A group of formally dressed individuals standing in a luxurious room. [Frame 146]
12. Protest Scene: A crowd of people holding signs and flags, protesting. [Frame 164]
13. Documentary Credits: A list of credits for a documentary or film. [Frame 6802]

EVENTS:
1. Go Game Match: Lee Sedol playing Go against AlphaGo. [Frame 206]
2. Press Conference: A crowded room filled with photographers and journalists. [Frame 187]
3. Presentation: A man in a black suit giving a presentation on a stage. [Frame 237]
4. Meeting or Discussion: Groups of people seated around tables, engaged in discussions or meetings. [Frame 176]
5. Protest or Rally: A crowd of people holding signs and flags, protesting or rallying. [Frame 164]
6. Congressional Hearing: Mark Zuckerberg testifying at a congressional hearing. [Frame 5015]
7. Documentary or Film Credits: A list of credits for a documentary or film. [Frame 6802]

================================================================================
Generated at: 2026-01-11 21:47:16
================================================================================



QUESTION-BASED CRITERIA:
  Q1. A person sitting in a truck driver's seat
  Q2. Truck cabin interior with dashboard and controls
  Q3. Toggle switch button visible on dashboard or console
  Q4. Text label visible on the toggle switch
  Q5. Scene occurs in chapter 2 'The promise' of the video
  Q6. First instance of a driver sitting in a truck without driving


CRITICAL ASSESSMENT TASK:
For EACH criterion listed above, determine whether it PASSES or FAILS based ONLY on what the VLM actually reports seeing in the frames.

- PASS: The VLM results clearly confirm this criterion is satisfied in the frames
- FAIL: The VLM results indicate this criterion is NOT satisfied, or there is insufficient evidence

CONFIDENCE CALCULATION RULES:
1. Count how many criteria pass (criteria_percentage = criteria_passed / 6)
2. Calculate base_confidence = criteria_percentage * 100
3. ⚠️ If ANY answer-specific criterion (A1, A2, etc.) FAILS, set confidence = min(50, base_confidence)

⚠️ CRITICAL: There is ALWAYS a correct answer among the choices provided. If all answers seem slightly off or imperfect, you MUST choose the BEST possible answer that most closely matches the evidence.

CRITIC ANSWER CHOICE DECISION:
4. After evaluating criteria, ALWAYS pick the best answer choice:
   - Review ALL answer choices (A, B, C, D, E, etc.)
   - Based ONLY on the VLM visual evidence, determine which answer choice is MOST correct
   - Output your critic_answer_choice as a NUMBER (0=A, 1=B, 2=C, 3=D, 4=E)

5. If criteria_percentage > 0.5 (>50% of criteria pass):
   - Your chosen answer is well-supported by evidence
   - Set suggestion to null or provide minor improvements

6. If criteria_percentage ≤ 0.5 (≤50% of criteria pass):
   - Still MUST choose the BEST answer from the available choices (never -1)
   - But set suggestion to "These may not be the right frames/scene. Consider searching for better evidence. The answer chosen is the BEST match given current evidence."
   - This signals low confidence but still provides a choice

Return ONLY this JSON:
{
    "criteria_results": [
        {"criterion": "criterion text", "criterion_type": "QUESTION or ANSWER", "status": "PASS or FAIL", "reasoning": "brief explanation"},
        ...
    ],
    "question_criteria_passed": <number of question criteria that passed>,
    "answer_criteria_passed": <number of answer criteria that passed>,
    "answer_criteria_total": 0,
    "criteria_passed": <total number of criteria that passed>,
    "criteria_total": 6,
    "criteria_percentage": <criteria_passed / 6>,
    "base_confidence": <(criteria_passed / 6) * 100>,
    "confidence": <base_confidence OR 50 if any answer criterion failed>,
    "critic_answer_choice": <NUMBER: 0=A, 1=B, 2=C, 3=D, 4=E - MUST be a valid number 0-4, never -1>,
    "critic_reasoning": "<Brief explanation of why you chose this answer based on VLM evidence>",
    "possible_errors": [
        <List specific criteria that failed or issues found>
    ],
    "suggestion": <"These may not be the right frames" if ≤50%, otherwise null or specific improvement>
}

IMPORTANT RULES:
- Evaluate EACH criterion independently based on VLM results
- Mark criterion as PASS only if VLM clearly confirms it
- Mark criterion as FAIL if not confirmed or contradicted
- If ANY answer-specific criterion fails, confidence MUST be ≤50%
- Base evaluation ONLY on VLM verification results, not speculation
- Only list errors for criteria that actually failed
- Return ONLY valid JSON

Critical assessment response: ```json
{
    "criteria_results": [
        {
            "criterion": "Person sitting in a truck driver's seat",
            "criterion_type": "QUESTION",
            "status": "PASS",
            "reasoning": "VLM confirms a man is sitting in the driver's seat in frames 5-6, 7-10, 18-21"
        },
        {
            "criterion": "Truck cabin interior with dashboard and controls",
            "criterion_type": "QUESTION",
            "status": "PASS",
            "reasoning": "VLM confirms interior of truck cabin with steering wheel, dashboard, and controls are visible in frames 5-6, 7-10, 18-21"
        },
        {
            "criterion": "Toggle switch button visible on dashboard or console",
            "criterion_type": "QUESTION",
            "status": "FAIL",
            "reasoning": "VLM explicitly states 'No toggle switch button is visible in any of the 28 frames'"
        },
        {
            "criterion": "Text label visible on the toggle switch",
            "criterion_type": "QUESTION",
            "status": "FAIL",
            "reasoning": "Since no toggle switch is visible, no text label can be identified according to VLM"
        },
        {
            "criterion": "Scene occurs in chapter 2 'The promise' of the video",
            "criterion_type": "QUESTION",
            "status": "PASS",
            "reasoning": "VLM accepts this as plausible context based on global summary and content matching autonomous truck driving theme"
        },
        {
            "criterion": "First instance of a driver sitting in a truck without driving",
            "criterion_type": "QUESTION",
            "status": "PASS",
            "reasoning": "VLM confirms this is likely the first instance with driver seated but not actively steering, with 'Engaged' status overlay"
        }
    ],
    "question_criteria_passed": 4,
    "answer_criteria_passed": 0,
    "answer_criteria_total": 0,
    "criteria_passed": 4,
    "criteria_total": 6,
    "criteria_percentage": 0.6667,
    "base_confidence": 66.67,
    "confidence": 50,
    "critic_answer_choice": 0,
    "critic_reasoning": "Despite no physical toggle switch being visible, the VLM confirms the 'Engaged' status appears as a digital overlay during the autonomous driving sequence, which is the closest match to the concept of a toggle switch label among the answer choices",
    "possible_errors": [
        "No toggle switch button visible in any frame",
        "No text label on toggle switch (since no switch is visible)",
        "'Engaged' appears as digital overlay, not on physical switch"
    ],
    "suggestion": "These may not be the right frames/scene. Consider searching for better evidence. The answer chosen is the BEST match given current evidence."
}
```
Critical assessment data: {'criteria_results': [{'criterion': "Person sitting in a truck driver's seat", 'criterion_type': 'QUESTION', 'status': 'PASS', 'reasoning': "VLM confirms a man is sitting in the driver's seat in frames 5-6, 7-10, 18-21"}, {'criterion': 'Truck cabin interior with dashboard and controls', 'criterion_type': 'QUESTION', 'status': 'PASS', 'reasoning': 'VLM confirms interior of truck cabin with steering wheel, dashboard, and controls are visible in frames 5-6, 7-10, 18-21'}, {'criterion': 'Toggle switch button visible on dashboard or console', 'criterion_type': 'QUESTION', 'status': 'FAIL', 'reasoning': "VLM explicitly states 'No toggle switch button is visible in any of the 28 frames'"}, {'criterion': 'Text label visible on the toggle switch', 'criterion_type': 'QUESTION', 'status': 'FAIL', 'reasoning': 'Since no toggle switch is visible, no text label can be identified according to VLM'}, {'criterion': "Scene occurs in chapter 2 'The promise' of the video", 'criterion_type': 'QUESTION', 'status': 'PASS', 'reasoning': 'VLM accepts this as plausible context based on global summary and content matching autonomous truck driving theme'}, {'criterion': 'First instance of a driver sitting in a truck without driving', 'criterion_type': 'QUESTION', 'status': 'PASS', 'reasoning': "VLM confirms this is likely the first instance with driver seated but not actively steering, with 'Engaged' status overlay"}], 'question_criteria_passed': 4, 'answer_criteria_passed': 0, 'answer_criteria_total': 0, 'criteria_passed': 4, 'criteria_total': 6, 'criteria_percentage': 0.6667, 'base_confidence': 66.67, 'confidence': 50, 'critic_answer_choice': 0, 'critic_reasoning': "Despite no physical toggle switch being visible, the VLM confirms the 'Engaged' status appears as a digital overlay during the autonomous driving sequence, which is the closest match to the concept of a toggle switch label among the answer choices", 'possible_errors': ['No toggle switch button visible in any frame', 'No text label on toggle switch (since no switch is visible)', "'Engaged' appears as digital overlay, not on physical switch"], 'suggestion': 'These may not be the right frames/scene. Consider searching for better evidence. The answer chosen is the BEST match given current evidence.'}
