Critic initial response: ```json
{
    "tool": "VLM_QUERY",
    "frames": ["frames/frame_2518.jpg", "frames/frame_2519.jpg", "frames/frame_2520.jpg", "frames/frame_2521.jpg", "frames/frame_2522.jpg", "frames/frame_2523.jpg", "frames/frame_2524.jpg", "frames/frame_2525.jpg", "frames/frame_2526.jpg", "frames/frame_2527.jpg", "frames/frame_2528.jpg", "frames/frame_2529.jpg", "frames/frame_2530.jpg", "frames/frame_2531.jpg", "frames/frame_2532.jpg", "frames/frame_2533.jpg", "frames/frame_2534.jpg"],
    "prompt": "Analyze these frames to verify if answer '1' (dragonfly) is correct for the question: 'What animal appears after the interview with Karen Sim and Jeffrey Chong?' Check these specific criteria: 1) Identify if there is an interview scene with people who might be Karen Sim and Jeffrey Chong, 2) Look for any animal (bird, dragonfly, butterfly, or lizard) appearing after the interview, 3) Determine if the animal is a dragonfly, 4) Verify the temporal sequence - animal appears AFTER the interview. Pay close attention to visual details like insects, interview settings, and the order of events across frames."
}
```
Frames to verify: ['frames/frame_2518.jpg', 'frames/frame_2519.jpg', 'frames/frame_2520.jpg', 'frames/frame_2521.jpg', 'frames/frame_2522.jpg', 'frames/frame_2523.jpg', 'frames/frame_2524.jpg', 'frames/frame_2525.jpg', 'frames/frame_2526.jpg', 'frames/frame_2527.jpg', 'frames/frame_2528.jpg', 'frames/frame_2529.jpg', 'frames/frame_2530.jpg', 'frames/frame_2531.jpg', 'frames/frame_2532.jpg', 'frames/frame_2533.jpg', 'frames/frame_2534.jpg']
VLM Prompt: Video context: After analyzing the provided SET of frame-by-frame captions data for a long video, I have distilled a global summary that captures the main characters, setting, plot line, vibes, and general details.

**Main Characters:**

1. A middle-aged Asian woman with short black hair, often wearing a white blouse and pearl earrings, appears in various settings, including rooftops, offices, and laboratories. She is likely a key figure or narrator in the video.
2. A man with short gray hair and black-framed glasses, often wearing a light green or dark blue shirt, is featured in several frames, sometimes speaking or gesturing. He may be an expert or interviewee.
3. A young Asian man with short black hair, wearing a black or dark blue shirt, appears in various settings, including offices and laboratories. He may be a supporting character or interviewee.
4. Several children, wearing yellow shirts with blue checkered collars, are featured in a classroom or educational setting, suggesting a segment on education or childcare.

**Setting:**

The video is set in Singapore, with various locations featured, including:

1. Cityscapes: Singapore's urban landscape is showcased, with numerous high-rise buildings, skyscrapers, and modern architecture.
2. Laboratories and factories: Various industrial and laboratory settings are depicted, highlighting Singapore's technological and scientific advancements.
3. Parks and gardens: The video features serene and vibrant parks, gardens, and green spaces, such as the Gardens by the Bay.
4. Classrooms and educational settings: A preschool or kindergarten is featured, showcasing a classroom environment and educational activities.
5. Airports and transportation hubs: Singapore's Changi Airport and other transportation infrastructure are depicted.

**Plot Line:**

The video appears to be a documentary or promotional piece showcasing Singapore's development, innovation, and lifestyle. The narrative is likely divided into segments or themes, including:

1. Urban planning and development: The video highlights Singapore's modern architecture, city planning, and infrastructure.
2. Technology and innovation: The feature showcases various technological advancements, including robotics, AI, and 3D printing.
3. Education and childcare: The preschool or kindergarten segment suggests a focus on early childhood education and development.
4. Environmental sustainability: The video highlights Singapore's efforts in sustainability, including green roofs, solar panels, and water management.
5. Cultural and social aspects: The video touches on Singapore's cultural heritage, including its Chinatown and other cultural landmarks.

**Vibes:**

The overall tone of the video is informative, modern, and futuristic, with a sense of pride and showcasing Singapore's achievements. The atmosphere is generally positive, with a focus on innovation, sustainability, and progress.

**General Details:**

1. The video is likely a documentary or promotional piece produced by a reputable organization, such as National Geographic, given the presence of their logo in the final frames.
2. The video features a diverse range of characters, including experts, educators, and everyday people, highlighting Singapore's multiculturalism.
3. The narrative is visually engaging, with a mix of aerial shots, close-ups, and wide shots showcasing Singapore's landscapes, cityscapes, and indoor settings.

Overall, the video is a visually stunning and informative representation of Singapore, highlighting its modernity, innovation, and cultural diversity.

Analyze these frames to verify if answer '1' (dragonfly) is correct for the question: 'What animal appears after the interview with Karen Sim and Jeffrey Chong?' Check these specific criteria: 1) Identify if there is an interview scene with people who might be Karen Sim and Jeffrey Chong, 2) Look for any animal (bird, dragonfly, butterfly, or lizard) appearing after the interview, 3) Determine if the animal is a dragonfly, 4) Verify the temporal sequence - animal appears AFTER the interview. Pay close attention to visual details like insects, interview settings, and the order of events across frames.
VLM response: {'batched_responses': [{'batch_start': 0, 'batch_end': 17, 'image_paths': ['/mnt/ssd/data/lvbench/videos_processed/xi6r3hZe5Tg/frames/frame_2518.jpg', '/mnt/ssd/data/lvbench/videos_processed/xi6r3hZe5Tg/frames/frame_2519.jpg', '/mnt/ssd/data/lvbench/videos_processed/xi6r3hZe5Tg/frames/frame_2520.jpg', '/mnt/ssd/data/lvbench/videos_processed/xi6r3hZe5Tg/frames/frame_2521.jpg', '/mnt/ssd/data/lvbench/videos_processed/xi6r3hZe5Tg/frames/frame_2522.jpg', '/mnt/ssd/data/lvbench/videos_processed/xi6r3hZe5Tg/frames/frame_2523.jpg', '/mnt/ssd/data/lvbench/videos_processed/xi6r3hZe5Tg/frames/frame_2524.jpg', '/mnt/ssd/data/lvbench/videos_processed/xi6r3hZe5Tg/frames/frame_2525.jpg', '/mnt/ssd/data/lvbench/videos_processed/xi6r3hZe5Tg/frames/frame_2526.jpg', '/mnt/ssd/data/lvbench/videos_processed/xi6r3hZe5Tg/frames/frame_2527.jpg', '/mnt/ssd/data/lvbench/videos_processed/xi6r3hZe5Tg/frames/frame_2528.jpg', '/mnt/ssd/data/lvbench/videos_processed/xi6r3hZe5Tg/frames/frame_2529.jpg', '/mnt/ssd/data/lvbench/videos_processed/xi6r3hZe5Tg/frames/frame_2530.jpg', '/mnt/ssd/data/lvbench/videos_processed/xi6r3hZe5Tg/frames/frame_2531.jpg', '/mnt/ssd/data/lvbench/videos_processed/xi6r3hZe5Tg/frames/frame_2532.jpg', '/mnt/ssd/data/lvbench/videos_processed/xi6r3hZe5Tg/frames/frame_2533.jpg', '/mnt/ssd/data/lvbench/videos_processed/xi6r3hZe5Tg/frames/frame_2534.jpg'], 'response': 'Based on the provided 17 frames and the specified criteria, here is the analysis:\n\n---\n\n**1) Identify if there is an interview scene with people who might be Karen Sim and Jeffrey Chong:**\n\n✅ **Confirmed.**  \nFrames 6–8 explicitly show two individuals with on-screen text identifying them as:\n\n- **Karen Sim, Volunteer**\n- **Jeffrey Chong, Volunteer**\n\nThey are standing outdoors in a park-like setting, smiling and appearing to be engaged in conversation or being interviewed. This matches the description of an “interview with Karen Sim and Jeffrey Chong.”\n\n---\n\n**2) Look for any animal (bird, dragonfly, butterfly, or lizard) appearing after the interview:**\n\n✅ **Confirmed.**  \nAfter Frame 8 (the last frame showing Karen and Jeffrey), **Frame 9** shows a close-up of an insect perched on a leaf. This is clearly an animal, specifically an insect.\n\n---\n\n**3) Determine if the animal is a dragonfly:**\n\n✅ **Confirmed.**  \nFrames 9–12 show a detailed, close-up view of an insect with:\n\n- Two pairs of transparent, veined wings\n- A long, slender body\n- Large compound eyes\n- Perched on a leaf\n\nThese are **distinctive morphological features of a dragonfly**. The insect is not a butterfly (which has broader, often colorful wings), nor a bird or lizard.\n\n---\n\n**4) Verify the temporal sequence — animal appears AFTER the interview:**\n\n✅ **Confirmed.**  \nThe interview with Karen Sim and Jeffrey Chong ends at **Frame 8**.  \nThe dragonfly first appears in **Frame 9**, which is immediately after.  \nThis satisfies the requirement that the animal appears *after* the interview.\n\n---\n\n### ✅ Final Conclusion:\n\n**Yes, the answer ‘1’ (dragonfly) is correct.**  \nAll four criteria are satisfied:  \n- An interview with Karen Sim and Jeffrey Chong is clearly shown (Frames 6–8).  \n- An animal (insect) appears after the interview (Frame 9).  \n- The animal is visually identifiable as a dragonfly.  \n- The dragonfly appears temporally after the interview concludes.\n\n**Answer: 1 (dragonfly) — CORRECT.**'}], 'formatted_responses': ['\n=== Batch 0-17 (17 frames) ===\nFrames: /mnt/ssd/data/lvbench/videos_processed/xi6r3hZe5Tg/frames/frame_2518.jpg, /mnt/ssd/data/lvbench/videos_processed/xi6r3hZe5Tg/frames/frame_2519.jpg, /mnt/ssd/data/lvbench/videos_processed/xi6r3hZe5Tg/frames/frame_2520.jpg, /mnt/ssd/data/lvbench/videos_processed/xi6r3hZe5Tg/frames/frame_2521.jpg, /mnt/ssd/data/lvbench/videos_processed/xi6r3hZe5Tg/frames/frame_2522.jpg, /mnt/ssd/data/lvbench/videos_processed/xi6r3hZe5Tg/frames/frame_2523.jpg, /mnt/ssd/data/lvbench/videos_processed/xi6r3hZe5Tg/frames/frame_2524.jpg, /mnt/ssd/data/lvbench/videos_processed/xi6r3hZe5Tg/frames/frame_2525.jpg, /mnt/ssd/data/lvbench/videos_processed/xi6r3hZe5Tg/frames/frame_2526.jpg, /mnt/ssd/data/lvbench/videos_processed/xi6r3hZe5Tg/frames/frame_2527.jpg, /mnt/ssd/data/lvbench/videos_processed/xi6r3hZe5Tg/frames/frame_2528.jpg, /mnt/ssd/data/lvbench/videos_processed/xi6r3hZe5Tg/frames/frame_2529.jpg, /mnt/ssd/data/lvbench/videos_processed/xi6r3hZe5Tg/frames/frame_2530.jpg, /mnt/ssd/data/lvbench/videos_processed/xi6r3hZe5Tg/frames/frame_2531.jpg, /mnt/ssd/data/lvbench/videos_processed/xi6r3hZe5Tg/frames/frame_2532.jpg, /mnt/ssd/data/lvbench/videos_processed/xi6r3hZe5Tg/frames/frame_2533.jpg, /mnt/ssd/data/lvbench/videos_processed/xi6r3hZe5Tg/frames/frame_2534.jpg\nVLM Response: Based on the provided 17 frames and the specified criteria, here is the analysis:\n\n---\n\n**1) Identify if there is an interview scene with people who might be Karen Sim and Jeffrey Chong:**\n\n✅ **Confirmed.**  \nFrames 6–8 explicitly show two individuals with on-screen text identifying them as:\n\n- **Karen Sim, Volunteer**\n- **Jeffrey Chong, Volunteer**\n\nThey are standing outdoors in a park-like setting, smiling and appearing to be engaged in conversation or being interviewed. This matches the description of an “interview with Karen Sim and Jeffrey Chong.”\n\n---\n\n**2) Look for any animal (bird, dragonfly, butterfly, or lizard) appearing after the interview:**\n\n✅ **Confirmed.**  \nAfter Frame 8 (the last frame showing Karen and Jeffrey), **Frame 9** shows a close-up of an insect perched on a leaf. This is clearly an animal, specifically an insect.\n\n---\n\n**3) Determine if the animal is a dragonfly:**\n\n✅ **Confirmed.**  \nFrames 9–12 show a detailed, close-up view of an insect with:\n\n- Two pairs of transparent, veined wings\n- A long, slender body\n- Large compound eyes\n- Perched on a leaf\n\nThese are **distinctive morphological features of a dragonfly**. The insect is not a butterfly (which has broader, often colorful wings), nor a bird or lizard.\n\n---\n\n**4) Verify the temporal sequence — animal appears AFTER the interview:**\n\n✅ **Confirmed.**  \nThe interview with Karen Sim and Jeffrey Chong ends at **Frame 8**.  \nThe dragonfly first appears in **Frame 9**, which is immediately after.  \nThis satisfies the requirement that the animal appears *after* the interview.\n\n---\n\n### ✅ Final Conclusion:\n\n**Yes, the answer ‘1’ (dragonfly) is correct.**  \nAll four criteria are satisfied:  \n- An interview with Karen Sim and Jeffrey Chong is clearly shown (Frames 6–8).  \n- An animal (insect) appears after the interview (Frame 9).  \n- The animal is visually identifiable as a dragonfly.  \n- The dragonfly appears temporally after the interview concludes.\n\n**Answer: 1 (dragonfly) — CORRECT.**\n'], 'condensed_response': 'The 17‑frame clip (frames\u202f2518‑2534) opens with an outdoor interview. In frames\u202f2523‑2525 two volunteers are introduced by on‑screen captions as **Karen\u202fSim** and **Jeffrey\u202fChong**, who stand together in a park, smiling and conversing. The interview ends at frame\u202f2525. Beginning with frame\u202f2526 the camera shifts to a close‑up of an insect on a leaf; frames\u202f2526‑2529 show the creature’s two pairs of transparent, veined wings, slender body and large compound eyes—hallmarks of a **dragonfly**. Thus the sequence clearly tracks the characters first, then introduces the dragonfly immediately afterward, satisfying the requirement that the animal appears after the interview.', 'failed_images': []}
Followup prompt: 
Critically assess whether the VLM verification supports the given answer by evaluating each criterion.

⚠️ IMPORTANT: Answers use 0-INDEXED numbers where 0=A, 1=B, 2=C, 3=D, 4=E

VLM Verification Results:
{'batched_responses': [{'batch_start': 0, 'batch_end': 17, 'image_paths': ['/mnt/ssd/data/lvbench/videos_processed/xi6r3hZe5Tg/frames/frame_2518.jpg', '/mnt/ssd/data/lvbench/videos_processed/xi6r3hZe5Tg/frames/frame_2519.jpg', '/mnt/ssd/data/lvbench/videos_processed/xi6r3hZe5Tg/frames/frame_2520.jpg', '/mnt/ssd/data/lvbench/videos_processed/xi6r3hZe5Tg/frames/frame_2521.jpg', '/mnt/ssd/data/lvbench/videos_processed/xi6r3hZe5Tg/frames/frame_2522.jpg', '/mnt/ssd/data/lvbench/videos_processed/xi6r3hZe5Tg/frames/frame_2523.jpg', '/mnt/ssd/data/lvbench/videos_processed/xi6r3hZe5Tg/frames/frame_2524.jpg', '/mnt/ssd/data/lvbench/videos_processed/xi6r3hZe5Tg/frames/frame_2525.jpg', '/mnt/ssd/data/lvbench/videos_processed/xi6r3hZe5Tg/frames/frame_2526.jpg', '/mnt/ssd/data/lvbench/videos_processed/xi6r3hZe5Tg/frames/frame_2527.jpg', '/mnt/ssd/data/lvbench/videos_processed/xi6r3hZe5Tg/frames/frame_2528.jpg', '/mnt/ssd/data/lvbench/videos_processed/xi6r3hZe5Tg/frames/frame_2529.jpg', '/mnt/ssd/data/lvbench/videos_processed/xi6r3hZe5Tg/frames/frame_2530.jpg', '/mnt/ssd/data/lvbench/videos_processed/xi6r3hZe5Tg/frames/frame_2531.jpg', '/mnt/ssd/data/lvbench/videos_processed/xi6r3hZe5Tg/frames/frame_2532.jpg', '/mnt/ssd/data/lvbench/videos_processed/xi6r3hZe5Tg/frames/frame_2533.jpg', '/mnt/ssd/data/lvbench/videos_processed/xi6r3hZe5Tg/frames/frame_2534.jpg'], 'response': 'Based on the provided 17 frames and the specified criteria, here is the analysis:\n\n---\n\n**1) Identify if there is an interview scene with people who might be Karen Sim and Jeffrey Chong:**\n\n✅ **Confirmed.**  \nFrames 6–8 explicitly show two individuals with on-screen text identifying them as:\n\n- **Karen Sim, Volunteer**\n- **Jeffrey Chong, Volunteer**\n\nThey are standing outdoors in a park-like setting, smiling and appearing to be engaged in conversation or being interviewed. This matches the description of an “interview with Karen Sim and Jeffrey Chong.”\n\n---\n\n**2) Look for any animal (bird, dragonfly, butterfly, or lizard) appearing after the interview:**\n\n✅ **Confirmed.**  \nAfter Frame 8 (the last frame showing Karen and Jeffrey), **Frame 9** shows a close-up of an insect perched on a leaf. This is clearly an animal, specifically an insect.\n\n---\n\n**3) Determine if the animal is a dragonfly:**\n\n✅ **Confirmed.**  \nFrames 9–12 show a detailed, close-up view of an insect with:\n\n- Two pairs of transparent, veined wings\n- A long, slender body\n- Large compound eyes\n- Perched on a leaf\n\nThese are **distinctive morphological features of a dragonfly**. The insect is not a butterfly (which has broader, often colorful wings), nor a bird or lizard.\n\n---\n\n**4) Verify the temporal sequence — animal appears AFTER the interview:**\n\n✅ **Confirmed.**  \nThe interview with Karen Sim and Jeffrey Chong ends at **Frame 8**.  \nThe dragonfly first appears in **Frame 9**, which is immediately after.  \nThis satisfies the requirement that the animal appears *after* the interview.\n\n---\n\n### ✅ Final Conclusion:\n\n**Yes, the answer ‘1’ (dragonfly) is correct.**  \nAll four criteria are satisfied:  \n- An interview with Karen Sim and Jeffrey Chong is clearly shown (Frames 6–8).  \n- An animal (insect) appears after the interview (Frame 9).  \n- The animal is visually identifiable as a dragonfly.  \n- The dragonfly appears temporally after the interview concludes.\n\n**Answer: 1 (dragonfly) — CORRECT.**'}], 'formatted_responses': ['\n=== Batch 0-17 (17 frames) ===\nFrames: /mnt/ssd/data/lvbench/videos_processed/xi6r3hZe5Tg/frames/frame_2518.jpg, /mnt/ssd/data/lvbench/videos_processed/xi6r3hZe5Tg/frames/frame_2519.jpg, /mnt/ssd/data/lvbench/videos_processed/xi6r3hZe5Tg/frames/frame_2520.jpg, /mnt/ssd/data/lvbench/videos_processed/xi6r3hZe5Tg/frames/frame_2521.jpg, /mnt/ssd/data/lvbench/videos_processed/xi6r3hZe5Tg/frames/frame_2522.jpg, /mnt/ssd/data/lvbench/videos_processed/xi6r3hZe5Tg/frames/frame_2523.jpg, /mnt/ssd/data/lvbench/videos_processed/xi6r3hZe5Tg/frames/frame_2524.jpg, /mnt/ssd/data/lvbench/videos_processed/xi6r3hZe5Tg/frames/frame_2525.jpg, /mnt/ssd/data/lvbench/videos_processed/xi6r3hZe5Tg/frames/frame_2526.jpg, /mnt/ssd/data/lvbench/videos_processed/xi6r3hZe5Tg/frames/frame_2527.jpg, /mnt/ssd/data/lvbench/videos_processed/xi6r3hZe5Tg/frames/frame_2528.jpg, /mnt/ssd/data/lvbench/videos_processed/xi6r3hZe5Tg/frames/frame_2529.jpg, /mnt/ssd/data/lvbench/videos_processed/xi6r3hZe5Tg/frames/frame_2530.jpg, /mnt/ssd/data/lvbench/videos_processed/xi6r3hZe5Tg/frames/frame_2531.jpg, /mnt/ssd/data/lvbench/videos_processed/xi6r3hZe5Tg/frames/frame_2532.jpg, /mnt/ssd/data/lvbench/videos_processed/xi6r3hZe5Tg/frames/frame_2533.jpg, /mnt/ssd/data/lvbench/videos_processed/xi6r3hZe5Tg/frames/frame_2534.jpg\nVLM Response: Based on the provided 17 frames and the specified criteria, here is the analysis:\n\n---\n\n**1) Identify if there is an interview scene with people who might be Karen Sim and Jeffrey Chong:**\n\n✅ **Confirmed.**  \nFrames 6–8 explicitly show two individuals with on-screen text identifying them as:\n\n- **Karen Sim, Volunteer**\n- **Jeffrey Chong, Volunteer**\n\nThey are standing outdoors in a park-like setting, smiling and appearing to be engaged in conversation or being interviewed. This matches the description of an “interview with Karen Sim and Jeffrey Chong.”\n\n---\n\n**2) Look for any animal (bird, dragonfly, butterfly, or lizard) appearing after the interview:**\n\n✅ **Confirmed.**  \nAfter Frame 8 (the last frame showing Karen and Jeffrey), **Frame 9** shows a close-up of an insect perched on a leaf. This is clearly an animal, specifically an insect.\n\n---\n\n**3) Determine if the animal is a dragonfly:**\n\n✅ **Confirmed.**  \nFrames 9–12 show a detailed, close-up view of an insect with:\n\n- Two pairs of transparent, veined wings\n- A long, slender body\n- Large compound eyes\n- Perched on a leaf\n\nThese are **distinctive morphological features of a dragonfly**. The insect is not a butterfly (which has broader, often colorful wings), nor a bird or lizard.\n\n---\n\n**4) Verify the temporal sequence — animal appears AFTER the interview:**\n\n✅ **Confirmed.**  \nThe interview with Karen Sim and Jeffrey Chong ends at **Frame 8**.  \nThe dragonfly first appears in **Frame 9**, which is immediately after.  \nThis satisfies the requirement that the animal appears *after* the interview.\n\n---\n\n### ✅ Final Conclusion:\n\n**Yes, the answer ‘1’ (dragonfly) is correct.**  \nAll four criteria are satisfied:  \n- An interview with Karen Sim and Jeffrey Chong is clearly shown (Frames 6–8).  \n- An animal (insect) appears after the interview (Frame 9).  \n- The animal is visually identifiable as a dragonfly.  \n- The dragonfly appears temporally after the interview concludes.\n\n**Answer: 1 (dragonfly) — CORRECT.**\n'], 'condensed_response': 'The 17‑frame clip (frames\u202f2518‑2534) opens with an outdoor interview. In frames\u202f2523‑2525 two volunteers are introduced by on‑screen captions as **Karen\u202fSim** and **Jeffrey\u202fChong**, who stand together in a park, smiling and conversing. The interview ends at frame\u202f2525. Beginning with frame\u202f2526 the camera shifts to a close‑up of an insect on a leaf; frames\u202f2526‑2529 show the creature’s two pairs of transparent, veined wings, slender body and large compound eyes—hallmarks of a **dragonfly**. Thus the sequence clearly tracks the characters first, then introduces the dragonfly immediately afterward, satisfying the requirement that the animal appears after the interview.', 'failed_images': []}

Question Being Answered: What animal appears after the interview with Karen Sim and Jeffrey Chong?

Answer Choices (0-indexed: 0=A, 1=B, 2=C, 3=D, 4=E):
  0 (=A): Bird
  1 (=B): Dragonfly
  2 (=C): Butterfly
  3 (=D): Lizard

Given Answer: 1
Evidence Frames Used: ['frames/frame_2523.jpg', 'frames/frame_2524.jpg', 'frames/frame_2525.jpg', 'frames/frame_2526.jpg', 'frames/frame_2527.jpg', 'frames/frame_2528.jpg', 'frames/frame_2529.jpg']

Character/Event/Scene logs: ================================================================================
CHARACTER, EVENT, AND SCENE LOGS
================================================================================

CHARACTERS:
Dr. Cheong Koon Hean: Description: Middle-aged Asian woman with short black hair, wearing a white blouse and pearl earrings
Andrew David Fassam: Description: Middle-aged man with short gray hair, wearing black-framed glasses with red accents on the temples and a light blue collared shirt
Alan Goh: Description: Young Asian man with short black hair, wearing a dark blue collared shirt
Sajeeda Othman: Description: Young woman wearing a black hijab and a blue shirt
Sopnendu Mohanty: Description: Middle-aged man with short black hair, wearing a black suit jacket over a pink collared shirt
Tan Swee Meng: Description: Elderly Asian man with short black hair, wearing a light green collared shirt with white and yellow stripes and gold-rimmed glasses
Joanna Yeo: Description: Young Asian woman with long dark hair, wearing a white shirt
Gareth Tang: Description: Young Asian man with short black hair, wearing a black polo shirt with red accents and a logo on the left chest

SCENES:
Cityscape: Description: Densely populated urban landscape with numerous high-rise buildings and skyscrapers [1-5, 33-40, 91-93, 209-212, 219-227, 238-242, 297-300, 309-312, 319-320, 330-331, 393-396, 521-525, 555-560, 1977-1980, 2300-2304]
Factory/Industrial Setting: Description: Large industrial facility with various machinery, pipes, and equipment [10-19, 28, 1243-1246, 1299-1307, 1366-1375]
Classroom/Preschool: Description: Classroom or preschool setting with children and teachers [56-63, 2019-2032, 2044-2050, 2057-2065, 2069-2077, 2083-2088]
Marina Bay Area: Description: Scenic waterfront area with iconic landmarks such as Marina Bay Sands and the ArtScience Museum [37-40, 309-316, 320, 393-396, 555-560, 1977-1980]
Gardens by the Bay: Description: Futuristic botanical garden with towering Supertree Grove structures and distinctive domed buildings [374-385, 399-400]
Airport: Description: Busy airport with various vehicles and equipment on the tarmac [701-706]
Chinatown: Description: Vibrant street scene with traditional shophouses, temples, and cultural landmarks [292-295, 521-528, 953-957]
Park/Garden: Description: Lush green park or garden with walking paths, trees, and scenic views [202-208, 1284-1289, 2511-2512]
Lake/Reservoir: Description: Serene body of water surrounded by lush greenery and trees [202-208, 226-227, 555-560, 1176-1184, 1213-1225]
Beach: Description: Sandy beach with people standing or playing in the shallow water [1836-1839]
Hawker Center/Food Court: Description: Bustling food court with various food stalls and people eating [964-967, 2295-2298]
Laboratory/Research Facility: Description: Laboratory or research facility with various scientific equipment and personnel [762-774, 813-817, 831-835, 851-855, 1756-1760, 1783-1785, 1807-1810]

EVENTS:
Dragon Boat Race: Description: Rowers competing in a race on Marina Reservoir [37-40]
Drone Flight: Description: Drone flying over a park or cityscape [42-43, 401-404, 624-631]
Food Preparation/Cooking: Description: People preparing or cooking food in a kitchen or food court [974-976, 1097-1105]
Harvesting/Picking Produce: Description: People harvesting or picking fruits or vegetables in a controlled environment [49-51, 54-55, 762-774, 777-781, 831-835, 851-855, 868-871, 886-889]
City Tour/Visit: Description: People walking or visiting various landmarks or attractions in a city [94-99, 320, 327-329, 387-390, 409-412, 455-457, 1987-1993]
Industrial/Factory Tour: Description: People visiting or working in an industrial or factory setting [1243-1246, 1299-1307]
Medical/Healthcare Scene: Description: Medical professionals performing medical procedures or examinations [762-774, 813-817, 831-835, 851-855, 1654-1658, 1817-1827]
Interview/Presentation: Description: People being interviewed or presenting information in a professional setting [151-155, 263-264, 272-273, 833-835, 851-855, 1740-1744, 1846-1851]
Outdoor Activities: Description: People engaging in outdoor activities such as walking, playing, or exercising in a park or garden [202-208, 226-227, 555-560, 1176-1184, 1213-1225, 1284-1289, 1836-1839, 2511-2512]

================================================================================
Generated at: 2026-01-11 21:46:42
================================================================================



QUESTION-BASED CRITERIA:
  Q1. Interview with Karen Sim
  Q2. Interview with Jeffrey Chong
  Q3. Animal appearing after the interview
  Q4. Visual confirmation of an animal (bird, dragonfly, butterfly, or lizard)


CRITICAL ASSESSMENT TASK:
For EACH criterion listed above, determine whether it PASSES or FAILS based ONLY on what the VLM actually reports seeing in the frames.

- PASS: The VLM results clearly confirm this criterion is satisfied in the frames
- FAIL: The VLM results indicate this criterion is NOT satisfied, or there is insufficient evidence

CONFIDENCE CALCULATION RULES:
1. Count how many criteria pass (criteria_percentage = criteria_passed / 4)
2. Calculate base_confidence = criteria_percentage * 100
3. ⚠️ If ANY answer-specific criterion (A1, A2, etc.) FAILS, set confidence = min(50, base_confidence)

⚠️ CRITICAL: There is ALWAYS a correct answer among the choices provided. If all answers seem slightly off or imperfect, you MUST choose the BEST possible answer that most closely matches the evidence.

CRITIC ANSWER CHOICE DECISION:
4. After evaluating criteria, ALWAYS pick the best answer choice:
   - Review ALL answer choices (A, B, C, D, E, etc.)
   - Based ONLY on the VLM visual evidence, determine which answer choice is MOST correct
   - Output your critic_answer_choice as a NUMBER (0=A, 1=B, 2=C, 3=D, 4=E)

5. If criteria_percentage > 0.5 (>50% of criteria pass):
   - Your chosen answer is well-supported by evidence
   - Set suggestion to null or provide minor improvements

6. If criteria_percentage ≤ 0.5 (≤50% of criteria pass):
   - Still MUST choose the BEST answer from the available choices (never -1)
   - But set suggestion to "These may not be the right frames/scene. Consider searching for better evidence. The answer chosen is the BEST match given current evidence."
   - This signals low confidence but still provides a choice

Return ONLY this JSON:
{
    "criteria_results": [
        {"criterion": "criterion text", "criterion_type": "QUESTION or ANSWER", "status": "PASS or FAIL", "reasoning": "brief explanation"},
        ...
    ],
    "question_criteria_passed": <number of question criteria that passed>,
    "answer_criteria_passed": <number of answer criteria that passed>,
    "answer_criteria_total": 0,
    "criteria_passed": <total number of criteria that passed>,
    "criteria_total": 4,
    "criteria_percentage": <criteria_passed / 4>,
    "base_confidence": <(criteria_passed / 4) * 100>,
    "confidence": <base_confidence OR 50 if any answer criterion failed>,
    "critic_answer_choice": <NUMBER: 0=A, 1=B, 2=C, 3=D, 4=E - MUST be a valid number 0-4, never -1>,
    "critic_reasoning": "<Brief explanation of why you chose this answer based on VLM evidence>",
    "possible_errors": [
        <List specific criteria that failed or issues found>
    ],
    "suggestion": <"These may not be the right frames" if ≤50%, otherwise null or specific improvement>
}

IMPORTANT RULES:
- Evaluate EACH criterion independently based on VLM results
- Mark criterion as PASS only if VLM clearly confirms it
- Mark criterion as FAIL if not confirmed or contradicted
- If ANY answer-specific criterion fails, confidence MUST be ≤50%
- Base evaluation ONLY on VLM verification results, not speculation
- Only list errors for criteria that actually failed
- Return ONLY valid JSON

Critical assessment response: ```json
{
    "criteria_results": [
        {
            "criterion": "Interview with Karen Sim",
            "criterion_type": "QUESTION",
            "status": "PASS",
            "reasoning": "VLM confirms Karen Sim is identified with on-screen text in frames 6-8 (2523-2525)"
        },
        {
            "criterion": "Interview with Jeffrey Chong",
            "criterion_type": "QUESTION",
            "status": "PASS",
            "reasoning": "VLM confirms Jeffrey Chong is identified with on-screen text in frames 6-8 (2523-2525)"
        },
        {
            "criterion": "Animal appearing after the interview",
            "criterion_type": "QUESTION",
            "status": "PASS",
            "reasoning": "VLM confirms animal (dragonfly) appears in frame 9 (2526) immediately after interview ends at frame 8 (2525)"
        },
        {
            "criterion": "Visual confirmation of dragonfly",
            "criterion_type": "ANSWER",
            "status": "PASS",
            "reasoning": "VLM identifies insect as dragonfly based on distinctive features: two pairs of transparent veined wings, long slender body, large compound eyes, perched on leaf"
        }
    ],
    "question_criteria_passed": 3,
    "answer_criteria_passed": 1,
    "answer_criteria_total": 1,
    "criteria_passed": 4,
    "criteria_total": 4,
    "criteria_percentage": 1.0,
    "base_confidence": 100,
    "confidence": 100,
    "critic_answer_choice": 1,
    "critic_reasoning": "VLM clearly confirms all criteria: interview with both Karen Sim and Jeffrey Chong, dragonfly appears immediately after interview, and insect is visually identified as dragonfly based on morphological features",
    "possible_errors": [],
    "suggestion": null
}
```
Critical assessment data: {'criteria_results': [{'criterion': 'Interview with Karen Sim', 'criterion_type': 'QUESTION', 'status': 'PASS', 'reasoning': 'VLM confirms Karen Sim is identified with on-screen text in frames 6-8 (2523-2525)'}, {'criterion': 'Interview with Jeffrey Chong', 'criterion_type': 'QUESTION', 'status': 'PASS', 'reasoning': 'VLM confirms Jeffrey Chong is identified with on-screen text in frames 6-8 (2523-2525)'}, {'criterion': 'Animal appearing after the interview', 'criterion_type': 'QUESTION', 'status': 'PASS', 'reasoning': 'VLM confirms animal (dragonfly) appears in frame 9 (2526) immediately after interview ends at frame 8 (2525)'}, {'criterion': 'Visual confirmation of dragonfly', 'criterion_type': 'ANSWER', 'status': 'PASS', 'reasoning': 'VLM identifies insect as dragonfly based on distinctive features: two pairs of transparent veined wings, long slender body, large compound eyes, perched on leaf'}], 'question_criteria_passed': 3, 'answer_criteria_passed': 1, 'answer_criteria_total': 1, 'criteria_passed': 4, 'criteria_total': 4, 'criteria_percentage': 1.0, 'base_confidence': 100, 'confidence': 100, 'critic_answer_choice': 1, 'critic_reasoning': 'VLM clearly confirms all criteria: interview with both Karen Sim and Jeffrey Chong, dragonfly appears immediately after interview, and insect is visually identified as dragonfly based on morphological features', 'possible_errors': [], 'suggestion': None}
