Critic initial response: {
    "tool": "VLM_QUERY",
    "frames": ["frames/frame_2188.jpg", "frames/frame_2189.jpg", "frames/frame_2190.jpg", "frames/frame_2191.jpg", "frames/frame_2192.jpg", "frames/frame_2193.jpg", "frames/frame_2194.jpg", "frames/frame_2195.jpg", "frames/frame_2196.jpg", "frames/frame_2197.jpg", "frames/frame_2198.jpg", "frames/frame_2199.jpg", "frames/frame_2200.jpg", "frames/frame_2201.jpg", "frames/frame_2202.jpg", "frames/frame_2203.jpg", "frames/frame_2204.jpg", "frames/frame_2205.jpg", "frames/frame_2206.jpg", "frames/frame_2207.jpg", "frames/frame_2208.jpg"],
    "prompt": "Based on these frames (including context before/after), verify if the answer '3' (which corresponds to 'Mo Fara's aunt') is correct for the question: 'Who is the women that comes to the sports field?'. Check the question criteria: ['A woman is present on the sports field', 'The woman is interacting with or approaching athletes', 'The scene shows the red running track or green field area', 'The woman is not one of the competing athletes', 'The woman may be celebrating or congratulating someone', 'The interaction occurs after the race concludes']. Pay attention to timestamps and temporal sequences. Look for visual evidence of a woman entering the track/field area, her interactions with Mo Farah, and any identifying characteristics that might indicate her relationship (e.g., celebratory hug, similar appearance for family member)."
}
Frames to verify: ['frames/frame_2188.jpg', 'frames/frame_2189.jpg', 'frames/frame_2190.jpg', 'frames/frame_2191.jpg', 'frames/frame_2192.jpg', 'frames/frame_2193.jpg', 'frames/frame_2194.jpg', 'frames/frame_2195.jpg', 'frames/frame_2196.jpg', 'frames/frame_2197.jpg', 'frames/frame_2198.jpg', 'frames/frame_2199.jpg', 'frames/frame_2200.jpg', 'frames/frame_2201.jpg', 'frames/frame_2202.jpg', 'frames/frame_2203.jpg', 'frames/frame_2204.jpg', 'frames/frame_2205.jpg', 'frames/frame_2206.jpg', 'frames/frame_2207.jpg', 'frames/frame_2208.jpg']
VLM Prompt: Video context: Here's a global summary of the given frame-by-frame captions data for the long video:

**Main Characters:**
The main characters in this video are male and female athletes, predominantly long-distance runners, participating in the 10,000-meter race at the London 2012 Olympics. Notable athletes include Mo Farah, Kenenisa Bekele, Galen Rupp, and others.

**Setting:**
The setting is the London 2012 Olympic Stadium, a crowded and vibrant venue filled with spectators, athletes, and officials. The event takes place at night, with bright stadium lights illuminating the scene.

**Plot Line:**
The video captures the 10,000-meter final race at the London 2012 Olympics, showcasing the athletes' preparation, the start of the race, and the thrilling competition. The narrative follows the athletes as they run on the track, with a focus on the top contenders, including Mo Farah, who ultimately emerges as the winner. The video also highlights the emotional moments, such as the athletes' celebrations, hugs, and interactions with each other and the crowd.

**Vibes:**
The overall vibe of the video is one of excitement, energy, and patriotism. The atmosphere is electric, with a large crowd cheering and supporting their favorite athletes. The video conveys a sense of achievement, pride, and camaraderie among the athletes.

**General Details:**
The video is a comprehensive coverage of the 10,000-meter final at the London 2012 Olympics, featuring a mix of wide shots, close-ups, and graphics displaying the athletes' names, times, and rankings. The captions provide a detailed account of the event, from the pre-race preparations to the post-race celebrations. The video showcases the athletes' dedication, skill, and sportsmanship, as well as the excitement and enthusiasm of the crowd.

Based on these frames (including context before/after), verify if the answer '3' (which corresponds to 'Mo Fara's aunt') is correct for the question: 'Who is the women that comes to the sports field?'. Check the question criteria: ['A woman is present on the sports field', 'The woman is interacting with or approaching athletes', 'The scene shows the red running track or green field area', 'The woman is not one of the competing athletes', 'The woman may be celebrating or congratulating someone', 'The interaction occurs after the race concludes']. Pay attention to timestamps and temporal sequences. Look for visual evidence of a woman entering the track/field area, her interactions with Mo Farah, and any identifying characteristics that might indicate her relationship (e.g., celebratory hug, similar appearance for family member).
VLM response: {'batched_responses': [{'batch_start': 0, 'batch_end': 21, 'image_paths': ['/mnt/ssd/data/lvbench/videos_processed/9-gOCOu_KGU/frames/frame_2188.jpg', '/mnt/ssd/data/lvbench/videos_processed/9-gOCOu_KGU/frames/frame_2189.jpg', '/mnt/ssd/data/lvbench/videos_processed/9-gOCOu_KGU/frames/frame_2190.jpg', '/mnt/ssd/data/lvbench/videos_processed/9-gOCOu_KGU/frames/frame_2191.jpg', '/mnt/ssd/data/lvbench/videos_processed/9-gOCOu_KGU/frames/frame_2192.jpg', '/mnt/ssd/data/lvbench/videos_processed/9-gOCOu_KGU/frames/frame_2193.jpg', '/mnt/ssd/data/lvbench/videos_processed/9-gOCOu_KGU/frames/frame_2194.jpg', '/mnt/ssd/data/lvbench/videos_processed/9-gOCOu_KGU/frames/frame_2195.jpg', '/mnt/ssd/data/lvbench/videos_processed/9-gOCOu_KGU/frames/frame_2196.jpg', '/mnt/ssd/data/lvbench/videos_processed/9-gOCOu_KGU/frames/frame_2197.jpg', '/mnt/ssd/data/lvbench/videos_processed/9-gOCOu_KGU/frames/frame_2198.jpg', '/mnt/ssd/data/lvbench/videos_processed/9-gOCOu_KGU/frames/frame_2199.jpg', '/mnt/ssd/data/lvbench/videos_processed/9-gOCOu_KGU/frames/frame_2200.jpg', '/mnt/ssd/data/lvbench/videos_processed/9-gOCOu_KGU/frames/frame_2201.jpg', '/mnt/ssd/data/lvbench/videos_processed/9-gOCOu_KGU/frames/frame_2202.jpg', '/mnt/ssd/data/lvbench/videos_processed/9-gOCOu_KGU/frames/frame_2203.jpg', '/mnt/ssd/data/lvbench/videos_processed/9-gOCOu_KGU/frames/frame_2204.jpg', '/mnt/ssd/data/lvbench/videos_processed/9-gOCOu_KGU/frames/frame_2205.jpg', '/mnt/ssd/data/lvbench/videos_processed/9-gOCOu_KGU/frames/frame_2206.jpg', '/mnt/ssd/data/lvbench/videos_processed/9-gOCOu_KGU/frames/frame_2207.jpg', '/mnt/ssd/data/lvbench/videos_processed/9-gOCOu_KGU/frames/frame_2208.jpg'], 'response': 'Based on the visual evidence across the 21 frames and the specified criteria, the answer **‘3’ (Mo Farah’s aunt)** is **not correct**.\n\n### Here’s the verification against each criterion:\n\n1. **A woman is present on the sports field** — ✅  \n   A woman is clearly visible entering and walking on the red running track from Frame 1 onward.\n\n2. **The woman is interacting with or approaching athletes** — ✅  \n   She approaches Mo Farah directly and engages in a prolonged, emotional hug (Frames 6–10), followed by smiling, talking, and posing with him and a young girl (Frames 11–21).\n\n3. **The scene shows the red running track or green field area** — ✅  \n   All frames are set on the red running track of the Olympic stadium.\n\n4. **The woman is not one of the competing athletes** — ✅  \n   She is dressed in civilian clothing (striped dress, no race bib), clearly not a competitor.\n\n5. **The woman may be celebrating or congratulating someone** — ✅  \n   Her embrace with Mo Farah is warm and celebratory, consistent with post-race congratulations.\n\n6. **The interaction occurs after the race concludes** — ✅  \n   Mo Farah is wearing his race bib but is no longer running — he’s walking, draped in the Union Jack flag, and surrounded by media and family — confirming the race is over.\n\n---\n\n### Critical Issue: Identity of the Woman\n\nWhile the woman **does** meet all the behavioral and contextual criteria, **she is not Mo Farah’s aunt**.\n\n- **Visual evidence** shows her posing with Mo Farah and a young girl (likely his daughter). In Frame 15 and beyond, the trio (Mo, woman, girl) appear as a family unit — smiling, embracing, and posing together for photos.\n- Publicly available footage and media from the London 2012 Olympics confirm that the woman who hugs Mo Farah immediately after his 10,000m victory is **his wife, Tania Nell** (née Nell), not his aunt.\n- Tania is known to have been present at the race and celebrated with him on the track, often accompanied by their daughter.\n\n---\n\n### Conclusion:\n\nThe answer **‘3’ (Mo Farah’s aunt)** is **incorrect**. The woman is **Mo Farah’s wife**, not his aunt. While she satisfies all the contextual and behavioral criteria, her identity is misattributed.\n\n✅ **Correct answer should be: ‘2’ (Mo Farah’s wife)** — if that was an option in the original multiple-choice set.\n\n**Final Verdict: ❌ Incorrect.**'}], 'formatted_responses': ['\n=== Batch 0-21 (21 frames) ===\nFrames: /mnt/ssd/data/lvbench/videos_processed/9-gOCOu_KGU/frames/frame_2188.jpg, /mnt/ssd/data/lvbench/videos_processed/9-gOCOu_KGU/frames/frame_2189.jpg, /mnt/ssd/data/lvbench/videos_processed/9-gOCOu_KGU/frames/frame_2190.jpg, /mnt/ssd/data/lvbench/videos_processed/9-gOCOu_KGU/frames/frame_2191.jpg, /mnt/ssd/data/lvbench/videos_processed/9-gOCOu_KGU/frames/frame_2192.jpg, /mnt/ssd/data/lvbench/videos_processed/9-gOCOu_KGU/frames/frame_2193.jpg, /mnt/ssd/data/lvbench/videos_processed/9-gOCOu_KGU/frames/frame_2194.jpg, /mnt/ssd/data/lvbench/videos_processed/9-gOCOu_KGU/frames/frame_2195.jpg, /mnt/ssd/data/lvbench/videos_processed/9-gOCOu_KGU/frames/frame_2196.jpg, /mnt/ssd/data/lvbench/videos_processed/9-gOCOu_KGU/frames/frame_2197.jpg, /mnt/ssd/data/lvbench/videos_processed/9-gOCOu_KGU/frames/frame_2198.jpg, /mnt/ssd/data/lvbench/videos_processed/9-gOCOu_KGU/frames/frame_2199.jpg, /mnt/ssd/data/lvbench/videos_processed/9-gOCOu_KGU/frames/frame_2200.jpg, /mnt/ssd/data/lvbench/videos_processed/9-gOCOu_KGU/frames/frame_2201.jpg, /mnt/ssd/data/lvbench/videos_processed/9-gOCOu_KGU/frames/frame_2202.jpg, /mnt/ssd/data/lvbench/videos_processed/9-gOCOu_KGU/frames/frame_2203.jpg, /mnt/ssd/data/lvbench/videos_processed/9-gOCOu_KGU/frames/frame_2204.jpg, /mnt/ssd/data/lvbench/videos_processed/9-gOCOu_KGU/frames/frame_2205.jpg, /mnt/ssd/data/lvbench/videos_processed/9-gOCOu_KGU/frames/frame_2206.jpg, /mnt/ssd/data/lvbench/videos_processed/9-gOCOu_KGU/frames/frame_2207.jpg, /mnt/ssd/data/lvbench/videos_processed/9-gOCOu_KGU/frames/frame_2208.jpg\nVLM Response: Based on the visual evidence across the 21 frames and the specified criteria, the answer **‘3’ (Mo Farah’s aunt)** is **not correct**.\n\n### Here’s the verification against each criterion:\n\n1. **A woman is present on the sports field** — ✅  \n   A woman is clearly visible entering and walking on the red running track from Frame 1 onward.\n\n2. **The woman is interacting with or approaching athletes** — ✅  \n   She approaches Mo Farah directly and engages in a prolonged, emotional hug (Frames 6–10), followed by smiling, talking, and posing with him and a young girl (Frames 11–21).\n\n3. **The scene shows the red running track or green field area** — ✅  \n   All frames are set on the red running track of the Olympic stadium.\n\n4. **The woman is not one of the competing athletes** — ✅  \n   She is dressed in civilian clothing (striped dress, no race bib), clearly not a competitor.\n\n5. **The woman may be celebrating or congratulating someone** — ✅  \n   Her embrace with Mo Farah is warm and celebratory, consistent with post-race congratulations.\n\n6. **The interaction occurs after the race concludes** — ✅  \n   Mo Farah is wearing his race bib but is no longer running — he’s walking, draped in the Union Jack flag, and surrounded by media and family — confirming the race is over.\n\n---\n\n### Critical Issue: Identity of the Woman\n\nWhile the woman **does** meet all the behavioral and contextual criteria, **she is not Mo Farah’s aunt**.\n\n- **Visual evidence** shows her posing with Mo Farah and a young girl (likely his daughter). In Frame 15 and beyond, the trio (Mo, woman, girl) appear as a family unit — smiling, embracing, and posing together for photos.\n- Publicly available footage and media from the London 2012 Olympics confirm that the woman who hugs Mo Farah immediately after his 10,000m victory is **his wife, Tania Nell** (née Nell), not his aunt.\n- Tania is known to have been present at the race and celebrated with him on the track, often accompanied by their daughter.\n\n---\n\n### Conclusion:\n\nThe answer **‘3’ (Mo Farah’s aunt)** is **incorrect**. The woman is **Mo Farah’s wife**, not his aunt. While she satisfies all the contextual and behavioral criteria, her identity is misattributed.\n\n✅ **Correct answer should be: ‘2’ (Mo Farah’s wife)** — if that was an option in the original multiple-choice set.\n\n**Final Verdict: ❌ Incorrect.**\n'], 'condensed_response': '**Condensed Scene Summary (Frames\u202f2188‑2208)**  \n\n- **Setting:** The red “running track” inside the Olympic stadium; the race has just finished.  \n- **Key Characters:**  \n  1. **Mo\u202fFarah** – still wearing his race bib, now walking, draped in a Union‑Jack flag, surrounded by media.  \n  2. **Woman in a striped dress** – civilian attire, no bib; appears from the first frame and stays on the track throughout the clip.  \n  3. **Young girl** – appears from frame\u202f11 onward, holding Mo’s hand and later joining the hug.  \n\n- **Action Timeline:**  \n  *Frames\u202f1‑5* – The woman steps onto the track and walks toward Mo.  \n  *Frames\u202f6‑10* – She reaches Mo and shares a long, emotional hug; both are smiling and talking.  \n  *Frames\u202f11‑15* – The woman, Mo, and the girl pose together for photos, laughing and exchanging words.  \n  *Frames\u202f16‑21* – The trio remains together, the woman continues to congratulate Mo, and the girl leans on his side.  \n\n- **Criteria Check (all satisfied):**  \n  - Woman present on the track.  \n  - She interacts directly with the athlete (hug, conversation, photo‑poses).  \n  - The backdrop is the red running track/green field.  \n  - She is not a competitor (civilian dress, no bib).  \n  - The interaction is celebratory/congratulatory.  \n  - Occurs after the race (Mo is no longer running).  \n\n- **Identity Clarification:**  \n  Although the woman fulfills every behavioral criterion, visual cues and public records from the London\u202f2012 Olympics show she is **Mo\u202fFarah’s wife, Tania Nell**, not his aunt. The presence of their daughter further confirms the family relationship.\n\n**Bottom‑line:** The scene depicts Mo\u202fFarah being warmly congratulated by his wife (and daughter) on the post‑race track. The answer “Mo\u202fFarah’s aunt” is therefore incorrect; the correct identification is “Mo\u202fFarah’s wife.”', 'failed_images': []}
Followup prompt: 
Critically assess whether the VLM verification supports the given answer by evaluating each criterion.

VLM Verification Results:
{'batched_responses': [{'batch_start': 0, 'batch_end': 21, 'image_paths': ['/mnt/ssd/data/lvbench/videos_processed/9-gOCOu_KGU/frames/frame_2188.jpg', '/mnt/ssd/data/lvbench/videos_processed/9-gOCOu_KGU/frames/frame_2189.jpg', '/mnt/ssd/data/lvbench/videos_processed/9-gOCOu_KGU/frames/frame_2190.jpg', '/mnt/ssd/data/lvbench/videos_processed/9-gOCOu_KGU/frames/frame_2191.jpg', '/mnt/ssd/data/lvbench/videos_processed/9-gOCOu_KGU/frames/frame_2192.jpg', '/mnt/ssd/data/lvbench/videos_processed/9-gOCOu_KGU/frames/frame_2193.jpg', '/mnt/ssd/data/lvbench/videos_processed/9-gOCOu_KGU/frames/frame_2194.jpg', '/mnt/ssd/data/lvbench/videos_processed/9-gOCOu_KGU/frames/frame_2195.jpg', '/mnt/ssd/data/lvbench/videos_processed/9-gOCOu_KGU/frames/frame_2196.jpg', '/mnt/ssd/data/lvbench/videos_processed/9-gOCOu_KGU/frames/frame_2197.jpg', '/mnt/ssd/data/lvbench/videos_processed/9-gOCOu_KGU/frames/frame_2198.jpg', '/mnt/ssd/data/lvbench/videos_processed/9-gOCOu_KGU/frames/frame_2199.jpg', '/mnt/ssd/data/lvbench/videos_processed/9-gOCOu_KGU/frames/frame_2200.jpg', '/mnt/ssd/data/lvbench/videos_processed/9-gOCOu_KGU/frames/frame_2201.jpg', '/mnt/ssd/data/lvbench/videos_processed/9-gOCOu_KGU/frames/frame_2202.jpg', '/mnt/ssd/data/lvbench/videos_processed/9-gOCOu_KGU/frames/frame_2203.jpg', '/mnt/ssd/data/lvbench/videos_processed/9-gOCOu_KGU/frames/frame_2204.jpg', '/mnt/ssd/data/lvbench/videos_processed/9-gOCOu_KGU/frames/frame_2205.jpg', '/mnt/ssd/data/lvbench/videos_processed/9-gOCOu_KGU/frames/frame_2206.jpg', '/mnt/ssd/data/lvbench/videos_processed/9-gOCOu_KGU/frames/frame_2207.jpg', '/mnt/ssd/data/lvbench/videos_processed/9-gOCOu_KGU/frames/frame_2208.jpg'], 'response': 'Based on the visual evidence across the 21 frames and the specified criteria, the answer **‘3’ (Mo Farah’s aunt)** is **not correct**.\n\n### Here’s the verification against each criterion:\n\n1. **A woman is present on the sports field** — ✅  \n   A woman is clearly visible entering and walking on the red running track from Frame 1 onward.\n\n2. **The woman is interacting with or approaching athletes** — ✅  \n   She approaches Mo Farah directly and engages in a prolonged, emotional hug (Frames 6–10), followed by smiling, talking, and posing with him and a young girl (Frames 11–21).\n\n3. **The scene shows the red running track or green field area** — ✅  \n   All frames are set on the red running track of the Olympic stadium.\n\n4. **The woman is not one of the competing athletes** — ✅  \n   She is dressed in civilian clothing (striped dress, no race bib), clearly not a competitor.\n\n5. **The woman may be celebrating or congratulating someone** — ✅  \n   Her embrace with Mo Farah is warm and celebratory, consistent with post-race congratulations.\n\n6. **The interaction occurs after the race concludes** — ✅  \n   Mo Farah is wearing his race bib but is no longer running — he’s walking, draped in the Union Jack flag, and surrounded by media and family — confirming the race is over.\n\n---\n\n### Critical Issue: Identity of the Woman\n\nWhile the woman **does** meet all the behavioral and contextual criteria, **she is not Mo Farah’s aunt**.\n\n- **Visual evidence** shows her posing with Mo Farah and a young girl (likely his daughter). In Frame 15 and beyond, the trio (Mo, woman, girl) appear as a family unit — smiling, embracing, and posing together for photos.\n- Publicly available footage and media from the London 2012 Olympics confirm that the woman who hugs Mo Farah immediately after his 10,000m victory is **his wife, Tania Nell** (née Nell), not his aunt.\n- Tania is known to have been present at the race and celebrated with him on the track, often accompanied by their daughter.\n\n---\n\n### Conclusion:\n\nThe answer **‘3’ (Mo Farah’s aunt)** is **incorrect**. The woman is **Mo Farah’s wife**, not his aunt. While she satisfies all the contextual and behavioral criteria, her identity is misattributed.\n\n✅ **Correct answer should be: ‘2’ (Mo Farah’s wife)** — if that was an option in the original multiple-choice set.\n\n**Final Verdict: ❌ Incorrect.**'}], 'formatted_responses': ['\n=== Batch 0-21 (21 frames) ===\nFrames: /mnt/ssd/data/lvbench/videos_processed/9-gOCOu_KGU/frames/frame_2188.jpg, /mnt/ssd/data/lvbench/videos_processed/9-gOCOu_KGU/frames/frame_2189.jpg, /mnt/ssd/data/lvbench/videos_processed/9-gOCOu_KGU/frames/frame_2190.jpg, /mnt/ssd/data/lvbench/videos_processed/9-gOCOu_KGU/frames/frame_2191.jpg, /mnt/ssd/data/lvbench/videos_processed/9-gOCOu_KGU/frames/frame_2192.jpg, /mnt/ssd/data/lvbench/videos_processed/9-gOCOu_KGU/frames/frame_2193.jpg, /mnt/ssd/data/lvbench/videos_processed/9-gOCOu_KGU/frames/frame_2194.jpg, /mnt/ssd/data/lvbench/videos_processed/9-gOCOu_KGU/frames/frame_2195.jpg, /mnt/ssd/data/lvbench/videos_processed/9-gOCOu_KGU/frames/frame_2196.jpg, /mnt/ssd/data/lvbench/videos_processed/9-gOCOu_KGU/frames/frame_2197.jpg, /mnt/ssd/data/lvbench/videos_processed/9-gOCOu_KGU/frames/frame_2198.jpg, /mnt/ssd/data/lvbench/videos_processed/9-gOCOu_KGU/frames/frame_2199.jpg, /mnt/ssd/data/lvbench/videos_processed/9-gOCOu_KGU/frames/frame_2200.jpg, /mnt/ssd/data/lvbench/videos_processed/9-gOCOu_KGU/frames/frame_2201.jpg, /mnt/ssd/data/lvbench/videos_processed/9-gOCOu_KGU/frames/frame_2202.jpg, /mnt/ssd/data/lvbench/videos_processed/9-gOCOu_KGU/frames/frame_2203.jpg, /mnt/ssd/data/lvbench/videos_processed/9-gOCOu_KGU/frames/frame_2204.jpg, /mnt/ssd/data/lvbench/videos_processed/9-gOCOu_KGU/frames/frame_2205.jpg, /mnt/ssd/data/lvbench/videos_processed/9-gOCOu_KGU/frames/frame_2206.jpg, /mnt/ssd/data/lvbench/videos_processed/9-gOCOu_KGU/frames/frame_2207.jpg, /mnt/ssd/data/lvbench/videos_processed/9-gOCOu_KGU/frames/frame_2208.jpg\nVLM Response: Based on the visual evidence across the 21 frames and the specified criteria, the answer **‘3’ (Mo Farah’s aunt)** is **not correct**.\n\n### Here’s the verification against each criterion:\n\n1. **A woman is present on the sports field** — ✅  \n   A woman is clearly visible entering and walking on the red running track from Frame 1 onward.\n\n2. **The woman is interacting with or approaching athletes** — ✅  \n   She approaches Mo Farah directly and engages in a prolonged, emotional hug (Frames 6–10), followed by smiling, talking, and posing with him and a young girl (Frames 11–21).\n\n3. **The scene shows the red running track or green field area** — ✅  \n   All frames are set on the red running track of the Olympic stadium.\n\n4. **The woman is not one of the competing athletes** — ✅  \n   She is dressed in civilian clothing (striped dress, no race bib), clearly not a competitor.\n\n5. **The woman may be celebrating or congratulating someone** — ✅  \n   Her embrace with Mo Farah is warm and celebratory, consistent with post-race congratulations.\n\n6. **The interaction occurs after the race concludes** — ✅  \n   Mo Farah is wearing his race bib but is no longer running — he’s walking, draped in the Union Jack flag, and surrounded by media and family — confirming the race is over.\n\n---\n\n### Critical Issue: Identity of the Woman\n\nWhile the woman **does** meet all the behavioral and contextual criteria, **she is not Mo Farah’s aunt**.\n\n- **Visual evidence** shows her posing with Mo Farah and a young girl (likely his daughter). In Frame 15 and beyond, the trio (Mo, woman, girl) appear as a family unit — smiling, embracing, and posing together for photos.\n- Publicly available footage and media from the London 2012 Olympics confirm that the woman who hugs Mo Farah immediately after his 10,000m victory is **his wife, Tania Nell** (née Nell), not his aunt.\n- Tania is known to have been present at the race and celebrated with him on the track, often accompanied by their daughter.\n\n---\n\n### Conclusion:\n\nThe answer **‘3’ (Mo Farah’s aunt)** is **incorrect**. The woman is **Mo Farah’s wife**, not his aunt. While she satisfies all the contextual and behavioral criteria, her identity is misattributed.\n\n✅ **Correct answer should be: ‘2’ (Mo Farah’s wife)** — if that was an option in the original multiple-choice set.\n\n**Final Verdict: ❌ Incorrect.**\n'], 'condensed_response': '**Condensed Scene Summary (Frames\u202f2188‑2208)**  \n\n- **Setting:** The red “running track” inside the Olympic stadium; the race has just finished.  \n- **Key Characters:**  \n  1. **Mo\u202fFarah** – still wearing his race bib, now walking, draped in a Union‑Jack flag, surrounded by media.  \n  2. **Woman in a striped dress** – civilian attire, no bib; appears from the first frame and stays on the track throughout the clip.  \n  3. **Young girl** – appears from frame\u202f11 onward, holding Mo’s hand and later joining the hug.  \n\n- **Action Timeline:**  \n  *Frames\u202f1‑5* – The woman steps onto the track and walks toward Mo.  \n  *Frames\u202f6‑10* – She reaches Mo and shares a long, emotional hug; both are smiling and talking.  \n  *Frames\u202f11‑15* – The woman, Mo, and the girl pose together for photos, laughing and exchanging words.  \n  *Frames\u202f16‑21* – The trio remains together, the woman continues to congratulate Mo, and the girl leans on his side.  \n\n- **Criteria Check (all satisfied):**  \n  - Woman present on the track.  \n  - She interacts directly with the athlete (hug, conversation, photo‑poses).  \n  - The backdrop is the red running track/green field.  \n  - She is not a competitor (civilian dress, no bib).  \n  - The interaction is celebratory/congratulatory.  \n  - Occurs after the race (Mo is no longer running).  \n\n- **Identity Clarification:**  \n  Although the woman fulfills every behavioral criterion, visual cues and public records from the London\u202f2012 Olympics show she is **Mo\u202fFarah’s wife, Tania Nell**, not his aunt. The presence of their daughter further confirms the family relationship.\n\n**Bottom‑line:** The scene depicts Mo\u202fFarah being warmly congratulated by his wife (and daughter) on the post‑race track. The answer “Mo\u202fFarah’s aunt” is therefore incorrect; the correct identification is “Mo\u202fFarah’s wife.”', 'failed_images': []}

Question Being Answered: Who is the women that comes to the sports field?

Answer Choices:
A. Mo Fara's
B. Not Mentiened
C. Mo Fara's aunt
D. Mo Fara's wife

Given Answer: 3
Evidence Frames Used: ['frames/frame_2193.jpg', 'frames/frame_2194.jpg', 'frames/frame_2195.jpg', 'frames/frame_2197.jpg', 'frames/frame_2198.jpg', 'frames/frame_2199.jpg', 'frames/frame_2201.jpg', 'frames/frame_2203.jpg']

Character/Event/Scene logs: ================================================================================
CHARACTER, EVENT, AND SCENE LOGS
================================================================================

CHARACTERS:
Mo Farah: A dark-skinned male athlete with a shaved head, wearing a white "GREAT BRITAIN" tank top.
Kenenisa Bekele: A dark-skinned male athlete wearing a green and yellow "ETHIOPIA" jersey.
Galen Rupp: A fair-skinned male athlete with blond hair, wearing a red "USA" tank top.
Stephen Kipsiro: A dark-skinned male athlete wearing a red and black "UGANDA" tank top.
Tariku Bekele: An Ethiopian athlete wearing a green and yellow sleeveless top.
Mitchell Watt: An Australian athlete wearing a yellow sleeveless top with "AUSTRALIA" written on it.
Will Claye: A dark-skinned male athlete wearing a red "USA" uniform.
Greg Rutherford: A blond male athlete wearing a white "GREAT BRITAIN" tank top.

SCENES:
Empty Stadium: A darkened, aerial view of an empty stadium. [Frame 1]
Packed Stadium: A crowded stadium with a large green field and a red running track. [Frame 2-14, 73-2376]
Athletes on Track: Athletes standing or running on the red track with white lines. [Frame 15-2376]
Long Jump Pit: A sandy pit with a white sign displaying numbers and the Olympic rings logo. [Frame 39-414]
Stadium Closing Ceremony: A darkened stadium with a lit torch and a crowd watching. [Frame 2357-2363]

EVENTS:
Men's 10000m Final: Athletes competing in the men's 10000m final on a red track. [Frame 2-2376]
Long Jump Competition: Athletes competing in the long jump event. [Frame 389-414]
Award Ceremony: Athletes celebrating and being congratulated on the track. [Frame 1973-2217]
Stadium Closing Ceremony: The crowd watching the extinguishing of the flame at the Olympic Stadium. [Frame 2357-2363]

================================================================================
Generated at: 2026-01-11 21:48:03
================================================================================



QUESTION-BASED CRITERIA:
  Q1. A woman is present on the sports field
  Q2. The woman is interacting with or approaching athletes
  Q3. The scene shows the red running track or green field area
  Q4. The woman is not one of the competing athletes
  Q5. The woman may be celebrating or congratulating someone
  Q6. The interaction occurs after the race concludes


CRITICAL ASSESSMENT TASK:
For EACH criterion listed above, determine whether it PASSES or FAILS based ONLY on what the VLM actually reports seeing in the frames.

- PASS: The VLM results clearly confirm this criterion is satisfied in the frames
- FAIL: The VLM results indicate this criterion is NOT satisfied, or there is insufficient evidence

CONFIDENCE CALCULATION RULES:
1. Count how many criteria pass (criteria_percentage = criteria_passed / 6)
2. Calculate base_confidence = criteria_percentage * 100
3. ⚠️ If ANY answer-specific criterion (A1, A2, etc.) FAILS, set confidence = min(50, base_confidence)

⚠️ CRITICAL: There is ALWAYS a correct answer among the choices provided. If all answers seem slightly off or imperfect, you MUST choose the BEST possible answer that most closely matches the evidence.

CRITIC ANSWER CHOICE DECISION:
4. After evaluating criteria, if criteria_percentage > 0.5 (>50% of criteria pass):
   - Review ALL answer choices (A, B, C, D, etc.)
   - Based ONLY on the VLM visual evidence, determine which answer choice is MOST correct
   - Output your critic_answer_choice as a NUMBER (0=A, 1=B, 2=C, 3=D)
5. If criteria_percentage ≤ 0.5 (≤50% of criteria pass):
   - STILL do your best to pick out a correct answer, but also set suggestion to "These may not be the right frames/scene. Continue searching for better evidence."
   - output your best guess of the answer as a number (0=A, 1=B, 2=C, 3=D, 4=E)

Return ONLY this JSON:
{
    "criteria_results": [
        {"criterion": "criterion text", "criterion_type": "QUESTION or ANSWER", "status": "PASS or FAIL", "reasoning": "brief explanation"},
        ...
    ],
    "question_criteria_passed": <number of question criteria that passed>,
    "answer_criteria_passed": <number of answer criteria that passed>,
    "answer_criteria_total": 0,
    "criteria_passed": <number of question criteria that passed>,
    "criteria_total": 6,
    "criteria_percentage": <criteria_passed / 6>,
    "base_confidence": <(criteria_passed / 6) * 100>,
    "confidence": <base_confidence OR 50 if any answer criterion failed>,
    "critic_answer_choice": <NUMBER: 0=A, 1=B, 2=C, 3=D, 4=E>,
    "critic_reasoning": "<Brief explanation of why you chose this answer based on VLM evidence>",
    "possible_errors": [
        <List specific criteria that failed or issues found>
    ],
    "suggestion": <"These may not be the right frames" if ≤50%, otherwise null or specific improvement>
}

IMPORTANT RULES:
- Evaluate EACH criterion independently based on VLM results
- Mark criterion as PASS only if VLM clearly confirms it
- Mark criterion as FAIL if not confirmed or contradicted
- If ANY answer-specific criterion fails, confidence MUST be ≤50%
- Base evaluation ONLY on VLM verification results, not speculation
- Only list errors for criteria that actually failed
- Return ONLY valid JSON

Critical assessment response: {
    "criteria_results": [
        {"criterion": "A woman is present on the sports field", "criterion_type": "QUESTION", "status": "PASS", "reasoning": "VLM confirms a woman in civilian clothing is clearly visible on the track"},
        {"criterion": "The woman is interacting with or approaching athletes", "criterion_type": "QUESTION", "status": "PASS", "reasoning": "VLM reports she approaches Mo Farah, hugs him, and engages in celebratory interaction"},
        {"criterion": "The scene shows the red running track or green field area", "criterion_type": "QUESTION", "status": "PASS", "reasoning": "VLM confirms all frames are set on the red running track of the Olympic stadium"},
        {"criterion": "The woman is not one of the competing athletes", "criterion_type": "QUESTION", "status": "PASS", "reasoning": "VLM states she is dressed in civilian clothing with no race bib"},
        {"criterion": "The woman may be celebrating or congratulating someone", "criterion_type": "QUESTION", "status": "PASS", "reasoning": "VLM describes warm, emotional hug and celebratory behavior"},
        {"criterion": "The interaction occurs after the race concludes", "criterion_type": "QUESTION", "status": "PASS", "reasoning": "VLM confirms Mo Farah is no longer running, draped in flag, surrounded by media - race is over"}
    ],
    "question_criteria_passed": 6,
    "answer_criteria_passed": 0,
    "answer_criteria_total": 0,
    "criteria_passed": 6,
    "criteria_total": 6,
    "criteria_percentage": 1.0,
    "base_confidence": 100.0,
    "confidence": 100.0,
    "critic_answer_choice": 3,
    "critic_reasoning": "The VLM verification confirms all question criteria are satisfied but specifically identifies the woman as Mo Farah's wife (not aunt) based on visual evidence and contextual knowledge. Since 'Mo Farah's wife' corresponds to choice D (answer 3), this is the correct identification.",
    "possible_errors": [
        "The VLM indicates the given answer 'Mo Farah's aunt' is incorrect based on identity verification"
    ],
    "suggestion": null
}
Critical assessment data: {'criteria_results': [{'criterion': 'A woman is present on the sports field', 'criterion_type': 'QUESTION', 'status': 'PASS', 'reasoning': 'VLM confirms a woman in civilian clothing is clearly visible on the track'}, {'criterion': 'The woman is interacting with or approaching athletes', 'criterion_type': 'QUESTION', 'status': 'PASS', 'reasoning': 'VLM reports she approaches Mo Farah, hugs him, and engages in celebratory interaction'}, {'criterion': 'The scene shows the red running track or green field area', 'criterion_type': 'QUESTION', 'status': 'PASS', 'reasoning': 'VLM confirms all frames are set on the red running track of the Olympic stadium'}, {'criterion': 'The woman is not one of the competing athletes', 'criterion_type': 'QUESTION', 'status': 'PASS', 'reasoning': 'VLM states she is dressed in civilian clothing with no race bib'}, {'criterion': 'The woman may be celebrating or congratulating someone', 'criterion_type': 'QUESTION', 'status': 'PASS', 'reasoning': 'VLM describes warm, emotional hug and celebratory behavior'}, {'criterion': 'The interaction occurs after the race concludes', 'criterion_type': 'QUESTION', 'status': 'PASS', 'reasoning': 'VLM confirms Mo Farah is no longer running, draped in flag, surrounded by media - race is over'}], 'question_criteria_passed': 6, 'answer_criteria_passed': 0, 'answer_criteria_total': 0, 'criteria_passed': 6, 'criteria_total': 6, 'criteria_percentage': 1.0, 'base_confidence': 100.0, 'confidence': 100.0, 'critic_answer_choice': 3, 'critic_reasoning': "The VLM verification confirms all question criteria are satisfied but specifically identifies the woman as Mo Farah's wife (not aunt) based on visual evidence and contextual knowledge. Since 'Mo Farah's wife' corresponds to choice D (answer 3), this is the correct identification.", 'possible_errors': ["The VLM indicates the given answer 'Mo Farah's aunt' is incorrect based on identity verification"], 'suggestion': None}
