Critic initial response: {
    "tool": "VLM_QUERY",
    "frames": ["frames/frame_1312.jpg", "frames/frame_1313.jpg", "frames/frame_1314.jpg", "frames/frame_1315.jpg", "frames/frame_1316.jpg", "frames/frame_1317.jpg", "frames/frame_1318.jpg", "frames/frame_1319.jpg", "frames/frame_1320.jpg", "frames/frame_1321.jpg", "frames/frame_1322.jpg", "frames/frame_1323.jpg", "frames/frame_1324.jpg", "frames/frame_1325.jpg", "frames/frame_1326.jpg", "frames/frame_1327.jpg"],
    "prompt": "Based on these frames (including context before/after), verify if the answer '0' (Dino) is correct for the question: Who is the owner of Gourment Conch Salad? Check the question criteria: ['Sign or text indicating Gourment Conch Salad', 'Person identified as owner of Gourment Conch Salad', 'Visual context suggesting ownership (e.g., person operating food stand, wearing apron, handling food preparation)', 'Text or signage with owner's name', 'Person interacting with customers at conch salad establishment', 'Establishment setup with conch salad preparation area']. Pay attention to timestamps and temporal sequences. Look for visual evidence of ownership attribution, signage, or contextual clues indicating who owns/runs the Gourment Conch Salad establishment."
}
Frames to verify: ['frames/frame_1312.jpg', 'frames/frame_1313.jpg', 'frames/frame_1314.jpg', 'frames/frame_1315.jpg', 'frames/frame_1316.jpg', 'frames/frame_1317.jpg', 'frames/frame_1318.jpg', 'frames/frame_1319.jpg', 'frames/frame_1320.jpg', 'frames/frame_1321.jpg', 'frames/frame_1322.jpg', 'frames/frame_1323.jpg', 'frames/frame_1324.jpg', 'frames/frame_1325.jpg', 'frames/frame_1326.jpg', 'frames/frame_1327.jpg']
VLM Prompt: Video context: After analyzing the provided SET of frame-by-frame captions data for a long video, I have generated a global summary that captures the main characters, setting, plot line, vibes, and general details.

**Main Characters:**

1. A man wearing a red bandana or headband, often dressed in a blue or black shirt, appears throughout the video. He seems to be a central figure, possibly a chef, food enthusiast, or a local guide.
2. A woman with dark skin and black braided hair, often wearing a white chef's hat and a colorful apron, is another recurring character. She is likely a chef or a key figure in the culinary aspects of the video.
3. Other characters, such as fishermen, locals, and tourists, make appearances throughout the video, adding to the diversity and richness of the narrative.

**Setting:**

The video is set in the Bahamas, showcasing its picturesque landscapes, beaches, and marine life. The setting includes:

1. Beaches with white sand and turquoise waters
2. Rocky shorelines and docks
3. Lush forests and dense vegetation
4. Outdoor kitchens and cooking stations
5. Restaurants and bars
6. Markets and food stalls
7. Aerial views of the islands and surrounding waters

**Plot Line:**

The video appears to be a documentary or a travelogue that explores the Bahamas, focusing on its cuisine, culture, and natural beauty. The narrative is likely centered around the main characters as they:

1. Explore the local seafood and cuisine
2. Showcase traditional cooking methods and recipes
3. Interact with locals and share their stories
4. Highlight the unique landscapes and ecosystems of the Bahamas

**Vibes:**

The overall vibe of the video is:

1. Relaxed and casual, with a focus on enjoying the beauty of the Bahamas
2. Cultural and informative, highlighting the local cuisine and traditions
3. Adventurous and exploratory, with a sense of discovery and excitement
4. Warm and inviting, with a focus on the people and their stories

**General Details:**

1. The video features a diverse range of scenes, from cooking and eating to exploring the outdoors and interacting with locals.
2. The color palette is vibrant, with a focus on turquoise waters, green vegetation, and colorful characters.
3. The tone is generally lighthearted and entertaining, with a sense of curiosity and wonder.
4. The video appears to be a mix of documentary-style footage, interviews, and observational moments, creating a engaging and immersive viewing experience.

Based on these frames (including context before/after), verify if the answer '0' (Dino) is correct for the question: Who is the owner of Gourment Conch Salad? Check the question criteria: ['Sign or text indicating Gourment Conch Salad', 'Person identified as owner of Gourment Conch Salad', 'Visual context suggesting ownership (e.g., person operating food stand, wearing apron, handling food preparation)', 'Text or signage with owner's name', 'Person interacting with customers at conch salad establishment', 'Establishment setup with conch salad preparation area']. Pay attention to timestamps and temporal sequences. Look for visual evidence of ownership attribution, signage, or contextual clues indicating who owns/runs the Gourment Conch Salad establishment.
VLM response: {'batched_responses': [{'batch_start': 0, 'batch_end': 16, 'image_paths': ['/mnt/ssd/data/lvbench/videos_processed/evYm0cELO3I/frames/frame_1312.jpg', '/mnt/ssd/data/lvbench/videos_processed/evYm0cELO3I/frames/frame_1313.jpg', '/mnt/ssd/data/lvbench/videos_processed/evYm0cELO3I/frames/frame_1314.jpg', '/mnt/ssd/data/lvbench/videos_processed/evYm0cELO3I/frames/frame_1315.jpg', '/mnt/ssd/data/lvbench/videos_processed/evYm0cELO3I/frames/frame_1316.jpg', '/mnt/ssd/data/lvbench/videos_processed/evYm0cELO3I/frames/frame_1317.jpg', '/mnt/ssd/data/lvbench/videos_processed/evYm0cELO3I/frames/frame_1318.jpg', '/mnt/ssd/data/lvbench/videos_processed/evYm0cELO3I/frames/frame_1319.jpg', '/mnt/ssd/data/lvbench/videos_processed/evYm0cELO3I/frames/frame_1320.jpg', '/mnt/ssd/data/lvbench/videos_processed/evYm0cELO3I/frames/frame_1321.jpg', '/mnt/ssd/data/lvbench/videos_processed/evYm0cELO3I/frames/frame_1322.jpg', '/mnt/ssd/data/lvbench/videos_processed/evYm0cELO3I/frames/frame_1323.jpg', '/mnt/ssd/data/lvbench/videos_processed/evYm0cELO3I/frames/frame_1324.jpg', '/mnt/ssd/data/lvbench/videos_processed/evYm0cELO3I/frames/frame_1325.jpg', '/mnt/ssd/data/lvbench/videos_processed/evYm0cELO3I/frames/frame_1326.jpg', '/mnt/ssd/data/lvbench/videos_processed/evYm0cELO3I/frames/frame_1327.jpg'], 'response': "Based on the visual evidence provided across the 16 frames, the answer **'0' (Dino)** is **correct** for the question: *Who is the owner of Gourmet Conch Salad?*\n\n### Verification Against Question Criteria:\n\n1. ✅ **Sign or text indicating Gourmet Conch Salad**  \n   - Frames 6 and 7 clearly show a wooden sign that reads: **“DINO’S GOURMET CONCH SALAD”**. This directly links the name “Dino” to the establishment.\n\n2. ✅ **Person identified as owner of Gourmet Conch Salad**  \n   - Frame 11 includes an on-screen graphic that explicitly states: **“DINO — OWNER | DINO’S GOURMET CONCH SALAD”**. This is direct textual attribution of ownership.\n\n3. ✅ **Visual context suggesting ownership (e.g., person operating food stand, wearing apron, handling food preparation)**  \n   - Frames 8–10, 12–14 show a man (Dino) actively preparing conch, handling the shell, and working at the food station. He is wearing gloves and a branded shirt, indicating he is the operator.\n   - Frame 15 shows him interacting with a customer at the stand, reinforcing his role as the proprietor.\n\n4. ✅ **Text or signage with owner's name**  \n   - The sign in frames 6–7 says “DINO’S”, clearly attributing the business to “Dino”.\n   - The on-screen graphic in frame 11 reinforces this with “DINO — OWNER”.\n\n5. ✅ **Person interacting with customers at conch salad establishment**  \n   - Frame 15 shows Dino serving or talking to a customer at the stand, confirming his role in customer-facing operations.\n\n6. ✅ **Establishment setup with conch salad preparation area**  \n   - Frames 8–14 show a dedicated outdoor prep area with cutting boards, knives, conch shells, and fresh produce — consistent with a conch salad stand.\n\n---\n\n### Conclusion:\nAll six criteria are satisfied with clear visual and textual evidence. The name “Dino” is explicitly linked to the ownership and operation of “Dino’s Gourmet Conch Salad” through signage, on-screen graphics, and visual context.\n\n✅ **Answer '0' (Dino) is correct.**"}], 'formatted_responses': ["\n=== Batch 0-16 (16 frames) ===\nFrames: /mnt/ssd/data/lvbench/videos_processed/evYm0cELO3I/frames/frame_1312.jpg, /mnt/ssd/data/lvbench/videos_processed/evYm0cELO3I/frames/frame_1313.jpg, /mnt/ssd/data/lvbench/videos_processed/evYm0cELO3I/frames/frame_1314.jpg, /mnt/ssd/data/lvbench/videos_processed/evYm0cELO3I/frames/frame_1315.jpg, /mnt/ssd/data/lvbench/videos_processed/evYm0cELO3I/frames/frame_1316.jpg, /mnt/ssd/data/lvbench/videos_processed/evYm0cELO3I/frames/frame_1317.jpg, /mnt/ssd/data/lvbench/videos_processed/evYm0cELO3I/frames/frame_1318.jpg, /mnt/ssd/data/lvbench/videos_processed/evYm0cELO3I/frames/frame_1319.jpg, /mnt/ssd/data/lvbench/videos_processed/evYm0cELO3I/frames/frame_1320.jpg, /mnt/ssd/data/lvbench/videos_processed/evYm0cELO3I/frames/frame_1321.jpg, /mnt/ssd/data/lvbench/videos_processed/evYm0cELO3I/frames/frame_1322.jpg, /mnt/ssd/data/lvbench/videos_processed/evYm0cELO3I/frames/frame_1323.jpg, /mnt/ssd/data/lvbench/videos_processed/evYm0cELO3I/frames/frame_1324.jpg, /mnt/ssd/data/lvbench/videos_processed/evYm0cELO3I/frames/frame_1325.jpg, /mnt/ssd/data/lvbench/videos_processed/evYm0cELO3I/frames/frame_1326.jpg, /mnt/ssd/data/lvbench/videos_processed/evYm0cELO3I/frames/frame_1327.jpg\nVLM Response: Based on the visual evidence provided across the 16 frames, the answer **'0' (Dino)** is **correct** for the question: *Who is the owner of Gourmet Conch Salad?*\n\n### Verification Against Question Criteria:\n\n1. ✅ **Sign or text indicating Gourmet Conch Salad**  \n   - Frames 6 and 7 clearly show a wooden sign that reads: **“DINO’S GOURMET CONCH SALAD”**. This directly links the name “Dino” to the establishment.\n\n2. ✅ **Person identified as owner of Gourmet Conch Salad**  \n   - Frame 11 includes an on-screen graphic that explicitly states: **“DINO — OWNER | DINO’S GOURMET CONCH SALAD”**. This is direct textual attribution of ownership.\n\n3. ✅ **Visual context suggesting ownership (e.g., person operating food stand, wearing apron, handling food preparation)**  \n   - Frames 8–10, 12–14 show a man (Dino) actively preparing conch, handling the shell, and working at the food station. He is wearing gloves and a branded shirt, indicating he is the operator.\n   - Frame 15 shows him interacting with a customer at the stand, reinforcing his role as the proprietor.\n\n4. ✅ **Text or signage with owner's name**  \n   - The sign in frames 6–7 says “DINO’S”, clearly attributing the business to “Dino”.\n   - The on-screen graphic in frame 11 reinforces this with “DINO — OWNER”.\n\n5. ✅ **Person interacting with customers at conch salad establishment**  \n   - Frame 15 shows Dino serving or talking to a customer at the stand, confirming his role in customer-facing operations.\n\n6. ✅ **Establishment setup with conch salad preparation area**  \n   - Frames 8–14 show a dedicated outdoor prep area with cutting boards, knives, conch shells, and fresh produce — consistent with a conch salad stand.\n\n---\n\n### Conclusion:\nAll six criteria are satisfied with clear visual and textual evidence. The name “Dino” is explicitly linked to the ownership and operation of “Dino’s Gourmet Conch Salad” through signage, on-screen graphics, and visual context.\n\n✅ **Answer '0' (Dino) is correct.**\n"], 'condensed_response': None, 'failed_images': []}
Followup prompt: 
Critically assess whether the VLM verification supports the given answer by evaluating each criterion.

⚠️ IMPORTANT: Answers use 0-INDEXED numbers where 0=A, 1=B, 2=C, 3=D, 4=E

VLM Verification Results:
{'batched_responses': [{'batch_start': 0, 'batch_end': 16, 'image_paths': ['/mnt/ssd/data/lvbench/videos_processed/evYm0cELO3I/frames/frame_1312.jpg', '/mnt/ssd/data/lvbench/videos_processed/evYm0cELO3I/frames/frame_1313.jpg', '/mnt/ssd/data/lvbench/videos_processed/evYm0cELO3I/frames/frame_1314.jpg', '/mnt/ssd/data/lvbench/videos_processed/evYm0cELO3I/frames/frame_1315.jpg', '/mnt/ssd/data/lvbench/videos_processed/evYm0cELO3I/frames/frame_1316.jpg', '/mnt/ssd/data/lvbench/videos_processed/evYm0cELO3I/frames/frame_1317.jpg', '/mnt/ssd/data/lvbench/videos_processed/evYm0cELO3I/frames/frame_1318.jpg', '/mnt/ssd/data/lvbench/videos_processed/evYm0cELO3I/frames/frame_1319.jpg', '/mnt/ssd/data/lvbench/videos_processed/evYm0cELO3I/frames/frame_1320.jpg', '/mnt/ssd/data/lvbench/videos_processed/evYm0cELO3I/frames/frame_1321.jpg', '/mnt/ssd/data/lvbench/videos_processed/evYm0cELO3I/frames/frame_1322.jpg', '/mnt/ssd/data/lvbench/videos_processed/evYm0cELO3I/frames/frame_1323.jpg', '/mnt/ssd/data/lvbench/videos_processed/evYm0cELO3I/frames/frame_1324.jpg', '/mnt/ssd/data/lvbench/videos_processed/evYm0cELO3I/frames/frame_1325.jpg', '/mnt/ssd/data/lvbench/videos_processed/evYm0cELO3I/frames/frame_1326.jpg', '/mnt/ssd/data/lvbench/videos_processed/evYm0cELO3I/frames/frame_1327.jpg'], 'response': "Based on the visual evidence provided across the 16 frames, the answer **'0' (Dino)** is **correct** for the question: *Who is the owner of Gourmet Conch Salad?*\n\n### Verification Against Question Criteria:\n\n1. ✅ **Sign or text indicating Gourmet Conch Salad**  \n   - Frames 6 and 7 clearly show a wooden sign that reads: **“DINO’S GOURMET CONCH SALAD”**. This directly links the name “Dino” to the establishment.\n\n2. ✅ **Person identified as owner of Gourmet Conch Salad**  \n   - Frame 11 includes an on-screen graphic that explicitly states: **“DINO — OWNER | DINO’S GOURMET CONCH SALAD”**. This is direct textual attribution of ownership.\n\n3. ✅ **Visual context suggesting ownership (e.g., person operating food stand, wearing apron, handling food preparation)**  \n   - Frames 8–10, 12–14 show a man (Dino) actively preparing conch, handling the shell, and working at the food station. He is wearing gloves and a branded shirt, indicating he is the operator.\n   - Frame 15 shows him interacting with a customer at the stand, reinforcing his role as the proprietor.\n\n4. ✅ **Text or signage with owner's name**  \n   - The sign in frames 6–7 says “DINO’S”, clearly attributing the business to “Dino”.\n   - The on-screen graphic in frame 11 reinforces this with “DINO — OWNER”.\n\n5. ✅ **Person interacting with customers at conch salad establishment**  \n   - Frame 15 shows Dino serving or talking to a customer at the stand, confirming his role in customer-facing operations.\n\n6. ✅ **Establishment setup with conch salad preparation area**  \n   - Frames 8–14 show a dedicated outdoor prep area with cutting boards, knives, conch shells, and fresh produce — consistent with a conch salad stand.\n\n---\n\n### Conclusion:\nAll six criteria are satisfied with clear visual and textual evidence. The name “Dino” is explicitly linked to the ownership and operation of “Dino’s Gourmet Conch Salad” through signage, on-screen graphics, and visual context.\n\n✅ **Answer '0' (Dino) is correct.**"}], 'formatted_responses': ["\n=== Batch 0-16 (16 frames) ===\nFrames: /mnt/ssd/data/lvbench/videos_processed/evYm0cELO3I/frames/frame_1312.jpg, /mnt/ssd/data/lvbench/videos_processed/evYm0cELO3I/frames/frame_1313.jpg, /mnt/ssd/data/lvbench/videos_processed/evYm0cELO3I/frames/frame_1314.jpg, /mnt/ssd/data/lvbench/videos_processed/evYm0cELO3I/frames/frame_1315.jpg, /mnt/ssd/data/lvbench/videos_processed/evYm0cELO3I/frames/frame_1316.jpg, /mnt/ssd/data/lvbench/videos_processed/evYm0cELO3I/frames/frame_1317.jpg, /mnt/ssd/data/lvbench/videos_processed/evYm0cELO3I/frames/frame_1318.jpg, /mnt/ssd/data/lvbench/videos_processed/evYm0cELO3I/frames/frame_1319.jpg, /mnt/ssd/data/lvbench/videos_processed/evYm0cELO3I/frames/frame_1320.jpg, /mnt/ssd/data/lvbench/videos_processed/evYm0cELO3I/frames/frame_1321.jpg, /mnt/ssd/data/lvbench/videos_processed/evYm0cELO3I/frames/frame_1322.jpg, /mnt/ssd/data/lvbench/videos_processed/evYm0cELO3I/frames/frame_1323.jpg, /mnt/ssd/data/lvbench/videos_processed/evYm0cELO3I/frames/frame_1324.jpg, /mnt/ssd/data/lvbench/videos_processed/evYm0cELO3I/frames/frame_1325.jpg, /mnt/ssd/data/lvbench/videos_processed/evYm0cELO3I/frames/frame_1326.jpg, /mnt/ssd/data/lvbench/videos_processed/evYm0cELO3I/frames/frame_1327.jpg\nVLM Response: Based on the visual evidence provided across the 16 frames, the answer **'0' (Dino)** is **correct** for the question: *Who is the owner of Gourmet Conch Salad?*\n\n### Verification Against Question Criteria:\n\n1. ✅ **Sign or text indicating Gourmet Conch Salad**  \n   - Frames 6 and 7 clearly show a wooden sign that reads: **“DINO’S GOURMET CONCH SALAD”**. This directly links the name “Dino” to the establishment.\n\n2. ✅ **Person identified as owner of Gourmet Conch Salad**  \n   - Frame 11 includes an on-screen graphic that explicitly states: **“DINO — OWNER | DINO’S GOURMET CONCH SALAD”**. This is direct textual attribution of ownership.\n\n3. ✅ **Visual context suggesting ownership (e.g., person operating food stand, wearing apron, handling food preparation)**  \n   - Frames 8–10, 12–14 show a man (Dino) actively preparing conch, handling the shell, and working at the food station. He is wearing gloves and a branded shirt, indicating he is the operator.\n   - Frame 15 shows him interacting with a customer at the stand, reinforcing his role as the proprietor.\n\n4. ✅ **Text or signage with owner's name**  \n   - The sign in frames 6–7 says “DINO’S”, clearly attributing the business to “Dino”.\n   - The on-screen graphic in frame 11 reinforces this with “DINO — OWNER”.\n\n5. ✅ **Person interacting with customers at conch salad establishment**  \n   - Frame 15 shows Dino serving or talking to a customer at the stand, confirming his role in customer-facing operations.\n\n6. ✅ **Establishment setup with conch salad preparation area**  \n   - Frames 8–14 show a dedicated outdoor prep area with cutting boards, knives, conch shells, and fresh produce — consistent with a conch salad stand.\n\n---\n\n### Conclusion:\nAll six criteria are satisfied with clear visual and textual evidence. The name “Dino” is explicitly linked to the ownership and operation of “Dino’s Gourmet Conch Salad” through signage, on-screen graphics, and visual context.\n\n✅ **Answer '0' (Dino) is correct.**\n"], 'condensed_response': None, 'failed_images': []}

Question Being Answered: Who is the owner of Gourment Conch Salad?

Answer Choices (0-indexed: 0=A, 1=B, 2=C, 3=D, 4=E):
  0 (=A): Dino
  1 (=B): Jonny
  2 (=C): Conny
  3 (=D): Sonny

Given Answer: 0
Evidence Frames Used: ['frames/frame_1317.jpg', 'frames/frame_1318.jpg', 'frames/frame_1322.jpg']

Character/Event/Scene logs: ================================================================================
CHARACTER, EVENT, AND SCENE LOGS
================================================================================

CHARACTERS:
1. Middle-aged Man with Plaid Shirt and White Headband: A man wearing a plaid shirt and a white headband, appearing in various scenes, often eating or gesturing.
2. Chef Elrod Munnings: A dark-skinned man with short black hair, wearing a white chef's coat with a red crab logo.
3. Woman Chef with Braids: A woman with black braids, wearing a white chef's coat and a colorful apron.
4. Man with Red Bandana and Black Shirt: A man wearing a red bandana and a black shirt, appearing in various scenes, often gesturing or speaking.
5. Woman with Yellow Head Wrap: A woman wearing a yellow headwrap, a green shirt with white floral patterns, and a white apron.
6. John Cena: A muscular man wearing a red baseball cap with white designs and a black short-sleeved button-down shirt.

SCENES:
1. Dock/Fish Market: A bustling waterfront area with people unloading fish and seafood. [Frames 1-100]
2. Beach/Atlantis Resort: A picturesque beach scene with the Atlantis resort in the background. [Frames 37-45, 222-225]
3. Outdoor Kitchen/Chef Elrod: An outdoor kitchen setting where Chef Elrod is cooking. [Frames 41, 59, 337-340]
4. Restaurant/Bar: Various scenes of people eating and drinking at tables or bars. [Frames 169-171, 177-178]
5. Forest/Wooded Area: A dense forest or wooded area with men walking or working. [Frames 35, 321-323]
6. Conch Market: A bustling market scene with people selling conch shells. [Frames 101-102]
7. Grocery Store/Convenience Store: A store with shelves stocked with various products. [Frames 1926-1930]
8. Wetland/Coastal Area: A serene and expansive wetland or coastal scene. [Frames 3687-3689]
9. Dark Forest/Nighttime: A dark forest or wooded area at night with men walking or working. [Frames 321-323, 327-330]
10. Residential Area/Houses: Various scenes of houses and residential areas. [Frames 189-191, 283-285]
11. Port/Cruise Ships: A bustling port with large cruise ships docked. [Frames 211-213]
12. Beachside Restaurant/Patios: Outdoor seating areas at restaurants or bars near the beach. [Frames 2127-2135]
13. Kitchen/Cooking Scenes: Various kitchen settings with people cooking or preparing food. [Frames 41, 337-340, 352-354]

EVENTS:
1. Men Unloading Fish/Seafood: Men unloading fish and seafood at a dock or market. [Frames 1-10]
2. Chef Elrod Cooking: Chef Elrod preparing and cooking dishes in an outdoor kitchen. [Frames 41, 337-340]
3. People Eating/Drinking: Various scenes of people eating and drinking at tables or bars. [Frames 169-171, 177-178]
4. Men Walking in Forest: Men walking through a dense forest or wooded area. [Frames 35, 321-323]
5. Conch Shell Preparation: People preparing and cleaning conch shells. [Frames 101-102]
6. Grocery Shopping: People shopping for groceries or other items at a store. [Frames 1926-1930]
7. Men Sitting on Beach: Men sitting on a beach or in a relaxed outdoor setting. [Frames 4242-4245]
8. Men Carrying Pig/Capybara: Men carrying a dead pig or capybara through a wooded or rural area. [Frames 4811-4815]
9. People Restraining Animals: People restraining or handling animals, such as pigs or goats. [Frames 4721-4725]
10. Men Gesturing/Speaking: Men gesturing or speaking in various settings, often with a serious or emphatic expression. [Frames 337-340, 352-354]
11. People Cooking/Preparing Food: Various scenes of people cooking or preparing food in kitchens or outdoor settings. [Frames 41, 337-340, 352-354]
12. John Cena Speaking: John Cena speaking or gesturing in front of a dark background. [Frames 5390-5393]

================================================================================
Generated at: 2026-01-11 21:46:41
================================================================================



QUESTION-BASED CRITERIA:
  Q1. Sign or text indicating 'Gourment Conch Salad'
  Q2. Person identified as owner of Gourment Conch Salad
  Q3. Visual context suggesting ownership (e.g., person operating food stand, wearing apron, handling food preparation)
  Q4. Text or signage with owner's name
  Q5. Person interacting with customers at conch salad establishment
  Q6. Establishment setup with conch salad preparation area


CRITICAL ASSESSMENT TASK:
For EACH criterion listed above, determine whether it PASSES or FAILS based ONLY on what the VLM actually reports seeing in the frames.

- PASS: The VLM results clearly confirm this criterion is satisfied in the frames
- FAIL: The VLM results indicate this criterion is NOT satisfied, or there is insufficient evidence

CONFIDENCE CALCULATION RULES:
1. Count how many criteria pass (criteria_percentage = criteria_passed / 6)
2. Calculate base_confidence = criteria_percentage * 100
3. ⚠️ If ANY answer-specific criterion (A1, A2, etc.) FAILS, set confidence = min(50, base_confidence)

⚠️ CRITICAL: There is ALWAYS a correct answer among the choices provided. If all answers seem slightly off or imperfect, you MUST choose the BEST possible answer that most closely matches the evidence.

CRITIC ANSWER CHOICE DECISION:
4. After evaluating criteria, ALWAYS pick the best answer choice:
   - Review ALL answer choices (A, B, C, D, E, etc.)
   - Based ONLY on the VLM visual evidence, determine which answer choice is MOST correct
   - Output your critic_answer_choice as a NUMBER (0=A, 1=B, 2=C, 3=D, 4=E)

5. If criteria_percentage > 0.5 (>50% of criteria pass):
   - Your chosen answer is well-supported by evidence
   - Set suggestion to null or provide minor improvements

6. If criteria_percentage ≤ 0.5 (≤50% of criteria pass):
   - Still MUST choose the BEST answer from the available choices (never -1)
   - But set suggestion to "These may not be the right frames/scene. Consider searching for better evidence. The answer chosen is the BEST match given current evidence."
   - This signals low confidence but still provides a choice

Return ONLY this JSON:
{
    "criteria_results": [
        {"criterion": "criterion text", "criterion_type": "QUESTION or ANSWER", "status": "PASS or FAIL", "reasoning": "brief explanation"},
        ...
    ],
    "question_criteria_passed": <number of question criteria that passed>,
    "answer_criteria_passed": <number of answer criteria that passed>,
    "answer_criteria_total": 0,
    "criteria_passed": <total number of criteria that passed>,
    "criteria_total": 6,
    "criteria_percentage": <criteria_passed / 6>,
    "base_confidence": <(criteria_passed / 6) * 100>,
    "confidence": <base_confidence OR 50 if any answer criterion failed>,
    "critic_answer_choice": <NUMBER: 0=A, 1=B, 2=C, 3=D, 4=E - MUST be a valid number 0-4, never -1>,
    "critic_reasoning": "<Brief explanation of why you chose this answer based on VLM evidence>",
    "possible_errors": [
        <List specific criteria that failed or issues found>
    ],
    "suggestion": <"These may not be the right frames" if ≤50%, otherwise null or specific improvement>
}

IMPORTANT RULES:
- Evaluate EACH criterion independently based on VLM results
- Mark criterion as PASS only if VLM clearly confirms it
- Mark criterion as FAIL if not confirmed or contradicted
- If ANY answer-specific criterion fails, confidence MUST be ≤50%
- Base evaluation ONLY on VLM verification results, not speculation
- Only list errors for criteria that actually failed
- Return ONLY valid JSON

Critical assessment response: ```json
{
    "criteria_results": [
        {"criterion": "Sign or text indicating 'Gourmet Conch Salad'", "criterion_type": "QUESTION", "status": "PASS", "reasoning": "VLM reports frames 6-7 show wooden sign reading 'DINO'S GOURMET CONCH SALAD'"},
        {"criterion": "Person identified as owner of Gourmet Conch Salad", "criterion_type": "QUESTION", "status": "PASS", "reasoning": "VLM reports frame 11 shows on-screen graphic stating 'DINO — OWNER | DINO'S GOURMET CONCH SALAD'"},
        {"criterion": "Visual context suggesting ownership (e.g., person operating food stand, wearing apron, handling food preparation)", "criterion_type": "QUESTION", "status": "PASS", "reasoning": "VLM reports frames 8-10, 12-14 show man (Dino) actively preparing conch, wearing gloves and branded shirt, working at food station"},
        {"criterion": "Text or signage with owner's name", "criterion_type": "ANSWER", "status": "PASS", "reasoning": "VLM reports sign in frames 6-7 says 'DINO'S' and on-screen graphic in frame 11 shows 'DINO — OWNER'"},
        {"criterion": "Person interacting with customers at conch salad establishment", "criterion_type": "ANSWER", "status": "PASS", "reasoning": "VLM reports frame 15 shows Dino serving or talking to a customer at the stand"},
        {"criterion": "Establishment setup with conch salad preparation area", "criterion_type": "ANSWER", "status": "PASS", "reasoning": "VLM reports frames 8-14 show dedicated outdoor prep area with cutting boards, knives, conch shells, and fresh produce"}
    ],
    "question_criteria_passed": 3,
    "answer_criteria_passed": 3,
    "answer_criteria_total": 3,
    "criteria_passed": 6,
    "criteria_total": 6,
    "criteria_percentage": 1.0,
    "base_confidence": 100,
    "confidence": 100,
    "critic_answer_choice": 0,
    "critic_reasoning": "VLM verification confirms all criteria are satisfied with clear visual evidence showing Dino as the owner through signage, on-screen graphics, and operational context at the conch salad stand",
    "possible_errors": [],
    "suggestion": null
}
```
Critical assessment data: {'criteria_results': [{'criterion': "Sign or text indicating 'Gourmet Conch Salad'", 'criterion_type': 'QUESTION', 'status': 'PASS', 'reasoning': "VLM reports frames 6-7 show wooden sign reading 'DINO'S GOURMET CONCH SALAD'"}, {'criterion': 'Person identified as owner of Gourmet Conch Salad', 'criterion_type': 'QUESTION', 'status': 'PASS', 'reasoning': "VLM reports frame 11 shows on-screen graphic stating 'DINO — OWNER | DINO'S GOURMET CONCH SALAD'"}, {'criterion': 'Visual context suggesting ownership (e.g., person operating food stand, wearing apron, handling food preparation)', 'criterion_type': 'QUESTION', 'status': 'PASS', 'reasoning': 'VLM reports frames 8-10, 12-14 show man (Dino) actively preparing conch, wearing gloves and branded shirt, working at food station'}, {'criterion': "Text or signage with owner's name", 'criterion_type': 'ANSWER', 'status': 'PASS', 'reasoning': "VLM reports sign in frames 6-7 says 'DINO'S' and on-screen graphic in frame 11 shows 'DINO — OWNER'"}, {'criterion': 'Person interacting with customers at conch salad establishment', 'criterion_type': 'ANSWER', 'status': 'PASS', 'reasoning': 'VLM reports frame 15 shows Dino serving or talking to a customer at the stand'}, {'criterion': 'Establishment setup with conch salad preparation area', 'criterion_type': 'ANSWER', 'status': 'PASS', 'reasoning': 'VLM reports frames 8-14 show dedicated outdoor prep area with cutting boards, knives, conch shells, and fresh produce'}], 'question_criteria_passed': 3, 'answer_criteria_passed': 3, 'answer_criteria_total': 3, 'criteria_passed': 6, 'criteria_total': 6, 'criteria_percentage': 1.0, 'base_confidence': 100, 'confidence': 100, 'critic_answer_choice': 0, 'critic_reasoning': 'VLM verification confirms all criteria are satisfied with clear visual evidence showing Dino as the owner through signage, on-screen graphics, and operational context at the conch salad stand', 'possible_errors': [], 'suggestion': None}
