Critic initial response: {
    "tool": "VLM_QUERY",
    "frames": [
        "frames/frame_0440.jpg",
        "frames/frame_0441.jpg",
        "frames/frame_0442.jpg",
        "frames/frame_0443.jpg",
        "frames/frame_0444.jpg",
        "frames/frame_0445.jpg",
        "frames/frame_0446.jpg",
        "frames/frame_0447.jpg",
        "frames/frame_0448.jpg",
        "frames/frame_0449.jpg",
        "frames/frame_0450.jpg",
        "frames/frame_0451.jpg",
        "frames/frame_0452.jpg",
        "frames/frame_0453.jpg",
        "frames/frame_0454.jpg",
        "frames/frame_0455.jpg",
        "frames/frame_0456.jpg",
        "frames/frame_0457.jpg",
        "frames/frame_0458.jpg",
        "frames/frame_0459.jpg"
    ],
    "prompt": "Based on these frames (including context before/after), verify if the answer '2' (which corresponds to 'Green') is correct for the question: What color of the sauce which is put on the dish from 07:25-07:34? Check the question criteria: ['Sauce being applied to a dish (pouring, drizzling, or spooning)', 'Visible color of the sauce being applied', 'Action occurs in a food preparation or serving context', 'Timeframe corresponds to 07:25-07:34 in the video']. Pay attention to timestamps and temporal sequences. Look for visual evidence of sauce application and determine its color."
}
Frames to verify: ['frames/frame_0440.jpg', 'frames/frame_0441.jpg', 'frames/frame_0442.jpg', 'frames/frame_0443.jpg', 'frames/frame_0444.jpg', 'frames/frame_0445.jpg', 'frames/frame_0446.jpg', 'frames/frame_0447.jpg', 'frames/frame_0448.jpg', 'frames/frame_0449.jpg', 'frames/frame_0450.jpg', 'frames/frame_0451.jpg', 'frames/frame_0452.jpg', 'frames/frame_0453.jpg', 'frames/frame_0454.jpg', 'frames/frame_0455.jpg', 'frames/frame_0456.jpg', 'frames/frame_0457.jpg', 'frames/frame_0458.jpg', 'frames/frame_0459.jpg']
VLM Prompt: Video context: Here's a global summary of the video based on the provided frame-by-frame captions data:

**Main Characters:**
The main characters in the video are chefs, waiters, and waitresses working in a restaurant or restaurants. They are predominantly dressed in white shirts and black aprons or pants. Some of them wear black shirts or vests. A few scenes also show customers dining at tables.

**Setting:**
The primary setting is a bustling restaurant kitchen or kitchens, with marble countertops, stainless-steel appliances, and various cooking equipment. The kitchen is well-lit, and the atmosphere is fast-paced and dynamic. Some scenes also show the dining area, where customers are seated at tables, and a bar or buffet counter.

**Plot Line:**
The video appears to be a documentary or behind-the-scenes style footage showcasing the inner workings of a busy restaurant kitchen. The plot line is not narrative-driven but rather observational, capturing the daily activities of the chefs, waiters, and waitresses as they prepare and serve food to customers. The video highlights the kitchen's efficiency, the staff's coordination, and the attention to detail in food preparation.

**Vibes:**
The overall vibe of the video is one of energy, efficiency, and professionalism. The fast-paced editing and dynamic camera movements convey a sense of urgency and activity, while the attention to detail in food preparation and presentation suggests a high level of expertise and care.

**General Details:**
Some notable details that emerge from the captions include:

* The kitchen is well-organized, with various stations and equipment dedicated to specific tasks.
* The staff is diverse, with people of different skin tones, hair colors, and attire.
* The menu appears to include a variety of dishes, such as steaks, burgers, sushi, and curries.
* The restaurant or restaurants depicted in the video seem to be upscale or fine dining establishments, given the attention to detail in food preparation and presentation.
* The video captures a range of activities, from food preparation and cooking to serving and interacting with customers.

Overall, the video provides a captivating glimpse into the inner workings of a busy restaurant kitchen, highlighting the skill, coordination, and dedication of the staff as they work together to deliver high-quality food and service to their customers.

Based on these frames (including context before/after), verify if the answer '2' (which corresponds to 'Green') is correct for the question: What color of the sauce which is put on the dish from 07:25-07:34? Check the question criteria: ['Sauce being applied to a dish (pouring, drizzling, or spooning)', 'Visible color of the sauce being applied', 'Action occurs in a food preparation or serving context', 'Timeframe corresponds to 07:25-07:34 in the video']. Pay attention to timestamps and temporal sequences. Look for visual evidence of sauce application and determine its color.
VLM response: {'batched_responses': [{'batch_start': 0, 'batch_end': 20, 'image_paths': ['/mnt/ssd/data/lvbench/videos_processed/3_upA09AntU/frames/frame_0440.jpg', '/mnt/ssd/data/lvbench/videos_processed/3_upA09AntU/frames/frame_0441.jpg', '/mnt/ssd/data/lvbench/videos_processed/3_upA09AntU/frames/frame_0442.jpg', '/mnt/ssd/data/lvbench/videos_processed/3_upA09AntU/frames/frame_0443.jpg', '/mnt/ssd/data/lvbench/videos_processed/3_upA09AntU/frames/frame_0444.jpg', '/mnt/ssd/data/lvbench/videos_processed/3_upA09AntU/frames/frame_0445.jpg', '/mnt/ssd/data/lvbench/videos_processed/3_upA09AntU/frames/frame_0446.jpg', '/mnt/ssd/data/lvbench/videos_processed/3_upA09AntU/frames/frame_0447.jpg', '/mnt/ssd/data/lvbench/videos_processed/3_upA09AntU/frames/frame_0448.jpg', '/mnt/ssd/data/lvbench/videos_processed/3_upA09AntU/frames/frame_0449.jpg', '/mnt/ssd/data/lvbench/videos_processed/3_upA09AntU/frames/frame_0450.jpg', '/mnt/ssd/data/lvbench/videos_processed/3_upA09AntU/frames/frame_0451.jpg', '/mnt/ssd/data/lvbench/videos_processed/3_upA09AntU/frames/frame_0452.jpg', '/mnt/ssd/data/lvbench/videos_processed/3_upA09AntU/frames/frame_0453.jpg', '/mnt/ssd/data/lvbench/videos_processed/3_upA09AntU/frames/frame_0454.jpg', '/mnt/ssd/data/lvbench/videos_processed/3_upA09AntU/frames/frame_0455.jpg', '/mnt/ssd/data/lvbench/videos_processed/3_upA09AntU/frames/frame_0456.jpg', '/mnt/ssd/data/lvbench/videos_processed/3_upA09AntU/frames/frame_0457.jpg', '/mnt/ssd/data/lvbench/videos_processed/3_upA09AntU/frames/frame_0458.jpg', '/mnt/ssd/data/lvbench/videos_processed/3_upA09AntU/frames/frame_0459.jpg'], 'response': "Based on the provided frames and the specified criteria, the answer **'2' (Green)** is **correct**.\n\nHere’s the verification against each criterion:\n\n1. **Sauce being applied to a dish (pouring, drizzling, or spooning)**  \n   - In frames 0449–0455 (which fall within the 07:25–07:34 timeframe), a chef is clearly seen using a spoon to scoop a sauce from a metal container and apply it to a plated dish (a piece of steak with a vegetable). This is a direct application via spooning.\n\n2. **Visible color of the sauce being applied**  \n   - The sauce being scooped and applied is **bright green**. This is clearly visible in frames 0449–0455, where the chef holds the container and spoon, and the green sauce is transferred onto the dish.\n\n3. **Action occurs in a food preparation or serving context**  \n   - The scene takes place in a professional restaurant kitchen environment with stainless steel containers, marble countertops, and plated food — consistent with food preparation or plating before service.\n\n4. **Timeframe corresponds to 07:25–07:34 in the video**  \n   - The provided frames (0440–0459) are explicitly labeled as occurring within this timeframe. The sauce application occurs between frames 0449–0455, which are well within the specified window.\n\n✅ **Conclusion**: The sauce being applied is visibly **green**, and all criteria are satisfied. Therefore, the answer **'2' (Green)** is **correct**."}], 'formatted_responses': ["\n=== Batch 0-20 (20 frames) ===\nFrames: /mnt/ssd/data/lvbench/videos_processed/3_upA09AntU/frames/frame_0440.jpg, /mnt/ssd/data/lvbench/videos_processed/3_upA09AntU/frames/frame_0441.jpg, /mnt/ssd/data/lvbench/videos_processed/3_upA09AntU/frames/frame_0442.jpg, /mnt/ssd/data/lvbench/videos_processed/3_upA09AntU/frames/frame_0443.jpg, /mnt/ssd/data/lvbench/videos_processed/3_upA09AntU/frames/frame_0444.jpg, /mnt/ssd/data/lvbench/videos_processed/3_upA09AntU/frames/frame_0445.jpg, /mnt/ssd/data/lvbench/videos_processed/3_upA09AntU/frames/frame_0446.jpg, /mnt/ssd/data/lvbench/videos_processed/3_upA09AntU/frames/frame_0447.jpg, /mnt/ssd/data/lvbench/videos_processed/3_upA09AntU/frames/frame_0448.jpg, /mnt/ssd/data/lvbench/videos_processed/3_upA09AntU/frames/frame_0449.jpg, /mnt/ssd/data/lvbench/videos_processed/3_upA09AntU/frames/frame_0450.jpg, /mnt/ssd/data/lvbench/videos_processed/3_upA09AntU/frames/frame_0451.jpg, /mnt/ssd/data/lvbench/videos_processed/3_upA09AntU/frames/frame_0452.jpg, /mnt/ssd/data/lvbench/videos_processed/3_upA09AntU/frames/frame_0453.jpg, /mnt/ssd/data/lvbench/videos_processed/3_upA09AntU/frames/frame_0454.jpg, /mnt/ssd/data/lvbench/videos_processed/3_upA09AntU/frames/frame_0455.jpg, /mnt/ssd/data/lvbench/videos_processed/3_upA09AntU/frames/frame_0456.jpg, /mnt/ssd/data/lvbench/videos_processed/3_upA09AntU/frames/frame_0457.jpg, /mnt/ssd/data/lvbench/videos_processed/3_upA09AntU/frames/frame_0458.jpg, /mnt/ssd/data/lvbench/videos_processed/3_upA09AntU/frames/frame_0459.jpg\nVLM Response: Based on the provided frames and the specified criteria, the answer **'2' (Green)** is **correct**.\n\nHere’s the verification against each criterion:\n\n1. **Sauce being applied to a dish (pouring, drizzling, or spooning)**  \n   - In frames 0449–0455 (which fall within the 07:25–07:34 timeframe), a chef is clearly seen using a spoon to scoop a sauce from a metal container and apply it to a plated dish (a piece of steak with a vegetable). This is a direct application via spooning.\n\n2. **Visible color of the sauce being applied**  \n   - The sauce being scooped and applied is **bright green**. This is clearly visible in frames 0449–0455, where the chef holds the container and spoon, and the green sauce is transferred onto the dish.\n\n3. **Action occurs in a food preparation or serving context**  \n   - The scene takes place in a professional restaurant kitchen environment with stainless steel containers, marble countertops, and plated food — consistent with food preparation or plating before service.\n\n4. **Timeframe corresponds to 07:25–07:34 in the video**  \n   - The provided frames (0440–0459) are explicitly labeled as occurring within this timeframe. The sauce application occurs between frames 0449–0455, which are well within the specified window.\n\n✅ **Conclusion**: The sauce being applied is visibly **green**, and all criteria are satisfied. Therefore, the answer **'2' (Green)** is **correct**.\n"], 'condensed_response': '**Scene Summary (Frames\u202f0440–0459 | 07:25\u202f–\u202f07:34)**  \n\n- **Characters**: A single chef (in a white apron) works at a stainless‑steel prep station.  \n- **Action**: Beginning around frame\u202f0449, the chef scoops a bright‑green sauce from a metal container with a spoon and drizzles it onto a plated steak and vegetable. The spooning motion continues through frame\u202f0455.  \n- **Visual Details**: The green sauce is clearly visible as it leaves the spoon and coats the dish; the kitchen backdrop shows marble countertops and other plating tools, confirming a food‑preparation context.  \n- **Timeframe Confirmation**: All relevant frames fall within the 07:25–07:34 segment of the video, satisfying the specified window.\n\n**Conclusion**: The chef’s sauce‑application action meets all criteria, and the sauce’s visible color is green.', 'failed_images': []}
Followup prompt: 
Critically assess whether the VLM verification supports the given answer by evaluating each criterion.

⚠️ IMPORTANT: Answers use 0-INDEXED numbers where 0=A, 1=B, 2=C, 3=D, 4=E

VLM Verification Results:
{'batched_responses': [{'batch_start': 0, 'batch_end': 20, 'image_paths': ['/mnt/ssd/data/lvbench/videos_processed/3_upA09AntU/frames/frame_0440.jpg', '/mnt/ssd/data/lvbench/videos_processed/3_upA09AntU/frames/frame_0441.jpg', '/mnt/ssd/data/lvbench/videos_processed/3_upA09AntU/frames/frame_0442.jpg', '/mnt/ssd/data/lvbench/videos_processed/3_upA09AntU/frames/frame_0443.jpg', '/mnt/ssd/data/lvbench/videos_processed/3_upA09AntU/frames/frame_0444.jpg', '/mnt/ssd/data/lvbench/videos_processed/3_upA09AntU/frames/frame_0445.jpg', '/mnt/ssd/data/lvbench/videos_processed/3_upA09AntU/frames/frame_0446.jpg', '/mnt/ssd/data/lvbench/videos_processed/3_upA09AntU/frames/frame_0447.jpg', '/mnt/ssd/data/lvbench/videos_processed/3_upA09AntU/frames/frame_0448.jpg', '/mnt/ssd/data/lvbench/videos_processed/3_upA09AntU/frames/frame_0449.jpg', '/mnt/ssd/data/lvbench/videos_processed/3_upA09AntU/frames/frame_0450.jpg', '/mnt/ssd/data/lvbench/videos_processed/3_upA09AntU/frames/frame_0451.jpg', '/mnt/ssd/data/lvbench/videos_processed/3_upA09AntU/frames/frame_0452.jpg', '/mnt/ssd/data/lvbench/videos_processed/3_upA09AntU/frames/frame_0453.jpg', '/mnt/ssd/data/lvbench/videos_processed/3_upA09AntU/frames/frame_0454.jpg', '/mnt/ssd/data/lvbench/videos_processed/3_upA09AntU/frames/frame_0455.jpg', '/mnt/ssd/data/lvbench/videos_processed/3_upA09AntU/frames/frame_0456.jpg', '/mnt/ssd/data/lvbench/videos_processed/3_upA09AntU/frames/frame_0457.jpg', '/mnt/ssd/data/lvbench/videos_processed/3_upA09AntU/frames/frame_0458.jpg', '/mnt/ssd/data/lvbench/videos_processed/3_upA09AntU/frames/frame_0459.jpg'], 'response': "Based on the provided frames and the specified criteria, the answer **'2' (Green)** is **correct**.\n\nHere’s the verification against each criterion:\n\n1. **Sauce being applied to a dish (pouring, drizzling, or spooning)**  \n   - In frames 0449–0455 (which fall within the 07:25–07:34 timeframe), a chef is clearly seen using a spoon to scoop a sauce from a metal container and apply it to a plated dish (a piece of steak with a vegetable). This is a direct application via spooning.\n\n2. **Visible color of the sauce being applied**  \n   - The sauce being scooped and applied is **bright green**. This is clearly visible in frames 0449–0455, where the chef holds the container and spoon, and the green sauce is transferred onto the dish.\n\n3. **Action occurs in a food preparation or serving context**  \n   - The scene takes place in a professional restaurant kitchen environment with stainless steel containers, marble countertops, and plated food — consistent with food preparation or plating before service.\n\n4. **Timeframe corresponds to 07:25–07:34 in the video**  \n   - The provided frames (0440–0459) are explicitly labeled as occurring within this timeframe. The sauce application occurs between frames 0449–0455, which are well within the specified window.\n\n✅ **Conclusion**: The sauce being applied is visibly **green**, and all criteria are satisfied. Therefore, the answer **'2' (Green)** is **correct**."}], 'formatted_responses': ["\n=== Batch 0-20 (20 frames) ===\nFrames: /mnt/ssd/data/lvbench/videos_processed/3_upA09AntU/frames/frame_0440.jpg, /mnt/ssd/data/lvbench/videos_processed/3_upA09AntU/frames/frame_0441.jpg, /mnt/ssd/data/lvbench/videos_processed/3_upA09AntU/frames/frame_0442.jpg, /mnt/ssd/data/lvbench/videos_processed/3_upA09AntU/frames/frame_0443.jpg, /mnt/ssd/data/lvbench/videos_processed/3_upA09AntU/frames/frame_0444.jpg, /mnt/ssd/data/lvbench/videos_processed/3_upA09AntU/frames/frame_0445.jpg, /mnt/ssd/data/lvbench/videos_processed/3_upA09AntU/frames/frame_0446.jpg, /mnt/ssd/data/lvbench/videos_processed/3_upA09AntU/frames/frame_0447.jpg, /mnt/ssd/data/lvbench/videos_processed/3_upA09AntU/frames/frame_0448.jpg, /mnt/ssd/data/lvbench/videos_processed/3_upA09AntU/frames/frame_0449.jpg, /mnt/ssd/data/lvbench/videos_processed/3_upA09AntU/frames/frame_0450.jpg, /mnt/ssd/data/lvbench/videos_processed/3_upA09AntU/frames/frame_0451.jpg, /mnt/ssd/data/lvbench/videos_processed/3_upA09AntU/frames/frame_0452.jpg, /mnt/ssd/data/lvbench/videos_processed/3_upA09AntU/frames/frame_0453.jpg, /mnt/ssd/data/lvbench/videos_processed/3_upA09AntU/frames/frame_0454.jpg, /mnt/ssd/data/lvbench/videos_processed/3_upA09AntU/frames/frame_0455.jpg, /mnt/ssd/data/lvbench/videos_processed/3_upA09AntU/frames/frame_0456.jpg, /mnt/ssd/data/lvbench/videos_processed/3_upA09AntU/frames/frame_0457.jpg, /mnt/ssd/data/lvbench/videos_processed/3_upA09AntU/frames/frame_0458.jpg, /mnt/ssd/data/lvbench/videos_processed/3_upA09AntU/frames/frame_0459.jpg\nVLM Response: Based on the provided frames and the specified criteria, the answer **'2' (Green)** is **correct**.\n\nHere’s the verification against each criterion:\n\n1. **Sauce being applied to a dish (pouring, drizzling, or spooning)**  \n   - In frames 0449–0455 (which fall within the 07:25–07:34 timeframe), a chef is clearly seen using a spoon to scoop a sauce from a metal container and apply it to a plated dish (a piece of steak with a vegetable). This is a direct application via spooning.\n\n2. **Visible color of the sauce being applied**  \n   - The sauce being scooped and applied is **bright green**. This is clearly visible in frames 0449–0455, where the chef holds the container and spoon, and the green sauce is transferred onto the dish.\n\n3. **Action occurs in a food preparation or serving context**  \n   - The scene takes place in a professional restaurant kitchen environment with stainless steel containers, marble countertops, and plated food — consistent with food preparation or plating before service.\n\n4. **Timeframe corresponds to 07:25–07:34 in the video**  \n   - The provided frames (0440–0459) are explicitly labeled as occurring within this timeframe. The sauce application occurs between frames 0449–0455, which are well within the specified window.\n\n✅ **Conclusion**: The sauce being applied is visibly **green**, and all criteria are satisfied. Therefore, the answer **'2' (Green)** is **correct**.\n"], 'condensed_response': '**Scene Summary (Frames\u202f0440–0459 | 07:25\u202f–\u202f07:34)**  \n\n- **Characters**: A single chef (in a white apron) works at a stainless‑steel prep station.  \n- **Action**: Beginning around frame\u202f0449, the chef scoops a bright‑green sauce from a metal container with a spoon and drizzles it onto a plated steak and vegetable. The spooning motion continues through frame\u202f0455.  \n- **Visual Details**: The green sauce is clearly visible as it leaves the spoon and coats the dish; the kitchen backdrop shows marble countertops and other plating tools, confirming a food‑preparation context.  \n- **Timeframe Confirmation**: All relevant frames fall within the 07:25–07:34 segment of the video, satisfying the specified window.\n\n**Conclusion**: The chef’s sauce‑application action meets all criteria, and the sauce’s visible color is green.', 'failed_images': []}

Question Being Answered: What color of the sauce which is put on the dish from 07:25-07:34?

Answer Choices (0-indexed: 0=A, 1=B, 2=C, 3=D, 4=E):
  0 (=A): Red
  1 (=B): Yellow
  2 (=C): Green
  3 (=D): Blue

Given Answer: 2
Evidence Frames Used: ['frames/frame_0445.jpg', 'frames/frame_0446.jpg', 'frames/frame_0447.jpg', 'frames/frame_0448.jpg', 'frames/frame_0449.jpg', 'frames/frame_0450.jpg', 'frames/frame_0451.jpg', 'frames/frame_0452.jpg', 'frames/frame_0453.jpg', 'frames/frame_0454.jpg']

Character/Event/Scene logs: ================================================================================
CHARACTER, EVENT, AND SCENE LOGS
================================================================================

CHARACTERS:
Person 1 (Middle-aged Male Chef): Description: Wearing a white shirt and black apron, actively preparing and serving food in a bustling restaurant kitchen.
Person 2 (Young Male Chef): Description: Wearing a white shirt and black pants, assisting with food preparation and cooking in the kitchen.
Person 3 (Male Waiter): Description: Wearing a white shirt and black pants, serving food to customers and handling receipts.
Person 4 (Female Waitress): Description: Wearing a gray t-shirt and black apron, serving food and interacting with customers.
Person 5 (Male Customer): Description: Seated at tables in the restaurant, enjoying meals.
Person 6 (Bartender): Description: Wearing a white shirt and black apron, preparing drinks behind the bar counter.

SCENES:
Scene 1 (Restaurant Kitchen): Description: Busy commercial kitchen with marble countertops, stainless-steel appliances, and chefs preparing food. [Frame 1-500]
Scene 2 (Dining Area): Description: Crowded dining area with patrons seated at tables, surrounded by a warm ambiance. [Frame 200-400]
Scene 3 (Bar Counter): Description: Busy bar counter with a marble surface, where bartenders are preparing drinks. [Frame 1700-1800]
Scene 4 (Elevator Area): Description: A dimly lit area with an elevator, where a person is seen entering or exiting. [Frame 1400-1450]
Scene 5 (Dishwashing Area): Description: Stainless-steel sinks and dishwashing equipment, where staff are washing dishes. [Frame 800-900]

EVENTS:
Event 1 (Food Preparation): Description: Chefs actively preparing and plating dishes on the marble countertops. [Frame 1-500]
Event 2 (Serving Food): Description: Waiters and waitresses serving food to customers at tables and at the counter. [Frame 200-400]
Event 3 (Drink Preparation): Description: Bartenders preparing and serving drinks to customers at the bar counter. [Frame 1700-1800]
Event 4 (Receipt Handling): Description: Staff handling and organizing receipts on the marble countertops. [Frame 1000-1200]
Event 5 (Dishwashing): Description: Staff washing dishes in the stainless-steel sinks. [Frame 800-900]

================================================================================
Generated at: 2026-01-11 21:45:55
================================================================================



QUESTION-BASED CRITERIA:
  Q1. Sauce being applied to a dish (pouring, drizzling, or spooning)
  Q2. Visible color of the sauce being applied
  Q3. Action occurs in a food preparation or serving context
  Q4. Timeframe corresponds to 07:25-07:34 in the video


CRITICAL ASSESSMENT TASK:
For EACH criterion listed above, determine whether it PASSES or FAILS based ONLY on what the VLM actually reports seeing in the frames.

- PASS: The VLM results clearly confirm this criterion is satisfied in the frames
- FAIL: The VLM results indicate this criterion is NOT satisfied, or there is insufficient evidence

CONFIDENCE CALCULATION RULES:
1. Count how many criteria pass (criteria_percentage = criteria_passed / 4)
2. Calculate base_confidence = criteria_percentage * 100
3. ⚠️ If ANY answer-specific criterion (A1, A2, etc.) FAILS, set confidence = min(50, base_confidence)

⚠️ CRITICAL: There is ALWAYS a correct answer among the choices provided. If all answers seem slightly off or imperfect, you MUST choose the BEST possible answer that most closely matches the evidence.

CRITIC ANSWER CHOICE DECISION:
4. After evaluating criteria, ALWAYS pick the best answer choice:
   - Review ALL answer choices (A, B, C, D, E, etc.)
   - Based ONLY on the VLM visual evidence, determine which answer choice is MOST correct
   - Output your critic_answer_choice as a NUMBER (0=A, 1=B, 2=C, 3=D, 4=E)

5. If criteria_percentage > 0.5 (>50% of criteria pass):
   - Your chosen answer is well-supported by evidence
   - Set suggestion to null or provide minor improvements

6. If criteria_percentage ≤ 0.5 (≤50% of criteria pass):
   - Still MUST choose the BEST answer from the available choices (never -1)
   - But set suggestion to "These may not be the right frames/scene. Consider searching for better evidence. The answer chosen is the BEST match given current evidence."
   - This signals low confidence but still provides a choice

Return ONLY this JSON:
{
    "criteria_results": [
        {"criterion": "criterion text", "criterion_type": "QUESTION or ANSWER", "status": "PASS or FAIL", "reasoning": "brief explanation"},
        ...
    ],
    "question_criteria_passed": <number of question criteria that passed>,
    "answer_criteria_passed": <number of answer criteria that passed>,
    "answer_criteria_total": 0,
    "criteria_passed": <total number of criteria that passed>,
    "criteria_total": 4,
    "criteria_percentage": <criteria_passed / 4>,
    "base_confidence": <(criteria_passed / 4) * 100>,
    "confidence": <base_confidence OR 50 if any answer criterion failed>,
    "critic_answer_choice": <NUMBER: 0=A, 1=B, 2=C, 3=D, 4=E - MUST be a valid number 0-4, never -1>,
    "critic_reasoning": "<Brief explanation of why you chose this answer based on VLM evidence>",
    "possible_errors": [
        <List specific criteria that failed or issues found>
    ],
    "suggestion": <"These may not be the right frames" if ≤50%, otherwise null or specific improvement>
}

IMPORTANT RULES:
- Evaluate EACH criterion independently based on VLM results
- Mark criterion as PASS only if VLM clearly confirms it
- Mark criterion as FAIL if not confirmed or contradicted
- If ANY answer-specific criterion fails, confidence MUST be ≤50%
- Base evaluation ONLY on VLM verification results, not speculation
- Only list errors for criteria that actually failed
- Return ONLY valid JSON

Critical assessment response: ```json
{
    "criteria_results": [
        {
            "criterion": "Sauce being applied to a dish (pouring, drizzling, or spooning)",
            "criterion_type": "QUESTION",
            "status": "PASS",
            "reasoning": "VLM confirms chef is spooning sauce onto a plated dish in frames 0449-0455"
        },
        {
            "criterion": "Visible color of the sauce being applied",
            "criterion_type": "ANSWER",
            "status": "PASS",
            "reasoning": "VLM explicitly states the sauce is 'bright green' and clearly visible"
        },
        {
            "criterion": "Action occurs in a food preparation or serving context",
            "criterion_type": "QUESTION",
            "status": "PASS",
            "reasoning": "VLM confirms professional restaurant kitchen environment with plating tools"
        },
        {
            "criterion": "Timeframe corresponds to 07:25-07:34 in the video",
            "criterion_type": "QUESTION",
            "status": "PASS",
            "reasoning": "VLM confirms frames 0440-0459 fall within the specified timeframe"
        }
    ],
    "question_criteria_passed": 3,
    "answer_criteria_passed": 1,
    "answer_criteria_total": 1,
    "criteria_passed": 4,
    "criteria_total": 4,
    "criteria_percentage": 1.0,
    "base_confidence": 100.0,
    "confidence": 100.0,
    "critic_answer_choice": 2,
    "critic_reasoning": "The VLM verification clearly confirms the sauce being applied is bright green, satisfying all criteria including the color requirement which directly supports answer choice 2 (Green)",
    "possible_errors": [],
    "suggestion": null
}
```
Critical assessment data: {'criteria_results': [{'criterion': 'Sauce being applied to a dish (pouring, drizzling, or spooning)', 'criterion_type': 'QUESTION', 'status': 'PASS', 'reasoning': 'VLM confirms chef is spooning sauce onto a plated dish in frames 0449-0455'}, {'criterion': 'Visible color of the sauce being applied', 'criterion_type': 'ANSWER', 'status': 'PASS', 'reasoning': "VLM explicitly states the sauce is 'bright green' and clearly visible"}, {'criterion': 'Action occurs in a food preparation or serving context', 'criterion_type': 'QUESTION', 'status': 'PASS', 'reasoning': 'VLM confirms professional restaurant kitchen environment with plating tools'}, {'criterion': 'Timeframe corresponds to 07:25-07:34 in the video', 'criterion_type': 'QUESTION', 'status': 'PASS', 'reasoning': 'VLM confirms frames 0440-0459 fall within the specified timeframe'}], 'question_criteria_passed': 3, 'answer_criteria_passed': 1, 'answer_criteria_total': 1, 'criteria_passed': 4, 'criteria_total': 4, 'criteria_percentage': 1.0, 'base_confidence': 100.0, 'confidence': 100.0, 'critic_answer_choice': 2, 'critic_reasoning': 'The VLM verification clearly confirms the sauce being applied is bright green, satisfying all criteria including the color requirement which directly supports answer choice 2 (Green)', 'possible_errors': [], 'suggestion': None}
========== Requesting Critical VLM Assessment ==========
Critic initial response: {
    "tool": "VLM_QUERY",
    "frames": ["frames/frame_0440.jpg", "frames/frame_0441.jpg", "frames/frame_0442.jpg", "frames/frame_0443.jpg", "frames/frame_0444.jpg", "frames/frame_0445.jpg", "frames/frame_0446.jpg", "frames/frame_0447.jpg", "frames/frame_0448.jpg", "frames/frame_0449.jpg", "frames/frame_0450.jpg", "frames/frame_0451.jpg", "frames/frame_0452.jpg", "frames/frame_0453.jpg", "frames/frame_0454.jpg", "frames/frame_0455.jpg", "frames/frame_0456.jpg", "frames/frame_0457.jpg", "frames/frame_0458.jpg", "frames/frame_0459.jpg"],
    "prompt": "Analyze these frames from a restaurant kitchen video. Focus on the time period 07:25-07:34. Look for: 1) Sauce being applied to a dish (pouring, drizzling, or spooning), 2) The visible color of the sauce being applied, 3) Food preparation/serving context, 4) Verify the timeframe corresponds to the specified period. Determine if answer '2' (Green) is correct for the sauce color question. Pay attention to temporal sequence and sauce color appearance."
}
Frames to verify: ['frames/frame_0440.jpg', 'frames/frame_0441.jpg', 'frames/frame_0442.jpg', 'frames/frame_0443.jpg', 'frames/frame_0444.jpg', 'frames/frame_0445.jpg', 'frames/frame_0446.jpg', 'frames/frame_0447.jpg', 'frames/frame_0448.jpg', 'frames/frame_0449.jpg', 'frames/frame_0450.jpg', 'frames/frame_0451.jpg', 'frames/frame_0452.jpg', 'frames/frame_0453.jpg', 'frames/frame_0454.jpg', 'frames/frame_0455.jpg', 'frames/frame_0456.jpg', 'frames/frame_0457.jpg', 'frames/frame_0458.jpg', 'frames/frame_0459.jpg']
VLM Prompt: Video context: Here's a global summary of the video based on the provided frame-by-frame captions data:

**Main Characters:**
The main characters in the video are chefs, waiters, and waitresses working in a restaurant or restaurants. They are predominantly dressed in white shirts and black aprons or pants. Some of them wear black shirts or vests. A few scenes also show customers dining at tables.

**Setting:**
The primary setting is a bustling restaurant kitchen or kitchens, with marble countertops, stainless-steel appliances, and various cooking equipment. The kitchen is well-lit, and the atmosphere is fast-paced and dynamic. Some scenes also show the dining area, where customers are seated at tables, and a bar or buffet counter.

**Plot Line:**
The video appears to be a documentary or behind-the-scenes style footage showcasing the inner workings of a busy restaurant kitchen. The plot line is not narrative-driven but rather observational, capturing the daily activities of the chefs, waiters, and waitresses as they prepare and serve food to customers. The video highlights the kitchen's efficiency, the staff's coordination, and the attention to detail in food preparation.

**Vibes:**
The overall vibe of the video is one of energy, efficiency, and professionalism. The fast-paced editing and dynamic camera movements convey a sense of urgency and activity, while the attention to detail in food preparation and presentation suggests a high level of expertise and care.

**General Details:**
Some notable details that emerge from the captions include:

* The kitchen is well-organized, with various stations and equipment dedicated to specific tasks.
* The staff is diverse, with people of different skin tones, hair colors, and attire.
* The menu appears to include a variety of dishes, such as steaks, burgers, sushi, and curries.
* The restaurant or restaurants depicted in the video seem to be upscale or fine dining establishments, given the attention to detail in food preparation and presentation.
* The video captures a range of activities, from food preparation and cooking to serving and interacting with customers.

Overall, the video provides a captivating glimpse into the inner workings of a busy restaurant kitchen, highlighting the skill, coordination, and dedication of the staff as they work together to deliver high-quality food and service to their customers.

Analyze these frames from a restaurant kitchen video. Focus on the time period 07:25-07:34. Look for: 1) Sauce being applied to a dish (pouring, drizzling, or spooning), 2) The visible color of the sauce being applied, 3) Food preparation/serving context, 4) Verify the timeframe corresponds to the specified period. Determine if answer '2' (Green) is correct for the sauce color question. Pay attention to temporal sequence and sauce color appearance.
VLM response: {'batched_responses': [{'batch_start': 0, 'batch_end': 20, 'image_paths': ['/mnt/ssd/data/lvbench/videos_processed/3_upA09AntU/frames/frame_0440.jpg', '/mnt/ssd/data/lvbench/videos_processed/3_upA09AntU/frames/frame_0441.jpg', '/mnt/ssd/data/lvbench/videos_processed/3_upA09AntU/frames/frame_0442.jpg', '/mnt/ssd/data/lvbench/videos_processed/3_upA09AntU/frames/frame_0443.jpg', '/mnt/ssd/data/lvbench/videos_processed/3_upA09AntU/frames/frame_0444.jpg', '/mnt/ssd/data/lvbench/videos_processed/3_upA09AntU/frames/frame_0445.jpg', '/mnt/ssd/data/lvbench/videos_processed/3_upA09AntU/frames/frame_0446.jpg', '/mnt/ssd/data/lvbench/videos_processed/3_upA09AntU/frames/frame_0447.jpg', '/mnt/ssd/data/lvbench/videos_processed/3_upA09AntU/frames/frame_0448.jpg', '/mnt/ssd/data/lvbench/videos_processed/3_upA09AntU/frames/frame_0449.jpg', '/mnt/ssd/data/lvbench/videos_processed/3_upA09AntU/frames/frame_0450.jpg', '/mnt/ssd/data/lvbench/videos_processed/3_upA09AntU/frames/frame_0451.jpg', '/mnt/ssd/data/lvbench/videos_processed/3_upA09AntU/frames/frame_0452.jpg', '/mnt/ssd/data/lvbench/videos_processed/3_upA09AntU/frames/frame_0453.jpg', '/mnt/ssd/data/lvbench/videos_processed/3_upA09AntU/frames/frame_0454.jpg', '/mnt/ssd/data/lvbench/videos_processed/3_upA09AntU/frames/frame_0455.jpg', '/mnt/ssd/data/lvbench/videos_processed/3_upA09AntU/frames/frame_0456.jpg', '/mnt/ssd/data/lvbench/videos_processed/3_upA09AntU/frames/frame_0457.jpg', '/mnt/ssd/data/lvbench/videos_processed/3_upA09AntU/frames/frame_0458.jpg', '/mnt/ssd/data/lvbench/videos_processed/3_upA09AntU/frames/frame_0459.jpg'], 'response': 'Based on the analysis of the 20 frames from 07:25 to 07:34, here is the breakdown:\n\n---\n\n**1) Sauce being applied to a dish (pouring, drizzling, or spooning):**\n\n- **Yes.** In frames 1–3, a chef is seen spooning a yellowish sauce onto a piece of meat (likely steak) on a white plate.\n- **Yes.** In frames 9–15, the chef is spooning a **bright green sauce** from a metal container onto the same dish, placing it next to the meat and the previously applied yellow sauce.\n- **Yes.** In frames 18–20, the chef is spooning a **dark brown sauce** (possibly soy-based or reduction) onto the dish, completing the plating.\n\n---\n\n**2) The visible color of the sauce being applied:**\n\n- **Multiple sauces are applied in sequence:**\n  - **Yellowish sauce** (frames 1–3)\n  - **Bright green sauce** (frames 9–15)\n  - **Dark brown sauce** (frames 18–20)\n\n> **Answer to question: Is “2” (Green) correct for the sauce color?**\n> ✅ **YES.** The green sauce is clearly visible and is being applied during this time period (specifically frames 9–15). It is bright, vibrant green, and is spooned deliberately onto the plate. The color is unmistakable and consistent across multiple frames.\n\n---\n\n**3) Food preparation/serving context:**\n\n- This is a **fine-dining kitchen environment** with a marble countertop, stainless steel containers, and an open kitchen visible to diners.\n- The chef is **plating a steak dish** with multiple sauces, indicating this is the **final garnishing/plating stage** before service.\n- The presence of multiple sauce containers and precise spooning suggests **high attention to detail and presentation**, typical of upscale restaurants.\n- The dish is being prepared for immediate service, as diners are visible in the background.\n\n---\n\n**4) Verify the timeframe corresponds to the specified period (07:25–07:34):**\n\n- The 20 frames provided are sequentially numbered from `frame_0440` to `frame_0459`.\n- Assuming a standard 30 fps video, 20 frames = 0.67 seconds. However, the caption implies this is a 9-second segment (07:25–07:34), so these 20 frames likely represent a **sample or key moments** within that window.\n- The **actions shown (sauce application)** are clearly captured within this segment and are temporally consistent with the described timeframe.\n- The sequence of events — applying yellow sauce, then green, then brown — occurs within the 9-second window, confirming the temporal alignment.\n\n---\n\n✅ **Final Determination:**\n\n- **Sauce is being applied?** Yes, multiple times.\n- **Is the sauce color “Green” correct?** ✅ **YES.** The green sauce is visibly and unambiguously applied in frames 9–15.\n- **Context?** Final plating of a steak dish in a high-end restaurant kitchen.\n- **Timeframe verified?** Yes, the actions fall within the 07:25–07:34 window.\n\n---\n\n**Answer: YES, “2” (Green) is correct for the sauce color question.**'}], 'formatted_responses': ['\n=== Batch 0-20 (20 frames) ===\nFrames: /mnt/ssd/data/lvbench/videos_processed/3_upA09AntU/frames/frame_0440.jpg, /mnt/ssd/data/lvbench/videos_processed/3_upA09AntU/frames/frame_0441.jpg, /mnt/ssd/data/lvbench/videos_processed/3_upA09AntU/frames/frame_0442.jpg, /mnt/ssd/data/lvbench/videos_processed/3_upA09AntU/frames/frame_0443.jpg, /mnt/ssd/data/lvbench/videos_processed/3_upA09AntU/frames/frame_0444.jpg, /mnt/ssd/data/lvbench/videos_processed/3_upA09AntU/frames/frame_0445.jpg, /mnt/ssd/data/lvbench/videos_processed/3_upA09AntU/frames/frame_0446.jpg, /mnt/ssd/data/lvbench/videos_processed/3_upA09AntU/frames/frame_0447.jpg, /mnt/ssd/data/lvbench/videos_processed/3_upA09AntU/frames/frame_0448.jpg, /mnt/ssd/data/lvbench/videos_processed/3_upA09AntU/frames/frame_0449.jpg, /mnt/ssd/data/lvbench/videos_processed/3_upA09AntU/frames/frame_0450.jpg, /mnt/ssd/data/lvbench/videos_processed/3_upA09AntU/frames/frame_0451.jpg, /mnt/ssd/data/lvbench/videos_processed/3_upA09AntU/frames/frame_0452.jpg, /mnt/ssd/data/lvbench/videos_processed/3_upA09AntU/frames/frame_0453.jpg, /mnt/ssd/data/lvbench/videos_processed/3_upA09AntU/frames/frame_0454.jpg, /mnt/ssd/data/lvbench/videos_processed/3_upA09AntU/frames/frame_0455.jpg, /mnt/ssd/data/lvbench/videos_processed/3_upA09AntU/frames/frame_0456.jpg, /mnt/ssd/data/lvbench/videos_processed/3_upA09AntU/frames/frame_0457.jpg, /mnt/ssd/data/lvbench/videos_processed/3_upA09AntU/frames/frame_0458.jpg, /mnt/ssd/data/lvbench/videos_processed/3_upA09AntU/frames/frame_0459.jpg\nVLM Response: Based on the analysis of the 20 frames from 07:25 to 07:34, here is the breakdown:\n\n---\n\n**1) Sauce being applied to a dish (pouring, drizzling, or spooning):**\n\n- **Yes.** In frames 1–3, a chef is seen spooning a yellowish sauce onto a piece of meat (likely steak) on a white plate.\n- **Yes.** In frames 9–15, the chef is spooning a **bright green sauce** from a metal container onto the same dish, placing it next to the meat and the previously applied yellow sauce.\n- **Yes.** In frames 18–20, the chef is spooning a **dark brown sauce** (possibly soy-based or reduction) onto the dish, completing the plating.\n\n---\n\n**2) The visible color of the sauce being applied:**\n\n- **Multiple sauces are applied in sequence:**\n  - **Yellowish sauce** (frames 1–3)\n  - **Bright green sauce** (frames 9–15)\n  - **Dark brown sauce** (frames 18–20)\n\n> **Answer to question: Is “2” (Green) correct for the sauce color?**\n> ✅ **YES.** The green sauce is clearly visible and is being applied during this time period (specifically frames 9–15). It is bright, vibrant green, and is spooned deliberately onto the plate. The color is unmistakable and consistent across multiple frames.\n\n---\n\n**3) Food preparation/serving context:**\n\n- This is a **fine-dining kitchen environment** with a marble countertop, stainless steel containers, and an open kitchen visible to diners.\n- The chef is **plating a steak dish** with multiple sauces, indicating this is the **final garnishing/plating stage** before service.\n- The presence of multiple sauce containers and precise spooning suggests **high attention to detail and presentation**, typical of upscale restaurants.\n- The dish is being prepared for immediate service, as diners are visible in the background.\n\n---\n\n**4) Verify the timeframe corresponds to the specified period (07:25–07:34):**\n\n- The 20 frames provided are sequentially numbered from `frame_0440` to `frame_0459`.\n- Assuming a standard 30 fps video, 20 frames = 0.67 seconds. However, the caption implies this is a 9-second segment (07:25–07:34), so these 20 frames likely represent a **sample or key moments** within that window.\n- The **actions shown (sauce application)** are clearly captured within this segment and are temporally consistent with the described timeframe.\n- The sequence of events — applying yellow sauce, then green, then brown — occurs within the 9-second window, confirming the temporal alignment.\n\n---\n\n✅ **Final Determination:**\n\n- **Sauce is being applied?** Yes, multiple times.\n- **Is the sauce color “Green” correct?** ✅ **YES.** The green sauce is visibly and unambiguously applied in frames 9–15.\n- **Context?** Final plating of a steak dish in a high-end restaurant kitchen.\n- **Timeframe verified?** Yes, the actions fall within the 07:25–07:34 window.\n\n---\n\n**Answer: YES, “2” (Green) is correct for the sauce color question.**\n'], 'condensed_response': '**Scene Summary (07:25\u202f–\u202f07:34, frames\u202f0440‑0459)**  \n\n- **Character:** One chef (male, white coat) working at a marble countertop in an open‑kitchen, fine‑dining setting.  \n- **Action timeline:**  \n  - **Frames\u202f0440‑0442** – Chef spoons a **yellow‑ish sauce** onto a steak on a white plate.  \n  - **Frames\u202f0448‑0454** – He reaches for a metal container and drizzles a **bright green sauce** beside the meat, moving the spoon in a smooth, deliberate motion.  \n  - **Frames\u202f0456‑0459** – He finishes by adding a **dark brown (soy‑reduction) sauce** over the dish.  \n\n- **Visual cues:** The green sauce is vivid and consistent across the middle segment (frames\u202f0448‑0454), making it unmistakably visible.  \n\n- **Context:** This is the final plating stage of a steak entrée; multiple sauces are being applied for presentation in a high‑end restaurant (diners can be seen in the background).  \n\n- **Temporal check:** The 20‑frame clip (~0.7\u202fs of a 30\u202ffps video) is a representative sample of the 9‑second interval quoted, and all sauce‑application actions fall within the 07:25‑07:34 window.  \n\n**Answer to the question** – “Is ‘2’ (Green) correct for the sauce color?” **Yes.** The green sauce is clearly shown being applied in frames\u202f0448‑0454.', 'failed_images': []}
Followup prompt: 
Critically assess whether the VLM verification supports the given answer by evaluating each criterion.

⚠️ IMPORTANT: Answers use 0-INDEXED numbers where 0=A, 1=B, 2=C, 3=D, 4=E

VLM Verification Results:
{'batched_responses': [{'batch_start': 0, 'batch_end': 20, 'image_paths': ['/mnt/ssd/data/lvbench/videos_processed/3_upA09AntU/frames/frame_0440.jpg', '/mnt/ssd/data/lvbench/videos_processed/3_upA09AntU/frames/frame_0441.jpg', '/mnt/ssd/data/lvbench/videos_processed/3_upA09AntU/frames/frame_0442.jpg', '/mnt/ssd/data/lvbench/videos_processed/3_upA09AntU/frames/frame_0443.jpg', '/mnt/ssd/data/lvbench/videos_processed/3_upA09AntU/frames/frame_0444.jpg', '/mnt/ssd/data/lvbench/videos_processed/3_upA09AntU/frames/frame_0445.jpg', '/mnt/ssd/data/lvbench/videos_processed/3_upA09AntU/frames/frame_0446.jpg', '/mnt/ssd/data/lvbench/videos_processed/3_upA09AntU/frames/frame_0447.jpg', '/mnt/ssd/data/lvbench/videos_processed/3_upA09AntU/frames/frame_0448.jpg', '/mnt/ssd/data/lvbench/videos_processed/3_upA09AntU/frames/frame_0449.jpg', '/mnt/ssd/data/lvbench/videos_processed/3_upA09AntU/frames/frame_0450.jpg', '/mnt/ssd/data/lvbench/videos_processed/3_upA09AntU/frames/frame_0451.jpg', '/mnt/ssd/data/lvbench/videos_processed/3_upA09AntU/frames/frame_0452.jpg', '/mnt/ssd/data/lvbench/videos_processed/3_upA09AntU/frames/frame_0453.jpg', '/mnt/ssd/data/lvbench/videos_processed/3_upA09AntU/frames/frame_0454.jpg', '/mnt/ssd/data/lvbench/videos_processed/3_upA09AntU/frames/frame_0455.jpg', '/mnt/ssd/data/lvbench/videos_processed/3_upA09AntU/frames/frame_0456.jpg', '/mnt/ssd/data/lvbench/videos_processed/3_upA09AntU/frames/frame_0457.jpg', '/mnt/ssd/data/lvbench/videos_processed/3_upA09AntU/frames/frame_0458.jpg', '/mnt/ssd/data/lvbench/videos_processed/3_upA09AntU/frames/frame_0459.jpg'], 'response': 'Based on the analysis of the 20 frames from 07:25 to 07:34, here is the breakdown:\n\n---\n\n**1) Sauce being applied to a dish (pouring, drizzling, or spooning):**\n\n- **Yes.** In frames 1–3, a chef is seen spooning a yellowish sauce onto a piece of meat (likely steak) on a white plate.\n- **Yes.** In frames 9–15, the chef is spooning a **bright green sauce** from a metal container onto the same dish, placing it next to the meat and the previously applied yellow sauce.\n- **Yes.** In frames 18–20, the chef is spooning a **dark brown sauce** (possibly soy-based or reduction) onto the dish, completing the plating.\n\n---\n\n**2) The visible color of the sauce being applied:**\n\n- **Multiple sauces are applied in sequence:**\n  - **Yellowish sauce** (frames 1–3)\n  - **Bright green sauce** (frames 9–15)\n  - **Dark brown sauce** (frames 18–20)\n\n> **Answer to question: Is “2” (Green) correct for the sauce color?**\n> ✅ **YES.** The green sauce is clearly visible and is being applied during this time period (specifically frames 9–15). It is bright, vibrant green, and is spooned deliberately onto the plate. The color is unmistakable and consistent across multiple frames.\n\n---\n\n**3) Food preparation/serving context:**\n\n- This is a **fine-dining kitchen environment** with a marble countertop, stainless steel containers, and an open kitchen visible to diners.\n- The chef is **plating a steak dish** with multiple sauces, indicating this is the **final garnishing/plating stage** before service.\n- The presence of multiple sauce containers and precise spooning suggests **high attention to detail and presentation**, typical of upscale restaurants.\n- The dish is being prepared for immediate service, as diners are visible in the background.\n\n---\n\n**4) Verify the timeframe corresponds to the specified period (07:25–07:34):**\n\n- The 20 frames provided are sequentially numbered from `frame_0440` to `frame_0459`.\n- Assuming a standard 30 fps video, 20 frames = 0.67 seconds. However, the caption implies this is a 9-second segment (07:25–07:34), so these 20 frames likely represent a **sample or key moments** within that window.\n- The **actions shown (sauce application)** are clearly captured within this segment and are temporally consistent with the described timeframe.\n- The sequence of events — applying yellow sauce, then green, then brown — occurs within the 9-second window, confirming the temporal alignment.\n\n---\n\n✅ **Final Determination:**\n\n- **Sauce is being applied?** Yes, multiple times.\n- **Is the sauce color “Green” correct?** ✅ **YES.** The green sauce is visibly and unambiguously applied in frames 9–15.\n- **Context?** Final plating of a steak dish in a high-end restaurant kitchen.\n- **Timeframe verified?** Yes, the actions fall within the 07:25–07:34 window.\n\n---\n\n**Answer: YES, “2” (Green) is correct for the sauce color question.**'}], 'formatted_responses': ['\n=== Batch 0-20 (20 frames) ===\nFrames: /mnt/ssd/data/lvbench/videos_processed/3_upA09AntU/frames/frame_0440.jpg, /mnt/ssd/data/lvbench/videos_processed/3_upA09AntU/frames/frame_0441.jpg, /mnt/ssd/data/lvbench/videos_processed/3_upA09AntU/frames/frame_0442.jpg, /mnt/ssd/data/lvbench/videos_processed/3_upA09AntU/frames/frame_0443.jpg, /mnt/ssd/data/lvbench/videos_processed/3_upA09AntU/frames/frame_0444.jpg, /mnt/ssd/data/lvbench/videos_processed/3_upA09AntU/frames/frame_0445.jpg, /mnt/ssd/data/lvbench/videos_processed/3_upA09AntU/frames/frame_0446.jpg, /mnt/ssd/data/lvbench/videos_processed/3_upA09AntU/frames/frame_0447.jpg, /mnt/ssd/data/lvbench/videos_processed/3_upA09AntU/frames/frame_0448.jpg, /mnt/ssd/data/lvbench/videos_processed/3_upA09AntU/frames/frame_0449.jpg, /mnt/ssd/data/lvbench/videos_processed/3_upA09AntU/frames/frame_0450.jpg, /mnt/ssd/data/lvbench/videos_processed/3_upA09AntU/frames/frame_0451.jpg, /mnt/ssd/data/lvbench/videos_processed/3_upA09AntU/frames/frame_0452.jpg, /mnt/ssd/data/lvbench/videos_processed/3_upA09AntU/frames/frame_0453.jpg, /mnt/ssd/data/lvbench/videos_processed/3_upA09AntU/frames/frame_0454.jpg, /mnt/ssd/data/lvbench/videos_processed/3_upA09AntU/frames/frame_0455.jpg, /mnt/ssd/data/lvbench/videos_processed/3_upA09AntU/frames/frame_0456.jpg, /mnt/ssd/data/lvbench/videos_processed/3_upA09AntU/frames/frame_0457.jpg, /mnt/ssd/data/lvbench/videos_processed/3_upA09AntU/frames/frame_0458.jpg, /mnt/ssd/data/lvbench/videos_processed/3_upA09AntU/frames/frame_0459.jpg\nVLM Response: Based on the analysis of the 20 frames from 07:25 to 07:34, here is the breakdown:\n\n---\n\n**1) Sauce being applied to a dish (pouring, drizzling, or spooning):**\n\n- **Yes.** In frames 1–3, a chef is seen spooning a yellowish sauce onto a piece of meat (likely steak) on a white plate.\n- **Yes.** In frames 9–15, the chef is spooning a **bright green sauce** from a metal container onto the same dish, placing it next to the meat and the previously applied yellow sauce.\n- **Yes.** In frames 18–20, the chef is spooning a **dark brown sauce** (possibly soy-based or reduction) onto the dish, completing the plating.\n\n---\n\n**2) The visible color of the sauce being applied:**\n\n- **Multiple sauces are applied in sequence:**\n  - **Yellowish sauce** (frames 1–3)\n  - **Bright green sauce** (frames 9–15)\n  - **Dark brown sauce** (frames 18–20)\n\n> **Answer to question: Is “2” (Green) correct for the sauce color?**\n> ✅ **YES.** The green sauce is clearly visible and is being applied during this time period (specifically frames 9–15). It is bright, vibrant green, and is spooned deliberately onto the plate. The color is unmistakable and consistent across multiple frames.\n\n---\n\n**3) Food preparation/serving context:**\n\n- This is a **fine-dining kitchen environment** with a marble countertop, stainless steel containers, and an open kitchen visible to diners.\n- The chef is **plating a steak dish** with multiple sauces, indicating this is the **final garnishing/plating stage** before service.\n- The presence of multiple sauce containers and precise spooning suggests **high attention to detail and presentation**, typical of upscale restaurants.\n- The dish is being prepared for immediate service, as diners are visible in the background.\n\n---\n\n**4) Verify the timeframe corresponds to the specified period (07:25–07:34):**\n\n- The 20 frames provided are sequentially numbered from `frame_0440` to `frame_0459`.\n- Assuming a standard 30 fps video, 20 frames = 0.67 seconds. However, the caption implies this is a 9-second segment (07:25–07:34), so these 20 frames likely represent a **sample or key moments** within that window.\n- The **actions shown (sauce application)** are clearly captured within this segment and are temporally consistent with the described timeframe.\n- The sequence of events — applying yellow sauce, then green, then brown — occurs within the 9-second window, confirming the temporal alignment.\n\n---\n\n✅ **Final Determination:**\n\n- **Sauce is being applied?** Yes, multiple times.\n- **Is the sauce color “Green” correct?** ✅ **YES.** The green sauce is visibly and unambiguously applied in frames 9–15.\n- **Context?** Final plating of a steak dish in a high-end restaurant kitchen.\n- **Timeframe verified?** Yes, the actions fall within the 07:25–07:34 window.\n\n---\n\n**Answer: YES, “2” (Green) is correct for the sauce color question.**\n'], 'condensed_response': '**Scene Summary (07:25\u202f–\u202f07:34, frames\u202f0440‑0459)**  \n\n- **Character:** One chef (male, white coat) working at a marble countertop in an open‑kitchen, fine‑dining setting.  \n- **Action timeline:**  \n  - **Frames\u202f0440‑0442** – Chef spoons a **yellow‑ish sauce** onto a steak on a white plate.  \n  - **Frames\u202f0448‑0454** – He reaches for a metal container and drizzles a **bright green sauce** beside the meat, moving the spoon in a smooth, deliberate motion.  \n  - **Frames\u202f0456‑0459** – He finishes by adding a **dark brown (soy‑reduction) sauce** over the dish.  \n\n- **Visual cues:** The green sauce is vivid and consistent across the middle segment (frames\u202f0448‑0454), making it unmistakably visible.  \n\n- **Context:** This is the final plating stage of a steak entrée; multiple sauces are being applied for presentation in a high‑end restaurant (diners can be seen in the background).  \n\n- **Temporal check:** The 20‑frame clip (~0.7\u202fs of a 30\u202ffps video) is a representative sample of the 9‑second interval quoted, and all sauce‑application actions fall within the 07:25‑07:34 window.  \n\n**Answer to the question** – “Is ‘2’ (Green) correct for the sauce color?” **Yes.** The green sauce is clearly shown being applied in frames\u202f0448‑0454.', 'failed_images': []}

Question Being Answered: What color of the sauce which is put on the dish from 07:25-07:34?

Answer Choices (0-indexed: 0=A, 1=B, 2=C, 3=D, 4=E):
  0 (=A): Red
  1 (=B): Yellow
  2 (=C): Green
  3 (=D): Blue

Given Answer: 2
Evidence Frames Used: ['frames/frame_0445.jpg', 'frames/frame_0446.jpg', 'frames/frame_0447.jpg', 'frames/frame_0448.jpg', 'frames/frame_0449.jpg', 'frames/frame_0450.jpg', 'frames/frame_0451.jpg', 'frames/frame_0452.jpg', 'frames/frame_0453.jpg', 'frames/frame_0454.jpg']

Character/Event/Scene logs: ================================================================================
CHARACTER, EVENT, AND SCENE LOGS
================================================================================

CHARACTERS:
Person 1 (Middle-aged Male Chef): Description: Wearing a white shirt and black apron, actively preparing and serving food in a bustling restaurant kitchen.
Person 2 (Young Male Chef): Description: Wearing a white shirt and black pants, assisting with food preparation and cooking in the kitchen.
Person 3 (Male Waiter): Description: Wearing a white shirt and black pants, serving food to customers and handling receipts.
Person 4 (Female Waitress): Description: Wearing a gray t-shirt and black apron, serving food and interacting with customers.
Person 5 (Male Customer): Description: Seated at tables in the restaurant, enjoying meals.
Person 6 (Bartender): Description: Wearing a white shirt and black apron, preparing drinks behind the bar counter.

SCENES:
Scene 1 (Restaurant Kitchen): Description: Busy commercial kitchen with marble countertops, stainless-steel appliances, and chefs preparing food. [Frame 1-500]
Scene 2 (Dining Area): Description: Crowded dining area with patrons seated at tables, surrounded by a warm ambiance. [Frame 200-400]
Scene 3 (Bar Counter): Description: Busy bar counter with a marble surface, where bartenders are preparing drinks. [Frame 1700-1800]
Scene 4 (Elevator Area): Description: A dimly lit area with an elevator, where a person is seen entering or exiting. [Frame 1400-1450]
Scene 5 (Dishwashing Area): Description: Stainless-steel sinks and dishwashing equipment, where staff are washing dishes. [Frame 800-900]

EVENTS:
Event 1 (Food Preparation): Description: Chefs actively preparing and plating dishes on the marble countertops. [Frame 1-500]
Event 2 (Serving Food): Description: Waiters and waitresses serving food to customers at tables and at the counter. [Frame 200-400]
Event 3 (Drink Preparation): Description: Bartenders preparing and serving drinks to customers at the bar counter. [Frame 1700-1800]
Event 4 (Receipt Handling): Description: Staff handling and organizing receipts on the marble countertops. [Frame 1000-1200]
Event 5 (Dishwashing): Description: Staff washing dishes in the stainless-steel sinks. [Frame 800-900]

================================================================================
Generated at: 2026-01-11 21:45:55
================================================================================



QUESTION-BASED CRITERIA:
  Q1. Sauce being applied to a dish (pouring, drizzling, or spooning)
  Q2. Visible color of the sauce being applied
  Q3. Action occurs in a food preparation or serving context
  Q4. Timeframe corresponds to 07:25-07:34 in the video


CRITICAL ASSESSMENT TASK:
For EACH criterion listed above, determine whether it PASSES or FAILS based ONLY on what the VLM actually reports seeing in the frames.

- PASS: The VLM results clearly confirm this criterion is satisfied in the frames
- FAIL: The VLM results indicate this criterion is NOT satisfied, or there is insufficient evidence

CONFIDENCE CALCULATION RULES:
1. Count how many criteria pass (criteria_percentage = criteria_passed / 4)
2. Calculate base_confidence = criteria_percentage * 100
3. ⚠️ If ANY answer-specific criterion (A1, A2, etc.) FAILS, set confidence = min(50, base_confidence)

⚠️ CRITICAL: There is ALWAYS a correct answer among the choices provided. If all answers seem slightly off or imperfect, you MUST choose the BEST possible answer that most closely matches the evidence.

CRITIC ANSWER CHOICE DECISION:
4. After evaluating criteria, ALWAYS pick the best answer choice:
   - Review ALL answer choices listed above (A, B, C, D, E, etc.) and their content
   - Based ONLY on the VLM visual evidence, determine which answer choice CONTENT is MOST correct
   - Find the INDEX of that answer choice in the list
   - ⚠️ CRITICAL: Output the INDEX (0, 1, 2, 3, or 4), NOT the literal answer content
   - Example: If choice C (index 2) says "5 people" and you counted 5 people, output 2 (not 5!)
   - Example: If choice B (index 1) says "Robert Hardy" and that's correct, output 1 (not "Robert Hardy"!)

5. If criteria_percentage > 0.5 (>50% of criteria pass):
   - Your chosen answer is well-supported by evidence
   - Set suggestion to null or provide minor improvements

6. If criteria_percentage ≤ 0.5 (≤50% of criteria pass):
   - Still MUST choose the BEST answer from the available choices (never -1)
   - But set suggestion to "These may not be the right frames/scene. Consider searching for better evidence. The answer chosen is the BEST match given current evidence."
   - This signals low confidence but still provides a choice

Return ONLY this JSON:
{
    "criteria_results": [
        {"criterion": "criterion text", "criterion_type": "QUESTION or ANSWER", "status": "PASS or FAIL", "reasoning": "brief explanation"},
        ...
    ],
    "question_criteria_passed": <number of question criteria that passed>,
    "answer_criteria_passed": <number of answer criteria that passed>,
    "answer_criteria_total": 0,
    "criteria_passed": <total number of criteria that passed>,
    "criteria_total": 4,
    "criteria_percentage": <criteria_passed / 4>,
    "base_confidence": <(criteria_passed / 4) * 100>,
    "confidence": <base_confidence OR 50 if any answer criterion failed>,
    "critic_answer_choice": <INDEX of best answer choice: MUST be exactly 0, 1, 2, 3, or 4 (where 0=A, 1=B, 2=C, 3=D, 4=E). Output the INDEX not the content!>,
    "critic_reasoning": "<Brief explanation of why you chose this answer based on VLM evidence>",
    "possible_errors": [
        <List specific criteria that failed or issues found>
    ],
    "suggestion": <"These may not be the right frames" if ≤50%, otherwise null or specific improvement>
}

IMPORTANT RULES:
- Evaluate EACH criterion independently based on VLM results
- Mark criterion as PASS only if VLM clearly confirms it
- Mark criterion as FAIL if not confirmed or contradicted
- If ANY answer-specific criterion fails, confidence MUST be ≤50%
- Base evaluation ONLY on VLM verification results, not speculation
- Only list errors for criteria that actually failed
- ⚠️ CRITICAL: critic_answer_choice must be an INDEX (0-4), never a literal answer like "5" or "Robert Hardy"
- Return ONLY valid JSON

Critical assessment response: ```json
{
    "criteria_results": [
        {
            "criterion": "Sauce being applied to a dish (pouring, drizzling, or spooning)",
            "criterion_type": "QUESTION",
            "status": "PASS",
            "reasoning": "VLM clearly identifies multiple instances of sauce application: yellow sauce (frames 1-3), green sauce (frames 9-15), and brown sauce (frames 18-20)"
        },
        {
            "criterion": "Visible color of the sauce being applied",
            "criterion_type": "QUESTION",
            "status": "PASS",
            "reasoning": "VLM specifically identifies a bright green sauce being applied in frames 9-15, describing it as 'bright, vibrant green' and 'unmistakable'"
        },
        {
            "criterion": "Action occurs in a food preparation or serving context",
            "criterion_type": "QUESTION",
            "status": "PASS",
            "reasoning": "VLM confirms this is a fine-dining kitchen environment with marble countertop, stainless steel containers, and chefs plating a steak dish for service"
        },
        {
            "criterion": "Timeframe corresponds to 07:25-07:34 in the video",
            "criterion_type": "QUESTION",
            "status": "PASS",
            "reasoning": "VLM verifies the 20 frames represent a sample from the 9-second window and that the sauce application sequence occurs within this timeframe"
        }
    ],
    "question_criteria_passed": 4,
    "answer_criteria_passed": 0,
    "answer_criteria_total": 0,
    "criteria_passed": 4,
    "criteria_total": 4,
    "criteria_percentage": 1.0,
    "base_confidence": 100,
    "confidence": 100,
    "critic_answer_choice": 2,
    "critic_reasoning": "The VLM clearly identifies a bright green sauce being applied during the specified timeframe (frames 9-15/0448-0454), which directly corresponds to answer choice 2 (Green)",
    "possible_errors": [],
    "suggestion": null
}
```
Critical assessment data: {'criteria_results': [{'criterion': 'Sauce being applied to a dish (pouring, drizzling, or spooning)', 'criterion_type': 'QUESTION', 'status': 'PASS', 'reasoning': 'VLM clearly identifies multiple instances of sauce application: yellow sauce (frames 1-3), green sauce (frames 9-15), and brown sauce (frames 18-20)'}, {'criterion': 'Visible color of the sauce being applied', 'criterion_type': 'QUESTION', 'status': 'PASS', 'reasoning': "VLM specifically identifies a bright green sauce being applied in frames 9-15, describing it as 'bright, vibrant green' and 'unmistakable'"}, {'criterion': 'Action occurs in a food preparation or serving context', 'criterion_type': 'QUESTION', 'status': 'PASS', 'reasoning': 'VLM confirms this is a fine-dining kitchen environment with marble countertop, stainless steel containers, and chefs plating a steak dish for service'}, {'criterion': 'Timeframe corresponds to 07:25-07:34 in the video', 'criterion_type': 'QUESTION', 'status': 'PASS', 'reasoning': 'VLM verifies the 20 frames represent a sample from the 9-second window and that the sauce application sequence occurs within this timeframe'}], 'question_criteria_passed': 4, 'answer_criteria_passed': 0, 'answer_criteria_total': 0, 'criteria_passed': 4, 'criteria_total': 4, 'criteria_percentage': 1.0, 'base_confidence': 100, 'confidence': 100, 'critic_answer_choice': 2, 'critic_reasoning': 'The VLM clearly identifies a bright green sauce being applied during the specified timeframe (frames 9-15/0448-0454), which directly corresponds to answer choice 2 (Green)', 'possible_errors': [], 'suggestion': None}
