Critic initial response: {
    "tool": "VLM_QUERY",
    "frames": ["frames/frame_0940.jpg", "frames/frame_0941.jpg", "frames/frame_0942.jpg", "frames/frame_0943.jpg", "frames/frame_0944.jpg", "frames/frame_0945.jpg", "frames/frame_0946.jpg", "frames/frame_0947.jpg", "frames/frame_0948.jpg", "frames/frame_0949.jpg", "frames/frame_0950.jpg", "frames/frame_0951.jpg", "frames/frame_0952.jpg", "frames/frame_0953.jpg", "frames/frame_0954.jpg", "frames/frame_0955.jpg", "frames/frame_0956.jpg"],
    "prompt": "Based on these frames (including context before/after), verify if the answer '3' (which corresponds to 'Writing' from the options: A. Drinking water, B. Sleeping, C. Writing, D. Speaking into a microphone, E. Brewing tea) is correct for the question: In the middle of the screen, there is a white-haired man dressed in a black suit with a dark blue tie, sitting in front of a white flag with a blue Star of David. What is this white-haired man doing? Check the question criteria: ['A white-haired man is present in the frame', 'The man is dressed in a black suit', 'The man is wearing a dark blue tie', 'The man is sitting down', 'A white flag with a blue Star of David is visible in the background']. Pay attention to timestamps and temporal sequences to determine the man's action."
}
Frames to verify: ['frames/frame_0940.jpg', 'frames/frame_0941.jpg', 'frames/frame_0942.jpg', 'frames/frame_0943.jpg', 'frames/frame_0944.jpg', 'frames/frame_0945.jpg', 'frames/frame_0946.jpg', 'frames/frame_0947.jpg', 'frames/frame_0948.jpg', 'frames/frame_0949.jpg', 'frames/frame_0950.jpg', 'frames/frame_0951.jpg', 'frames/frame_0952.jpg', 'frames/frame_0953.jpg', 'frames/frame_0954.jpg', 'frames/frame_0955.jpg', 'frames/frame_0956.jpg']
VLM Prompt: Video context: Here's a global summary of the provided SET of frame-by-frame captions data for a long video:

**Main Characters:**
The main characters in this video are news anchors, financial experts, and a few notable individuals such as James Bullard, the former St. Louis Fed President, and Katrina Dudley, an investment strategist at Franklin Templeton Investments. The news anchors include Manus Cranny and Dani Burger, who are the primary hosts of the Bloomberg Brief segment.

**Setting:**
The video is set in a television studio with a modern design, featuring a blue and yellow background, large screens displaying financial data, and sleek, modern desks and podiums. Some scenes also show interviews or press conferences with financial experts and notable individuals in various locations, including a conference room with Israeli flags and a newsroom or office setting with multiple computer monitors.

**Plot Line:**
The video appears to be a financial news program, specifically the Bloomberg Brief segment, which covers various financial topics, including market trends, economic news, and analysis from experts. The plot line revolves around the hosts discussing and analyzing financial data, interviewing experts, and providing updates on market performance. The video also touches on specific news stories, such as the Israel-Hamas conflict and its impact on the financial markets.

**Vibes:**
The overall vibe of the video is professional, informative, and serious, with a focus on delivering financial news and analysis to the audience. The tone is objective and neutral, with the hosts and experts providing insightful commentary and analysis.

**General Details:**
The video is a compilation of various scenes from a financial news program, featuring a mix of studio segments, interviews, and graphics displaying financial data. The Bloomberg Brief segment is a key part of the program, providing in-depth analysis and updates on market trends and economic news. The video also includes captions and subtitles, which provide additional context and information to the viewer. Overall, the video is a comprehensive and detailed coverage of financial news and analysis.

Based on these frames (including context before/after), verify if the answer '3' (which corresponds to 'Writing' from the options: A. Drinking water, B. Sleeping, C. Writing, D. Speaking into a microphone, E. Brewing tea) is correct for the question: In the middle of the screen, there is a white-haired man dressed in a black suit with a dark blue tie, sitting in front of a white flag with a blue Star of David. What is this white-haired man doing? Check the question criteria: ['A white-haired man is present in the frame', 'The man is dressed in a black suit', 'The man is wearing a dark blue tie', 'The man is sitting down', 'A white flag with a blue Star of David is visible in the background']. Pay attention to timestamps and temporal sequences to determine the man's action.
VLM response: {'batched_responses': [{'batch_start': 0, 'batch_end': 17, 'image_paths': ['/mnt/ssd/data/longvideobench/videos_processed_1/KTY9bogonyw/frames/frame_0940.jpg', '/mnt/ssd/data/longvideobench/videos_processed_1/KTY9bogonyw/frames/frame_0941.jpg', '/mnt/ssd/data/longvideobench/videos_processed_1/KTY9bogonyw/frames/frame_0942.jpg', '/mnt/ssd/data/longvideobench/videos_processed_1/KTY9bogonyw/frames/frame_0943.jpg', '/mnt/ssd/data/longvideobench/videos_processed_1/KTY9bogonyw/frames/frame_0944.jpg', '/mnt/ssd/data/longvideobench/videos_processed_1/KTY9bogonyw/frames/frame_0945.jpg', '/mnt/ssd/data/longvideobench/videos_processed_1/KTY9bogonyw/frames/frame_0946.jpg', '/mnt/ssd/data/longvideobench/videos_processed_1/KTY9bogonyw/frames/frame_0947.jpg', '/mnt/ssd/data/longvideobench/videos_processed_1/KTY9bogonyw/frames/frame_0948.jpg', '/mnt/ssd/data/longvideobench/videos_processed_1/KTY9bogonyw/frames/frame_0949.jpg', '/mnt/ssd/data/longvideobench/videos_processed_1/KTY9bogonyw/frames/frame_0950.jpg', '/mnt/ssd/data/longvideobench/videos_processed_1/KTY9bogonyw/frames/frame_0951.jpg', '/mnt/ssd/data/longvideobench/videos_processed_1/KTY9bogonyw/frames/frame_0952.jpg', '/mnt/ssd/data/longvideobench/videos_processed_1/KTY9bogonyw/frames/frame_0953.jpg', '/mnt/ssd/data/longvideobench/videos_processed_1/KTY9bogonyw/frames/frame_0954.jpg', '/mnt/ssd/data/longvideobench/videos_processed_1/KTY9bogonyw/frames/frame_0955.jpg', '/mnt/ssd/data/longvideobench/videos_processed_1/KTY9bogonyw/frames/frame_0956.jpg'], 'response': "The answer **'3' (Writing)** is **incorrect**.\n\n---\n\n### **Verification Against Criteria:**\n\nThe question asks:  \n> *In the middle of the screen, there is a white-haired man dressed in a black suit with a dark blue tie, sitting in front of a white flag with a blue Star of David. What is this white-haired man doing?*\n\n#### **Check the criteria:**\n\n✅ **A white-haired man is present in the frame** — Yes, Benjamin Netanyahu is visible in multiple frames (e.g., 0940–0952).\n\n✅ **The man is dressed in a black suit** — Yes, he is wearing a dark suit (appears black in lighting).\n\n✅ **The man is wearing a dark blue tie** — Yes, clearly visible in close-ups (e.g., 0940, 0942, 0946).\n\n✅ **The man is sitting down** — Yes, he is seated at a table or podium in all relevant frames.\n\n✅ **A white flag with a blue Star of David is visible in the background** — Yes, Israeli flags are prominently displayed behind him.\n\n---\n\n### **What is he doing?**\n\nLooking at the sequence of frames (especially 0940–0952):\n\n- He is **looking down** (0940, 0945, 0947, 0948, 0949, 0951, 0952), possibly at notes or a script.\n- He is **looking up and speaking** (0941, 0942, 0946, 0950, 0951), with mouth open and engaged in speech.\n- A **microphone** is visible in front of him in every close-up.\n- The on-screen text reads: *“ISRAEL SIGNALS OPTIMISM ON CEASE-FIRE TALKS”*, indicating he is delivering a statement or press briefing.\n- The source is labeled: *“GEORGE ISRAEL GOVERNMENT PRESS OFFICE”*, confirming this is an official press event.\n\n---\n\n### **Evaluating the Options:**\n\n> A. Drinking water — ❌ No glass or bottle visible.  \n> B. Sleeping — ❌ He is alert and speaking.  \n> **C. Writing — ❌ He is not holding a pen or writing. He may be reading, but not writing.**  \n> **D. Speaking into a microphone — ✅ This is clearly what he is doing.**  \n> E. Brewing tea — ❌ Not applicable.\n\n---\n\n### **Conclusion:**\n\nThe correct answer should be **D. Speaking into a microphone**, **not C. Writing**.\n\n✅ **Answer '3' (Writing) is incorrect.**\n\nThe white-haired man (Benjamin Netanyahu) is **speaking at a press conference**, not writing. While he occasionally looks down (possibly at notes), his primary and observable action is **speaking into a microphone**.\n\n---\n\n**Final Verdict: ❌ Incorrect.**"}], 'formatted_responses': ["\n=== Batch 0-17 (17 frames) ===\nFrames: /mnt/ssd/data/longvideobench/videos_processed_1/KTY9bogonyw/frames/frame_0940.jpg, /mnt/ssd/data/longvideobench/videos_processed_1/KTY9bogonyw/frames/frame_0941.jpg, /mnt/ssd/data/longvideobench/videos_processed_1/KTY9bogonyw/frames/frame_0942.jpg, /mnt/ssd/data/longvideobench/videos_processed_1/KTY9bogonyw/frames/frame_0943.jpg, /mnt/ssd/data/longvideobench/videos_processed_1/KTY9bogonyw/frames/frame_0944.jpg, /mnt/ssd/data/longvideobench/videos_processed_1/KTY9bogonyw/frames/frame_0945.jpg, /mnt/ssd/data/longvideobench/videos_processed_1/KTY9bogonyw/frames/frame_0946.jpg, /mnt/ssd/data/longvideobench/videos_processed_1/KTY9bogonyw/frames/frame_0947.jpg, /mnt/ssd/data/longvideobench/videos_processed_1/KTY9bogonyw/frames/frame_0948.jpg, /mnt/ssd/data/longvideobench/videos_processed_1/KTY9bogonyw/frames/frame_0949.jpg, /mnt/ssd/data/longvideobench/videos_processed_1/KTY9bogonyw/frames/frame_0950.jpg, /mnt/ssd/data/longvideobench/videos_processed_1/KTY9bogonyw/frames/frame_0951.jpg, /mnt/ssd/data/longvideobench/videos_processed_1/KTY9bogonyw/frames/frame_0952.jpg, /mnt/ssd/data/longvideobench/videos_processed_1/KTY9bogonyw/frames/frame_0953.jpg, /mnt/ssd/data/longvideobench/videos_processed_1/KTY9bogonyw/frames/frame_0954.jpg, /mnt/ssd/data/longvideobench/videos_processed_1/KTY9bogonyw/frames/frame_0955.jpg, /mnt/ssd/data/longvideobench/videos_processed_1/KTY9bogonyw/frames/frame_0956.jpg\nVLM Response: The answer **'3' (Writing)** is **incorrect**.\n\n---\n\n### **Verification Against Criteria:**\n\nThe question asks:  \n> *In the middle of the screen, there is a white-haired man dressed in a black suit with a dark blue tie, sitting in front of a white flag with a blue Star of David. What is this white-haired man doing?*\n\n#### **Check the criteria:**\n\n✅ **A white-haired man is present in the frame** — Yes, Benjamin Netanyahu is visible in multiple frames (e.g., 0940–0952).\n\n✅ **The man is dressed in a black suit** — Yes, he is wearing a dark suit (appears black in lighting).\n\n✅ **The man is wearing a dark blue tie** — Yes, clearly visible in close-ups (e.g., 0940, 0942, 0946).\n\n✅ **The man is sitting down** — Yes, he is seated at a table or podium in all relevant frames.\n\n✅ **A white flag with a blue Star of David is visible in the background** — Yes, Israeli flags are prominently displayed behind him.\n\n---\n\n### **What is he doing?**\n\nLooking at the sequence of frames (especially 0940–0952):\n\n- He is **looking down** (0940, 0945, 0947, 0948, 0949, 0951, 0952), possibly at notes or a script.\n- He is **looking up and speaking** (0941, 0942, 0946, 0950, 0951), with mouth open and engaged in speech.\n- A **microphone** is visible in front of him in every close-up.\n- The on-screen text reads: *“ISRAEL SIGNALS OPTIMISM ON CEASE-FIRE TALKS”*, indicating he is delivering a statement or press briefing.\n- The source is labeled: *“GEORGE ISRAEL GOVERNMENT PRESS OFFICE”*, confirming this is an official press event.\n\n---\n\n### **Evaluating the Options:**\n\n> A. Drinking water — ❌ No glass or bottle visible.  \n> B. Sleeping — ❌ He is alert and speaking.  \n> **C. Writing — ❌ He is not holding a pen or writing. He may be reading, but not writing.**  \n> **D. Speaking into a microphone — ✅ This is clearly what he is doing.**  \n> E. Brewing tea — ❌ Not applicable.\n\n---\n\n### **Conclusion:**\n\nThe correct answer should be **D. Speaking into a microphone**, **not C. Writing**.\n\n✅ **Answer '3' (Writing) is incorrect.**\n\nThe white-haired man (Benjamin Netanyahu) is **speaking at a press conference**, not writing. While he occasionally looks down (possibly at notes), his primary and observable action is **speaking into a microphone**.\n\n---\n\n**Final Verdict: ❌ Incorrect.**\n"], 'condensed_response': '**Scene Summary (Frames\u202f0940\u202f–\u202f0956)**  \n\n- **Character:** White‑haired man (Benjamin\u202fNetanyahu)  \n- **Attire:** Black suit, dark‑blue tie; seated at a podium/table throughout.  \n- **Background:** A white Israeli flag with a blue Star of David is positioned behind him.  \n- **Props:** Microphone placed in front of him; occasional notes/papers (no pen).  \n\n**Action (Observed across the frame sequence):**  \n\n- **0940‑0942,\u202f0946‑0950:** He lifts his head, opens his mouth, and gestures slightly—clearly delivering speech.  \n- **0945‑0949,\u202f0951‑0952:** He looks down, likely at notes, but continues to speak.  \n- **0943‑0944,\u202f0953‑0956:** The microphone remains steady; no drinking, sleeping, writing, or tea‑making actions are visible.  \n\n**Conclusion:** The white‑haired man is **speaking into a microphone** at a press briefing (text overlay reads “ISRAEL SIGNALS OPTIMISM ON CEASE‑FIRE TALKS”). This is the dominant observable behavior throughout the 17‑frame segment.', 'failed_images': []}
Followup prompt: 
Critically assess whether the VLM verification supports the given answer by evaluating each criterion.

VLM Verification Results:
{'batched_responses': [{'batch_start': 0, 'batch_end': 17, 'image_paths': ['/mnt/ssd/data/longvideobench/videos_processed_1/KTY9bogonyw/frames/frame_0940.jpg', '/mnt/ssd/data/longvideobench/videos_processed_1/KTY9bogonyw/frames/frame_0941.jpg', '/mnt/ssd/data/longvideobench/videos_processed_1/KTY9bogonyw/frames/frame_0942.jpg', '/mnt/ssd/data/longvideobench/videos_processed_1/KTY9bogonyw/frames/frame_0943.jpg', '/mnt/ssd/data/longvideobench/videos_processed_1/KTY9bogonyw/frames/frame_0944.jpg', '/mnt/ssd/data/longvideobench/videos_processed_1/KTY9bogonyw/frames/frame_0945.jpg', '/mnt/ssd/data/longvideobench/videos_processed_1/KTY9bogonyw/frames/frame_0946.jpg', '/mnt/ssd/data/longvideobench/videos_processed_1/KTY9bogonyw/frames/frame_0947.jpg', '/mnt/ssd/data/longvideobench/videos_processed_1/KTY9bogonyw/frames/frame_0948.jpg', '/mnt/ssd/data/longvideobench/videos_processed_1/KTY9bogonyw/frames/frame_0949.jpg', '/mnt/ssd/data/longvideobench/videos_processed_1/KTY9bogonyw/frames/frame_0950.jpg', '/mnt/ssd/data/longvideobench/videos_processed_1/KTY9bogonyw/frames/frame_0951.jpg', '/mnt/ssd/data/longvideobench/videos_processed_1/KTY9bogonyw/frames/frame_0952.jpg', '/mnt/ssd/data/longvideobench/videos_processed_1/KTY9bogonyw/frames/frame_0953.jpg', '/mnt/ssd/data/longvideobench/videos_processed_1/KTY9bogonyw/frames/frame_0954.jpg', '/mnt/ssd/data/longvideobench/videos_processed_1/KTY9bogonyw/frames/frame_0955.jpg', '/mnt/ssd/data/longvideobench/videos_processed_1/KTY9bogonyw/frames/frame_0956.jpg'], 'response': "The answer **'3' (Writing)** is **incorrect**.\n\n---\n\n### **Verification Against Criteria:**\n\nThe question asks:  \n> *In the middle of the screen, there is a white-haired man dressed in a black suit with a dark blue tie, sitting in front of a white flag with a blue Star of David. What is this white-haired man doing?*\n\n#### **Check the criteria:**\n\n✅ **A white-haired man is present in the frame** — Yes, Benjamin Netanyahu is visible in multiple frames (e.g., 0940–0952).\n\n✅ **The man is dressed in a black suit** — Yes, he is wearing a dark suit (appears black in lighting).\n\n✅ **The man is wearing a dark blue tie** — Yes, clearly visible in close-ups (e.g., 0940, 0942, 0946).\n\n✅ **The man is sitting down** — Yes, he is seated at a table or podium in all relevant frames.\n\n✅ **A white flag with a blue Star of David is visible in the background** — Yes, Israeli flags are prominently displayed behind him.\n\n---\n\n### **What is he doing?**\n\nLooking at the sequence of frames (especially 0940–0952):\n\n- He is **looking down** (0940, 0945, 0947, 0948, 0949, 0951, 0952), possibly at notes or a script.\n- He is **looking up and speaking** (0941, 0942, 0946, 0950, 0951), with mouth open and engaged in speech.\n- A **microphone** is visible in front of him in every close-up.\n- The on-screen text reads: *“ISRAEL SIGNALS OPTIMISM ON CEASE-FIRE TALKS”*, indicating he is delivering a statement or press briefing.\n- The source is labeled: *“GEORGE ISRAEL GOVERNMENT PRESS OFFICE”*, confirming this is an official press event.\n\n---\n\n### **Evaluating the Options:**\n\n> A. Drinking water — ❌ No glass or bottle visible.  \n> B. Sleeping — ❌ He is alert and speaking.  \n> **C. Writing — ❌ He is not holding a pen or writing. He may be reading, but not writing.**  \n> **D. Speaking into a microphone — ✅ This is clearly what he is doing.**  \n> E. Brewing tea — ❌ Not applicable.\n\n---\n\n### **Conclusion:**\n\nThe correct answer should be **D. Speaking into a microphone**, **not C. Writing**.\n\n✅ **Answer '3' (Writing) is incorrect.**\n\nThe white-haired man (Benjamin Netanyahu) is **speaking at a press conference**, not writing. While he occasionally looks down (possibly at notes), his primary and observable action is **speaking into a microphone**.\n\n---\n\n**Final Verdict: ❌ Incorrect.**"}], 'formatted_responses': ["\n=== Batch 0-17 (17 frames) ===\nFrames: /mnt/ssd/data/longvideobench/videos_processed_1/KTY9bogonyw/frames/frame_0940.jpg, /mnt/ssd/data/longvideobench/videos_processed_1/KTY9bogonyw/frames/frame_0941.jpg, /mnt/ssd/data/longvideobench/videos_processed_1/KTY9bogonyw/frames/frame_0942.jpg, /mnt/ssd/data/longvideobench/videos_processed_1/KTY9bogonyw/frames/frame_0943.jpg, /mnt/ssd/data/longvideobench/videos_processed_1/KTY9bogonyw/frames/frame_0944.jpg, /mnt/ssd/data/longvideobench/videos_processed_1/KTY9bogonyw/frames/frame_0945.jpg, /mnt/ssd/data/longvideobench/videos_processed_1/KTY9bogonyw/frames/frame_0946.jpg, /mnt/ssd/data/longvideobench/videos_processed_1/KTY9bogonyw/frames/frame_0947.jpg, /mnt/ssd/data/longvideobench/videos_processed_1/KTY9bogonyw/frames/frame_0948.jpg, /mnt/ssd/data/longvideobench/videos_processed_1/KTY9bogonyw/frames/frame_0949.jpg, /mnt/ssd/data/longvideobench/videos_processed_1/KTY9bogonyw/frames/frame_0950.jpg, /mnt/ssd/data/longvideobench/videos_processed_1/KTY9bogonyw/frames/frame_0951.jpg, /mnt/ssd/data/longvideobench/videos_processed_1/KTY9bogonyw/frames/frame_0952.jpg, /mnt/ssd/data/longvideobench/videos_processed_1/KTY9bogonyw/frames/frame_0953.jpg, /mnt/ssd/data/longvideobench/videos_processed_1/KTY9bogonyw/frames/frame_0954.jpg, /mnt/ssd/data/longvideobench/videos_processed_1/KTY9bogonyw/frames/frame_0955.jpg, /mnt/ssd/data/longvideobench/videos_processed_1/KTY9bogonyw/frames/frame_0956.jpg\nVLM Response: The answer **'3' (Writing)** is **incorrect**.\n\n---\n\n### **Verification Against Criteria:**\n\nThe question asks:  \n> *In the middle of the screen, there is a white-haired man dressed in a black suit with a dark blue tie, sitting in front of a white flag with a blue Star of David. What is this white-haired man doing?*\n\n#### **Check the criteria:**\n\n✅ **A white-haired man is present in the frame** — Yes, Benjamin Netanyahu is visible in multiple frames (e.g., 0940–0952).\n\n✅ **The man is dressed in a black suit** — Yes, he is wearing a dark suit (appears black in lighting).\n\n✅ **The man is wearing a dark blue tie** — Yes, clearly visible in close-ups (e.g., 0940, 0942, 0946).\n\n✅ **The man is sitting down** — Yes, he is seated at a table or podium in all relevant frames.\n\n✅ **A white flag with a blue Star of David is visible in the background** — Yes, Israeli flags are prominently displayed behind him.\n\n---\n\n### **What is he doing?**\n\nLooking at the sequence of frames (especially 0940–0952):\n\n- He is **looking down** (0940, 0945, 0947, 0948, 0949, 0951, 0952), possibly at notes or a script.\n- He is **looking up and speaking** (0941, 0942, 0946, 0950, 0951), with mouth open and engaged in speech.\n- A **microphone** is visible in front of him in every close-up.\n- The on-screen text reads: *“ISRAEL SIGNALS OPTIMISM ON CEASE-FIRE TALKS”*, indicating he is delivering a statement or press briefing.\n- The source is labeled: *“GEORGE ISRAEL GOVERNMENT PRESS OFFICE”*, confirming this is an official press event.\n\n---\n\n### **Evaluating the Options:**\n\n> A. Drinking water — ❌ No glass or bottle visible.  \n> B. Sleeping — ❌ He is alert and speaking.  \n> **C. Writing — ❌ He is not holding a pen or writing. He may be reading, but not writing.**  \n> **D. Speaking into a microphone — ✅ This is clearly what he is doing.**  \n> E. Brewing tea — ❌ Not applicable.\n\n---\n\n### **Conclusion:**\n\nThe correct answer should be **D. Speaking into a microphone**, **not C. Writing**.\n\n✅ **Answer '3' (Writing) is incorrect.**\n\nThe white-haired man (Benjamin Netanyahu) is **speaking at a press conference**, not writing. While he occasionally looks down (possibly at notes), his primary and observable action is **speaking into a microphone**.\n\n---\n\n**Final Verdict: ❌ Incorrect.**\n"], 'condensed_response': '**Scene Summary (Frames\u202f0940\u202f–\u202f0956)**  \n\n- **Character:** White‑haired man (Benjamin\u202fNetanyahu)  \n- **Attire:** Black suit, dark‑blue tie; seated at a podium/table throughout.  \n- **Background:** A white Israeli flag with a blue Star of David is positioned behind him.  \n- **Props:** Microphone placed in front of him; occasional notes/papers (no pen).  \n\n**Action (Observed across the frame sequence):**  \n\n- **0940‑0942,\u202f0946‑0950:** He lifts his head, opens his mouth, and gestures slightly—clearly delivering speech.  \n- **0945‑0949,\u202f0951‑0952:** He looks down, likely at notes, but continues to speak.  \n- **0943‑0944,\u202f0953‑0956:** The microphone remains steady; no drinking, sleeping, writing, or tea‑making actions are visible.  \n\n**Conclusion:** The white‑haired man is **speaking into a microphone** at a press briefing (text overlay reads “ISRAEL SIGNALS OPTIMISM ON CEASE‑FIRE TALKS”). This is the dominant observable behavior throughout the 17‑frame segment.', 'failed_images': []}

Question Being Answered: In the middle of the screen, there is a white-haired man dressed in a black suit with a dark blue tie, sitting in front of a white flag with a blue Star of David. What is this white-haired man doing?

Answer Choices:
A. Drinking water
B. Sleeping
C. Writing
D. Speaking into a microphone
E. Brewing tea

Given Answer: 3
Evidence Frames Used: ['frames/frame_0945.jpg', 'frames/frame_0946.jpg', 'frames/frame_0947.jpg', 'frames/frame_0948.jpg', 'frames/frame_0949.jpg', 'frames/frame_0950.jpg', 'frames/frame_0951.jpg']

Character/Event/Scene logs: ================================================================================
CHARACTER, EVENT, AND SCENE LOGS
================================================================================

CHARACTERS:
Manus Cranny: Male news anchor with short brown hair, wearing a black suit, white shirt, and purple tie.
Dani Burger: Female news anchor with long brown hair, wearing a beige or white blazer, beige or gray top, and black pants or skirt.
Katrina Dudley: Female investment strategist at Franklin Templeton Investments, with shoulder-length brown hair, wearing a black top.
James Bullard: Male, former St. Louis Fed President, with short gray hair, wearing a dark suit, light blue shirt, and blue tie.
Keith Lerner: Male, Truist Co-CIO and Chief Market Strategist, with short gray hair, wearing a gray suit jacket, white shirt, and pink pocket square.
Ethan Bronner: Male, Bloomberg News journalist, with short brown hair, wearing a brown jacket.

SCENES:
Bloomberg News Studio: A television studio with a blue background, large screens displaying financial data, and news anchors standing or sitting at desks.
Conference/Event Backdrop: A formal setting with a backdrop featuring logos from Bloomberg and HSBC.
Khan Younis, Gaza Strip: A devastated area with destroyed buildings, rubble, and people rummaging through debris.
Tel Aviv: A cityscape visible through a large window, featuring tall buildings and a hazy sky.
Ivy League University Campus: A serene scene featuring a red-brick bridge, a clock tower, and lush trees.
Bank of Japan Press Conference: A formal setting with a long, dark-brown table, microphones, and Japanese flags.
Office Setting: A newsroom or office with multiple computer monitors displaying financial data and graphs.

EVENTS:
Discussion on Cease-Fire Talks: Manus Cranny and Dani Burger discussing the cease-fire talks between Israel and Hamas.
Interview with Katrina Dudley: Katrina Dudley being interviewed on Bloomberg Brief about the market and AI use cases.
Boeing and Airbus First-Quarter Deliveries Discussion: News anchors discussing Boeing and Airbus's first-quarter deliveries.
BP's Strong Trading Performance Discussion: News anchors discussing BP's strong trading performance.
Vitol's $13 Billion Profit for 2023 Discussion: News anchors discussing Vitol's $13 billion profit for 2023.
Ivy League Costs Discussion: News anchors discussing the rising costs of attending Ivy League schools.

================================================================================
Generated at: 2026-01-03 10:19:11
================================================================================



QUESTION-BASED CRITERIA:
  Q1. A white-haired man is present in the frame
  Q2. The man is dressed in a black suit
  Q3. The man is wearing a dark blue tie
  Q4. The man is sitting down
  Q5. A white flag with a blue Star of David is visible in the background


CRITICAL ASSESSMENT TASK:
For EACH criterion listed above, determine whether it PASSES or FAILS based ONLY on what the VLM actually reports seeing in the frames.

- PASS: The VLM results clearly confirm this criterion is satisfied in the frames
- FAIL: The VLM results indicate this criterion is NOT satisfied, or there is insufficient evidence

CONFIDENCE CALCULATION RULES:
1. Count how many criteria pass (criteria_percentage = criteria_passed / 5)
2. Calculate base_confidence = criteria_percentage * 100
3. ⚠️ If ANY answer-specific criterion (A1, A2, etc.) FAILS, set confidence = min(50, base_confidence)

⚠️ CRITICAL: There is ALWAYS a correct answer among the choices provided. If all answers seem slightly off or imperfect, you MUST choose the BEST possible answer that most closely matches the evidence.

CRITIC ANSWER CHOICE DECISION:
4. After evaluating criteria, if criteria_percentage > 0.5 (>50% of criteria pass):
   - Review ALL answer choices (A, B, C, D, etc.)
   - Based ONLY on the VLM visual evidence, determine which answer choice is MOST correct
   - Output your critic_answer_choice as a NUMBER (0=A, 1=B, 2=C, 3=D)
5. If criteria_percentage ≤ 0.5 (≤50% of criteria pass):
   - Set critic_answer_choice to -1 (indicating frames may not be the right scene)
   - Set suggestion to "These may not be the right frames/scene. Continue searching for better evidence."

Return ONLY this JSON:
{
    "criteria_results": [
        {"criterion": "criterion text", "criterion_type": "QUESTION or ANSWER", "status": "PASS or FAIL", "reasoning": "brief explanation"},
        ...
    ],
    "question_criteria_passed": <number of question criteria that passed>,
    "answer_criteria_passed": <number of answer criteria that passed>,
    "answer_criteria_total": 0,
    "criteria_passed": <total number of criteria that passed>,
    "criteria_total": 5,
    "criteria_percentage": <criteria_passed / 5>,
    "base_confidence": <(criteria_passed / 5) * 100>,
    "confidence": <base_confidence OR 50 if any answer criterion failed>,
    "critic_answer_choice": <NUMBER: 0=A, 1=B, 2=C, 3=D, or -1 if ≤50% criteria pass>,
    "critic_reasoning": "<Brief explanation of why you chose this answer based on VLM evidence>",
    "possible_errors": [
        <List specific criteria that failed or issues found>
    ],
    "suggestion": <"These may not be the right frames" if ≤50%, otherwise null or specific improvement>
}

IMPORTANT RULES:
- Evaluate EACH criterion independently based on VLM results
- Mark criterion as PASS only if VLM clearly confirms it
- Mark criterion as FAIL if not confirmed or contradicted
- If ANY answer-specific criterion fails, confidence MUST be ≤50%
- Base evaluation ONLY on VLM verification results, not speculation
- Only list errors for criteria that actually failed
- Return ONLY valid JSON

Critical assessment response: ```json
{
    "criteria_results": [
        {
            "criterion": "A white-haired man is present in the frame",
            "criterion_type": "QUESTION",
            "status": "PASS",
            "reasoning": "VLM confirms Benjamin Netanyahu (white-haired man) is visible in multiple frames (0940-0952)"
        },
        {
            "criterion": "The man is dressed in a black suit",
            "criterion_type": "QUESTION",
            "status": "PASS",
            "reasoning": "VLM confirms he is wearing a dark suit that appears black in lighting"
        },
        {
            "criterion": "The man is wearing a dark blue tie",
            "criterion_type": "QUESTION",
            "status": "PASS",
            "reasoning": "VLM confirms dark blue tie is clearly visible in close-ups (0940, 0942, 0946)"
        },
        {
            "criterion": "The man is sitting down",
            "criterion_type": "QUESTION",
            "status": "PASS",
            "reasoning": "VLM confirms he is seated at a table or podium in all relevant frames"
        },
        {
            "criterion": "A white flag with a blue Star of David is visible in the background",
            "criterion_type": "QUESTION",
            "status": "PASS",
            "reasoning": "VLM confirms Israeli flags are prominently displayed behind him"
        }
    ],
    "question_criteria_passed": 5,
    "answer_criteria_passed": 0,
    "answer_criteria_total": 0,
    "criteria_passed": 5,
    "criteria_total": 5,
    "criteria_percentage": 1.0,
    "base_confidence": 100,
    "confidence": 100,
    "critic_answer_choice": 3,
    "critic_reasoning": "The VLM clearly shows the man (Benjamin Netanyahu) speaking into a microphone at a press conference, with his mouth open in speech, microphone visible, and on-screen text indicating a press briefing about cease-fire talks. No writing implements are visible.",
    "possible_errors": [
        "Given answer '3' (Writing) is incorrect - VLM shows speaking, not writing"
    ],
    "suggestion": null
}
```
Critical assessment data: {'criteria_results': [{'criterion': 'A white-haired man is present in the frame', 'criterion_type': 'QUESTION', 'status': 'PASS', 'reasoning': 'VLM confirms Benjamin Netanyahu (white-haired man) is visible in multiple frames (0940-0952)'}, {'criterion': 'The man is dressed in a black suit', 'criterion_type': 'QUESTION', 'status': 'PASS', 'reasoning': 'VLM confirms he is wearing a dark suit that appears black in lighting'}, {'criterion': 'The man is wearing a dark blue tie', 'criterion_type': 'QUESTION', 'status': 'PASS', 'reasoning': 'VLM confirms dark blue tie is clearly visible in close-ups (0940, 0942, 0946)'}, {'criterion': 'The man is sitting down', 'criterion_type': 'QUESTION', 'status': 'PASS', 'reasoning': 'VLM confirms he is seated at a table or podium in all relevant frames'}, {'criterion': 'A white flag with a blue Star of David is visible in the background', 'criterion_type': 'QUESTION', 'status': 'PASS', 'reasoning': 'VLM confirms Israeli flags are prominently displayed behind him'}], 'question_criteria_passed': 5, 'answer_criteria_passed': 0, 'answer_criteria_total': 0, 'criteria_passed': 5, 'criteria_total': 5, 'criteria_percentage': 1.0, 'base_confidence': 100, 'confidence': 100, 'critic_answer_choice': 3, 'critic_reasoning': 'The VLM clearly shows the man (Benjamin Netanyahu) speaking into a microphone at a press conference, with his mouth open in speech, microphone visible, and on-screen text indicating a press briefing about cease-fire talks. No writing implements are visible.', 'possible_errors': ["Given answer '3' (Writing) is incorrect - VLM shows speaking, not writing"], 'suggestion': None}
