Critic initial response: {
    "tool": "VLM_QUERY",
    "frames": ["frames/frame_2254.jpg", "frames/frame_2255.jpg", "frames/frame_2256.jpg", "frames/frame_2257.jpg", "frames/frame_2258.jpg", "frames/frame_2259.jpg", "frames/frame_2260.jpg", "frames/frame_2261.jpg", "frames/frame_2262.jpg", "frames/frame_2263.jpg", "frames/frame_2264.jpg", "frames/frame_2265.jpg", "frames/frame_2266.jpg", "frames/frame_2267.jpg", "frames/frame_2268.jpg", "frames/frame_2269.jpg", "frames/frame_2270.jpg"],
    "prompt": "Examine these frames carefully to determine if answer '1' is correct for 'Which country has the same number of players as Australia?'. Look for: 1) A scoreboard or results display showing country names and participant counts, 2) A visual list of countries with gymnast counts, 3) Australia's participant count clearly visible, 4) Comparison showing which country matches Australia's count, 5) Olympic-style scoreboard with per-nation gymnast totals. Identify the country that has the same number as Australia and verify if it corresponds to answer choice 1. Note any visible country names, numbers, and the specific scoreboard layout."
}
Frames to verify: ['frames/frame_2254.jpg', 'frames/frame_2255.jpg', 'frames/frame_2256.jpg', 'frames/frame_2257.jpg', 'frames/frame_2258.jpg', 'frames/frame_2259.jpg', 'frames/frame_2260.jpg', 'frames/frame_2261.jpg', 'frames/frame_2262.jpg', 'frames/frame_2263.jpg', 'frames/frame_2264.jpg', 'frames/frame_2265.jpg', 'frames/frame_2266.jpg', 'frames/frame_2267.jpg', 'frames/frame_2268.jpg', 'frames/frame_2269.jpg', 'frames/frame_2270.jpg']
VLM Prompt: Video context: Here is a global summary of the video based on the provided frame-by-frame captions data:

**Main Characters:**
The main characters in the video are female gymnasts competing in the women's floor exercise final at the London 2012 Olympics. Some of the prominent gymnasts mentioned include Ksenia Afanaseva (Russia), Jordyn Wieber (USA), Alexandra Raisman (USA), Catalina Ponor (Romania), Lauren Mitchell (Australia), and Vanessa Ferrari (Italy).

**Setting:**
The setting is the North Greenwich Arena (also known as the O2 Arena) during the London 2012 Olympics. The arena is filled with a large crowd of spectators, and the gymnastics floor is pink with white Olympic rings and "London 2012" logos.

**Plot Line:**
The video appears to follow the women's floor exercise final competition at the London 2012 Olympics. The captions depict the gymnasts arriving at the arena, warming up, and competing in their respective routines. The video also shows the gymnasts reacting to their performances, hugging their coaches, and celebrating their results. The final results are displayed on a large screen, showing the top eight gymnasts and their scores.

**Vibes:**
The overall vibe of the video is one of excitement, competition, and celebration. The captions convey a sense of anticipation and tension as the gymnasts prepare to perform, followed by elation and joy as they achieve their goals. The atmosphere is electric, with a large crowd cheering on the athletes.

**General Details:**
The video is likely a recording of the women's floor exercise final at the London 2012 Olympics, showcasing the skills and achievements of the competing gymnasts. The captions provide a detailed description of the events, highlighting the athletes' performances, reactions, and interactions with their coaches and teammates. The video also captures the excitement and energy of the crowd, as well as the Olympic branding and atmosphere.

Examine these frames carefully to determine if answer '1' is correct for 'Which country has the same number of players as Australia?'. Look for: 1) A scoreboard or results display showing country names and participant counts, 2) A visual list of countries with gymnast counts, 3) Australia's participant count clearly visible, 4) Comparison showing which country matches Australia's count, 5) Olympic-style scoreboard with per-nation gymnast totals. Identify the country that has the same number as Australia and verify if it corresponds to answer choice 1. Note any visible country names, numbers, and the specific scoreboard layout.
VLM response: {'batched_responses': [{'batch_start': 0, 'batch_end': 17, 'image_paths': ['/mnt/ssd/data/lvbench/videos_processed/hjoDzK0siaM/frames/frame_2254.jpg', '/mnt/ssd/data/lvbench/videos_processed/hjoDzK0siaM/frames/frame_2255.jpg', '/mnt/ssd/data/lvbench/videos_processed/hjoDzK0siaM/frames/frame_2256.jpg', '/mnt/ssd/data/lvbench/videos_processed/hjoDzK0siaM/frames/frame_2257.jpg', '/mnt/ssd/data/lvbench/videos_processed/hjoDzK0siaM/frames/frame_2258.jpg', '/mnt/ssd/data/lvbench/videos_processed/hjoDzK0siaM/frames/frame_2259.jpg', '/mnt/ssd/data/lvbench/videos_processed/hjoDzK0siaM/frames/frame_2260.jpg', '/mnt/ssd/data/lvbench/videos_processed/hjoDzK0siaM/frames/frame_2261.jpg', '/mnt/ssd/data/lvbench/videos_processed/hjoDzK0siaM/frames/frame_2262.jpg', '/mnt/ssd/data/lvbench/videos_processed/hjoDzK0siaM/frames/frame_2263.jpg', '/mnt/ssd/data/lvbench/videos_processed/hjoDzK0siaM/frames/frame_2264.jpg', '/mnt/ssd/data/lvbench/videos_processed/hjoDzK0siaM/frames/frame_2265.jpg', '/mnt/ssd/data/lvbench/videos_processed/hjoDzK0siaM/frames/frame_2266.jpg', '/mnt/ssd/data/lvbench/videos_processed/hjoDzK0siaM/frames/frame_2267.jpg', '/mnt/ssd/data/lvbench/videos_processed/hjoDzK0siaM/frames/frame_2268.jpg'], 'response': 'Based on a careful examination of the provided frames, the answer \'1\' is **not correct** for the question "Which country has the same number of players as Australia?".\n\nHere’s the reasoning:\n\n1.  **No scoreboard or display shows participant counts per country.** The scoreboard visible in frames 1-12 (and partially in 13) is the **final results leaderboard** for the Women’s Floor Exercise Final. It lists the top 8 gymnasts by rank, their names, their country codes (e.g., USA, RUS, ITA, AUS), and their scores. It does **not** display the total number of gymnasts each country had competing in the event or in the entire gymnastics competition.\n\n2.  **Australia\'s participant count is not visible.** While Australia (AUS) is represented by Lauren Mitchell (ranked 5th), the video provides no information about how many gymnasts Australia sent to the floor exercise final or to the gymnastics competition overall. The scoreboard only shows the one gymnast who made the final.\n\n3.  **No comparison of country counts is shown.** There is no visual list, chart, or table that compares the number of athletes per country. The scoreboard ranks individuals, not nations by total athlete count.\n\n4.  **The scoreboard layout is for individual results, not national totals.** The layout clearly shows Rank, Country Code, Athlete Name, and Score. It is designed to show the outcome of the final, not the composition of the field.\n\n5.  **No other country\'s count is visible for comparison.** Since no country’s total participant count is displayed, it is impossible to determine which country, if any, has the same number of players as Australia based on this video.\n\n**Conclusion:**\n\nThe video frames do not contain the necessary information to answer the question "Which country has the same number of players as Australia?". The scoreboard shows individual results, not national team sizes. Therefore, any answer choice, including \'1\', cannot be verified as correct based on the visual evidence provided in these frames. The premise of the question cannot be addressed with the available data.'}], 'formatted_responses': ['\n=== Batch 0-17 (15 frames) ===\nFrames: /mnt/ssd/data/lvbench/videos_processed/hjoDzK0siaM/frames/frame_2254.jpg, /mnt/ssd/data/lvbench/videos_processed/hjoDzK0siaM/frames/frame_2255.jpg, /mnt/ssd/data/lvbench/videos_processed/hjoDzK0siaM/frames/frame_2256.jpg, /mnt/ssd/data/lvbench/videos_processed/hjoDzK0siaM/frames/frame_2257.jpg, /mnt/ssd/data/lvbench/videos_processed/hjoDzK0siaM/frames/frame_2258.jpg, /mnt/ssd/data/lvbench/videos_processed/hjoDzK0siaM/frames/frame_2259.jpg, /mnt/ssd/data/lvbench/videos_processed/hjoDzK0siaM/frames/frame_2260.jpg, /mnt/ssd/data/lvbench/videos_processed/hjoDzK0siaM/frames/frame_2261.jpg, /mnt/ssd/data/lvbench/videos_processed/hjoDzK0siaM/frames/frame_2262.jpg, /mnt/ssd/data/lvbench/videos_processed/hjoDzK0siaM/frames/frame_2263.jpg, /mnt/ssd/data/lvbench/videos_processed/hjoDzK0siaM/frames/frame_2264.jpg, /mnt/ssd/data/lvbench/videos_processed/hjoDzK0siaM/frames/frame_2265.jpg, /mnt/ssd/data/lvbench/videos_processed/hjoDzK0siaM/frames/frame_2266.jpg, /mnt/ssd/data/lvbench/videos_processed/hjoDzK0siaM/frames/frame_2267.jpg, /mnt/ssd/data/lvbench/videos_processed/hjoDzK0siaM/frames/frame_2268.jpg\nVLM Response: Based on a careful examination of the provided frames, the answer \'1\' is **not correct** for the question "Which country has the same number of players as Australia?".\n\nHere’s the reasoning:\n\n1.  **No scoreboard or display shows participant counts per country.** The scoreboard visible in frames 1-12 (and partially in 13) is the **final results leaderboard** for the Women’s Floor Exercise Final. It lists the top 8 gymnasts by rank, their names, their country codes (e.g., USA, RUS, ITA, AUS), and their scores. It does **not** display the total number of gymnasts each country had competing in the event or in the entire gymnastics competition.\n\n2.  **Australia\'s participant count is not visible.** While Australia (AUS) is represented by Lauren Mitchell (ranked 5th), the video provides no information about how many gymnasts Australia sent to the floor exercise final or to the gymnastics competition overall. The scoreboard only shows the one gymnast who made the final.\n\n3.  **No comparison of country counts is shown.** There is no visual list, chart, or table that compares the number of athletes per country. The scoreboard ranks individuals, not nations by total athlete count.\n\n4.  **The scoreboard layout is for individual results, not national totals.** The layout clearly shows Rank, Country Code, Athlete Name, and Score. It is designed to show the outcome of the final, not the composition of the field.\n\n5.  **No other country\'s count is visible for comparison.** Since no country’s total participant count is displayed, it is impossible to determine which country, if any, has the same number of players as Australia based on this video.\n\n**Conclusion:**\n\nThe video frames do not contain the necessary information to answer the question "Which country has the same number of players as Australia?". The scoreboard shows individual results, not national team sizes. Therefore, any answer choice, including \'1\', cannot be verified as correct based on the visual evidence provided in these frames. The premise of the question cannot be addressed with the available data.\n'], 'condensed_response': '**Scene Summary (Frames\u202f2254‑2268)**  \n\nThe 15‑frame clip shows the **women’s floor‑exercise final** at a gymnastics meet. The camera is fixed on the competition’s electronic **leaderboard**, which lists the top eight finalists:\n\n| Rank | Country | Athlete (visible on screen) |\n|------|---------|-----------------------------|\n| 1 | USA | (name shown) |\n| 2 | RUS | (name shown) |\n| 3 | ITA | (name shown) |\n| 4 | USA | (name shown) |\n| 5 | **AUS – Lauren\u202fMitchell** |\n| 6‑8 | (other countries/athletes) |\n\nThe board displays each gymnast’s **country code**, **name**, and **score**. Apart from the scoreboard, the background is the arena floor; no other visual elements (crowd shots, commentators, etc.) appear.\n\n**Why the question cannot be answered**\n\n- The scoreboard presents **individual results only**, not the total number of athletes each nation entered in the competition.\n- Australia is represented solely by Lauren\u202fMitchell in the final; the video gives no indication of how many Australian gymnasts participated in earlier rounds or in the overall meet.\n- No table, chart, or overlay shows a comparison of team sizes across countries, so there is no visual evidence to identify another nation with the same participant count as Australia.\n\n**Conclusion**\n\nThe visual content consists of a static leaderboard tracking the performances of eight gymnasts (including Australia’s Lauren\u202fMitchell). Because the footage does not reveal the number of competitors per country, it cannot determine **which country has the same number of players as Australia**; the answer “1” (or any other choice) is unsupported by the frames.', 'failed_images': [('/mnt/ssd/data/lvbench/videos_processed/hjoDzK0siaM/frames/frame_2269.jpg', 'File not found'), ('/mnt/ssd/data/lvbench/videos_processed/hjoDzK0siaM/frames/frame_2270.jpg', 'File not found')]}
Followup prompt: 
Critically assess whether the VLM verification supports the given answer by evaluating each criterion.

VLM Verification Results:
{'batched_responses': [{'batch_start': 0, 'batch_end': 17, 'image_paths': ['/mnt/ssd/data/lvbench/videos_processed/hjoDzK0siaM/frames/frame_2254.jpg', '/mnt/ssd/data/lvbench/videos_processed/hjoDzK0siaM/frames/frame_2255.jpg', '/mnt/ssd/data/lvbench/videos_processed/hjoDzK0siaM/frames/frame_2256.jpg', '/mnt/ssd/data/lvbench/videos_processed/hjoDzK0siaM/frames/frame_2257.jpg', '/mnt/ssd/data/lvbench/videos_processed/hjoDzK0siaM/frames/frame_2258.jpg', '/mnt/ssd/data/lvbench/videos_processed/hjoDzK0siaM/frames/frame_2259.jpg', '/mnt/ssd/data/lvbench/videos_processed/hjoDzK0siaM/frames/frame_2260.jpg', '/mnt/ssd/data/lvbench/videos_processed/hjoDzK0siaM/frames/frame_2261.jpg', '/mnt/ssd/data/lvbench/videos_processed/hjoDzK0siaM/frames/frame_2262.jpg', '/mnt/ssd/data/lvbench/videos_processed/hjoDzK0siaM/frames/frame_2263.jpg', '/mnt/ssd/data/lvbench/videos_processed/hjoDzK0siaM/frames/frame_2264.jpg', '/mnt/ssd/data/lvbench/videos_processed/hjoDzK0siaM/frames/frame_2265.jpg', '/mnt/ssd/data/lvbench/videos_processed/hjoDzK0siaM/frames/frame_2266.jpg', '/mnt/ssd/data/lvbench/videos_processed/hjoDzK0siaM/frames/frame_2267.jpg', '/mnt/ssd/data/lvbench/videos_processed/hjoDzK0siaM/frames/frame_2268.jpg'], 'response': 'Based on a careful examination of the provided frames, the answer \'1\' is **not correct** for the question "Which country has the same number of players as Australia?".\n\nHere’s the reasoning:\n\n1.  **No scoreboard or display shows participant counts per country.** The scoreboard visible in frames 1-12 (and partially in 13) is the **final results leaderboard** for the Women’s Floor Exercise Final. It lists the top 8 gymnasts by rank, their names, their country codes (e.g., USA, RUS, ITA, AUS), and their scores. It does **not** display the total number of gymnasts each country had competing in the event or in the entire gymnastics competition.\n\n2.  **Australia\'s participant count is not visible.** While Australia (AUS) is represented by Lauren Mitchell (ranked 5th), the video provides no information about how many gymnasts Australia sent to the floor exercise final or to the gymnastics competition overall. The scoreboard only shows the one gymnast who made the final.\n\n3.  **No comparison of country counts is shown.** There is no visual list, chart, or table that compares the number of athletes per country. The scoreboard ranks individuals, not nations by total athlete count.\n\n4.  **The scoreboard layout is for individual results, not national totals.** The layout clearly shows Rank, Country Code, Athlete Name, and Score. It is designed to show the outcome of the final, not the composition of the field.\n\n5.  **No other country\'s count is visible for comparison.** Since no country’s total participant count is displayed, it is impossible to determine which country, if any, has the same number of players as Australia based on this video.\n\n**Conclusion:**\n\nThe video frames do not contain the necessary information to answer the question "Which country has the same number of players as Australia?". The scoreboard shows individual results, not national team sizes. Therefore, any answer choice, including \'1\', cannot be verified as correct based on the visual evidence provided in these frames. The premise of the question cannot be addressed with the available data.'}], 'formatted_responses': ['\n=== Batch 0-17 (15 frames) ===\nFrames: /mnt/ssd/data/lvbench/videos_processed/hjoDzK0siaM/frames/frame_2254.jpg, /mnt/ssd/data/lvbench/videos_processed/hjoDzK0siaM/frames/frame_2255.jpg, /mnt/ssd/data/lvbench/videos_processed/hjoDzK0siaM/frames/frame_2256.jpg, /mnt/ssd/data/lvbench/videos_processed/hjoDzK0siaM/frames/frame_2257.jpg, /mnt/ssd/data/lvbench/videos_processed/hjoDzK0siaM/frames/frame_2258.jpg, /mnt/ssd/data/lvbench/videos_processed/hjoDzK0siaM/frames/frame_2259.jpg, /mnt/ssd/data/lvbench/videos_processed/hjoDzK0siaM/frames/frame_2260.jpg, /mnt/ssd/data/lvbench/videos_processed/hjoDzK0siaM/frames/frame_2261.jpg, /mnt/ssd/data/lvbench/videos_processed/hjoDzK0siaM/frames/frame_2262.jpg, /mnt/ssd/data/lvbench/videos_processed/hjoDzK0siaM/frames/frame_2263.jpg, /mnt/ssd/data/lvbench/videos_processed/hjoDzK0siaM/frames/frame_2264.jpg, /mnt/ssd/data/lvbench/videos_processed/hjoDzK0siaM/frames/frame_2265.jpg, /mnt/ssd/data/lvbench/videos_processed/hjoDzK0siaM/frames/frame_2266.jpg, /mnt/ssd/data/lvbench/videos_processed/hjoDzK0siaM/frames/frame_2267.jpg, /mnt/ssd/data/lvbench/videos_processed/hjoDzK0siaM/frames/frame_2268.jpg\nVLM Response: Based on a careful examination of the provided frames, the answer \'1\' is **not correct** for the question "Which country has the same number of players as Australia?".\n\nHere’s the reasoning:\n\n1.  **No scoreboard or display shows participant counts per country.** The scoreboard visible in frames 1-12 (and partially in 13) is the **final results leaderboard** for the Women’s Floor Exercise Final. It lists the top 8 gymnasts by rank, their names, their country codes (e.g., USA, RUS, ITA, AUS), and their scores. It does **not** display the total number of gymnasts each country had competing in the event or in the entire gymnastics competition.\n\n2.  **Australia\'s participant count is not visible.** While Australia (AUS) is represented by Lauren Mitchell (ranked 5th), the video provides no information about how many gymnasts Australia sent to the floor exercise final or to the gymnastics competition overall. The scoreboard only shows the one gymnast who made the final.\n\n3.  **No comparison of country counts is shown.** There is no visual list, chart, or table that compares the number of athletes per country. The scoreboard ranks individuals, not nations by total athlete count.\n\n4.  **The scoreboard layout is for individual results, not national totals.** The layout clearly shows Rank, Country Code, Athlete Name, and Score. It is designed to show the outcome of the final, not the composition of the field.\n\n5.  **No other country\'s count is visible for comparison.** Since no country’s total participant count is displayed, it is impossible to determine which country, if any, has the same number of players as Australia based on this video.\n\n**Conclusion:**\n\nThe video frames do not contain the necessary information to answer the question "Which country has the same number of players as Australia?". The scoreboard shows individual results, not national team sizes. Therefore, any answer choice, including \'1\', cannot be verified as correct based on the visual evidence provided in these frames. The premise of the question cannot be addressed with the available data.\n'], 'condensed_response': '**Scene Summary (Frames\u202f2254‑2268)**  \n\nThe 15‑frame clip shows the **women’s floor‑exercise final** at a gymnastics meet. The camera is fixed on the competition’s electronic **leaderboard**, which lists the top eight finalists:\n\n| Rank | Country | Athlete (visible on screen) |\n|------|---------|-----------------------------|\n| 1 | USA | (name shown) |\n| 2 | RUS | (name shown) |\n| 3 | ITA | (name shown) |\n| 4 | USA | (name shown) |\n| 5 | **AUS – Lauren\u202fMitchell** |\n| 6‑8 | (other countries/athletes) |\n\nThe board displays each gymnast’s **country code**, **name**, and **score**. Apart from the scoreboard, the background is the arena floor; no other visual elements (crowd shots, commentators, etc.) appear.\n\n**Why the question cannot be answered**\n\n- The scoreboard presents **individual results only**, not the total number of athletes each nation entered in the competition.\n- Australia is represented solely by Lauren\u202fMitchell in the final; the video gives no indication of how many Australian gymnasts participated in earlier rounds or in the overall meet.\n- No table, chart, or overlay shows a comparison of team sizes across countries, so there is no visual evidence to identify another nation with the same participant count as Australia.\n\n**Conclusion**\n\nThe visual content consists of a static leaderboard tracking the performances of eight gymnasts (including Australia’s Lauren\u202fMitchell). Because the footage does not reveal the number of competitors per country, it cannot determine **which country has the same number of players as Australia**; the answer “1” (or any other choice) is unsupported by the frames.', 'failed_images': [('/mnt/ssd/data/lvbench/videos_processed/hjoDzK0siaM/frames/frame_2269.jpg', 'File not found'), ('/mnt/ssd/data/lvbench/videos_processed/hjoDzK0siaM/frames/frame_2270.jpg', 'File not found')]}

Question Being Answered: Which country has the same number of players as Australia?

Answer Choices:
A. Britain
B. Italy
C. Russia
D. America

Given Answer: 1
Evidence Frames Used: ['frames/frame_2259.jpg', 'frames/frame_2260.jpg', 'frames/frame_2261.jpg', 'frames/frame_2262.jpg', 'frames/frame_2263.jpg', 'frames/frame_2264.jpg', 'frames/frame_2265.jpg']

Character/Event/Scene logs: ================================================================================
CHARACTER, EVENT, AND SCENE LOGS
================================================================================

CHARACTERS:
Ksenia Afanaseva: A young female gymnast with blonde hair, wearing a red and white leotard with blue accents.
Jordyn Wieber: A young female gymnast with brown hair, wearing a blue leotard with white and red accents.
Alexandra Raisman: A young female gymnast with dark hair, wearing a blue leotard with white and red accents.
Catalina Ponor: A young female gymnast with dark hair, wearing a black leotard with silver embellishments.
Lauren Mitchell: A young female gymnast with blonde hair, wearing a pink leotard with black accents.
Vanessa Ferrari: A young female gymnast with brown hair, wearing a blue leotard with pink and purple accents.
Aliya Mustafina: A young female gymnast with dark hair, wearing a red and white leotard.

SCENES:
Gymnastics Arena: A large indoor arena with a pink floor and white Olympic rings, surrounded by a crowd of spectators in the stands. [Frame 1-2268]
Tunnel or Passageway: A dark passageway leading to the gymnastics arena. [Frame 3]
Judges' Table: A long black table with judges seated behind it. [Frame 63-64]
Locker Room or Backstage Area: A room with pink carpeting and pink walls with white text that reads "LONDON 2012" and the Olympic rings. [Frame 1837]

EVENTS:
Gymnastics Competition: Female gymnasts competing in various events, including floor exercise and balance beam. [Frame 1-2268]
 Medal Ceremony: A ceremony where medals are awarded to the top gymnasts. [Frame 2098-2106]
Gymnasts Walking on Pink Carpet: Gymnasts walking on a pink carpeted floor or hallway. [Frame 1-20, 151-156, 2190-2195]
Gymnasts Performing Routines: Gymnasts performing their routines on the floor exercise mat or balance beam. [Frame 18-2268]
Scoreboard Display: A scoreboard displaying the results of the gymnastics competition. [Frame 2233-2265]
Gymnasts Being Interviewed: Gymnasts being interviewed by camera crews or journalists. [Frame 2123-2127, 2179-2180]
Gymnasts Hugging or Congratulating Each Other: Gymnasts hugging or congratulating each other after their routines. [Frame 77-85, 104-105, 1761-1766]

================================================================================
Generated at: 2026-01-11 21:48:31
================================================================================



QUESTION-BASED CRITERIA:
  Q1. Scoreboard or results display showing country names and number of players/gymnasts
  Q2. Visual list of countries with their respective participant counts
  Q3. Australia's participant count visible on a scoreboard or results screen
  Q4. Comparison of Australia's participant count with other countries
  Q5. Olympic scoreboard or results table showing gymnast counts per nation


CRITICAL ASSESSMENT TASK:
For EACH criterion listed above, determine whether it PASSES or FAILS based ONLY on what the VLM actually reports seeing in the frames.

- PASS: The VLM results clearly confirm this criterion is satisfied in the frames
- FAIL: The VLM results indicate this criterion is NOT satisfied, or there is insufficient evidence

CONFIDENCE CALCULATION RULES:
1. Count how many criteria pass (criteria_percentage = criteria_passed / 5)
2. Calculate base_confidence = criteria_percentage * 100
3. ⚠️ If ANY answer-specific criterion (A1, A2, etc.) FAILS, set confidence = min(50, base_confidence)

⚠️ CRITICAL: There is ALWAYS a correct answer among the choices provided. If all answers seem slightly off or imperfect, you MUST choose the BEST possible answer that most closely matches the evidence.

CRITIC ANSWER CHOICE DECISION:
4. After evaluating criteria, if criteria_percentage > 0.5 (>50% of criteria pass):
   - Review ALL answer choices (A, B, C, D, etc.)
   - Based ONLY on the VLM visual evidence, determine which answer choice is MOST correct
   - Output your critic_answer_choice as a NUMBER (0=A, 1=B, 2=C, 3=D)
5. If criteria_percentage ≤ 0.5 (≤50% of criteria pass):
   - STILL do your best to pick out a correct answer, but also set suggestion to "These may not be the right frames/scene. Continue searching for better evidence."
   - output your best guess of the answer as a number (0=A, 1=B, 2=C, 3=D, 4=E)

Return ONLY this JSON:
{
    "criteria_results": [
        {"criterion": "criterion text", "criterion_type": "QUESTION or ANSWER", "status": "PASS or FAIL", "reasoning": "brief explanation"},
        ...
    ],
    "question_criteria_passed": <number of question criteria that passed>,
    "answer_criteria_passed": <number of answer criteria that passed>,
    "answer_criteria_total": 0,
    "criteria_passed": <number of question criteria that passed>,
    "criteria_total": 5,
    "criteria_percentage": <criteria_passed / 5>,
    "base_confidence": <(criteria_passed / 5) * 100>,
    "confidence": <base_confidence OR 50 if any answer criterion failed>,
    "critic_answer_choice": <NUMBER: 0=A, 1=B, 2=C, 3=D, 4=E>,
    "critic_reasoning": "<Brief explanation of why you chose this answer based on VLM evidence>",
    "possible_errors": [
        <List specific criteria that failed or issues found>
    ],
    "suggestion": <"These may not be the right frames" if ≤50%, otherwise null or specific improvement>
}

IMPORTANT RULES:
- Evaluate EACH criterion independently based on VLM results
- Mark criterion as PASS only if VLM clearly confirms it
- Mark criterion as FAIL if not confirmed or contradicted
- If ANY answer-specific criterion fails, confidence MUST be ≤50%
- Base evaluation ONLY on VLM verification results, not speculation
- Only list errors for criteria that actually failed
- Return ONLY valid JSON

Critical assessment response: This appears to be a JSON response format request, but the actual content provided is a detailed analysis of video frames showing a gymnastics competition scoreboard. The analysis concludes that the visual evidence does not support answering the question about which country has the same number of players as Australia.

The key points from the analysis are:
- The scoreboard shows individual gymnast results (rank, country code, name, score)
- It does not show participant counts per country
- No comparison of country team sizes is visible
- Australia is represented by one gymnast (Lauren Mitchell), but the total number of Australian participants isn't shown
- Therefore, the question cannot be answered from the visual evidence

The response format requested seems to be for evaluating criteria against visual evidence, but the analysis shows the necessary information is not present in the frames to answer the question.

```json
{
    "criteria_results": [
        {"criterion": "Scoreboard or results display showing country names and number of players/gymnasts", "criterion_type": "QUESTION", "status": "FAIL", "reasoning": "VLM reports scoreboard shows individual results (rank, country code, name, score) but not participant counts per country"},
        {"criterion": "Visual list of countries with their respective participant counts", "criterion_type": "QUESTION", "status": "FAIL", "reasoning": "No such list, chart or table visible according to VLM analysis"},
        {"criterion": "Australia's participant count visible on a scoreboard or results screen", "criterion_type": "QUESTION", "status": "FAIL", "reasoning": "Australia represented by one gymnast in final, but total participant count not displayed"},
        {"criterion": "Comparison of Australia's participant count with other countries", "criterion_type": "QUESTION", "status": "FAIL", "reasoning": "No visual evidence allows comparison of team sizes across nations"},
        {"criterion": "Olympic scoreboard or results table showing gymnast counts per nation", "criterion_type": "QUESTION", "status": "FAIL", "reasoning": "Scoreboard designed for individual final results, not national team composition"}
    ],
    "question_criteria_passed": 0,
    "answer_criteria_passed": 0,
    "answer_criteria_total": 0,
    "criteria_passed": 0,
    "criteria_total": 5,
    "criteria_percentage": 0.0,
    "base_confidence": 0.0,
    "confidence": 0.0,
    "critic_answer_choice": 0,
    "critic_reasoning": "The VLM analysis conclusively shows the visual evidence does not contain the necessary information to answer the question. The scoreboard displays individual gymnast results, not national team sizes or participant counts. No comparison between countries' numbers of players is possible from these frames.",
    "possible_errors": [
        "All criteria failed - visual evidence lacks country participant counts",
        "Scoreboard shows individual results only, not team sizes",
        "No comparison data between Australia and other countries",
        "Question requires information not present in the frames"
    ],
    "suggestion": "These may not be the right frames/scene. Continue searching for better evidence that shows team sizes or participant counts per country."
}
```
Critical assessment data: {'criteria_results': [{'criterion': 'Scoreboard or results display showing country names and number of players/gymnasts', 'criterion_type': 'QUESTION', 'status': 'FAIL', 'reasoning': 'VLM reports scoreboard shows individual results (rank, country code, name, score) but not participant counts per country'}, {'criterion': 'Visual list of countries with their respective participant counts', 'criterion_type': 'QUESTION', 'status': 'FAIL', 'reasoning': 'No such list, chart or table visible according to VLM analysis'}, {'criterion': "Australia's participant count visible on a scoreboard or results screen", 'criterion_type': 'QUESTION', 'status': 'FAIL', 'reasoning': 'Australia represented by one gymnast in final, but total participant count not displayed'}, {'criterion': "Comparison of Australia's participant count with other countries", 'criterion_type': 'QUESTION', 'status': 'FAIL', 'reasoning': 'No visual evidence allows comparison of team sizes across nations'}, {'criterion': 'Olympic scoreboard or results table showing gymnast counts per nation', 'criterion_type': 'QUESTION', 'status': 'FAIL', 'reasoning': 'Scoreboard designed for individual final results, not national team composition'}], 'question_criteria_passed': 0, 'answer_criteria_passed': 0, 'answer_criteria_total': 0, 'criteria_passed': 0, 'criteria_total': 5, 'criteria_percentage': 0.0, 'base_confidence': 0.0, 'confidence': 0.0, 'critic_answer_choice': 0, 'critic_reasoning': "The VLM analysis conclusively shows the visual evidence does not contain the necessary information to answer the question. The scoreboard displays individual gymnast results, not national team sizes or participant counts. No comparison between countries' numbers of players is possible from these frames.", 'possible_errors': ['All criteria failed - visual evidence lacks country participant counts', 'Scoreboard shows individual results only, not team sizes', 'No comparison data between Australia and other countries', 'Question requires information not present in the frames'], 'suggestion': 'These may not be the right frames/scene. Continue searching for better evidence that shows team sizes or participant counts per country.'}
