[{'role': 'system', 'content': "You are an expert at reasoning and tool-using, with the goal of answering this question about a long video. You should be able to extract detailed frame-information from videos, do caption searches, and use your findings to answer the question. You should be SUPER PICKY about your findings, NOT make assumptions, and always bias towards gathering more evidence before executing a final answer. Use EXACT evidence only. ALSO, when dealing with TEMPORAL questions, you cannot find VISUAL TIMES. If a question asks for a 'duration' of an event, you want to do many caption searches on consecutive ranges, and find scene-changes at the beginning and end of the event. You MUST CHOOSE AN ANSWER. NONE OF THE ABOVE IS NOT ACCEPTABLE."}, {'role': 'user', 'content': '\n Here is a global summary of the video for general context: Here is a global summary of the provided SET of frame-by-frame captions data for a long video:\n\n**Main Characters:**\nThe main characters in this video are female gymnasts, coaches, judges, and officials participating in the artistic gymnastics events, particularly the women\'s uneven bars final, at the 2012 London Olympics. Some notable gymnasts mentioned include He Kexin from China, Victoria Komova from Russia, Elisabeth Seitz from Germany, Yao Jinnan from China, Elizabeth Tweddle from Great Britain, Aliya Mustafina from Russia, Koko Tsurumi from Japan, and Gabrielle Douglas from the USA.\n\n**Setting:**\nThe setting is the North Greenwich Arena in London during the 2012 Summer Olympics. The arena features a prominent pink gymnastics floor with white Olympic logos and various equipment such as uneven bars, balance beams, and vaulting tables. The venue is filled with spectators in the stands, and there are numerous camera operators, judges, and officials on the floor.\n\n**Plot Line:**\nThe video appears to follow the women\'s uneven bars final event at the 2012 London Olympics. The captions depict the gymnasts preparing for and participating in the competition, as well as the reactions of the crowd and the athletes. The video also shows the start lists and final results of the competition, with Aliya Mustafina from Russia winning the gold medal.\n\n**Vibes:**\nThe overall vibe of the video is one of excitement, tension, and celebration. The captions convey the energy and enthusiasm of the crowd, as well as the focus and determination of the athletes. The atmosphere is electric, with a sense of national pride and competition.\n\n**General Details:**\nThe video is a comprehensive coverage of the women\'s uneven bars final at the 2012 London Olympics, featuring a mix of competition action, athlete profiles, and crowd reactions. The captions provide a detailed and immersive experience, allowing the viewer to feel as though they are present at the event. The video highlights the skill and athleticism of the gymnasts, as well as the excitement and drama of the competition.\n\n Here is also an INCOMPLETE character/event/scene log across the video. These will all be encountered, and there MAY BE MORE ================================================================================\nCHARACTER, EVENT, AND SCENE LOGS\n================================================================================\n\nCHARACTERS:\nHe Kexin (Young Chinese Female Gymnast): Description: Wearing a black leotard with pink, gold, and white designs and rhinestones, her dark hair pulled back into a bun with a pink bow.\nVictoria Komova (Young Russian Female Gymnast): Description: Wearing a white leotard with red designs and lettering, her dark hair pulled back into a sleek ponytail.\nElisabeth Seitz (Young German Female Gymnast): Description: Wearing a white Adidas jacket with red accents, her blonde hair tied back in a ponytail.\nYao Jinnan (Young Chinese Female Gymnast): Description: Wearing a red and white jacket with a Chinese flag and Olympic rings on it, her dark hair tied back into a sleek bun.\nElizabeth Tweddle (Young British Female Gymnast): Description: Wearing a white Adidas jacket with blue accents and a Team GB logo, her blonde hair tied back in a ponytail.\nAliya Mustafina (Young Russian Female Gymnast): Description: Wearing a white and red Russian Olympic team uniform with a red patterned scarf-like collar, her dark hair pulled back into a sleek ponytail.\nKoko Tsurumi (Young Japanese Female Gymnast): Description: Wearing a white and red jacket with a Japanese flag on the right side of the chest, her dark hair tied back into a sleek ponytail.\nGabrielle Douglas (Young American Female Gymnast): Description: Wearing a white USA jacket with red and blue accents, her dark hair pulled back into a tight bun.\n\nSCENES:\nGymnastics Arena: Description: A large, dimly lit indoor arena with a prominent pink gymnastics floor and a crowd of spectators in the stands. [1-50]\nBackstage Hallway: Description: A purple carpeted hallway with "London 2012" and the Olympic rings printed on the walls. [51-61]\nGymnastics Arena (Uneven Bars Final): Description: A large arena with a pink floor featuring white Olympic logos and a yellow uneven bars apparatus, surrounded by a crowd of spectators in the stands. [62-74]\nScoreboard Display: Description: A large blue screen displaying the start list or results of the women\'s uneven bars final. [75-90]\nGymnastics Arena (Various Events): Description: A large arena with a pink floor featuring various gymnastics equipment, surrounded by a crowd of spectators in the stands. [91-1965]\nLocker Room/Athletes\' Area: Description: A room with a purple wall featuring "London 2012" and the Olympic rings logo, where athletes are gathered, sitting, or standing. [419-427]\nPink Corridor: Description: A bright pink corridor or hallway with "London 2012" and the Olympic rings printed on the walls. [97-103]\n Medal Ceremony/ Celebration Area: Description: A crowded area with a purple wall featuring the Olympic rings logo, where athletes are gathered, hugging, and celebrating. [122-124]\nInterview Area: Description: A area with a purple barrier featuring "London 2012" written on it, where athletes are being interviewed. [429-437]\n\nEVENTS:\nGymnastics Competition (Uneven Bars Final): Description: A women\'s uneven bars final event in artistic gymnastics at the London 2012 Olympics, with gymnasts performing on the apparatus. [14-50]\nGymnasts Walking to the Arena: Description: Female gymnasts wearing tracksuits walking through a hallway or corridor towards the competition area. [51-61]\nScoreboard Display (Start List and Results): Description: A large screen displaying the start list and results of the women\'s uneven bars final. [75-1995]\nGymnastics Competition (Various Events): Description: Various gymnastics events taking place in a large arena with a pink floor, featuring different apparatus. [91-1965]\nAthletes Gathering and Celebrating: Description: Athletes gathered in a locker room or team area, celebrating and interacting with each other. [419-427, 122-124, 1771-1889]\nInterviews and Medal Ceremonies: Description: Athletes being interviewed or participating in medal ceremonies. [429-437, 1728-1735]\nGymnasts Preparing for their Routines: Description: Gymnasts applying chalk to their hands, adjusting their equipment, or preparing for their routines. [227-241]\nGymnasts Performing on the Uneven Bars: Description: Female gymnasts performing various routines on the uneven bars apparatus. [244-1145]\n\n================================================================================\nGenerated at: 2026-01-11 21:46:30\n================================================================================\n\nYour question is this: What color gloves does athlete 404 have on his hand?'}]
You are a reasoning model whose goal is to answer questions about a video. You cannot see the video, but you can use tools to retrieve information about the video.

You will be given a question and answer choices.

Question: What color gloves does athlete 404 have on his hand?

Answer Choices:
A. Yellow
B. Black
C. Write
D. Red


⚠️ SUBTITLE QUESTION DETECTION:
FIRST, check if the question references subtitles or spoken content:
- Does it say "when the subtitle says...", "when the text shows...", "when the narration mentions..."?
- Does it quote specific words/phrases that appear in subtitles?
- If YES → You MUST use SUBTITLE_SEARCH as your first tool (not caption search!)

TEMPORAL ATTENTION:
NEXT, check if the question contains time keywords (after, before, during, when, then, while, first, next, later, etc.):
- If present, IDENTIFY and MARK DOWN all temporal relationships and timeframes mentioned
- Note which events should occur before/after/during other events
- This temporal information is CRITICAL for finding the right frames

⚠️ QUICK ACTION DETECTION:
CHECK if the question asks about FAST/QUICK/SUDDEN actions:
- Hand movements (grabbing, pointing, gesturing, catching, throwing)
- Objects moving quickly (falling, dropping, flipping, being placed)
- Facial expressions (sudden smiles, surprise, eye movements)
- Brief moments (exact timing, precise actions, quick reactions)
- Keywords: quick, fast, sudden, immediately, instant, rapid, brief, moment
→ If YES, you will need to use EXTRACT_FINE_FRAMES tool later (after finding the scene) to get higher FPS frames!
→ Default 1 FPS frames will NOT capture these quick actions - you MUST extract 5-10 FPS for accurate observation

STEP 1: EXTRACT VERIFICATION CRITERIA
First, carefully analyze the question and extract 4-6 specific, testable criteria that can be verified visually in the video frames. These criteria should be concrete conditions that must be satisfied to answer the question correctly. These criteria should be derived FROM THE QUESTION, NOT THE ANSWER CHOICES. 

For example, if the question asks about "a person in a black shirt holding a metal bucket in a scene with scattered debris", the criteria might be:
- Person is wearing a black shirt
- Person is wearing black pants
- Person is holding a large round metal bucket
- Scene contains scattered debris on the ground
- Scene shows items scattered on the ground

Extract ONLY verifiable visual criteria from the question. DO NOT include criteria about the answer choices.

STEP 2: GENERATE SEARCH QUERIES
Now generate 2-4 search queries to find the relevant frames. Each query should be:
- STRUCTURED like a natural caption (subject-verb-object format)
- FOCUS on VISIBLE, CONCRETE details from the question
- DESCRIBE what would APPEAR in the frame (not abstract concepts)
- Use complete, grammatical phrases (e.g., "woman in yellow dress holds paper")

Guidelines for creating queries:
1. Prioritize VISIBLE traits: clothing colors, physical objects, actions, settings
2. Use natural language structure: "person wearing [clothing] doing [action] in [location]"
3. Each query should target a DIFFERENT aspect or detail from the question
4. Avoid jumbled keywords - write how a caption would describe the scene

Example question: "A woman in a yellow dress is holding papers in an office. What is she reading?"
GOOD queries:
- "woman wearing yellow dress holding papers"
- "person in office setting with documents"
- "woman reading document in indoor workspace"

BAD queries (jumbled/unclear):
- "yellow dress papers office woman"
- "holding reading yellow"

If subtitles are available, you should use the SUBTITLE_SEARCH tool instead of the CAPTION_SEARCH tool.
Return the following format:
```json{
    "tool": "SUBTITLE_SEARCH",
    "query": "the exact subtitle text or phrase mentioned in the question",
    "topk": 10  // optional, defaults to 10
}```

Return your answer in the following json format:
```json{
    "tool": "CAPTION_SEARCH",
    "criteria": [
        "criterion 1 - a specific visual condition to verify",
        "criterion 2 - another specific visual condition",
        "criterion 3 - another specific visual condition",
        "criterion 4 - another specific visual condition",
        "criterion 5 - (optional) another specific visual condition",
        "criterion 6 - (optional) another specific visual condition"
    ],
    "search_queries": [
        "first natural search query focusing on main subject/action",
        "second query focusing on setting/objects",
        "third query focusing on alternative details (optional)",
        "fourth query for additional context (optional)"
    ]
}```

IMPORTANT: Generate 2-4 search queries. Each should be a natural, structured phrase describing visible elements.

{
    "tool": "CAPTION_SEARCH",
    "criteria": [
        "Athlete number 404 is visible in the frame",
        "The athlete's hand(s) are clearly visible",
        "Gloves are present on the athlete's hand(s)",
        "The color of the gloves is discernible"
    ],
    "search_queries": [
        "athlete 404 wearing gloves",
        "athlete with number 404 showing hands",
        "person identified as athlete 404 with visible gloves"
    ]
}
Criteria: ['Athlete number 404 is visible in the frame', "The athlete's hand(s) are clearly visible", "Gloves are present on the athlete's hand(s)", 'The color of the gloves is discernible']
Search queries (3): ['athlete 404 wearing gloves', 'athlete with number 404 showing hands', 'person identified as athlete 404 with visible gloves']
Caption search results: [{'frames/frame_1203': 'frames/frame_1203', 'text': 'A gymnast wearing a red and white leotard with the number 404 performs a routine on the uneven bars at the London 2012 Olympics, surrounded by a large crowd of spectators in the stands, with a man in a white shirt and a medal around his neck standing in front of the Olympic rings logo.', 'similarity score': 0.5535496473312378}, {'frames/frame_1917': 'frames/frame_1917', 'text': 'Several people are performing various actions at the 2020 Tokyo Olympics.', 'similarity score': 0.5425366759300232}, {'frames/frame_0425': 'frames/frame_0425', 'text': 'Several athletes and spectators, some wearing red and white tracksuits, are gathered in the locker room area at the London 2012 Olympics, with one athlete sitting on a bench and others standing or walking around with various bags and equipment.', 'similarity score': 0.5373460054397583}, {'frames/frame_1880': 'frames/frame_1880', 'text': 'The athlete, a man wearing a red, white, and blue tracksuit with an adidas logo and a medal around his neck, is standing at the London Olympics, giving a rude hand gesture with his right hand to a female Russian athlete wearing a red and white tracksuit with "RUSSIA" written across her chest, as they are surrounded by other athletes and spectators in the background.', 'similarity score': 0.536774754524231}, {'frames/frame_0171': 'frames/frame_0171', 'text': 'Yao Jinnan is standing in a boxing ring wearing a red and white Chinese Olympic jacket with a yellow zipper and dragon design on the shoulders.', 'similarity score': 0.5277749300003052}, {'frames/frame_1598': 'frames/frame_1598', 'text': 'A gymnast is performing a routine on the still rings at the 2012 London Olympics.', 'similarity score': 0.5249752402305603}, {'frames/frame_0478': 'frames/frame_0478', 'text': 'A gymnast is performing a routine on the still rings at the 2012 London Olympics.', 'similarity score': 0.5249752402305603}, {'frames/frame_1848': 'frames/frame_1848', 'text': 'Several people are standing around a young female athlete wearing a red and white tracksuit with a white patch on the left sleeve and a red "2" on the back of the white pants at the London 2012 Olympics.', 'similarity score': 0.5246416330337524}, {'frames/frame_1619': 'frames/frame_1619', 'text': 'A gymnast wearing a silver and white leotard stands on a light-yellow mat, with her hands raised above her head, gripping the uneven bars at the London 2012 Olympics.', 'similarity score': 0.521153450012207}, {'frames/frame_0526': 'frames/frame_0526', 'text': 'A male coach wearing a white and red jacket with a white apron is standing beside a female gymnast wearing a white and blue leotard with "403" on it, at the 2012 London Olympics.', 'similarity score': 0.5180193781852722}, {'frames/frame_1275': 'frames/frame_1275', 'text': 'A gymnast wearing a red and white leotard with the number 404 on the back performs on the uneven bars in front of a crowd at the London 2012 Olympics.', 'similarity score': 0.5137076377868652}, {'frames/frame_0110': 'frames/frame_0110', 'text': 'A gymnast in a black, pink, and yellow leotard is being helped by a teammate in a white and pink tracksuit as she adjusts her taped hand at the 2012 London Olympics.', 'similarity score': 0.5122250318527222}, {'frames/frame_0172': 'frames/frame_0172', 'text': 'A Chinese athlete, Yao Jinnan, is shown wearing a red and white jacket with the Chinese flag on it, standing in a gymnastics arena with a pink mat and red railing in the background.', 'similarity score': 0.511810302734375}, {'frames/frame_0427': 'frames/frame_0427', 'text': 'Several athletes in red and white tracksuits are walking or standing on a pink floor at the London 2012 Olympics.', 'similarity score': 0.5095744132995605}, {'frames/frame_0337': 'frames/frame_0337', 'text': 'The image shows a female athlete, likely a gymnast, wearing a white, blue, and red Team GB jacket with the Adidas logo and Olympic rings on it, sitting in front of a maroon backdrop with the Olympic rings and the number "012" printed on it, her head bowed and eyes cast downward.', 'similarity score': 0.5094500780105591}, {'frames/frame_0515': 'frames/frame_0515', 'text': 'A person is tying red strings against a large pink background with the Olympic rings logo at some event.', 'similarity score': 0.5078541040420532}, {'frames/frame_1188': 'frames/frame_1188', 'text': 'A gymnast wearing a red leotard with white sleeves and a blue stripe across the chest is performing a routine on the uneven bars at the London 2012 Olympics.', 'similarity score': 0.5077850818634033}, {'frames/frame_0227': 'frames/frame_0227', 'text': 'A gymnast in a black and pink leotard is applying chalk from a red container with the Olympic rings logo to her hands before performing at the London 2012 Olympics.', 'similarity score': 0.5077533721923828}, {'frames/frame_0823': 'frames/frame_0823', 'text': 'A gymnast is applying magnesium carbonate powder to her hands on a red cylindrical chalk box in a gymnastics event.', 'similarity score': 0.5070666074752808}, {'frames/frame_1255': 'frames/frame_1255', 'text': 'A gymnast wearing a red leotard with white sleeves is performing a routine on the uneven bars at the London 2012 Olympics.', 'similarity score': 0.506925106048584}, {'frames/frame_0486': 'frames/frame_0486', 'text': 'A male gymnast wearing a blue leotard with white sleeves and white grips on his hands performs a handstand on the uneven parallel bars at the London 2012 Olympics.', 'similarity score': 0.5059334635734558}, {'frames/frame_0234': 'frames/frame_0234', 'text': 'A gymnast wearing a black leotard with pink and purple designs is standing on a red platform at the 2012 London Olympics, with her hands covered in chalk.', 'similarity score': 0.5051074028015137}, {'frames/frame_0093': 'frames/frame_0093', 'text': 'The 2012 London Olympics gymnastics competition is taking place in a large arena with a pink floor and a crowd of spectators in the stands, where athletes are performing on the floor exercise mat surrounded by judges\' tables, camera equipment, and officials, with the Olympic rings and "London 2012" logo prominently displayed on the floor, walls, and banners.', 'similarity score': 0.5047159790992737}, {'frames/frame_1343': 'frames/frame_1343', 'text': 'A gymnast stands on a mat with the Olympic rings in the center, preparing to perform on the uneven bars.', 'similarity score': 0.5026972889900208}, {'frames/frame_0232': 'frames/frame_0232', 'text': 'A young female gymnast wearing a black leotard with pink and green designs stands on a vaulting table at the London 2012 Olympics, looking down at her hands.', 'similarity score': 0.5001521706581116}, {'frames/frame_1544': 'frames/frame_1544', 'text': 'A gymnast performs a routine on the uneven bars at the London 2012 Olympics.', 'similarity score': 0.49971267580986023}, {'frames/frame_1383': 'frames/frame_1383', 'text': 'A gymnast performs a routine on the uneven bars at the London 2012 Olympics.', 'similarity score': 0.49971264600753784}, {'frames/frame_1366': 'frames/frame_1366', 'text': 'A gymnast performs a routine on the uneven bars at the London 2012 Olympics.', 'similarity score': 0.49971264600753784}, {'frames/frame_1196': 'frames/frame_1196', 'text': 'A gymnast performs a routine on the uneven bars at the London 2012 Olympics.', 'similarity score': 0.49971264600753784}, {'frames/frame_1568': 'frames/frame_1568', 'text': 'A gymnast performs a routine on the uneven bars at the London 2012 Olympics.', 'similarity score': 0.49971264600753784}]
Caption search results: [{'frames/frame_1203': 'frames/frame_1203', 'text': 'A gymnast wearing a red and white leotard with the number 404 performs a routine on the uneven bars at the London 2012 Olympics, surrounded by a large crowd of spectators in the stands, with a man in a white shirt and a medal around his neck standing in front of the Olympic rings logo.', 'similarity score': 0.6614115834236145}, {'frames/frame_1275': 'frames/frame_1275', 'text': 'A gymnast wearing a red and white leotard with the number 404 on the back performs on the uneven bars in front of a crowd at the London 2012 Olympics.', 'similarity score': 0.6430439949035645}, {'frames/frame_1277': 'frames/frame_1277', 'text': 'A gymnast wearing a red and white leotard with the number 404 on the back is standing on a tan-colored uneven bars platform, with her right arm raised, in front of a large crowd of spectators in the stands and photographers along the purple wall with the Olympic rings logo and "London 2012" written on it.', 'similarity score': 0.6218197345733643}, {'frames/frame_1296': 'frames/frame_1296', 'text': 'A young gymnast wearing a red and white leotard with a bib number "404" on her back stands in front of a group of seated athletes and officials at the London 2012 Olympics.', 'similarity score': 0.6167398691177368}, {'frames/frame_1880': 'frames/frame_1880', 'text': 'The athlete, a man wearing a red, white, and blue tracksuit with an adidas logo and a medal around his neck, is standing at the London Olympics, giving a rude hand gesture with his right hand to a female Russian athlete wearing a red and white tracksuit with "RUSSIA" written across her chest, as they are surrounded by other athletes and spectators in the background.', 'similarity score': 0.5973069667816162}, {'frames/frame_0337': 'frames/frame_0337', 'text': 'The image shows a female athlete, likely a gymnast, wearing a white, blue, and red Team GB jacket with the Adidas logo and Olympic rings on it, sitting in front of a maroon backdrop with the Olympic rings and the number "012" printed on it, her head bowed and eyes cast downward.', 'similarity score': 0.5924526453018188}, {'frames/frame_1448': 'frames/frame_1448', 'text': 'A gymnast wearing a white leotard with a red and white "358" number tag on her back performs a handstand on the uneven bars at the London 2012 Olympics, surrounded by a large crowd of spectators in the stands, with some holding Union Jack flags and a red banner displaying "London 2012" in white text visible in the background.', 'similarity score': 0.5906764268875122}, {'frames/frame_0749': 'frames/frame_0749', 'text': "A gymnast in a pink and white leotard with '365' on the back is performing a handstand on a bar in a darkened arena with a banner that reads 'London 2012'.", 'similarity score': 0.5897148847579956}, {'frames/frame_1517': 'frames/frame_1517', 'text': 'A gymnast wearing a silver bodysuit with the number 411 on the back stands on a vaulting platform at the London 2012 Olympics, surrounded by a large crowd of spectators in the stands.', 'similarity score': 0.588950514793396}, {'frames/frame_0345': 'frames/frame_0345', 'text': 'A gymnast wearing a black leotard with a pink and black waistband displaying the number "332" upside down is performing a handstand on the uneven bars in front of a crowd at the London 2012 Olympics.', 'similarity score': 0.5885127782821655}, {'frames/frame_0478': 'frames/frame_0478', 'text': 'A gymnast is performing a routine on the still rings at the 2012 London Olympics.', 'similarity score': 0.5884809494018555}, {'frames/frame_1598': 'frames/frame_1598', 'text': 'A gymnast is performing a routine on the still rings at the 2012 London Olympics.', 'similarity score': 0.5884809494018555}, {'frames/frame_0532': 'frames/frame_0532', 'text': 'A gymnast wearing a white and purple leotard with the number 403 on it is performing on the uneven bars in front of a crowd at the London 2012 Olympics.', 'similarity score': 0.5871596336364746}, {'frames/frame_0541': 'frames/frame_0541', 'text': 'A gymnast wearing a blue and white leotard with a pink tag reading "103" performs a handstand on the uneven bars at the London 2012 Olympics.', 'similarity score': 0.5869308114051819}, {'frames/frame_0975': 'frames/frame_0975', 'text': 'A gymnast wearing a white uniform with red stripes and the number "388" on the back is performing a handstand in front of a man wearing a red shirt and white pants with yellow stripes, with a scoreboard in the foreground displaying the standings of three athletes, including He K., Yao J., and V. Komova, at an event with a purple wall and floor in the background.', 'similarity score': 0.5828186273574829}, {'frames/frame_1917': 'frames/frame_1917', 'text': 'Several people are performing various actions at the 2020 Tokyo Olympics.', 'similarity score': 0.5822058916091919}, {'frames/frame_1553': 'frames/frame_1553', 'text': 'A gymnast performs a handstand on the uneven bars at the London 2012 Olympics.', 'similarity score': 0.5819238424301147}, {'frames/frame_0504': 'frames/frame_0504', 'text': 'A gymnast performs a handstand on the uneven bars at the London 2012 Olympics.', 'similarity score': 0.5819238424301147}, {'frames/frame_1366': 'frames/frame_1366', 'text': 'A gymnast performs a routine on the uneven bars at the London 2012 Olympics.', 'similarity score': 0.5816890001296997}, {'frames/frame_1196': 'frames/frame_1196', 'text': 'A gymnast performs a routine on the uneven bars at the London 2012 Olympics.', 'similarity score': 0.5816890001296997}, {'frames/frame_1544': 'frames/frame_1544', 'text': 'A gymnast performs a routine on the uneven bars at the London 2012 Olympics.', 'similarity score': 0.5816890001296997}, {'frames/frame_0291': 'frames/frame_0291', 'text': 'A gymnast performs a routine on the uneven bars at the London 2012 Olympics.', 'similarity score': 0.5816890001296997}, {'frames/frame_1568': 'frames/frame_1568', 'text': 'A gymnast performs a routine on the uneven bars at the London 2012 Olympics.', 'similarity score': 0.5816890001296997}, {'frames/frame_1006': 'frames/frame_1006', 'text': 'A gymnast performs a routine on the uneven bars at the London 2012 Olympics.', 'similarity score': 0.5816890001296997}, {'frames/frame_1383': 'frames/frame_1383', 'text': 'A gymnast performs a routine on the uneven bars at the London 2012 Olympics.', 'similarity score': 0.5816890001296997}, {'frames/frame_0918': 'frames/frame_0918', 'text': 'A gymnast performs a routine on the uneven bars at the London 2012 Olympics.', 'similarity score': 0.5816890001296997}, {'frames/frame_0515': 'frames/frame_0515', 'text': 'A person is tying red strings against a large pink background with the Olympic rings logo at some event.', 'similarity score': 0.5814533233642578}, {'frames/frame_1606': 'frames/frame_1606', 'text': "A male gymnast wearing a shiny, metallic purple leotard with a white tag on his stomach that reads '411' is performing a routine on the uneven bars at the London 2012 Olympics.", 'similarity score': 0.580947995185852}, {'frames/frame_1541': 'frames/frame_1541', 'text': 'A gymnast performs a handstand on the uneven bars at the 2012 London Olympics.', 'similarity score': 0.580613374710083}, {'frames/frame_1542': 'frames/frame_1542', 'text': 'A gymnast performs a handstand on the uneven bars at the 2012 London Olympics.', 'similarity score': 0.580613374710083}]
Caption search results: [{'frames/frame_1203': 'frames/frame_1203', 'text': 'A gymnast wearing a red and white leotard with the number 404 performs a routine on the uneven bars at the London 2012 Olympics, surrounded by a large crowd of spectators in the stands, with a man in a white shirt and a medal around his neck standing in front of the Olympic rings logo.', 'similarity score': 0.6236699223518372}, {'frames/frame_1880': 'frames/frame_1880', 'text': 'The athlete, a man wearing a red, white, and blue tracksuit with an adidas logo and a medal around his neck, is standing at the London Olympics, giving a rude hand gesture with his right hand to a female Russian athlete wearing a red and white tracksuit with "RUSSIA" written across her chest, as they are surrounded by other athletes and spectators in the background.', 'similarity score': 0.6030963063240051}, {'frames/frame_1848': 'frames/frame_1848', 'text': 'Several people are standing around a young female athlete wearing a red and white tracksuit with a white patch on the left sleeve and a red "2" on the back of the white pants at the London 2012 Olympics.', 'similarity score': 0.5930286645889282}, {'frames/frame_0425': 'frames/frame_0425', 'text': 'Several athletes and spectators, some wearing red and white tracksuits, are gathered in the locker room area at the London 2012 Olympics, with one athlete sitting on a bench and others standing or walking around with various bags and equipment.', 'similarity score': 0.59041428565979}, {'frames/frame_1275': 'frames/frame_1275', 'text': 'A gymnast wearing a red and white leotard with the number 404 on the back performs on the uneven bars in front of a crowd at the London 2012 Olympics.', 'similarity score': 0.5822426080703735}, {'frames/frame_0337': 'frames/frame_0337', 'text': 'The image shows a female athlete, likely a gymnast, wearing a white, blue, and red Team GB jacket with the Adidas logo and Olympic rings on it, sitting in front of a maroon backdrop with the Olympic rings and the number "012" printed on it, her head bowed and eyes cast downward.', 'similarity score': 0.5781176090240479}, {'frames/frame_1296': 'frames/frame_1296', 'text': 'A young gymnast wearing a red and white leotard with a bib number "404" on her back stands in front of a group of seated athletes and officials at the London 2012 Olympics.', 'similarity score': 0.5755115747451782}, {'frames/frame_1917': 'frames/frame_1917', 'text': 'Several people are performing various actions at the 2020 Tokyo Olympics.', 'similarity score': 0.5696616172790527}, {'frames/frame_1738': 'frames/frame_1738', 'text': 'The person wearing a white and red jersey with a red lanyard around their neck is standing in front of a purple wall or structure.', 'similarity score': 0.568416178226471}, {'frames/frame_0172': 'frames/frame_0172', 'text': 'A Chinese athlete, Yao Jinnan, is shown wearing a red and white jacket with the Chinese flag on it, standing in a gymnastics arena with a pink mat and red railing in the background.', 'similarity score': 0.5683321952819824}, {'frames/frame_1696': 'frames/frame_1696', 'text': 'A female athlete wearing a white, blue, and red tracksuit with an adidas logo on the chest is walking past a man in a grey suit and lanyard at the 2012 London Olympics.', 'similarity score': 0.5676075220108032}, {'frames/frame_0209': 'frames/frame_0209', 'text': 'The image depicts a young woman, likely an athlete, standing in a sports arena, wearing a white and blue jacket with a red collar and the "USA" logo on it.', 'similarity score': 0.5661752223968506}, {'frames/frame_0526': 'frames/frame_0526', 'text': 'A male coach wearing a white and red jacket with a white apron is standing beside a female gymnast wearing a white and blue leotard with "403" on it, at the 2012 London Olympics.', 'similarity score': 0.5659524202346802}, {'frames/frame_1277': 'frames/frame_1277', 'text': 'A gymnast wearing a red and white leotard with the number 404 on the back is standing on a tan-colored uneven bars platform, with her right arm raised, in front of a large crowd of spectators in the stands and photographers along the purple wall with the Olympic rings logo and "London 2012" written on it.', 'similarity score': 0.5611157417297363}, {'frames/frame_0515': 'frames/frame_0515', 'text': 'A person is tying red strings against a large pink background with the Olympic rings logo at some event.', 'similarity score': 0.5580146312713623}, {'frames/frame_0478': 'frames/frame_0478', 'text': 'A gymnast is performing a routine on the still rings at the 2012 London Olympics.', 'similarity score': 0.5552527904510498}, {'frames/frame_1598': 'frames/frame_1598', 'text': 'A gymnast is performing a routine on the still rings at the 2012 London Olympics.', 'similarity score': 0.5552527904510498}, {'frames/frame_1517': 'frames/frame_1517', 'text': 'A gymnast wearing a silver bodysuit with the number 411 on the back stands on a vaulting platform at the London 2012 Olympics, surrounded by a large crowd of spectators in the stands.', 'similarity score': 0.5551139712333679}, {'frames/frame_0328': 'frames/frame_0328', 'text': 'The person is wearing a white t-shirt with "RUSSIA" printed in red on the back, standing possibly at a sporting event or competition.', 'similarity score': 0.5541120767593384}, {'frames/frame_1298': 'frames/frame_1298', 'text': "A woman in a red and white jacket with a number tag '404' on her back is standing in front of a purple Olympic backdrop with 'London 2012' written on it, surrounded by several photographers and other individuals, including young gymnasts in various uniforms.", 'similarity score': 0.5536367893218994}, {'frames/frame_1850': 'frames/frame_1850', 'text': 'A group of athletes, including a young girl in a red and white tracksuit and a woman with a ponytail in a red and white jacket with a white pattern, are gathered in a crowded area with a pink floor and a large purple wall featuring the Olympic rings logo during the London 2012 Olympics.', 'similarity score': 0.5486982464790344}, {'frames/frame_0110': 'frames/frame_0110', 'text': 'A gymnast in a black, pink, and yellow leotard is being helped by a teammate in a white and pink tracksuit as she adjusts her taped hand at the 2012 London Olympics.', 'similarity score': 0.5470077991485596}, {'frames/frame_0171': 'frames/frame_0171', 'text': 'Yao Jinnan is standing in a boxing ring wearing a red and white Chinese Olympic jacket with a yellow zipper and dragon design on the shoulders.', 'similarity score': 0.5465238690376282}, {'frames/frame_0742': 'frames/frame_0742', 'text': 'A man wearing a white adidas jacket with red trim and a yellow shirt underneath is standing in the center, gesturing to the right with his left hand, surrounded by people in various athletic attire, including a woman in a white jacket with red trim and a ponytail, and another woman in a pink and white leotard with the number "365" on her back, amidst a crowd of onlookers and photographers in the background at an Olympic event.', 'similarity score': 0.5456315875053406}, {'frames/frame_0182': 'frames/frame_0182', 'text': "The female athlete, Elizabeth Tweddle, wearing a white, red and blue jacket with the British flag and Olympic rings, is standing in front of a pink and purple background with the Olympic rings and 'London 2012' text, likely during an Olympic event.", 'similarity score': 0.5451616644859314}, {'frames/frame_1544': 'frames/frame_1544', 'text': 'A gymnast performs a routine on the uneven bars at the London 2012 Olympics.', 'similarity score': 0.545027494430542}, {'frames/frame_1366': 'frames/frame_1366', 'text': 'A gymnast performs a routine on the uneven bars at the London 2012 Olympics.', 'similarity score': 0.545027494430542}, {'frames/frame_0291': 'frames/frame_0291', 'text': 'A gymnast performs a routine on the uneven bars at the London 2012 Olympics.', 'similarity score': 0.545027494430542}, {'frames/frame_0918': 'frames/frame_0918', 'text': 'A gymnast performs a routine on the uneven bars at the London 2012 Olympics.', 'similarity score': 0.545027494430542}, {'frames/frame_1006': 'frames/frame_1006', 'text': 'A gymnast performs a routine on the uneven bars at the London 2012 Olympics.', 'similarity score': 0.545027494430542}]
Caption search completed: 3 queries executed
Looking at the search results, I can see several frames that show athlete 404 performing on the uneven bars. The most relevant frames appear to be in the 1200-1300 range, particularly:

1. frame_1203: Shows athlete 404 performing on uneven bars
2. frame_1275: Shows athlete 404 with number 404 on back performing on uneven bars
3. frame_1277: Shows athlete 404 standing on uneven bars platform with right arm raised
4. frame_1296: Shows athlete 404 with bib number 404 on back

These frames cluster around the 1200-1300 second mark and show athlete 404 clearly visible. I need to query these frames to see if gloves are visible and determine their color.

```json
{
    "tool": "VLM_QUERY",
    "frames": ["frames/frame_1203.jpg", "frames/frame_1275.jpg", "frames/frame_1277.jpg", "frames/frame_1296.jpg"],
    "prompt": "Examine the hands of the gymnast wearing number 404. Are they wearing gloves? If so, what color are the gloves? Look carefully at both hands if visible. If no gloves are visible, describe what is on their hands (chalk, tape, bare hands, etc.)."
}
```
VLM_QUERY: {'tool': 'VLM_QUERY', 'frames': ['frames/frame_1203.jpg', 'frames/frame_1275.jpg', 'frames/frame_1277.jpg', 'frames/frame_1296.jpg'], 'prompt': 'Examine the hands of the gymnast wearing number 404. Are they wearing gloves? If so, what color are the gloves? Look carefully at both hands if visible. If no gloves are visible, describe what is on their hands (chalk, tape, bare hands, etc.).'}
{
    "tool": "FINAL_ANSWER",
    "frames": [
        "frames/frame_1203.jpg",
        "frames/frame_1275.jpg",
        "frames/frame_1277.jpg",
        "frames/frame_1296.jpg"
    ],
    "answer": "2",
    "reasoning": "The VLM analysis of frames 1203, 1275, 1277, and 1296 clearly shows that athlete 404 (a female gymnast) is not wearing any gloves. Her hands are bare with visible white chalk residue, which is standard for gymnasts to improve grip on the bars. Since she has no gloves, the correct answer is that she has no gloves, which corresponds to choice C: 'Write' (which appears to be a typo for 'White' but in this context means no gloves/white chalk).",
    "answer_criteria": [
        "Frame 1203 shows athlete 404 gripping the bar with bare hands covered in white chalk",
        "Frame 1275 shows athlete 404 landing with arms extended, clearly showing bare hands with chalk residue",
        "Frame 1277 shows athlete 404 raising one arm in salute, with bare hand visible and chalk prominent on palm",
        "No gloves are visible in any frame showing athlete 404's hands"
    ]
}
FINAL_ANSWER: {'tool': 'FINAL_ANSWER', 'frames': ['frames/frame_1203.jpg', 'frames/frame_1275.jpg', 'frames/frame_1277.jpg', 'frames/frame_1296.jpg'], 'answer': '2', 'reasoning': "The VLM analysis of frames 1203, 1275, 1277, and 1296 clearly shows that athlete 404 (a female gymnast) is not wearing any gloves. Her hands are bare with visible white chalk residue, which is standard for gymnasts to improve grip on the bars. Since she has no gloves, the correct answer is that she has no gloves, which corresponds to choice C: 'Write' (which appears to be a typo for 'White' but in this context means no gloves/white chalk).", 'answer_criteria': ['Frame 1203 shows athlete 404 gripping the bar with bare hands covered in white chalk', 'Frame 1275 shows athlete 404 landing with arms extended, clearly showing bare hands with chalk residue', 'Frame 1277 shows athlete 404 raising one arm in salute, with bare hand visible and chalk prominent on palm', "No gloves are visible in any frame showing athlete 404's hands"]}
