Critic initial response: The question asks about Thiago hitting someone and receiving a warning (yellow card). The given answer is "1" which corresponds to "Dunk" (since 0-indexed: 0=Gross, 1=Dunk, 2=Steele, 3=Webster).

The evidence frames provided (frames 5285-5305) are centered around the incident. The expanded frames include context before and after the key event.

From the character logs, Lewis Dunk is a Brighton & Hove Albion player (number 5). The question criteria require verifying:
1. Thiago making physical contact with another player
2. The contact being a foul/aggressive action
3. A referee showing a yellow card to Thiago
4. Identifying the player fouled by Thiago
5. The fouled player wearing Brighton or Liverpool kit
6. The incident occurring during the soccer match

The VLM query should analyze the visual evidence to confirm if Thiago fouls Dunk (answer 1) and receives a yellow card.

```json
{
    "tool": "VLM_QUERY",
    "frames": ["frames/frame_5285.jpg", "frames/frame_5286.jpg", "frames/frame_5287.jpg", "frames/frame_5288.jpg", "frames/frame_5289.jpg", "frames/frame_5290.jpg", "frames/frame_5291.jpg", "frames/frame_5292.jpg", "frames/frame_5293.jpg", "frames/frame_5294.jpg", "frames/frame_5295.jpg", "frames/frame_5296.jpg", "frames/frame_5297.jpg", "frames/frame_5298.jpg", "frames/frame_5299.jpg", "frames/frame_5300.jpg", "frames/frame_5301.jpg", "frames/frame_5302.jpg", "frames/frame_5303.jpg", "frames/frame_5304.jpg", "frames/frame_5305.jpg"],
    "prompt": "Based on these frames (including context before/after), verify if the answer '1' (Dunk) is correct for the question: Who is hit by Thiago and therefore, Thiago gets a warn? Check the question criteria: 1. Thiago (Liverpool player) making physical contact with another player 2. The contact appears to be a foul or aggressive action 3. A referee showing a yellow card (warning) to Thiago 4. The player who was fouled/contacted by Thiago 5. The fouled player wearing either Brighton or Liverpool kit 6. The incident occurring during the soccer match scene. Pay attention to timestamps and temporal sequences. Specifically look for: Thiago (Liverpool player) fouling Lewis Dunk (Brighton player, number 5) and receiving a yellow card from the referee."
}
```
Frames to verify: ['frames/frame_5285.jpg', 'frames/frame_5286.jpg', 'frames/frame_5287.jpg', 'frames/frame_5288.jpg', 'frames/frame_5289.jpg', 'frames/frame_5290.jpg', 'frames/frame_5291.jpg', 'frames/frame_5292.jpg', 'frames/frame_5293.jpg', 'frames/frame_5294.jpg', 'frames/frame_5295.jpg', 'frames/frame_5296.jpg', 'frames/frame_5297.jpg', 'frames/frame_5298.jpg', 'frames/frame_5299.jpg', 'frames/frame_5300.jpg', 'frames/frame_5301.jpg', 'frames/frame_5302.jpg', 'frames/frame_5303.jpg', 'frames/frame_5304.jpg', 'frames/frame_5305.jpg']
VLM Prompt: Video context: Failed to generate after 3 attempts: Error code: 503 - The server is overloaded or not ready yet.

Based on these frames (including context before/after), verify if the answer '1' (Dunk) is correct for the question: Who is hit by Thiago and therefore, Thiago gets a warn? Check the question criteria: 1. Thiago (Liverpool player) making physical contact with another player 2. The contact appears to be a foul or aggressive action 3. A referee showing a yellow card (warning) to Thiago 4. The player who was fouled/contacted by Thiago 5. The fouled player wearing either Brighton or Liverpool kit 6. The incident occurring during the soccer match scene. Pay attention to timestamps and temporal sequences. Specifically look for: Thiago (Liverpool player) fouling Lewis Dunk (Brighton player, number 5) and receiving a yellow card from the referee.
VLM response: {'batched_responses': [{'batch_start': 0, 'batch_end': 21, 'image_paths': ['/mnt/ssd/data/lvbench/videos_processed/T1yhBv1ytzw/frames/frame_5285.jpg', '/mnt/ssd/data/lvbench/videos_processed/T1yhBv1ytzw/frames/frame_5286.jpg', '/mnt/ssd/data/lvbench/videos_processed/T1yhBv1ytzw/frames/frame_5287.jpg', '/mnt/ssd/data/lvbench/videos_processed/T1yhBv1ytzw/frames/frame_5288.jpg', '/mnt/ssd/data/lvbench/videos_processed/T1yhBv1ytzw/frames/frame_5289.jpg', '/mnt/ssd/data/lvbench/videos_processed/T1yhBv1ytzw/frames/frame_5290.jpg', '/mnt/ssd/data/lvbench/videos_processed/T1yhBv1ytzw/frames/frame_5291.jpg', '/mnt/ssd/data/lvbench/videos_processed/T1yhBv1ytzw/frames/frame_5292.jpg', '/mnt/ssd/data/lvbench/videos_processed/T1yhBv1ytzw/frames/frame_5293.jpg', '/mnt/ssd/data/lvbench/videos_processed/T1yhBv1ytzw/frames/frame_5294.jpg', '/mnt/ssd/data/lvbench/videos_processed/T1yhBv1ytzw/frames/frame_5295.jpg', '/mnt/ssd/data/lvbench/videos_processed/T1yhBv1ytzw/frames/frame_5296.jpg', '/mnt/ssd/data/lvbench/videos_processed/T1yhBv1ytzw/frames/frame_5297.jpg', '/mnt/ssd/data/lvbench/videos_processed/T1yhBv1ytzw/frames/frame_5298.jpg', '/mnt/ssd/data/lvbench/videos_processed/T1yhBv1ytzw/frames/frame_5299.jpg', '/mnt/ssd/data/lvbench/videos_processed/T1yhBv1ytzw/frames/frame_5300.jpg', '/mnt/ssd/data/lvbench/videos_processed/T1yhBv1ytzw/frames/frame_5301.jpg', '/mnt/ssd/data/lvbench/videos_processed/T1yhBv1ytzw/frames/frame_5302.jpg', '/mnt/ssd/data/lvbench/videos_processed/T1yhBv1ytzw/frames/frame_5303.jpg', '/mnt/ssd/data/lvbench/videos_processed/T1yhBv1ytzw/frames/frame_5304.jpg', '/mnt/ssd/data/lvbench/videos_processed/T1yhBv1ytzw/frames/frame_5305.jpg'], 'response': "Based on the provided frames and the question criteria, the answer **'1' (Dunk)** is **correct**.\n\nHere's the verification against each criterion:\n\n1. **Thiago (Liverpool player) making physical contact with another player**  \n   → Frame 6–7 show Thiago (in red, Liverpool kit) on the ground near a Brighton player who is also on the ground. Frame 16–17 show Thiago standing over the fallen Brighton player, indicating prior contact.\n\n2. **The contact appears to be a foul or aggressive action**  \n   → The Brighton player (later identified as Dunk) is on the ground in pain (Frame 2, 6, 7, 10, 16, 17), and Thiago is seen reacting with a gesture of frustration or apology (Frame 1, 4, 19, 20), suggesting the contact was deemed a foul.\n\n3. **A referee showing a yellow card (warning) to Thiago**  \n   → Frame 13 clearly shows the referee holding up a **yellow card** toward Thiago, who is bending over in front of him.\n\n4. **The player who was fouled/contacted by Thiago**  \n   → Frame 17–18 clearly show the Brighton player on the ground wearing **number 5**, which is **Lewis Dunk**.\n\n5. **The fouled player wearing either Brighton or Liverpool kit**  \n   → Dunk is wearing the **Brighton kit** (blue and white striped jersey), which satisfies the criterion.\n\n6. **The incident occurring during the soccer match scene**  \n   → All frames show a live match with scoreboard (85:22–85:42), players, referee, and stadium crowd — clearly during the match.\n\n**Temporal Sequence Summary:**\n- Frame 2: Brighton player (Dunk) is already on the ground.\n- Frame 6–7: Thiago is on the ground near him, indicating the foul just occurred.\n- Frame 13: Referee shows yellow card to Thiago.\n- Frame 17–18: Dunk (No. 5) is clearly visible on the ground, confirming he is the fouled player.\n\n✅ All criteria are satisfied. The player hit by Thiago, who consequently receives a yellow card, is **Lewis Dunk (number 5)**.\n\n**Final Answer: 1 (Dunk) — Correct.**"}], 'formatted_responses': ["\n=== Batch 0-21 (21 frames) ===\nFrames: /mnt/ssd/data/lvbench/videos_processed/T1yhBv1ytzw/frames/frame_5285.jpg, /mnt/ssd/data/lvbench/videos_processed/T1yhBv1ytzw/frames/frame_5286.jpg, /mnt/ssd/data/lvbench/videos_processed/T1yhBv1ytzw/frames/frame_5287.jpg, /mnt/ssd/data/lvbench/videos_processed/T1yhBv1ytzw/frames/frame_5288.jpg, /mnt/ssd/data/lvbench/videos_processed/T1yhBv1ytzw/frames/frame_5289.jpg, /mnt/ssd/data/lvbench/videos_processed/T1yhBv1ytzw/frames/frame_5290.jpg, /mnt/ssd/data/lvbench/videos_processed/T1yhBv1ytzw/frames/frame_5291.jpg, /mnt/ssd/data/lvbench/videos_processed/T1yhBv1ytzw/frames/frame_5292.jpg, /mnt/ssd/data/lvbench/videos_processed/T1yhBv1ytzw/frames/frame_5293.jpg, /mnt/ssd/data/lvbench/videos_processed/T1yhBv1ytzw/frames/frame_5294.jpg, /mnt/ssd/data/lvbench/videos_processed/T1yhBv1ytzw/frames/frame_5295.jpg, /mnt/ssd/data/lvbench/videos_processed/T1yhBv1ytzw/frames/frame_5296.jpg, /mnt/ssd/data/lvbench/videos_processed/T1yhBv1ytzw/frames/frame_5297.jpg, /mnt/ssd/data/lvbench/videos_processed/T1yhBv1ytzw/frames/frame_5298.jpg, /mnt/ssd/data/lvbench/videos_processed/T1yhBv1ytzw/frames/frame_5299.jpg, /mnt/ssd/data/lvbench/videos_processed/T1yhBv1ytzw/frames/frame_5300.jpg, /mnt/ssd/data/lvbench/videos_processed/T1yhBv1ytzw/frames/frame_5301.jpg, /mnt/ssd/data/lvbench/videos_processed/T1yhBv1ytzw/frames/frame_5302.jpg, /mnt/ssd/data/lvbench/videos_processed/T1yhBv1ytzw/frames/frame_5303.jpg, /mnt/ssd/data/lvbench/videos_processed/T1yhBv1ytzw/frames/frame_5304.jpg, /mnt/ssd/data/lvbench/videos_processed/T1yhBv1ytzw/frames/frame_5305.jpg\nVLM Response: Based on the provided frames and the question criteria, the answer **'1' (Dunk)** is **correct**.\n\nHere's the verification against each criterion:\n\n1. **Thiago (Liverpool player) making physical contact with another player**  \n   → Frame 6–7 show Thiago (in red, Liverpool kit) on the ground near a Brighton player who is also on the ground. Frame 16–17 show Thiago standing over the fallen Brighton player, indicating prior contact.\n\n2. **The contact appears to be a foul or aggressive action**  \n   → The Brighton player (later identified as Dunk) is on the ground in pain (Frame 2, 6, 7, 10, 16, 17), and Thiago is seen reacting with a gesture of frustration or apology (Frame 1, 4, 19, 20), suggesting the contact was deemed a foul.\n\n3. **A referee showing a yellow card (warning) to Thiago**  \n   → Frame 13 clearly shows the referee holding up a **yellow card** toward Thiago, who is bending over in front of him.\n\n4. **The player who was fouled/contacted by Thiago**  \n   → Frame 17–18 clearly show the Brighton player on the ground wearing **number 5**, which is **Lewis Dunk**.\n\n5. **The fouled player wearing either Brighton or Liverpool kit**  \n   → Dunk is wearing the **Brighton kit** (blue and white striped jersey), which satisfies the criterion.\n\n6. **The incident occurring during the soccer match scene**  \n   → All frames show a live match with scoreboard (85:22–85:42), players, referee, and stadium crowd — clearly during the match.\n\n**Temporal Sequence Summary:**\n- Frame 2: Brighton player (Dunk) is already on the ground.\n- Frame 6–7: Thiago is on the ground near him, indicating the foul just occurred.\n- Frame 13: Referee shows yellow card to Thiago.\n- Frame 17–18: Dunk (No. 5) is clearly visible on the ground, confirming he is the fouled player.\n\n✅ All criteria are satisfied. The player hit by Thiago, who consequently receives a yellow card, is **Lewis Dunk (number 5)**.\n\n**Final Answer: 1 (Dunk) — Correct.**\n"], 'condensed_response': '**Condensed Scene Summary (Frames\u202f2\u202f–\u202f18)**  \n\n| Frame | Action & Characters (tracked) |\n|-------|--------------------------------|\n| **2** | Brighton defender **Lewis\u202fDunk** (№\u202f5, blue‑white stripes) is already on the ground, grimacing. |\n| **6‑7** | Liverpool midfielder **Thiago** (red kit) lands on the turf right next to Dunk, indicating he just made contact. |\n| **13** | The referee lifts a **yellow card** toward Thiago, who is bent over in front of the official, signalling a foul warning. |\n| **17‑18** | Dunk remains down on the pitch, clearly visible in his Brighton kit, confirming he was the player fouled. |\n| **1,\u202f4,\u202f19‑20** (context) | Thiago’s gestures (hands to head, slight bow) suggest frustration/apology after the foul. |\n| **All frames** | The match scoreboard reads **85:22\u202f–\u202f85:42**, stadium crowd and live‑match atmosphere are visible, confirming the incident occurs during the game. |\n\n**Narrative Flow**  \n- At the 85th minute, Thiago collides with Dunk, sending the Brighton defender to the ground.  \n- The referee immediately spots the infraction and issues a yellow card to Thiago (frame\u202f13).  \n- Dunk stays on the pitch, still in his Brighton strip, confirming he is the fouled player.\n\n**Result** – The answer **‘1\u202f(Dunk)’** is correct: the fouled player is **Lewis\u202fDunk (Brighton #5)**, and Thiago receives a yellow card for the contact.', 'failed_images': []}
Followup prompt: 
Critically assess whether the VLM verification supports the given answer by evaluating each criterion.

⚠️ IMPORTANT: Answers use 0-INDEXED numbers where 0=A, 1=B, 2=C, 3=D, 4=E

VLM Verification Results:
{'batched_responses': [{'batch_start': 0, 'batch_end': 21, 'image_paths': ['/mnt/ssd/data/lvbench/videos_processed/T1yhBv1ytzw/frames/frame_5285.jpg', '/mnt/ssd/data/lvbench/videos_processed/T1yhBv1ytzw/frames/frame_5286.jpg', '/mnt/ssd/data/lvbench/videos_processed/T1yhBv1ytzw/frames/frame_5287.jpg', '/mnt/ssd/data/lvbench/videos_processed/T1yhBv1ytzw/frames/frame_5288.jpg', '/mnt/ssd/data/lvbench/videos_processed/T1yhBv1ytzw/frames/frame_5289.jpg', '/mnt/ssd/data/lvbench/videos_processed/T1yhBv1ytzw/frames/frame_5290.jpg', '/mnt/ssd/data/lvbench/videos_processed/T1yhBv1ytzw/frames/frame_5291.jpg', '/mnt/ssd/data/lvbench/videos_processed/T1yhBv1ytzw/frames/frame_5292.jpg', '/mnt/ssd/data/lvbench/videos_processed/T1yhBv1ytzw/frames/frame_5293.jpg', '/mnt/ssd/data/lvbench/videos_processed/T1yhBv1ytzw/frames/frame_5294.jpg', '/mnt/ssd/data/lvbench/videos_processed/T1yhBv1ytzw/frames/frame_5295.jpg', '/mnt/ssd/data/lvbench/videos_processed/T1yhBv1ytzw/frames/frame_5296.jpg', '/mnt/ssd/data/lvbench/videos_processed/T1yhBv1ytzw/frames/frame_5297.jpg', '/mnt/ssd/data/lvbench/videos_processed/T1yhBv1ytzw/frames/frame_5298.jpg', '/mnt/ssd/data/lvbench/videos_processed/T1yhBv1ytzw/frames/frame_5299.jpg', '/mnt/ssd/data/lvbench/videos_processed/T1yhBv1ytzw/frames/frame_5300.jpg', '/mnt/ssd/data/lvbench/videos_processed/T1yhBv1ytzw/frames/frame_5301.jpg', '/mnt/ssd/data/lvbench/videos_processed/T1yhBv1ytzw/frames/frame_5302.jpg', '/mnt/ssd/data/lvbench/videos_processed/T1yhBv1ytzw/frames/frame_5303.jpg', '/mnt/ssd/data/lvbench/videos_processed/T1yhBv1ytzw/frames/frame_5304.jpg', '/mnt/ssd/data/lvbench/videos_processed/T1yhBv1ytzw/frames/frame_5305.jpg'], 'response': "Based on the provided frames and the question criteria, the answer **'1' (Dunk)** is **correct**.\n\nHere's the verification against each criterion:\n\n1. **Thiago (Liverpool player) making physical contact with another player**  \n   → Frame 6–7 show Thiago (in red, Liverpool kit) on the ground near a Brighton player who is also on the ground. Frame 16–17 show Thiago standing over the fallen Brighton player, indicating prior contact.\n\n2. **The contact appears to be a foul or aggressive action**  \n   → The Brighton player (later identified as Dunk) is on the ground in pain (Frame 2, 6, 7, 10, 16, 17), and Thiago is seen reacting with a gesture of frustration or apology (Frame 1, 4, 19, 20), suggesting the contact was deemed a foul.\n\n3. **A referee showing a yellow card (warning) to Thiago**  \n   → Frame 13 clearly shows the referee holding up a **yellow card** toward Thiago, who is bending over in front of him.\n\n4. **The player who was fouled/contacted by Thiago**  \n   → Frame 17–18 clearly show the Brighton player on the ground wearing **number 5**, which is **Lewis Dunk**.\n\n5. **The fouled player wearing either Brighton or Liverpool kit**  \n   → Dunk is wearing the **Brighton kit** (blue and white striped jersey), which satisfies the criterion.\n\n6. **The incident occurring during the soccer match scene**  \n   → All frames show a live match with scoreboard (85:22–85:42), players, referee, and stadium crowd — clearly during the match.\n\n**Temporal Sequence Summary:**\n- Frame 2: Brighton player (Dunk) is already on the ground.\n- Frame 6–7: Thiago is on the ground near him, indicating the foul just occurred.\n- Frame 13: Referee shows yellow card to Thiago.\n- Frame 17–18: Dunk (No. 5) is clearly visible on the ground, confirming he is the fouled player.\n\n✅ All criteria are satisfied. The player hit by Thiago, who consequently receives a yellow card, is **Lewis Dunk (number 5)**.\n\n**Final Answer: 1 (Dunk) — Correct.**"}], 'formatted_responses': ["\n=== Batch 0-21 (21 frames) ===\nFrames: /mnt/ssd/data/lvbench/videos_processed/T1yhBv1ytzw/frames/frame_5285.jpg, /mnt/ssd/data/lvbench/videos_processed/T1yhBv1ytzw/frames/frame_5286.jpg, /mnt/ssd/data/lvbench/videos_processed/T1yhBv1ytzw/frames/frame_5287.jpg, /mnt/ssd/data/lvbench/videos_processed/T1yhBv1ytzw/frames/frame_5288.jpg, /mnt/ssd/data/lvbench/videos_processed/T1yhBv1ytzw/frames/frame_5289.jpg, /mnt/ssd/data/lvbench/videos_processed/T1yhBv1ytzw/frames/frame_5290.jpg, /mnt/ssd/data/lvbench/videos_processed/T1yhBv1ytzw/frames/frame_5291.jpg, /mnt/ssd/data/lvbench/videos_processed/T1yhBv1ytzw/frames/frame_5292.jpg, /mnt/ssd/data/lvbench/videos_processed/T1yhBv1ytzw/frames/frame_5293.jpg, /mnt/ssd/data/lvbench/videos_processed/T1yhBv1ytzw/frames/frame_5294.jpg, /mnt/ssd/data/lvbench/videos_processed/T1yhBv1ytzw/frames/frame_5295.jpg, /mnt/ssd/data/lvbench/videos_processed/T1yhBv1ytzw/frames/frame_5296.jpg, /mnt/ssd/data/lvbench/videos_processed/T1yhBv1ytzw/frames/frame_5297.jpg, /mnt/ssd/data/lvbench/videos_processed/T1yhBv1ytzw/frames/frame_5298.jpg, /mnt/ssd/data/lvbench/videos_processed/T1yhBv1ytzw/frames/frame_5299.jpg, /mnt/ssd/data/lvbench/videos_processed/T1yhBv1ytzw/frames/frame_5300.jpg, /mnt/ssd/data/lvbench/videos_processed/T1yhBv1ytzw/frames/frame_5301.jpg, /mnt/ssd/data/lvbench/videos_processed/T1yhBv1ytzw/frames/frame_5302.jpg, /mnt/ssd/data/lvbench/videos_processed/T1yhBv1ytzw/frames/frame_5303.jpg, /mnt/ssd/data/lvbench/videos_processed/T1yhBv1ytzw/frames/frame_5304.jpg, /mnt/ssd/data/lvbench/videos_processed/T1yhBv1ytzw/frames/frame_5305.jpg\nVLM Response: Based on the provided frames and the question criteria, the answer **'1' (Dunk)** is **correct**.\n\nHere's the verification against each criterion:\n\n1. **Thiago (Liverpool player) making physical contact with another player**  \n   → Frame 6–7 show Thiago (in red, Liverpool kit) on the ground near a Brighton player who is also on the ground. Frame 16–17 show Thiago standing over the fallen Brighton player, indicating prior contact.\n\n2. **The contact appears to be a foul or aggressive action**  \n   → The Brighton player (later identified as Dunk) is on the ground in pain (Frame 2, 6, 7, 10, 16, 17), and Thiago is seen reacting with a gesture of frustration or apology (Frame 1, 4, 19, 20), suggesting the contact was deemed a foul.\n\n3. **A referee showing a yellow card (warning) to Thiago**  \n   → Frame 13 clearly shows the referee holding up a **yellow card** toward Thiago, who is bending over in front of him.\n\n4. **The player who was fouled/contacted by Thiago**  \n   → Frame 17–18 clearly show the Brighton player on the ground wearing **number 5**, which is **Lewis Dunk**.\n\n5. **The fouled player wearing either Brighton or Liverpool kit**  \n   → Dunk is wearing the **Brighton kit** (blue and white striped jersey), which satisfies the criterion.\n\n6. **The incident occurring during the soccer match scene**  \n   → All frames show a live match with scoreboard (85:22–85:42), players, referee, and stadium crowd — clearly during the match.\n\n**Temporal Sequence Summary:**\n- Frame 2: Brighton player (Dunk) is already on the ground.\n- Frame 6–7: Thiago is on the ground near him, indicating the foul just occurred.\n- Frame 13: Referee shows yellow card to Thiago.\n- Frame 17–18: Dunk (No. 5) is clearly visible on the ground, confirming he is the fouled player.\n\n✅ All criteria are satisfied. The player hit by Thiago, who consequently receives a yellow card, is **Lewis Dunk (number 5)**.\n\n**Final Answer: 1 (Dunk) — Correct.**\n"], 'condensed_response': '**Condensed Scene Summary (Frames\u202f2\u202f–\u202f18)**  \n\n| Frame | Action & Characters (tracked) |\n|-------|--------------------------------|\n| **2** | Brighton defender **Lewis\u202fDunk** (№\u202f5, blue‑white stripes) is already on the ground, grimacing. |\n| **6‑7** | Liverpool midfielder **Thiago** (red kit) lands on the turf right next to Dunk, indicating he just made contact. |\n| **13** | The referee lifts a **yellow card** toward Thiago, who is bent over in front of the official, signalling a foul warning. |\n| **17‑18** | Dunk remains down on the pitch, clearly visible in his Brighton kit, confirming he was the player fouled. |\n| **1,\u202f4,\u202f19‑20** (context) | Thiago’s gestures (hands to head, slight bow) suggest frustration/apology after the foul. |\n| **All frames** | The match scoreboard reads **85:22\u202f–\u202f85:42**, stadium crowd and live‑match atmosphere are visible, confirming the incident occurs during the game. |\n\n**Narrative Flow**  \n- At the 85th minute, Thiago collides with Dunk, sending the Brighton defender to the ground.  \n- The referee immediately spots the infraction and issues a yellow card to Thiago (frame\u202f13).  \n- Dunk stays on the pitch, still in his Brighton strip, confirming he is the fouled player.\n\n**Result** – The answer **‘1\u202f(Dunk)’** is correct: the fouled player is **Lewis\u202fDunk (Brighton #5)**, and Thiago receives a yellow card for the contact.', 'failed_images': []}

Question Being Answered: Who is hit by Thiago and therefore, Thiago gets a warn?

Answer Choices (0-indexed: 0=A, 1=B, 2=C, 3=D, 4=E):
  0 (=A): Gross
  1 (=B): Dunk
  2 (=C): Steele
  3 (=D): Webster

Given Answer: 1
Evidence Frames Used: ['frames/frame_5290.jpg', 'frames/frame_5291.jpg', 'frames/frame_5292.jpg', 'frames/frame_5293.jpg', 'frames/frame_5294.jpg', 'frames/frame_5295.jpg', 'frames/frame_5296.jpg', 'frames/frame_5297.jpg', 'frames/frame_5298.jpg', 'frames/frame_5299.jpg', 'frames/frame_5300.jpg']

Character/Event/Scene logs: ================================================================================
CHARACTER, EVENT, AND SCENE LOGS
================================================================================

CHARACTERS:
Jurgen Klopp (Liverpool Manager): Description: A middle-aged man with a grey beard, wearing a black Liverpool FC baseball cap and a black jacket with a red Liverbird logo and "AXA" lettering.
Roberto De Zerbi (Brighton & Hove Albion Manager): Description: A middle-aged man with short dark hair, wearing a black puffer jacket.
Mohamed Salah (Liverpool Player): Description: A young man with dark hair and a beard, wearing a red Liverpool jersey with white logos.
Lamptey (Brighton & Hove Albion Player): Description: A young man with short black hair, wearing a blue and white jersey with the number 2 on the back.
Solomon March (Brighton & Hove Albion Player): Description: A soccer player wearing a blue and white uniform with the number 7 on his back.
Trent Alexander-Arnold (Liverpool Player): Description: A young man with short black hair, wearing a red Liverpool jersey with the number 66 on the back.
Cody Gakpo (Liverpool Player): Description: A young man with short, curly blond hair, wearing a red Liverpool jersey with the number 18 on the back.
Mitoma (Brighton & Hove Albion Player): Description: A young Asian man with short black hair, wearing a blue and white jersey with the number 22 on the back.
Lewis Dunk (Brighton & Hove Albion Player): Description: A soccer player wearing a blue and white jersey with the number 5 on the back.
Mac Allister (Brighton & Hove Albion Player): Description: A soccer player wearing a blue and white jersey with the number 10 on the back.

SCENES:
Soccer Match (American Express Community Stadium): Description: A soccer match between Brighton & Hove Albion and Liverpool on a green field with white lines, surrounded by a crowd of spectators in the stands and advertisements on the perimeter boards. [Frame 1-6014]
Liverpool Team Bench: Description: A group of men, likely Liverpool FC players and staff, seated on blue stadium seats, wearing black jackets with red logos. [Frame 4787-6014]
Brighton & Hove Albion Team Bench: Description: A group of men, likely Brighton & Hove Albion players and staff, seated on blue stadium seats, wearing dark blue jackets with white logos. [Frame 3108-6014]
Tunnel (American Express Community Stadium): Description: A blue-walled tunnel with a white logo and a sign reading "BRIGHTON & HOVE ALBION" above the entrance. [Frame 2853-2854]
Stadium Stairs: Description: A set of gray concrete stairs in the stadium. [Frame 4983-4984]

EVENTS:
Kickoff: Description: The soccer match between Brighton & Hove Albion and Liverpool begins with a kickoff. [Frame 1-10]
Corner Kick: Description: A Brighton & Hove Albion player takes a corner kick. [Frame 30, 1667]
Free Kick: Description: A free kick is awarded to Brighton & Hove Albion. [Frame 1344, 2928, 3931]
Goal (Liverpool): Description: A Liverpool player scores a goal, making the score 0-1. [Frame 141, 2115]
Goal (Brighton & Hove Albion): Description: A Brighton & Hove Albion player scores a goal, making the score 1-1. [Frame 2355]
Injury (Brighton & Hove Albion Player): Description: A Brighton & Hove Albion player is injured and receives medical attention on the field. [Frame 5064-5075]
Injury (Liverpool Player): Description: A Liverpool player is injured and receives medical attention on the field. [Frame 2181-2194, 2566-2571]
Substitution (Brighton & Hove Albion): Description: A Brighton & Hove Albion player is substituted out of the game. [Frame 5442-5453]
Substitution (Liverpool): Description: A Liverpool player is substituted out of the game. [Frame 4271-4275]
Celebration (Brighton & Hove Albion): Description: Brighton & Hove Albion players celebrate their goal. [Frame 2355-2367]
Celebration (Liverpool): Description: Liverpool players celebrate their goal. [Frame 2115-2122]
Post-Game Handshake: Description: Players from both teams shake hands after the match. [Frame 6005]

================================================================================
Generated at: 2026-01-11 21:46:09
================================================================================



QUESTION-BASED CRITERIA:
  Q1. Thiago (Liverpool player) making physical contact with another player
  Q2. The contact appears to be a foul or aggressive action
  Q3. A referee showing a yellow card (warning) to Thiago
  Q4. The player who was fouled/contacted by Thiago
  Q5. The fouled player wearing either Brighton or Liverpool kit
  Q6. The incident occurring during the soccer match scene


CRITICAL ASSESSMENT TASK:
For EACH criterion listed above, determine whether it PASSES or FAILS based ONLY on what the VLM actually reports seeing in the frames.

- PASS: The VLM results clearly confirm this criterion is satisfied in the frames
- FAIL: The VLM results indicate this criterion is NOT satisfied, or there is insufficient evidence

CONFIDENCE CALCULATION RULES:
1. Count how many criteria pass (criteria_percentage = criteria_passed / 6)
2. Calculate base_confidence = criteria_percentage * 100
3. ⚠️ If ANY answer-specific criterion (A1, A2, etc.) FAILS, set confidence = min(50, base_confidence)

⚠️ CRITICAL: There is ALWAYS a correct answer among the choices provided. If all answers seem slightly off or imperfect, you MUST choose the BEST possible answer that most closely matches the evidence.

CRITIC ANSWER CHOICE DECISION:
4. After evaluating criteria, ALWAYS pick the best answer choice:
   - Review ALL answer choices listed above (A, B, C, D, E, etc.) and their content
   - Based ONLY on the VLM visual evidence, determine which answer choice CONTENT is MOST correct
   - Find the INDEX of that answer choice in the list
   - ⚠️ CRITICAL: Output the INDEX (0, 1, 2, 3, or 4), NOT the literal answer content
   - Example: If choice C (index 2) says "5 people" and you counted 5 people, output 2 (not 5!)
   - Example: If choice B (index 1) says "Robert Hardy" and that's correct, output 1 (not "Robert Hardy"!)

5. If criteria_percentage > 0.5 (>50% of criteria pass):
   - Your chosen answer is well-supported by evidence
   - Set suggestion to null or provide minor improvements

6. If criteria_percentage ≤ 0.5 (≤50% of criteria pass):
   - Still MUST choose the BEST answer from the available choices (never -1)
   - But set suggestion to "These may not be the right frames/scene. Consider searching for better evidence. The answer chosen is the BEST match given current evidence."
   - This signals low confidence but still provides a choice

Return ONLY this JSON:
{
    "criteria_results": [
        {"criterion": "criterion text", "criterion_type": "QUESTION or ANSWER", "status": "PASS or FAIL", "reasoning": "brief explanation"},
        ...
    ],
    "question_criteria_passed": <number of question criteria that passed>,
    "answer_criteria_passed": <number of answer criteria that passed>,
    "answer_criteria_total": 0,
    "criteria_passed": <total number of criteria that passed>,
    "criteria_total": 6,
    "criteria_percentage": <criteria_passed / 6>,
    "base_confidence": <(criteria_passed / 6) * 100>,
    "confidence": <base_confidence OR 50 if any answer criterion failed>,
    "critic_answer_choice": <INDEX of best answer choice: MUST be exactly 0, 1, 2, 3, or 4 (where 0=A, 1=B, 2=C, 3=D, 4=E). Output the INDEX not the content!>,
    "critic_reasoning": "<Brief explanation of why you chose this answer based on VLM evidence>",
    "possible_errors": [
        <List specific criteria that failed or issues found>
    ],
    "suggestion": <"These may not be the right frames" if ≤50%, otherwise null or specific improvement>
}

IMPORTANT RULES:
- Evaluate EACH criterion independently based on VLM results
- Mark criterion as PASS only if VLM clearly confirms it
- Mark criterion as FAIL if not confirmed or contradicted
- If ANY answer-specific criterion fails, confidence MUST be ≤50%
- Base evaluation ONLY on VLM verification results, not speculation
- Only list errors for criteria that actually failed
- ⚠️ CRITICAL: critic_answer_choice must be an INDEX (0-4), never a literal answer like "5" or "Robert Hardy"
- Return ONLY valid JSON

Critical assessment response: ```json
{
    "criteria_results": [
        {
            "criterion": "Thiago (Liverpool player) making physical contact with another player",
            "criterion_type": "QUESTION",
            "status": "PASS",
            "reasoning": "VLM reports Thiago on ground near Brighton player (Frame 6-7) and standing over fallen player (Frame 16-17), indicating physical contact"
        },
        {
            "criterion": "The contact appears to be a foul or aggressive action",
            "criterion_type": "QUESTION",
            "status": "PASS",
            "reasoning": "VLM notes Brighton player on ground in pain and Thiago showing frustration/apology gestures, suggesting foul was called"
        },
        {
            "criterion": "A referee showing a yellow card (warning) to Thiago",
            "criterion_type": "QUESTION",
            "status": "PASS",
            "reasoning": "VLM clearly identifies Frame 13 showing referee holding yellow card toward Thiago"
        },
        {
            "criterion": "The player who was fouled/contacted by Thiago",
            "criterion_type": "ANSWER",
            "status": "PASS",
            "reasoning": "VLM identifies Brighton player number 5 (Lewis Dunk) as the fouled player in Frame 17-18"
        },
        {
            "criterion": "The fouled player wearing either Brighton or Liverpool kit",
            "criterion_type": "ANSWER",
            "status": "PASS",
            "reasoning": "VLM confirms Dunk is wearing Brighton kit (blue and white striped jersey)"
        },
        {
            "criterion": "The incident occurring during the soccer match scene",
            "criterion_type": "QUESTION",
            "status": "PASS",
            "reasoning": "VLM confirms all frames show live match with scoreboard, players, referee, and stadium crowd"
        }
    ],
    "question_criteria_passed": 4,
    "answer_criteria_passed": 2,
    "answer_criteria_total": 2,
    "criteria_passed": 6,
    "criteria_total": 6,
    "criteria_percentage": 1.0,
    "base_confidence": 100,
    "confidence": 100,
    "critic_answer_choice": 1,
    "critic_reasoning": "VLM clearly identifies Lewis Dunk (Brighton #5) as the player fouled by Thiago, who receives a yellow card for the contact. All criteria are satisfied with visual evidence from multiple frames.",
    "possible_errors": [],
    "suggestion": null
}
```
Critical assessment data: {'criteria_results': [{'criterion': 'Thiago (Liverpool player) making physical contact with another player', 'criterion_type': 'QUESTION', 'status': 'PASS', 'reasoning': 'VLM reports Thiago on ground near Brighton player (Frame 6-7) and standing over fallen player (Frame 16-17), indicating physical contact'}, {'criterion': 'The contact appears to be a foul or aggressive action', 'criterion_type': 'QUESTION', 'status': 'PASS', 'reasoning': 'VLM notes Brighton player on ground in pain and Thiago showing frustration/apology gestures, suggesting foul was called'}, {'criterion': 'A referee showing a yellow card (warning) to Thiago', 'criterion_type': 'QUESTION', 'status': 'PASS', 'reasoning': 'VLM clearly identifies Frame 13 showing referee holding yellow card toward Thiago'}, {'criterion': 'The player who was fouled/contacted by Thiago', 'criterion_type': 'ANSWER', 'status': 'PASS', 'reasoning': 'VLM identifies Brighton player number 5 (Lewis Dunk) as the fouled player in Frame 17-18'}, {'criterion': 'The fouled player wearing either Brighton or Liverpool kit', 'criterion_type': 'ANSWER', 'status': 'PASS', 'reasoning': 'VLM confirms Dunk is wearing Brighton kit (blue and white striped jersey)'}, {'criterion': 'The incident occurring during the soccer match scene', 'criterion_type': 'QUESTION', 'status': 'PASS', 'reasoning': 'VLM confirms all frames show live match with scoreboard, players, referee, and stadium crowd'}], 'question_criteria_passed': 4, 'answer_criteria_passed': 2, 'answer_criteria_total': 2, 'criteria_passed': 6, 'criteria_total': 6, 'criteria_percentage': 1.0, 'base_confidence': 100, 'confidence': 100, 'critic_answer_choice': 1, 'critic_reasoning': 'VLM clearly identifies Lewis Dunk (Brighton #5) as the player fouled by Thiago, who receives a yellow card for the contact. All criteria are satisfied with visual evidence from multiple frames.', 'possible_errors': [], 'suggestion': None}
